50
 energy: -75.291892956388 gnorm: 0.027609870186 xtb: 6.7.1 (edcfbbe)
c            0.02459123511090        0.49464052201919        2.57647723844171
c            1.52550229187599        0.74329437022937        2.42319204647378
c           -2.19519829737275       -3.22963052523113       -0.22812813950109
c           -3.26004164604461       -2.78093809423231        0.53515634873714
c           -3.22909532173090       -1.51209839457005        1.07596930457679
c           -2.15484949425487       -0.65745458449133        0.83294208056910
c           -1.11420141439373       -1.08252553867970       -0.00323945800143
c           -1.13455069940275       -2.38236574745569       -0.49170689341789
n           -2.14427673045019        0.60494254776806        1.40806890152395
c           -0.85892821018061        1.23965581484933        1.55103627588731
c           -0.21190281899390        1.27456327486479        0.15121126556701
c            0.03534307611566       -0.16131070217148       -0.35442246455706
c            1.18248704912399        1.87060116062891        0.26881509221912
c            1.94316549046107        0.71913293651867        0.94221991301752
c            1.38608876211421       -0.57031936565272        0.29904814623252
c            3.41904315031507        0.89604594559706        0.79887864105401
c            4.18078598685262        0.05391980372389        0.12371287585482
c            3.65020322191750       -1.18922283212698       -0.50144335412221
n            2.19509201217270       -1.18396029542464       -0.80440301175645
c            1.86887509252815       -0.34604980785335       -1.98307411537875
c            0.35979762885944       -0.15765251676986       -1.87167567622939
o            1.81596461310470       -2.43793020978031       -1.01681571065058
h            1.27680172166578       -1.37397441590884        1.02853329385577
c           -1.11030448009201        2.11183773373581       -0.74388836052963
o           -0.89876871889827        3.27069178384933       -1.00099462464357
o           -2.16563838245965        1.43754062903701       -1.18895409092686
c           -3.08855083786862        2.16180533455796       -1.98777791858084
h           -0.28923731472817        0.78053259564587        3.58318332308780
h           -0.17887352217926       -0.57240350495365        2.46604986329277
h            1.79099734389364        1.71543950476016        2.84403849236027
h            2.07414656251911       -0.02004201770888        2.97974619702040
h           -2.18842004916975       -4.23647797847730       -0.61635227517312
h           -4.10240673101789       -3.42764668991888        0.73407039152529
h           -4.03746118868910       -1.16606874931672        1.70597959305596
h           -0.27249893102075       -2.74235216401521       -1.03714506755959
h           -2.77526316412979        0.71243744531570        2.18886861576995
h           -1.01857791635136        2.27419144840775        1.88009962493312
h            1.19207477372824        2.77847979883122        0.87001555298553
h            1.58171928600090        2.12168288834017       -0.71284463541588
h            3.83158660829788        1.78424490539065        1.25512071645618
h            5.24506562172423        0.21159496909376        0.02547984581129
h            4.16251444224452       -1.42246754133033       -1.43755903693702
h            3.79866098508329       -2.04643910200683        0.16507178947315
h            2.42149397517303        0.59364349186306       -1.93363537955684
h            2.15309133565409       -0.90138246779943       -2.87661665497470
h           -0.14990461656643       -0.98918430513834       -2.35421111444321
h            0.04718970942091        0.76620521013953       -2.35497229924355
h           -3.45469989513087        3.03633948654548       -1.44643797174095
h           -2.61203347695746        2.49647404010626       -2.91193030439035
h           -3.90205860122910        1.47488445055356       -2.20448951857687
50
 energy: -75.292300921713 gnorm: 0.014125831573 xtb: 6.7.1 (edcfbbe)
c            0.02534079258744        0.49398454835061        2.57638068697208
c            1.52613555078762        0.74267306924825        2.42253870980349
c           -2.20212586757852       -3.23006210995791       -0.22786939653679
c           -3.26520327067728       -2.78045932613000        0.53755837277879
c           -3.23215983366588       -1.51135924083175        1.07771727372830
c           -2.15616549156622       -0.65724662717901        0.83472341696114
c           -1.11590927762994       -1.08260995488173       -0.00346298431639
c           -1.14215384864906       -2.38229012466991       -0.49301816240448
n           -2.14408306124847        0.60335487865437        1.40966039657096
c           -0.85810528503326        1.23900087463662        1.55137152540171
c           -0.21027256613768        1.27377127168371        0.15098878605364
c            0.03595294854496       -0.16296753919767       -0.35497695611012
c            1.18402336103768        1.87014362619675        0.26792831456488
c            1.94481022861601        0.71904385401024        0.94173478081922
c            1.38796510341236       -0.57097380538040        0.29838290789371
c            3.42046476444302        0.89864955282140        0.79864979201110
c            4.18342837135128        0.05821818840674        0.12334936117457
c            3.65635417733192       -1.18634658321102       -0.50117086178853
n            2.20168579588609       -1.18208368607218       -0.80269270329507
c            1.87121122136444       -0.34746952512313       -1.98167862033469
c            0.36182698807454       -0.15823401213284       -1.87201744563157
o            1.82652265384560       -2.44757870935534       -1.01642053261247
h            1.27917967847969       -1.37452223750175        1.02799170891256
c           -1.10864429251521        2.10893413564012       -0.74372810017115
o           -0.89729291925217        3.27338614465339       -0.99996236545683
o           -2.16452863659646        1.43967736263628       -1.18907782416988
c           -3.09272972807903        2.16225083722204       -1.98916622191093
h           -0.28921329208383        0.78146384827554        3.58205179242840
h           -0.17873205421513       -0.57299809071958        2.46662859042132
h            1.79125797834023        1.71495529778301        2.84204786863141
h            2.07381210966563       -0.02079590811613        2.97938423483248
h           -2.19568783245704       -4.23700266157351       -0.61724913217792
h           -4.10732910529679       -3.42727824601165        0.73700154743324
h           -4.03992683781212       -1.16510707410121        1.70772822506619
h           -0.28727602841999       -2.74294071727701       -1.04809735648610
h           -2.77464846630650        0.71101864020520        2.19084903478183
h           -1.01934806278814        2.27329730499026        1.87919101735971
h            1.19212417649742        2.77754531904178        0.86947638835529
h            1.58167322569129        2.12159759365923       -0.71405104716091
h            3.83141127892642        1.78631070713599        1.25625278398199
h            5.24755873454238        0.21414499559276        0.02666404346997
h            4.16674355460357       -1.41927246788842       -1.43830245355808
h            3.80661161333618       -2.04310180610734        0.16593899566864
h            2.42286686269522        0.59090352945477       -1.92795823141063
h            2.15670154327660       -0.90137097222403       -2.87586275859558
h           -0.14991382357902       -0.98700141289911       -2.35759106015357
h            0.05082416007696        0.76691102543196       -2.35330459384164
h           -3.45965332875251        3.03600298047107       -1.44719424849989
h           -2.61712526711596        2.49705532037949       -2.91361488955449
h           -3.90371917931357        1.47170247331967       -2.20345525642452
50
 energy: -75.292468422647 gnorm: 0.003411635743 xtb: 6.7.1 (edcfbbe)
c            0.02708248515610        0.49408291615894        2.57641884752200
c            1.52771288342242        0.74278242231860        2.42251670994318
c           -2.21084930376207       -3.22890199501599       -0.23075539611834
c           -3.27068316223542       -2.77873728775277        0.53936575270545
c           -3.23404470159155       -1.50991645522394        1.07925788763869
c           -2.15596107308082       -0.65731817109163        0.83624462310254
c           -1.11674575286337       -1.08314126530814       -0.00484285948088
c           -1.15091478510042       -2.38128276653860       -0.49804901170495
n           -2.14238978591466        0.60119341447503        1.41146301813388
c           -0.85635075155704        1.23852928445508        1.55165172316929
c           -0.20949587625761        1.27254216840360        0.15005382404731
c            0.03729074052468       -0.16520216526653       -0.35571490010097
c            1.18466597518847        1.86913712853830        0.26706169729985
c            1.94593519507200        0.71870956573256        0.94160762791117
c            1.38955185880854       -0.57268412134819        0.29928131774260
c            3.42154596403578        0.90099041124073        0.79978853688865
c            4.18614591349086        0.06249980749028        0.12435998363217
c            3.66103966763594       -1.18269783444037       -0.50057004139773
n            2.20750465473010       -1.17802771781003       -0.79957984906623
c            1.87422867993695       -0.35029014317304       -1.98057533645818
c            0.36504484042610       -0.15968373874379       -1.87236444807169
o            1.83548041429376       -2.45662893201178       -1.01298355665351
h            1.28109950667808       -1.37618758292854        1.02900690539574
c           -1.10948945820406        2.10520002454037       -0.74211442725452
o           -0.89714222817330        3.27291485236847       -0.99814441110732
o           -2.16437777033769        1.44182416058699       -1.18894844922289
c           -3.09811739694207        2.16248417136674       -1.99054024251104
h           -0.28741966232333        0.78254159072733        3.58157488618741
h           -0.17719128628959       -0.57288870905974        2.46718449395890
h            1.79261730724523        1.71515243096237        2.84101659074702
h            2.07488046182443       -0.02097404215132        2.97904953178220
h           -2.20567053281946       -4.23549271600228       -0.62150410403898
h           -4.11277569502913       -3.42522060502258        0.74040976748782
h           -4.04081441055562       -1.16263992282404        1.70966535186942
h           -0.30226519677056       -2.74499820424496       -1.06018209656470
h           -2.77280349508345        0.70994568623735        2.19270094516465
h           -1.01941213940149        2.27267614882126        1.87777895154563
h            1.19158989710215        2.77634895140241        0.86862397520699
h            1.58127028514619        2.12093618080301       -0.71501113023386
h            3.83006131946548        1.78949538273828        1.25726318166768
h            5.25009745277754        0.21792199091749        0.02714205022717
h            4.16939575616034       -1.41466332600206       -1.43888424403138
h            3.81462098183022       -2.03910787801813        0.16630416010699
h            2.42516368490486        0.58742484653633       -1.92410526157800
h            2.16083677214673       -0.90407074276519       -2.87449851314692
h           -0.14874191796517       -0.98528900620713       -2.36144274923391
h            0.05770960297092        0.76733232994221       -2.35229105364484
h           -3.46634938957133        3.03438520635589       -1.44710876707145
h           -2.62312364570593        2.49753663003660       -2.91475780339572
h           -3.90490336679407        1.46638216715327       -2.20155633552206
50
 energy: -75.292483051049 gnorm: 0.001799703076 xtb: 6.7.1 (edcfbbe)
c            0.02779585897002        0.49460812976564        2.57690584458392
c            1.52833449673118        0.74353172881396        2.42274092904712
c           -2.21348872866992       -3.22777028580847       -0.23339181112520
c           -3.27211623351726       -2.77770611088437        0.53852025651405
c           -3.23376678899757       -1.50949289741680        1.07941724895449
c           -2.15529930462544       -0.65761157969423        0.83626100799746
c           -1.11667764076077       -1.08357305496367       -0.00567199190624
c           -1.15282043388215       -2.38084070223268       -0.50057258548510
n           -2.14134310271955        0.60037360971733        1.41218846192317
c           -0.85558187855727        1.23826715264849        1.55172338450832
c           -0.20941501118940        1.27198299024200        0.14972439172175
c            0.03769936608454       -0.16589358998860       -0.35577282559302
c            1.18455540471078        1.86904420082576        0.26647834783085
c            1.94602510729888        0.71918115580452        0.94171954332862
c            1.39016802270876       -0.57262503646674        0.29954895972363
c            3.42157504279259        0.90196307391265        0.79960157745594
c            4.18669461862565        0.06354424093030        0.12463833345277
c            3.66128675648740       -1.18206706812865       -0.49993730059463
n            2.20841591564997       -1.17658738783757       -0.79801693650172
c            1.87503433651660       -0.35174374124840       -1.97987970436944
c            0.36595628247853       -0.16005281942943       -1.87215983862236
o            1.83557081289698       -2.45744533529434       -1.01026534882491
h            1.28181306486211       -1.37606594340415        1.02922686836055
c           -1.10959486407964        2.10374111883597       -0.74281233808752
o           -0.89759490433345        3.27156332072971       -0.99776468822747
o           -2.16426576088775        1.44102256587819       -1.18894397904430
c           -3.09962756794543        2.16150201680496       -1.98978585356152
h           -0.28668572593401        0.78310823683930        3.58210129245779
h           -0.17614234872311       -0.57243750621022        2.46782634787062
h            1.79333682055421        1.71590733819160        2.84121385692488
h            2.07584906648127       -0.02013824134416        2.97907050688531
h           -2.20993149469457       -4.23352035662816       -0.62600283409866
h           -4.11442849179805       -3.42374371924534        0.74016042742381
h           -4.03964422126685       -1.16181701241326        1.71087505610707
h           -0.30547510926079       -2.74537997616630       -1.06424894012204
h           -2.77184953352193        0.70977909315350        2.19323757045231
h           -1.01881791364594        2.27255586770604        1.87724992361094
h            1.19130119412442        2.77653152819648        0.86766279089733
h            1.58154690267328        2.12050250326446       -0.71556130646206
h            3.82954590726079        1.79044589308260        1.25774409020730
h            5.25078201046417        0.21876648857658        0.02780338305341
h            4.16937245993756       -1.41361581413599       -1.43847670994576
h            3.81592515826588       -2.03835627784593        0.16674285822252
h            2.42624162793463        0.58626492231703       -1.92526871034924
h            2.16164177794186       -0.90706428176383       -2.87271007847970
h           -0.14838182024007       -0.98491078682418       -2.36176752512943
h            0.05975563270535        0.76766098273195       -2.35171600165277
h           -3.46827856494945        3.03247624921630       -1.44547274706562
h           -2.62531312488535        2.49718121583340       -2.91391760506898
h           -3.90514355942708        1.46387844271549       -2.19999824572393
50
 energy: -75.292493102402 gnorm: 0.001634381837 xtb: 6.7.1 (edcfbbe)
c            0.02963637944443        0.49595961077458        2.57763502043413
c            1.52990137151093        0.74574645108763        2.42306245995718
c           -2.21835595265686       -3.22475339354857       -0.24030128942066
c           -3.27454803729074       -2.77548662626229        0.53532379097542
c           -3.23269348136505       -1.50894609655318        1.07965933869725
c           -2.15364425363752       -0.65825060721187        0.83644846390369
c           -1.11617038796968       -1.08415528316807       -0.00698887021722
c           -1.15573606928217       -2.37949328308377       -0.50601288836906
n           -2.13921840966028        0.59897980076844        1.41388126025676
c           -0.85424015190382        1.23806955770481        1.55203257183156
c           -0.20929392696384        1.27113441237504        0.14955474077617
c            0.03864104567699       -0.16669745437018       -0.35566190626409
c            1.18430250319281        1.86911373806575        0.26523698242126
c            1.94635896168999        0.72050944205835        0.94190526820223
c            1.39135530898563       -0.57220347146725        0.30048010328117
c            3.42187099998826        0.90336944581133        0.79950981471294
c            4.18756877648474        0.06436877416255        0.12594486590100
c            3.66099079660863       -1.18169035863374       -0.49822167637127
n            2.20926524370117       -1.17462321796344       -0.79473381642804
c            1.87661218596484       -0.35510590363403       -1.97863249255341
c            0.36776258176251       -0.16070897934291       -1.87173147971433
o            1.83412755798099       -2.45744640735739       -1.00455323787290
h            1.28295852236501       -1.37511135632863        1.03065192693795
c           -1.11134671963709        2.10232954348245       -0.74221082889644
o           -0.89936625399574        3.26945298016918       -0.99705609595929
o           -2.16465984943229        1.43831172282971       -1.18785445401342
c           -3.10221149970285        2.15805559620262       -1.98748986902975
h           -0.28500901008491        0.78476699793343        3.58277006216483
h           -0.17337401627693       -0.57136262563288        2.46928907395208
h            1.79484594217039        1.71837899852101        2.84124834570136
h            2.07837789077666       -0.01741031715746        2.97928562130059
h           -2.21832129346481       -4.22866474142904       -0.63720535403707
h           -4.11760311590831       -3.42045087792320        0.73727964815332
h           -4.03656720300367       -1.16088560263449        1.71370646813899
h           -0.30991316402685       -2.74515832074675       -1.07133690903454
h           -2.76997041213540        0.70941068181260        2.19447420500504
h           -1.01762432249105        2.27273420485250        1.87654746084184
h            1.19069911416347        2.77746709423106        0.86523068042421
h            1.58191119445878        2.11941208121580       -0.71694131711775
h            3.82903856143168        1.79252165723779        1.25742694427954
h            5.25172721252135        0.21959296353624        0.02920349036757
h            4.16890181662872       -1.41249076408503       -1.43708503285952
h            3.81705915242470       -2.03781721448946        0.16811156644108
h            2.42878942409442        0.58340982930723       -1.92954428439972
h            2.16263612880340       -0.91456264899871       -2.86893399184912
h           -0.14785457497955       -0.98404516794202       -2.36223178216588
h            0.06399508576819        0.76820487776460       -2.35082258005573
h           -3.47234723997277        3.02704601476234       -1.44140614823084
h           -2.62906838604305        2.49589070236124       -2.91119030852585
h           -3.90565651006902        1.45820808229486       -2.19748620819902
50
 energy: -75.292497423413 gnorm: 0.000952651007 xtb: 6.7.1 (edcfbbe)
c            0.03029603647879        0.49655973735214        2.57804915441912
c            1.53039138940328        0.74682523777687        2.42300290986759
c           -2.21932782692940       -3.22368115226452       -0.24272916393994
c           -3.27513342343665       -2.77485680618709        0.53355104955133
c           -3.23252950628472       -1.50900534446838        1.07960814484637
c           -2.15328386358807       -0.65837011735286        0.83677894674002
c           -1.11603195522181       -1.08394959847824       -0.00700409669527
c           -1.15612969138901       -2.37884813470552       -0.50728037163154
n           -2.13870508651059        0.59877261817631        1.41452042286352
c           -0.85388908383484        1.23812976412213        1.55220548535840
c           -0.20903608932091        1.27121774078317        0.14967856644398
c            0.03890165237950       -0.16647062561314       -0.35546217771483
c            1.18445366117011        1.86943548429939        0.26495592678958
c            1.94667920562437        0.72111343610063        0.94183541925393
c            1.39156269071333       -0.57186092063325        0.30091875995221
c            3.42219555170619        0.90367738274463        0.79918740309244
c            4.18767617353953        0.06392103235581        0.12634883116418
c            3.66098716710950       -1.18227624048751       -0.49736303028975
n            2.20914241999901       -1.17529933699974       -0.79411177455924
c            1.87690307412196       -0.35599721658392       -1.97850438272983
c            0.36814106963522       -0.16033193031962       -1.87155820163712
o            1.83379263812048       -2.45728323088605       -1.00350402235328
h            1.28299245268103       -1.37428199561826        1.03168489620643
c           -1.11114707363283        2.10203551278277       -0.74288366920448
o           -0.90050921625426        3.26955482597239       -0.99703223934326
o           -2.16460976429511        1.43682434744063       -1.18756944402142
c           -3.10297535790147        2.15615690546647       -1.98613262496166
h           -0.28439148302498        0.78560643857882        3.58309492055182
h           -0.17243638948535       -0.57085171895028        2.47007325101207
h            1.79502130731453        1.71976842184126        2.84066642931143
h            2.07923000781660       -0.01585113320524        2.97953646180156
h           -2.22010366573748       -4.22708993835360       -0.64106147861171
h           -4.11864892319139       -3.41948084826295        0.73457200309908
h           -4.03598825396353       -1.16133820357786        1.71432321578437
h           -0.31023854510091       -2.74417551845302       -1.07261710533911
h           -2.76940625727052        0.70902112554533        2.19515317813600
h           -1.01740291067426        2.27282254534358        1.87666585819571
h            1.19083236389239        2.77818636735998        0.86434412760518
h            1.58178357391598        2.11900040650090       -0.71750957098005
h            3.82964929480024        1.79297718106563        1.25653269368151
h            5.25184752439138        0.21878071140171        0.02985467781195
h            4.16904596251793       -1.41335039516634       -1.43609957133131
h            3.81674085767924       -2.03828090259431        0.16923690369179
h            2.42976357210485        0.58209134543540       -1.93073625984322
h            2.16227346366826       -0.91665552108619       -2.86835964610081
h           -0.14827311537612       -0.98296735652520       -2.36241355074851
h            0.06500893173846        0.76900344364810       -2.35012697439504
h           -3.47375453789348        3.02458914954167       -1.43943263053632
h           -2.63053941215698        2.49517456189151       -2.90986237008553
h           -3.90628109340312        1.45623300460461       -2.19675792670414
50
 energy: -75.292502729644 gnorm: 0.000753840094 xtb: 6.7.1 (edcfbbe)
c            0.03206201947494        0.49805665978042        2.57865575329228
c            1.53180925232247        0.74934408138194        2.42271139720792
c           -2.22160197295292       -3.22138500955539       -0.24808986061060
c           -3.27654808423130       -2.77340936195479        0.52974526679926
c           -3.23232527954513       -1.50905138825427        1.07932318843382
c           -2.15257799223756       -0.65855162537459        0.83745669823915
c           -1.11588696713590       -1.08337898154821       -0.00737224066820
c           -1.15736836912909       -2.37729559591718       -0.51040190343415
n           -2.13757707008857        0.59812805776262        1.41613162774143
c           -0.85320283776703        1.23847792214967        1.55276513998941
c           -0.20877113861391        1.27149733846371        0.15005814825712
c            0.03939718059633       -0.16593984664254       -0.35516040947743
c            1.18476698157077        1.86994192067468        0.26387679035954
c            1.94744274021076        0.72232790006242        0.94136676759131
c            1.39183181246305       -0.57123738672728        0.30181619139565
c            3.42298561919456        0.90433256393637        0.79837313463728
c            4.18808851455498        0.06289476927755        0.12724108435983
c            3.66141309521089       -1.18374645725469       -0.49518153962832
n            2.20918953595453       -1.17720936107234       -0.79263723363820
c            1.87783014129446       -0.35822474577622       -1.97814929323239
c            0.36937654037953       -0.15939903117967       -1.87123625282838
o            1.83373838736185       -2.45822838744815       -1.00085659507627
h            1.28286764203224       -1.37254994291193        1.03382874012234
c           -1.11271059506835        2.10199716252188       -0.74139531341294
o           -0.90357541806011        3.26974625277780       -0.99640022852351
o           -2.16522420708292        1.43436790428013       -1.18617914455040
c           -3.10504049435758        2.15224341899181       -1.98363521644798
h           -0.28252671738994        0.78785554249621        3.58346474392288
h           -0.17020103761460       -0.56954722051519        2.47171414699869
h            1.79561440123657        1.72309944028138        2.83893380955188
h            2.08150356946879       -0.01210689395945        2.98006384092455
h           -2.22396273893096       -4.22369940216487       -0.64945677707542
h           -4.12090658547217       -3.41747447869415        0.72896766928576
h           -4.03496545963149       -1.16239513623830        1.71547612676858
h           -0.31178563223262       -2.74189607890689       -1.07651533537964
h           -2.76802040467006        0.70772677457429        2.19704254692314
h           -1.01732624409602        2.27318176808872        1.87695027237520
h            1.19145013844710        2.77940485644901        0.86210050999554
h            1.58128559074044        2.11804878164870       -0.71927055721050
h            3.83100128359918        1.79405722023758        1.25426761531328
h            5.25233527919478        0.21695820696473        0.03107179350890
h            4.16968064128245       -1.41585779541777       -1.43355925122914
h            3.81646603965130       -2.03925591489934        0.17229198430010
h            2.43252915496661        0.57860264763298       -1.93226126790681
h            2.16166601017442       -0.92124797942760       -2.86715705362827
h           -0.14920379669701       -0.97995870504550       -2.36334822175554
h            0.06856025399616        0.77118875557091       -2.34870057666765
h           -3.47821926449375        3.01897106054946       -1.43557483603850
h           -2.63366087364798        2.49424084479315       -2.90697075135817
h           -3.90716312758794        1.45127941689692       -2.19591777504229
50
 energy: -75.292506655619 gnorm: 0.000710078880 xtb: 6.7.1 (edcfbbe)
c            0.03390043033253        0.49974861712302        2.57961335738903
c            1.53329493954338        0.75201340931954        2.42243708064615
c           -2.22433206895581       -3.21902158051618       -0.25381223766676
c           -3.27815286517659       -2.77171308046893        0.52596986017618
c           -3.23204852997190       -1.50879439032704        1.07864348886744
c           -2.15166682739185       -0.65875437136718        0.83776483136451
c           -1.11573663864776       -1.08299293097791       -0.00836427957452
c           -1.15910104872664       -2.37569417224928       -0.51439416958210
n           -2.13606606542812        0.59716149471299        1.41783785910424
c           -0.85219564870784        1.23869918922763        1.55337434232731
c           -0.20858903666281        1.27157890364757        0.15019813173971
c            0.04000892291030       -0.16572187209297       -0.35493772057306
c            1.18491162207658        1.87042737605272        0.26264870537740
c            1.94803074674284        0.72349947839713        0.94082552677275
c            1.39200324208690       -0.57078645121740        0.30293147795520
c            3.42359131614875        0.90507698966148        0.79738274640378
c            4.18854879762963        0.06209066473194        0.12801838246117
c            3.66174252604556       -1.18518895989888       -0.49279514073355
n            2.20934501235340       -1.17869032337292       -0.79069044053704
c            1.87898527917545       -0.36067711287811       -1.97746241225718
c            0.37096077908108       -0.15819146803876       -1.87082714432612
o            1.83354612885246       -2.45978743917834       -0.99726970829337
h            1.28259260903629       -1.37112300231101        1.03592659143552
c           -1.11338684963658        2.10074302491335       -0.74148252218043
o           -0.90682044700361        3.26923020622731       -0.99541779738127
o           -2.16549195939012        1.43191378657551       -1.18541098300889
c           -3.10779794437630        2.14856680630988       -1.98091823531733
h           -0.28031355194918        0.79027356325194        3.58432645415582
h           -0.16781482803137       -0.56805449187870        2.47370114964026
h            1.79651898803606        1.72655494144344        2.83715964634194
h            2.08400557458018       -0.00822596752165        2.98040829220939
h           -2.22834100621094       -4.22020257429595       -0.65800717907772
h           -4.12322827921535       -3.41522706088250        0.72399038345857
h           -4.03390550573826       -1.16283670432145        1.71615076232780
h           -0.31419119545437       -2.74008673118951       -1.08157419185681
h           -2.76611880718055        0.70618555201845        2.19914389293385
h           -1.01712665629731        2.27345069823622        1.87699054208472
h            1.19196185479703        2.78065686863031        0.85967406887699
h            1.58080070134222        2.11710388441790       -0.72111557308127
h            3.83190969036204        1.79538020921390        1.25183360281663
h            5.25292372132023        0.21551845271176        0.03193390795952
h            4.17007968853723       -1.41864110360555       -1.43080046936171
h            3.81638194638507       -2.03993921610107        0.17574781292536
h            2.43578730262989        0.57491138343402       -1.93298264500996
h            2.16140706683380       -0.92583703304342       -2.86558914563820
h           -0.14995036575795       -0.97627670255119       -2.36457486638465
h            0.07297563087304        0.77411425111042       -2.34684983210194
h           -3.48351419259585        3.01305629221781       -1.43100041863945
h           -2.63788694465669        2.49385435870420       -2.90379518433271
h           -3.90789773790401        1.44557887935420       -2.19429324736112
50
 energy: -75.292509811435 gnorm: 0.000399574602 xtb: 6.7.1 (edcfbbe)
c            0.03594999365703        0.50162452393286        2.58056666461949
c            1.53503139149972        0.75472751491203        2.42208070380167
c           -2.22689170349262       -3.21661906446606       -0.25952639953460
c           -3.27970478204512       -2.76983532386405        0.52194997696160
c           -3.23182439552739       -1.50823733915575        1.07732787278913
c           -2.15072351574781       -0.65881636449664        0.83768189827187
c           -1.11557396744225       -1.08256081747759       -0.00968611578096
c           -1.16073888405856       -2.37398084790554       -0.51863695617440
n           -2.13448279361745        0.59616839091165        1.41959715687041
c           -0.85112168384532        1.23893368155291        1.55412806026689
c           -0.20853688646265        1.27171446528515        0.15045801152399
c            0.04059474933247       -0.16544738488331       -0.35479643519597
c            1.18498486793837        1.87088214474812        0.26127908800032
c            1.94860885469410        0.72461009652875        0.94011978779243
c            1.39205084129095       -0.57028565384751        0.30397094312821
c            3.42411318773272        0.90581354436875        0.79574908207230
c            4.18895950855118        0.06122222138554        0.12825991503180
c            3.66178178766200       -1.18709703426720       -0.49014078841560
n            2.20941723693445       -1.18013291498350       -0.78855210020631
c            1.88040647545315       -0.36318775688120       -1.97648843262068
c            0.37286275643027       -0.15686942216027       -1.87040951451801
o            1.83279889419615       -2.46138198876655       -0.99329936080352
h            1.28211352934378       -1.36967447509933        1.03784002056211
c           -1.11509223073409        2.09976246598527       -0.74018771202175
o           -0.91061229605641        3.26864217196798       -0.99380172661888
o           -2.16605056547158        1.42951693870308       -1.18423167014532
c           -3.11080242195560        2.14467218312101       -1.97827794586770
h           -0.27773277094198        0.79298712269286        3.58521942378662
h           -0.16521359831255       -0.56639673420899        2.47588120497654
h            1.79783479092188        1.73002395185201        2.83532074131205
h            2.08680931250941       -0.00433447630270        2.98058605240010
h           -2.23247698316501       -4.21667406558071       -0.66632185624604
h           -4.12543437508994       -3.41280844876266        0.71896158474428
h           -4.03311585136328       -1.16274099344616        1.71585128139381
h           -0.31662117332287       -2.73827661455270       -1.08706054132126
h           -2.76391949969087        0.70441786775663        2.20149926343537
h           -1.01689189402225        2.27376532132600        1.87708675514448
h            1.19253380980452        2.78176198811876        0.85729430132513
h            1.58022166844306        2.11641535583421       -0.72305511608647
h            3.83267736138072        1.79676487218475        1.24873792782123
h            5.25346857489788        0.21406480405667        0.03217287562350
h            4.17021009942547       -1.42262567951093       -1.42757036654712
h            3.81575576667032       -2.04066244999310        0.18003788928531
h            2.43944399537652        0.57120465295454       -1.93297021056802
h            2.16170219720177       -0.93010735999156       -2.86376313803084
h           -0.15033891624170       -0.97235316941120       -2.36592593688332
h            0.07805606322943        0.77721517088274       -2.34510186506460
h           -3.48980524067946        3.00634603070479       -1.42628246057995
h           -2.64207720126999        2.49384150572470       -2.90022658218887
h           -3.90806456737661        1.43893193388218       -2.19307789804641
50
 energy: -75.292511356937 gnorm: 0.000182044391 xtb: 6.7.1 (edcfbbe)
c            0.03767571919905        0.50299380240754        2.58122047556015
c            1.53657184479751        0.75663985657195        2.42177671146036
c           -2.22872523482862       -3.21479089840347       -0.26370872820500
c           -3.28096343120384       -2.76826674589097        0.51870711013144
c           -3.23185803434898       -1.50754701213782        1.07590892214645
c           -2.15002987791912       -0.65873457684338        0.83750415368470
c           -1.11542204621195       -1.08214505696339       -0.01073071074422
c           -1.16192140991903       -2.37261707551086       -0.52180887622547
n           -2.13323572378921        0.59547208481088        1.42101190781545
c           -0.85020907914607        1.23911729149202        1.55474475797736
c           -0.20847335235123        1.27185918988073        0.15067144076601
c            0.04109325919441       -0.16517419681454       -0.35474439601119
c            1.18500208865143        1.87130185950964        0.26037627108620
c            1.94908794696486        0.72541248444005        0.93953991896977
c            1.39206571829200       -0.56994234772529        0.30477081435994
c            3.42456226798735        0.90622304969916        0.79435653282217
c            4.18925146341397        0.06035358062861        0.12827519355019
c            3.66148825345888       -1.18889559574713       -0.48785739600900
n            2.20936178058266       -1.18113021311885       -0.78690523313827
c            1.88163943435278       -0.36474100206396       -1.97546775168401
c            0.37440986565004       -0.15579172980020       -1.87014473665601
o            1.83184529573478       -2.46248376344887       -0.99061296428920
h            1.28164673425971       -1.36861627449625        1.03931371178854
c           -1.11645679072110        2.09905128674450       -0.73913765622181
o           -0.91387364001504        3.26840881623225       -0.99204383329442
o           -2.16625869280636        1.42753322481158       -1.18349837992734
c           -3.11313752070831        2.14143060715267       -1.97637655663766
h           -0.27548116632419        0.79512443933334        3.58581885746788
h           -0.16313741419769       -0.56520987742059        2.47764869217897
h            1.79921740083444        1.73240799375231        2.83401629388316
h            2.08905541584330       -0.00169691933121        2.98056253640979
h           -2.23525560067772       -4.21415978759703       -0.67207223629143
h           -4.12721629068012       -3.41079900545028        0.71492108558192
h           -4.03294169896507       -1.16218427976451        1.71480329389443
h           -0.31837192681029       -2.73694256068017       -1.09104072300266
h           -2.76193926305543        0.70289154727185        2.20360923555415
h           -1.01661489019887        2.27401922448245        1.87723718144195
h            1.19285280992576        2.78253260705656        0.85585461189568
h            1.57975939380777        2.11624940397398       -0.72430542192055
h            3.83317536381111        1.79824786413034        1.24523775486858
h            5.25368129838849        0.21320498834316        0.03122262594963
h            4.17006610012766       -1.42679812267916       -1.42460792834185
h            3.81452513295099       -2.04116191700059        0.18414776054966
h            2.44212843721461        0.56888090702447       -1.93219966480573
h            2.16246380533262       -0.93250988583202       -2.86228706163753
h           -0.15024261048772       -0.96948406859274       -2.36699581413731
h            0.08188344803346        0.77952083968400       -2.34392338986889
h           -3.49524706471439        3.00043084022065       -1.42245002511638
h           -2.64523165755788        2.49421985789423       -2.89729014228610
h           -3.90772634452755        1.43321980712303       -2.19278087186853
50
 energy: -75.292512164947 gnorm: 0.000203793538 xtb: 6.7.1 (edcfbbe)
c            0.03878111752865        0.50377735714046        2.58174353431377
c            1.53760767046002        0.75755981095071        2.42151409663447
c           -2.22976857709776       -3.21367573216053       -0.26599465986904
c           -3.28184910178369       -2.76716823036737        0.51663767249889
c           -3.23209679743288       -1.50691829484513        1.07482070301672
c           -2.14972237653575       -0.65856481174527        0.83734039570753
c           -1.11539577834797       -1.08181946159655       -0.01131371303545
c           -1.16256632849907       -2.37180207693580       -0.52345947267446
n           -2.13248234646980        0.59513597089633        1.42194517436070
c           -0.84957537816082        1.23916476247779        1.55518458417545
c           -0.20839443834858        1.27197485883459        0.15085704602963
c            0.04133013117847       -0.16494436550359       -0.35471733349045
c            1.18501745110755        1.87163665763798        0.25999057104155
c            1.94945027381419        0.72588274840795        0.93908882805758
c            1.39205947806547       -0.56970616392281        0.30510207923713
c            3.42480816618493        0.90681116759045        0.79266486784344
c            4.18934416892415        0.06004217183529        0.12752017146545
c            3.66114806003431       -1.19024485333590       -0.48622199659955
n            2.20929210533920       -1.18164871964913       -0.78606515600471
c            1.88252238776737       -0.36527392714331       -1.97479783211237
c            0.37540383797841       -0.15513967209127       -1.86996331204527
o            1.83108350335881       -2.46289412702913       -0.98955480237881
h            1.28135907266620       -1.36792986053148        1.04006639464779
c           -1.11735873432467        2.09871571820242       -0.73835306632122
o           -0.91621968756336        3.26847258975202       -0.99041526966388
o           -2.16613328585876        1.42611916971563       -1.18327945525687
c           -3.11442268945382        2.13912913723545       -1.97538311557200
h           -0.27401152558889        0.79637924997509        3.58633024712492
h           -0.16191938608409       -0.56450077853114        2.47880431661143
h            1.80029145194141        1.73348968408059        2.83333387808338
h            2.09046250005001       -0.00049488193786        2.98030844490408
h           -2.23678072615960       -4.21269317828325       -0.67518477647299
h           -4.12854771762973       -3.40932650935027        0.71215440733101
h           -4.03316498618585       -1.16153025853300        1.71373301291609
h           -0.31928348372139       -2.73613246094341       -1.09307632074556
h           -2.76053409987365        0.70184807620999        2.20516502036491
h           -1.01627986433283        2.27409752433321        1.87745854375226
h            1.19300159559577        2.78291528843058        0.85539376200261
h            1.57947638931046        2.11651666894268       -0.72483121932039
h            3.83356858734598        1.79930477422438        1.24248348280817
h            5.25377628433831        0.21264757387257        0.03008157685803
h            4.17005429231387       -1.43052057108551       -1.42217364827951
h            3.81302740825919       -2.04126491493678        0.18763152244730
h            2.44365246071315        0.56798387223077       -1.93127522949944
h            2.16334913160209       -0.93318981747655       -2.86150477253790
h           -0.14981200625420       -0.96802689904006       -2.36748464184639
h            0.08394393579931        0.78071998465261       -2.34333170950206
h           -3.49911341850147        2.99594272978807       -1.41991299768749
h           -2.64690290946264        2.49492766514828       -2.89529830892754
h           -3.90693630136223        1.42913989576788       -2.19349417091699
50
 energy: -75.292512906529 gnorm: 0.000207035962 xtb: 6.7.1 (edcfbbe)
c            0.04000366644494        0.50429686844945        2.58206408664523
c            1.53881860263780        0.75812538511686        2.42131061617955
c           -2.23079162362079       -3.21257009414753       -0.26791958258916
c           -3.28286490032013       -2.76592484329655        0.51463162320659
c           -3.23249604745320       -1.50608861106662        1.07370174337142
c           -2.14949309020468       -0.65826057503307        0.83720578653231
c           -1.11537158571833       -1.08143955111791       -0.01174246285519
c           -1.16312893043461       -2.37106528206428       -0.52469834022959
n           -2.13178827270554        0.59497590779609        1.42286498180235
c           -0.84892124878299        1.23921778658363        1.55564006103094
c           -0.20831053308215        1.27206348423299        0.15106830708734
c            0.04157772042447       -0.16470247593612       -0.35469810330727
c            1.18500082836747        1.87194996281532        0.25981030001443
c            1.94984273790669        0.72623922139832        0.93869792708860
c            1.39207235703239       -0.56957206048436        0.30539214372205
c            3.42513016574079        0.90716625191978        0.79129890988204
c            4.18944936070436        0.05959122367469        0.12689893705167
c            3.66067810313086       -1.19165738480677       -0.48443542699079
n            2.20917427408591       -1.18203318040706       -0.78542740734820
c            1.88336143807494       -0.36521343428680       -1.97404245192111
c            0.37623307115063       -0.15455539923584       -1.86984351276229
o            1.83025385495789       -2.46302063862267       -0.98931780450898
h            1.28112520599468       -1.36739853914943        1.04073663622961
c           -1.11822093913985        2.09845675600838       -0.73756832996744
o           -0.91883902682210        3.26880359874186       -0.98821820096016
o           -2.16569141874040        1.42454606941186       -1.18349436313996
c           -3.11538059676414        2.13665151840001       -1.97477465117543
h           -0.27236382931010        0.79737591708755        3.58663573644874
h           -0.16071202288236       -0.56404548580358        2.47975580271310
h            1.80168390661994        1.73407824762750        2.83296240805545
h            2.09188521443972        0.00008520501654        2.97992046982907
h           -2.23816197955098       -4.21136558369873       -0.67764306357229
h           -4.13007020021519       -3.40764419300744        0.70938860425125
h           -4.03361603281441       -1.16057657889911        1.71248345537653
h           -0.31996389008922       -2.73546860151436       -1.09442602646955
h           -2.75907111841912        0.70085865019416        2.20682197196612
h           -1.01579747776646        2.27418393545742        1.87778310143371
h            1.19297359624041        2.78313660591479        0.85535519923127
h            1.57917644177432        2.11705346433927       -0.72506961472663
h            3.83380458025208        1.80088268740520        1.23878996396785
h            5.25364844081878        0.21265701077355        0.02780969904367
h            4.17003849171339       -1.43489454740995       -1.41937179026240
h            3.81096263985152       -2.04115076886291        0.19168839596544
h            2.44478694500423        0.56784138497582       -1.92988770798510
h            2.16445801274611       -0.93282915002486       -2.86084817643513
h           -0.14903404629389       -0.96711880802713       -2.36781582478196
h            0.08529447203155        0.78154493494795       -2.34304896781452
h           -3.50333824121178        2.99075358185458       -1.41742345071219
h           -2.64804107628356        2.49628025805149       -2.89327855017405
h           -3.90542648287617        1.42470441006667       -2.19545570396303
50
 energy: -75.292513348479 gnorm: 0.000119430160 xtb: 6.7.1 (edcfbbe)
c            0.04050925547213        0.50421909307925        2.58226518840093
c            1.53934819178649        0.75793462106792        2.42118000471413
c           -2.23137671613337       -3.21205817915628       -0.26839057472460
c           -3.28353399138714       -2.76518872211963        0.51391453424455
c           -3.23284110176353       -1.50550251499243        1.07332744565966
c           -2.14947450699788       -0.65800275073301        0.83727630010652
c           -1.11540240828999       -1.08125984059824       -0.01169111322781
c           -1.16340111445446       -2.37084312982172       -0.52479002941408
n           -2.13150266442976        0.59508568843799        1.42333293190862
c           -0.84854398205298        1.23917443129892        1.55593131344377
c           -0.20820965276046        1.27206202694895        0.15124326268916
c            0.04164857607398       -0.16461992285879       -0.35463880420128
c            1.18499621288611        1.87212816489234        0.25998414360820
c            1.95006081127926        0.72632212255365        0.93849612850567
c            1.39213459710567       -0.56957795239865        0.30537481051333
c            3.42523071891720        0.90763353515016        0.79018487784251
c            4.18944938189001        0.05979128236226        0.12598777324495
c            3.66041749315297       -1.19221724720555       -0.48359603964237
n            2.20914040722724       -1.18198143179594       -0.78543402164136
c            1.88374824861616       -0.36461217153480       -1.97376295317702
c            0.37649311993985       -0.15450362705472       -1.86976484548759
o            1.82991861784454       -2.46274018447155       -0.99003349973550
h            1.28118961297338       -1.36730928414399        1.04082845787923
c           -1.11856454382442        2.09841497208937       -0.73708769479919
o           -0.92034793885867        3.26922865970288       -0.98644351858766
o           -2.16505126715680        1.42363064741692       -1.18411534454456
c           -3.11531802467894        2.13530480213008       -1.97501898502802
h           -0.27167937531061        0.79738037775267        3.58686641801394
h           -0.16031093084437       -0.56411020000366        2.48003540258116
h            1.80245951501007        1.73371822401972        2.83305825108053
h            2.09240878925438       -0.00034020407465        2.97947860790832
h           -2.23893382830628       -4.21082132029263       -0.67823339549121
h           -4.13108623111879       -3.40658648369914        0.70820810721675
h           -4.03398672256907       -1.15982373932415        1.71197549374025
h           -0.32016321876857       -2.73536248040413       -1.09433176788795
h           -2.75839421681836        0.70057093937984        2.20766232664486
h           -1.01529675053224        2.27414941830594        1.87812659301998
h            1.19285931928911        2.78311791521378        0.85584144934644
h            1.57906883572788        2.11760105604840       -0.72483807386510
h            3.83383809208249        1.80182361448325        1.23675713162667
h            5.25352693691583        0.21306941282543        0.02612231193276
h            4.17016726237346       -1.43747710344922       -1.41776805469688
h            3.80949485071711       -2.04067018567058        0.19410632103572
h            2.44489748228591        0.56856051362962       -1.92899869056732
h            2.16523805519113       -0.93170048506284       -2.86079816558200
h           -0.14825555518984       -0.96748061902976       -2.36763237325034
h            0.08512833443999        0.78132891766161       -2.34319949583702
h           -3.50571499054346        2.98746127612083       -1.41638701157262
h           -2.64775234981204        2.49778244453182       -2.89229827049835
h           -3.90369111920660        1.42222016415108       -2.19804550997490
50
 energy: -75.292513600739 gnorm: 0.000080005631 xtb: 6.7.1 (edcfbbe)
c            0.04063943528986        0.50385062873432        2.58222100627251
c            1.53952514709958        0.75743283816539        2.42124470320403
c           -2.23164721086044       -3.21195682438300       -0.26797776198797
c           -3.28388590669450       -2.76488846725424        0.51409716707217
c           -3.23307192994487       -1.50520109651959        1.07349642046822
c           -2.14961314040173       -0.65782265815597        0.83741233114784
c           -1.11550238500567       -1.08122569233236       -0.01142958937773
c           -1.16350560339792       -2.37093673960207       -0.52425660940519
n           -2.13154697263031        0.59530888557755        1.42342493797687
c           -0.84843326718297        1.23907103596671        1.55605743059071
c           -0.20817315488879        1.27198597117112        0.15133932181897
c            0.04159460088223       -0.16466980570758       -0.35457121331240
c            1.18498996196648        1.87208629571112        0.26023766036212
c            1.95013903492782        0.72620617342992        0.93854025938181
c            1.39220767898451       -0.56963692169102        0.30522703336158
c            3.42524619920997        0.90782579489981        0.78991849433518
c            4.18944736655015        0.06014547278912        0.12548412841206
c            3.66039150905082       -1.19213900519673       -0.48349679144538
n            2.20918832249855       -1.18172403037837       -0.78572594035801
c            1.88372400729864       -0.36392080222153       -1.97374462066358
c            0.37631669354599       -0.15472741578919       -1.86972933550417
o            1.82996980921762       -2.46233757053980       -0.99095224614219
h            1.28141492549391       -1.36746425237433        1.04059827402873
c           -1.11859383335748        2.09845865165461       -0.73687065757395
o           -0.92106242798564        3.26961161538780       -0.98513015069482
o           -2.16444693970706        1.42325854729284       -1.18491593949520
c           -3.11469716300460        2.13489805663074       -1.97575485591897
h           -0.27154033657242        0.79683105396527        3.58687167907530
h           -0.16029768286979       -0.56443310323889        2.47976651491645
h            1.80275819836960        1.73303686656910        2.83346626085050
h            2.09248560974346       -0.00112506249582        2.97927378584762
h           -2.23934395289544       -4.21073721342696       -0.67781111151609
h           -4.13160793394764       -3.40610801702049        0.70822160064837
h           -4.03416658800090       -1.15940555854602        1.71213205782559
h           -0.32018457609930       -2.73554731924453       -1.09362896960913
h           -2.75839027387125        0.70077124199478        2.20779972870226
h           -1.01489499076365        2.27404470908556        1.87839320832904
h            1.19273861114899        2.78290614679152        0.85635136916686
h            1.57907507105779        2.11787869137366       -0.72449690882002
h            3.83368908555600        1.80231580076326        1.23603198532713
h            5.25339864978708        0.21379719356860        0.02498871551196
h            4.17033084745588       -1.43822380044207       -1.41732785759315
h            3.80894836904682       -2.04014353356350        0.19487301416606
h            2.44441037228522        0.56947906114118       -1.92857349053869
h            2.16555076922213       -0.93052051224361       -2.86099877863728
h           -0.14776374630896       -0.96839573230934       -2.36720192862320
h            0.08413323568290        0.78064425448869       -2.34353917990188
h           -3.50676548134502        2.98575585296470       -1.41629913792859
h           -2.64661439791406        2.49935169971199       -2.89200736197610
h           -3.90202409907787        1.42126313620631       -2.20076129830236
50
 energy: -75.292513618468 gnorm: 0.000174928301 xtb: 6.7.1 (edcfbbe)
c            0.04076961510759        0.50348216438939        2.58217682414409
c            1.53970210241268        0.75693105526286        2.42130940169393
c           -2.23191770558750       -3.21185546960972       -0.26756494925135
c           -3.28423782200185       -2.76458821238885        0.51427979989979
c           -3.23330275812621       -1.50489967804675        1.07366539527679
c           -2.14975177380558       -0.65764256557893        0.83754836218916
c           -1.11560236172135       -1.08119154406648       -0.01116806552766
c           -1.16361009234138       -2.37103034938243       -0.52372318939630
n           -2.13159128083086        0.59553208271710        1.42351694404512
c           -0.84832255231296        1.23896764063450        1.55618354773766
c           -0.20813665701712        1.27190991539328        0.15143538094877
c            0.04154062569047       -0.16471968855637       -0.35450362242353
c            1.18498371104685        1.87204442652989        0.26049117711604
c            1.95021725857638        0.72609022430619        0.93858439025795
c            1.39228076086336       -0.56969589098339        0.30507925620982
c            3.42526167950274        0.90801805464946        0.78965211082785
c            4.18944535121029        0.06049966321598        0.12498048357918
c            3.66036552494868       -1.19206076318792       -0.48339754324840
n            2.20923623776986       -1.18146662896080       -0.78601785907467
c            1.88369976598111       -0.36322943290826       -1.97372628815013
c            0.37614026715214       -0.15495120452367       -1.86969382552075
o            1.83002100059070       -2.46193495660806       -0.99187099254888
h            1.28164023801444       -1.36761922060467        1.04036809017823
c           -1.11862312289054        2.09850233121985       -0.73665362034871
o           -0.92177691711261        3.26999457107272       -0.98381678280199
o           -2.16384261225733        1.42288644716876       -1.18571653444584
c           -3.11407630133027        2.13449131113140       -1.97649072680991
h           -0.27140129783423        0.79628173017787        3.58687694013666
h           -0.16028443489521       -0.56475600647413        2.47949762725174
h            1.80305688172912        1.73235550911848        2.83387427062047
h            2.09256243023254       -0.00190992091699        2.97906896378692
h           -2.23975407748460       -4.21065310656128       -0.67738882754097
h           -4.13212963677650       -3.40562955034185        0.70823509407999
h           -4.03434645343273       -1.15898737776789        1.71228862191092
h           -0.32020593343003       -2.73573215808493       -1.09292617133032
h           -2.75838633092414        0.70097154460972        2.20793713075966
h           -1.01449323099507        2.27393999986517        1.87865982363810
h            1.19261790300887        2.78269437836926        0.85686128898728
h            1.57908130638770        2.11815632669892       -0.72415574377494
h            3.83354007902951        1.80280798704328        1.23530683902758
h            5.25327036265834        0.21452497431176        0.02385511909117
h            4.17049443253830       -1.43897049743492       -1.41688766048942
h            3.80840188737653       -2.03961688145642        0.19563970729641
h            2.44392326228452        0.57039760865274       -1.92814829051006
h            2.16586348325312       -0.92934053942438       -2.86119939169255
h           -0.14727193742807       -0.96931084558892       -2.36677148399607
h            0.08313813692580        0.77995959131578       -2.34387886396674
h           -3.50781597214659        2.98405042980856       -1.41621126428456
h           -2.64547644601609        2.50092095489215       -2.89171645345384
h           -3.90035707894913        1.42030610826154       -2.20347708662982
