35
 energy: -46.154155316512 gnorm: 0.051172462274 xtb: 6.7.1 (edcfbbe)
c           -0.01799776020971       -0.56885122432509        0.28536419635796
c           -1.02545468295384        0.58457535081351        0.68421774496494
c           -0.34463732572050        1.98782864338454        0.60285844883089
c            0.58002691233495        2.18135662509314       -0.61850488223811
c            1.47587135472803        0.93585758932652       -0.83841284774434
c            0.58549582306490       -0.28905379985760       -1.12614841988765
c            1.25321563047341       -0.45956208601137        1.18854289053634
c            2.16295063108173        0.53506329176859        0.46491790157349
o            1.43405550708189       -1.34232052206299       -1.60109826261156
c           -0.75258915430665       -1.92266457981297        0.41529548664306
c            3.34631335420527        0.98096748036470        0.89980838655918
c           -2.39360056194444        0.53673031532054       -0.01428312115648
c           -2.63189982407640        0.93059967078446       -1.27683213336349
h           -1.23599683794968        0.41268032524323        1.75451175683348
o            0.02969721102915       -3.08146840393918        0.04680223812903
c           -3.53978014708991        0.06663275313745        0.86458227296432
h           -1.12022519722530        2.76873476851629        0.62364398331038
h            0.25730508646683        2.12963659879054        1.51469893299035
h           -0.00431340547828        2.37015254694230       -1.53424243002052
h            1.21072972320717        3.07116157306436       -0.46025220737564
h            2.19132404802199        1.12100434738685       -1.65504231991594
h           -0.19883361654708       -0.07356279408386       -1.87210723980573
h            1.76603872573350       -1.43184446260185        1.27382912719343
h            1.00881198763271       -0.14309671487601        2.21529212555349
h            1.04509568795800       -2.19309396301445       -1.29459025942144
h           -1.61605020942540       -1.94254040490465       -0.26515929460027
h           -1.13489769780573       -2.03826095775153        1.44612622379877
h            3.76817171710443        0.66270040074184        1.85696257456250
h            3.94443659583549        1.68084613402166        0.31058510875921
h           -3.64216865799385        0.89548951732484       -1.69189825507489
h           -1.85917730246254        1.31074852107459       -1.94374539862133
h            0.67257760594152       -3.26657094631601        0.76118319040435
h           -3.65421369366660        0.73554159535318        1.73559909795076
h           -4.49466754337133        0.04720231918192        0.31966098249775
h           -3.35474026818085       -0.94186951784880        1.27015115215768
35
 energy: -46.160302024969 gnorm: 0.015332123715 xtb: 6.7.1 (edcfbbe)
c           -0.01626358834056       -0.55483712180889        0.28868100199890
c           -1.02110690352195        0.57849058650743        0.68474947544643
c           -0.34314112289112        1.96788204958140        0.59463506431430
c            0.57455371595333        2.16796936749369       -0.61373746092633
c            1.46480756041691        0.93462397690853       -0.82336057329795
c            0.58009229919536       -0.28494144676905       -1.11193760315477
c            1.24433246440188       -0.44976267691790        1.18360132058465
c            2.14030867075930        0.54329861384447        0.47267900245072
o            1.41153992364252       -1.33617113997090       -1.59203740454774
c           -0.74362027796274       -1.90545061881939        0.41013808567946
c            3.31530322624091        0.97591587279763        0.89763884970033
c           -2.37666338840003        0.52893583621075       -0.01195251489580
c           -2.61563358382530        0.92337811594526       -1.25630852147763
h           -1.23703720147001        0.41094141487092        1.74859950643154
o            0.03358919445571       -3.05228815699865        0.05328750534649
c           -3.51710092070681        0.06998807122432        0.86105471142509
h           -1.11777298437953        2.74065643809991        0.59974060056144
h            0.25841471100757        2.11159295551504        1.49776751941490
h           -0.00508121526001        2.34962158816846       -1.52317927425455
h            1.20354260670491        3.04826137080811       -0.44726583994654
h            2.18018023033895        1.10877937606580       -1.63221433925224
h           -0.19799359051939       -0.08304616882840       -1.85892750712581
h            1.75937871399794       -1.41472646038179        1.24980448187576
h            1.00653346429254       -0.13465780790581        2.20312353553819
h            1.01572621388865       -2.17941542998780       -1.30063954537264
h           -1.59540206330763       -1.92765343034002       -0.27681890231702
h           -1.11771073956390       -2.02922622141882        1.43556349191364
h            3.74180786263355        0.65268231977846        1.83718691723249
h            3.91070164142205        1.66515659042216        0.31595841815503
h           -3.61495273418469        0.88817778098510       -1.66909265581814
h           -1.85526560852940        1.30246565897363       -1.91849322219528
h            0.67236047946513       -3.23226955170857        0.76014233008155
h           -3.63284372010829        0.74201872746565        1.71658638138408
h           -4.45799302855014        0.05633353038938        0.31095766612607
h           -3.33671659180283       -0.93197401997144        1.25638624965536
35
 energy: -46.161072047619 gnorm: 0.005161914130 xtb: 6.7.1 (edcfbbe)
c           -0.01902118504117       -0.55192402418634        0.29128019782510
c           -1.01225794430887        0.57697536230653        0.68849618723077
c           -0.34494420775340        1.96475723845435        0.59563372587977
c            0.56764040693747        2.15913868819645       -0.61280080889740
c            1.45640930061365        0.93174260402236       -0.82030222159861
c            0.57042723681805       -0.28363912150538       -1.10510411065919
c            1.23551049893717       -0.44875088701491        1.18193668710140
c            2.12587494632864        0.53990763249040        0.47154885571511
o            1.39148189543950       -1.33350181889090       -1.59056823258405
c           -0.74187864884409       -1.90217002717431        0.40994774698740
c            3.29968391083514        0.96827389340915        0.89439498970110
c           -2.35965680242850        0.52742871759922       -0.00988667287764
c           -2.59583566927142        0.92177769426416       -1.25095061594093
h           -1.22985909686989        0.41054711323998        1.74991671441518
o            0.03817442222628       -3.03860093977230        0.06232321242198
c           -3.49729572205754        0.06887947948171        0.85987415101620
h           -1.12206095709865        2.73143252727429        0.59513544642405
h            0.25746586666841        2.10964543433468        1.49422803610652
h           -0.01000302699474        2.33753742004165       -1.51974391328198
h            1.19518564173095        3.03583783298573       -0.44303783538783
h            2.17357185027286        1.09900687758039       -1.62537677139700
h           -0.20738920617444       -0.08196402110087       -1.84973190191368
h            1.75263645338558       -1.40999182023540        1.23547840275977
h            1.00157987483307       -0.13776501066898        2.20030103757178
h            0.98674070059569       -2.17307303435165       -1.31333411578791
h           -1.58414384528415       -1.92097395640698       -0.28568939425344
h           -1.12102627441068       -2.02102360053330        1.43131511805800
h            3.71936937562329        0.65334332022519        1.83492108271480
h            3.88678297147621        1.66592232008517        0.32241824028203
h           -3.59047762152915        0.88552551978216       -1.66453577678030
h           -1.83753589262539        1.29608611146726       -1.91197407485809
h            0.68454025174992       -3.20285993862092        0.76056246941899
h           -3.61176697002026        0.74518267741238        1.70686476850090
h           -4.43133038015684        0.05661248221899        0.30431743426621
h           -3.31571843810983       -0.92857275618126        1.25445869255487
35
 energy: -46.161181391769 gnorm: 0.002802521116 xtb: 6.7.1 (edcfbbe)
c           -0.01983366683310       -0.55174313057310        0.29355889966034
c           -1.01052854397734        0.57595432632435        0.69194007422225
c           -0.34302481317873        1.96328520798196        0.59662873515543
c            0.56719063319080        2.15931331811671       -0.61402420362782
c            1.45307136180422        0.93004443575843       -0.81978419360015
c            0.56599610379734       -0.28478617556114       -1.10391827494923
c            1.23574657272380       -0.45246375574408        1.18140441833638
c            2.11990456431028        0.54344698890587        0.47454605347921
o            1.38256721358016       -1.33521021537163       -1.59321934468820
c           -0.74389108076649       -1.90222960228933        0.41015084430405
c            3.29089012508607        0.97756214877573        0.90105721896656
c           -2.35487660131801        0.52586250193167       -0.00967283074250
c           -2.58731512639627        0.91929111123892       -1.25241118130747
h           -1.22855079454240        0.41016067596000        1.75354474640359
o            0.03849806717694       -3.03603320552912        0.07025317325752
c           -3.49292845627941        0.06802697639874        0.85929468070267
h           -1.12214625851325        2.72740358413528        0.59477378220711
h            0.26018761997871        2.11227231808813        1.49383244712780
h           -0.01259595841276        2.33601243498515       -1.51962611191038
h            1.19462381366251        3.03636005832095       -0.44591179750609
h            2.17118417007612        1.09496808391241       -1.62420391935653
h           -0.21494572547030       -0.08079157359172       -1.84513184534980
h            1.75652132178234       -1.41210422693642        1.22861584763363
h            1.00236433207059       -0.14722250028567        2.20149397392786
h            0.97033815604115       -2.17408247536420       -1.32542024817671
h           -1.58212221067892       -1.92121575605820       -0.29048464808047
h           -1.12994454196082       -2.01706132038451        1.42964379882919
h            3.71514776901344        0.65119230621143        1.83592659770814
h            3.88331071003462        1.66524119804485        0.32276931330589
h           -3.58089195286934        0.88243872572522       -1.66821613090522
h           -1.82821730783643        1.29884755635892       -1.90980451595580
h            0.69568189186636       -3.18444439759566        0.76238556486758
h           -3.60685294017296        0.74714091961106        1.70393960780252
h           -4.42570691279202        0.05286364849836        0.30206321266740
h           -3.30797781870396       -0.92755019977066        1.25632300632514
35
 energy: -46.161271974996 gnorm: 0.003263327401 xtb: 6.7.1 (edcfbbe)
c           -0.02086610740679       -0.55302703696410        0.29660218760644
c           -1.00767068605644        0.57609686088821        0.69546419795339
c           -0.33982042770720        1.96360850554441        0.59845777634748
c            0.56824740172830        2.15890255350031       -0.61540956371634
c            1.45096977899283        0.92665836748856       -0.82050017539142
c            0.56035685157740       -0.28656005684794       -1.10306490491579
c            1.23764189607764       -0.45876722856431        1.18005141596366
c            2.11858362973046        0.54040848635036        0.47382176846087
o            1.37019204636421       -1.33842379056646       -1.59860551140581
c           -0.74769084944124       -1.90379382754669        0.41119657517783
c            3.28723453461247        0.97980555332725        0.90406112373117
c           -2.35000467479034        0.52654671758443       -0.00874611966967
c           -2.57824031904796        0.91929082418469       -1.25338992111359
h           -1.22593459001168        0.41176562138562        1.75767456022009
o            0.03648133309611       -3.03635280408449        0.08314218421672
c           -3.48883745567284        0.06673284724628        0.85825160473946
h           -1.12064771125170        2.72595562097883        0.59641755341040
h            0.26510273158789        2.11600374913820        1.49409875535925
h           -0.01483023319620        2.33571645641419       -1.51903227497134
h            1.19683589984327        3.03583463041894       -0.44999612122637
h            2.16920410819010        1.08831396569188       -1.62557571172520
h           -0.22562976768108       -0.07796680199628       -1.83850148281636
h            1.76131852884592       -1.41746014730431        1.21854285623635
h            1.00755113204684       -0.16109861732671        2.20357430164485
h            0.94684410092244       -2.17651019108812       -1.34464267100408
h           -1.58017551997479       -1.92373750474367       -0.29678576701879
h           -1.14507072515483       -2.01302334954448        1.42796824315045
h            3.70391204681928        0.66044094694873        1.84504700425128
h            3.87367336606637        1.67733193722590        0.33074859873634
h           -3.56993972141372        0.87616408184540       -1.67385382929575
h           -1.81723898875966        1.30147970577963       -1.90784172054006
h            0.71318070399240       -3.15801211650666        0.76412537609597
h           -3.60457823351687        0.74921683150840        1.70022991218674
h           -4.42047219874179        0.04563220822176        0.29926840090686
h           -3.29880816517588       -0.92642300835905        1.25951812914884
35
 energy: -46.161307022314 gnorm: 0.003159607710 xtb: 6.7.1 (edcfbbe)
c           -0.02119120033568       -0.55487460585075        0.29736616434296
c           -1.00587268854446        0.57735070525054        0.69598087199582
c           -0.33746876195103        1.96507234940934        0.59865489805262
c            0.57041241106501        2.15716692844144       -0.61639041847205
c            1.45219183326909        0.92385521329558       -0.82221136753335
c            0.55871147299668       -0.28795796368295       -1.10344606256158
c            1.23907959723403       -0.46181427561504        1.17889978561607
c            2.11883304791353        0.54000102185097        0.47395803035940
o            1.36563152591309       -1.34090487659261       -1.60122062870338
c           -0.74977245483742       -1.90528227135862        0.41222243595343
c            3.28336072476481        0.98616794915213        0.90856868196558
c           -2.34894884403054        0.52701034442472       -0.00813071406498
c           -2.57701219074615        0.91937949995871       -1.25285235891546
h           -1.22398504079799        0.41460644009632        1.75864110899368
o            0.03342517167340       -3.03965117110315        0.09056833696959
c           -3.48825222220345        0.06555227562106        0.85780942277526
h           -1.11728700622390        2.72881327784800        0.59806228677720
h            0.26850895002960        2.11596210657226        1.49401959839047
h           -0.01286105404988        2.33574440380705       -1.51973522939927
h            1.20093076644699        3.03300151664077       -0.45189010176788
h            2.17076384145650        1.08387634754732       -1.62769130524701
h           -0.22904997773646       -0.07713142674675       -1.83638210457557
h            1.76386520682532       -1.42032734812823        1.21237215794332
h            1.01173523743802       -0.16885698795087        2.20465843894541
h            0.93687511155019       -2.17850006758164       -1.35522302322468
h           -1.57901866291378       -1.92604241948574       -0.29968706977445
h           -1.15358708557891       -2.01211247906670        1.42742026883700
h            3.69848470862917        0.66739417790772        1.85062279047660
h            3.86902663140139        1.68553394902760        0.33648999759358
h           -3.56867353584630        0.87602350911123       -1.67369372055168
h           -1.81624564478123        1.30322177734943       -1.90665840043635
h            0.72233478697971       -3.14511684401580        0.76269481634683
h           -3.60839924029085        0.74990746499845        1.69797553086374
h           -4.41923421961647        0.03972176913996        0.29778550527563
h           -3.29643747960915       -0.92604030004303        1.26275812748738
35
 energy: -46.161330352936 gnorm: 0.001615007958 xtb: 6.7.1 (edcfbbe)
c           -0.02097621787529       -0.55619024936238        0.29758108726240
c           -1.00521750596383        0.57794561970001        0.69627873536888
c           -0.33380943503369        1.96433330502793        0.59704098232708
c            0.57382619233095        2.15546181071154       -0.61811501742455
c            1.45380788692610        0.92062205972610       -0.82363110327706
c            0.55861474161105       -0.29010119562752       -1.10407925897446
c            1.24054199213717       -0.46447624754366        1.17793879602331
c            2.11967299497013        0.53893679152190        0.47401583282132
o            1.36416527434804       -1.34407501202021       -1.60230170544666
c           -0.75147076990685       -1.90523123522040        0.41281079192790
c            3.27958285771238        0.99235194591214        0.91283398453437
c           -2.34964523592802        0.52775808813019       -0.00695127795397
c           -2.57925970123227        0.92151023491732       -1.25069061677411
h           -1.22296561259449        0.41663278697830        1.75922135927406
o            0.03017338075565       -3.04212552132173        0.09534679679262
c           -3.48878448276652        0.06438665505886        0.85827689090901
h           -1.11151963121035        2.73040191055107        0.59776723993050
h            0.27292155160546        2.11305070952791        1.49238407407424
h           -0.00891642643341        2.33574116294665       -1.52159799147460
h            1.20647380690247        3.02989850763912       -0.45356203427626
h            2.17242380548311        1.07926302767067       -1.62941172968597
h           -0.22921761699895       -0.07786622706346       -1.83615441958099
h            1.76566368598364       -1.42312462463594        1.20696619226756
h            1.01604767233629       -0.17513261782639        2.20529651617669
h            0.93175571124376       -2.18128603796690       -1.36372103138381
h           -1.57861475562855       -1.92659053365807       -0.30142205874705
h           -1.15862494715160       -2.01079650807470        1.42705568624174
h            3.69189066348107        0.67881665988086        1.85784755324015
h            3.86375977280429        1.69481666505968        0.34308201636111
h           -3.57107683971057        0.87769588154421       -1.67119514461202
h           -1.81941691748059        1.30591454266572       -1.90505217052023
h            0.72789902476151       -3.13613572430970        0.75875146388756
h           -3.61460312523863        0.75030194289491        1.69654437473192
h           -4.41869549571199        0.03365796899918        0.29648684795750
h           -3.29553258303457       -0.92561655220448        1.26667508875570
35
 energy: -46.161341657737 gnorm: 0.001018764341 xtb: 6.7.1 (edcfbbe)
c           -0.02099255368053       -0.55789009468189        0.29705028147431
c           -1.00404096014205        0.57811705911996        0.69523778838300
c           -0.33059944615595        1.96315603750324        0.59434844388308
c            0.57681472080248        2.15243710483630       -0.62062799624113
c            1.45570440834891        0.91682400251717       -0.82481357658417
c            0.55926128512073       -0.29264775198207       -1.10443075827639
c            1.24091356604544       -0.46692926684528        1.17682329958288
c            2.11905913140271        0.53851833800513        0.47496032711553
o            1.36481329467811       -1.34760012700646       -1.60083060739567
c           -0.75306967391303       -1.90499060414429        0.41308360010141
c            3.27350317099290        1.00037496198902        0.91860720972611
c           -2.34976769887461        0.52783848503721       -0.00581558125877
c           -2.58211612469733        0.92480117622668       -1.24783744816879
h           -1.22099830521257        0.41803116657996        1.75823417643664
o            0.02651193964629       -3.04430889558357        0.09641988555214
c           -3.48811006546372        0.06323023911224        0.85963968072191
h           -1.10625208163008        2.73133525881574        0.59579196334492
h            0.27737850125072        2.11009619221611        1.48915527152952
h           -0.00480333846780        2.33324275991508       -1.52465727493243
h            1.21084681726820        3.02568560237136       -0.45552418278197
h            2.17499967235856        1.07353661170546       -1.63023619890665
h           -0.22738481970191       -0.08027341612875       -1.83740377738048
h            1.76653546459834       -1.42540792842322        1.20203450085016
h            1.01786560061761       -0.18057599466193        2.20494176430209
h            0.92872423828853       -2.18449584700589       -1.37027896867199
h           -1.58032968753809       -1.92621997664815       -0.30059516931716
h           -1.15877754314916       -2.00980556131006        1.42765506657600
h            3.68412131473858        0.69187780586969        1.86589229146500
h            3.85684769711903        1.70460493506681        0.35044415541011
h           -3.57489343607560        0.88342842490788       -1.66610072542314
h           -1.82393293738766        1.31156197571360       -1.90266207520722
h            0.73168120929223       -3.13086364872201        0.75098462229171
h           -3.61924801585952        0.75150893364324        1.69510087552216
h           -4.41669153784678        0.02710663802572        0.29577833062175
h           -3.29270009128011       -0.92455460580522        1.27194755638946
35
 energy: -46.161346996671 gnorm: 0.000620665125 xtb: 6.7.1 (edcfbbe)
c           -0.02113195692380       -0.55840589868774        0.29657770673003
c           -1.00340238053920        0.57775118852996        0.69516355254478
c           -0.32975321632489        1.96241000134770        0.59282848726861
c            0.57740335160553        2.15147728798080       -0.62251122205304
c            1.45597458809694        0.91542393801076       -0.82490063157529
c            0.55967711383138       -0.29396301522253       -1.10461008616137
c            1.24046307890816       -0.46816526573787        1.17674315513569
c            2.11773254757117        0.53849253198063        0.47593641462723
o            1.36575957505278       -1.34918007489617       -1.59979006591751
c           -0.75362834641790       -1.90504209961763        0.41358015294492
c            3.27015163889169        1.00350613410509        0.92155681802445
c           -2.34920259822654        0.52903463553089       -0.00507877769715
c           -2.58215987585188        0.92843570328423       -1.24633943419307
h           -1.21984508793607        0.41809745545378        1.75834181924435
o            0.02443467157003       -3.04464023677304        0.09361261446188
c           -3.48684180871819        0.06298824041734        0.86051286153412
h           -1.10562477313839        2.73023003242812        0.59374958571734
h            0.27842993836784        2.11031375345928        1.48728291560394
h           -0.00423854989812        2.33093695817035       -1.52672576168625
h            1.21110119662928        3.02505653168777       -0.45814092981792
h            2.17603484935153        1.07116301395333       -1.62972616142907
h           -0.22660906349625       -0.08202582028543       -1.83834405768998
h            1.76667727110902       -1.42630612364434        1.20094439453236
h            1.01676704319549       -0.18294859327583        2.20500714232908
h            0.92742987751848       -2.18593661570573       -1.37258815255480
h           -1.58300501221715       -1.92553320054128       -0.29756476908547
h           -1.15589392887352       -2.01032402115803        1.42937785955341
h            3.68012295651134        0.69663127834636        1.86968578712973
h            3.85285185786299        1.70861622807592        0.35370024131339
h           -3.57493182037013        0.88599817954341       -1.66463883289728
h           -1.82372388466643        1.31393722499106       -1.90166017538681
h            0.73317171730476       -3.13067997815818        0.74476861684691
h           -3.61899224812240        0.75272000072013        1.69447318395515
h           -4.41510794922932        0.02417494199641        0.29640098472150
h           -3.28921705693535       -0.92349432608068        1.27469151466013
35
 energy: -46.161351095040 gnorm: 0.000876786392 xtb: 6.7.1 (edcfbbe)
c           -0.02117295726459       -0.55963598633609        0.29611245315525
c           -1.00199387036339        0.57736956152810        0.69421403730488
c           -0.32891020330374        1.96215907692903        0.58983505432240
c            0.57808665122699        2.14970725454080       -0.62620328896719
c            1.45681320612291        0.91320156224768       -0.82480713026064
c            0.56078010674524       -0.29629061025291       -1.10457196164460
c            1.23991302441272       -0.47008952956709        1.17699699756483
c            2.11592269373039        0.53850487971485        0.47796120350805
o            1.36816205882945       -1.35157821742533       -1.59788635707476
c           -0.75448652658412       -1.90573384460108        0.41470748282730
c            3.26503498021445        1.00860532822074        0.92693350361051
c           -2.34774493573787        0.52824478101361       -0.00502593086977
c           -2.58150844761634        0.93035985056759       -1.24539154696882
h           -1.21739846664459        0.41874333155044        1.75785013983189
o            0.02008830637518       -3.04529555375953        0.08515282100241
c           -3.48445616257624        0.06283510497198        0.86228481315865
h           -1.10561119430613        2.72899493216322        0.58907677870546
h            0.27945433497395        2.11276326499342        1.48367707023364
h           -0.00377205513143        2.32610955146730       -1.53081460367142
h            1.21080494008714        3.02430935922773       -0.46397813028741
h            2.17853435298093        1.06720807706893       -1.62842644956743
h           -0.22495710188232       -0.08534705623033       -1.83968260786140
h            1.76690735728370       -1.42776139100445        1.20013164159190
h            1.01464265931288       -0.18661070431755        2.20546638349168
h            0.92616228995139       -2.18803686501202       -1.37582303501149
h           -1.58956915163731       -1.92384746943575       -0.28990510664047
h           -1.14829895886049       -2.01326532533894        1.43361000468545
h            3.67306484658265        0.70526212889598        1.87711343772302
h            3.84590212428417        1.71623492576234        0.36003829779688
h           -3.57560509344445        0.89377199769715       -1.66104625286962
h           -1.82377422066433        1.32058465233140       -1.89896495834811
h            0.73326868436101       -3.13493167588648        0.73124748457255
h           -3.61816064486301        0.75654247246257        1.69271864556349
h           -4.41244240315810        0.01830819101261        0.29831811680903
h           -3.28280650794383       -0.92064606497108        1.28139774331784
35
 energy: -46.161353343569 gnorm: 0.000605393964 xtb: 6.7.1 (edcfbbe)
c           -0.02093216378103       -0.56009575098745        0.29630218908765
c           -1.00150308093697        0.57782314321063        0.69362337418697
c           -0.32880996275833        1.96296439368195        0.58909777808385
c            0.57846359087586        2.14922966037687       -0.62688186921696
c            1.45753119430617        0.91291112968281       -0.82480308047661
c            0.56114371400875       -0.29651218417468       -1.10445905915582
c            1.24027437235783       -0.47037183484953        1.17707036939648
c            2.11606982635042        0.53902005043711        0.47871396033269
o            1.36844204462420       -1.35156407146598       -1.59826098012154
c           -0.75458127355841       -1.90620649944606        0.41488477375261
c            3.26427799086984        1.01037236016441        0.92874903526887
c           -2.34809340262618        0.52953729830807       -0.00455480309286
c           -2.58233556438809        0.93217688557195       -1.24452686107731
h           -1.21661549932244        0.41969226337411        1.75739669692204
o            0.01861067178047       -3.04567418442715        0.08214319378595
c           -3.48429577610922        0.06310830254600        0.86291949300012
h           -1.10553223593186        2.72989717477981        0.58789845146788
h            0.27937444326925        2.11377745590966        1.48302498264282
h           -0.00321786859963        2.32516183471528       -1.53172753489942
h            1.21118116546809        3.02396414557612       -0.46533995555006
h            2.17976981656037        1.06654989727424       -1.62813241505849
h           -0.22473303089131       -0.08535941363300       -1.83923853889722
h            1.76725954223282       -1.42811810505368        1.19980804792282
h            1.01513385099169       -0.18751403911721        2.20579994267089
h            0.92591657696844       -2.18782951076689       -1.37685597762799
h           -1.59145128379866       -1.92299091777696       -0.28774696578479
h           -1.14622758303545       -2.01492612026362        1.43462385156837
h            3.67201700943800        0.70649008485463        1.87878284414525
h            3.84530458175751        1.71775133302164        0.36189891945544
h           -3.57576829853944        0.89182700977923       -1.66141514370058
h           -1.82410756857675        1.31908344783785       -1.89924174574743
h            0.73153552396051       -3.13805313291128        0.72778153956669
h           -3.61942821498796        0.75771969410566        1.69244951551006
h           -4.41220956381834        0.01645573294327        0.29899677406077
h           -3.28158982866725       -0.91954754304895        1.28353594831288
35
 energy: -46.161354469402 gnorm: 0.000238065334 xtb: 6.7.1 (edcfbbe)
c           -0.02077410891056       -0.55978722609074        0.29640375754538
c           -1.00149515507928        0.57808198989008        0.69423403828209
c           -0.32836845756903        1.96304691495908        0.58891071422465
c            0.57904757618966        2.14953990150112       -0.62681207728526
c            1.45772247009372        0.91301374675171       -0.82481748412238
c            0.56104811343619       -0.29622696702518       -1.10464836398414
c            1.24050146662231       -0.47052074343717        1.17699856281858
c            2.11639192611397        0.53888098479484        0.47866739793838
o            1.36738546127004       -1.35134685779325       -1.59952420966257
c           -0.75462305919071       -1.90590401079582        0.41489627352076
c            3.26444959753138        1.01026770781053        0.92905387501763
c           -2.34812804285581        0.52907659129442       -0.00432778420023
c           -2.58217635544191        0.93019209781518       -1.24479139036331
h           -1.21670821695014        0.42035238606438        1.75805781301534
o            0.01807028982153       -3.04547431939207        0.08252571304844
c           -3.48443215370337        0.06314969174434        0.86313680933629
h           -1.10497400595157        2.73011616982234        0.58761535565457
h            0.27949909848467        2.11374970236863        1.48306594508541
h           -0.00251346547211        2.32579928746794       -1.53169866739765
h            1.21206556032677        3.02409761899661       -0.46516471547855
h            2.17995098049962        1.06650357290139       -1.62818078710427
h           -0.22519023517526       -0.08414659111473       -1.83857713926450
h            1.76733601634829       -1.42844617147834        1.19879333259509
h            1.01624961365538       -0.18824525136045        2.20610133034014
h            0.92433150929204       -2.18746044048887       -1.37862970354233
h           -1.59126576208333       -1.92214943635732       -0.28797253621790
h           -1.14696707084580       -2.01451500817056        1.43443760190391
h            3.67143097213820        0.70640285500672        1.87939010188110
h            3.84541213083355        1.71822285830452        0.36295583647366
h           -3.57547705138982        0.88974375969764       -1.66193690704599
h           -1.82399311669472        1.31703125860130       -1.89955754486628
h            0.73151285859094       -3.13740538009457        0.72808881469760
h           -3.62069503166099        0.75863484736708        1.69180770207836
h           -4.41202950573357        0.01541733857033        0.29870290738833
h           -3.28172113104740       -0.91894288790226        1.28511217842365
35
 energy: -46.161355046883 gnorm: 0.000164834392 xtb: 6.7.1 (edcfbbe)
c           -0.02061064815348       -0.55965163368143        0.29642836774934
c           -1.00128809949898        0.57824059110231        0.69408791902081
c           -0.32828470768122        1.96323288682328        0.58859075934654
c            0.57932857306119        2.14963540766585       -0.62695294365207
c            1.45801842613138        0.91308901295897       -0.82463815139053
c            0.56114183894260       -0.29595087649529       -1.10465418497664
c            1.24069466628876       -0.47080296324197        1.17687531911609
c            2.11648851488751        0.53888150055922        0.47889652989985
o            1.36698329992792       -1.35110673241737       -1.59996336016637
c           -0.75472657768334       -1.90562184993494        0.41483168980374
c            3.26424462036327        1.01047970510370        0.92974786893970
c           -2.34800007011807        0.52857267027875       -0.00425208566351
c           -2.58213984340076        0.92847801420171       -1.24511219630270
h           -1.21628286120837        0.42066672410720        1.75792887088544
o            0.01751650978497       -3.04512484971962        0.08141356460873
c           -3.48423922172694        0.06348280964966        0.86369222310712
h           -1.10497498723480        2.73020102980101        0.58695787646580
h            0.27940048245883        2.11421439605006        1.48283757445780
h           -0.00203306949609        2.32586384697038       -1.53199594779875
h            1.21226890261759        3.02421992510466       -0.46513213683341
h            2.18039623195151        1.06641128910355       -1.62787873112362
h           -0.22514989567826       -0.08333647916724       -1.83835306985795
h            1.76749128074896       -1.42876543718390        1.19804891111258
h            1.01660646144160       -0.18899489215456        2.20608928900118
h            0.92348906639153       -2.18710130018358       -1.37961309058167
h           -1.59188399552144       -1.92119956666140       -0.28747220062878
h           -1.14637876737104       -2.01436884660526        1.43462468783861
h            3.67069044840614        0.70662923099370        1.88032639234190
h            3.84532243620030        1.71871248607500        0.36413720358913
h           -3.57549607717728        0.88798787505989       -1.66212023139982
h           -1.82415105348060        1.31574093589912       -1.89993915682846
h            0.73032437240515       -3.13869764600199        0.72733924782798
h           -3.62133597146570        0.76032339385610        1.69104941145700
h           -4.41157697841218        0.01408459133733        0.29896591672312
h           -3.28097959120777       -0.91767525902406        1.28752461464585
35
 energy: -46.161355416537 gnorm: 0.000139717180 xtb: 6.7.1 (edcfbbe)
c           -0.02058983026476       -0.55960474982530        0.29619027662531
c           -1.00100064501531        0.57843324814566        0.69405463509009
c           -0.32826260963511        1.96353120030865        0.58828349838300
c            0.57967809578296        2.14970242621250       -0.62709799593010
c            1.45839769446442        0.91310488187954       -0.82456645689692
c            0.56134133613060       -0.29576291832676       -1.10480275176850
c            1.24073978664299       -0.47108544594112        1.17659067778282
c            2.11646821750525        0.53905197837044        0.47920215145189
o            1.36690195303413       -1.35095084846750       -1.60031535051867
c           -0.75498814741901       -1.90541864469920        0.41459610252272
c            3.26377885200288        1.01110281544925        0.93078558129001
c           -2.34774365852831        0.52820398083187       -0.00409938502655
c           -2.58208632169797        0.92698850698548       -1.24530182050325
h           -1.21577609033716        0.42099801564573        1.75796230050787
o            0.01654699207824       -3.04513283129674        0.08005638580915
c           -3.48391174907339        0.06396028382547        0.86442825642048
h           -1.10502871277144        2.73043387445709        0.58628751600513
h            0.27929252839319        2.11483382626946        1.48258380605937
h           -0.00148795357826        2.32584152198980       -1.53229804760389
h            1.21257047451504        3.02430665388787       -0.46519113146087
h            2.18098860774471        1.06633033756385       -1.62764434474945
h           -0.22489272679650       -0.08277637208539       -1.83847721477853
h            1.76751249307387       -1.42906023772216        1.19691699673621
h            1.01675445350038       -0.19003179506640        2.20602279051566
h            0.92291449795847       -2.18682041020022       -1.38064668696465
h           -1.59284402920047       -1.92053506038657       -0.28688014206606
h           -1.14565652412691       -2.01436528081255        1.43471767547032
h            3.66990344313189        0.70699782135053        1.88144957802719
h            3.84504142002160        1.71962867799657        0.36570786228885
h           -3.57552771447436        0.88615901183090       -1.66208360300613
h           -1.82426262921857        1.31396931840098       -1.90052770289110
h            0.72893572016812       -3.14028208456616        0.72625224242549
h           -3.62216927849017        0.76279098559108        1.68990997850188
h           -4.41091671148335        0.01208748787399        0.29937411990028
h           -3.27974751854484       -0.91588018524179        1.29087695308499
35
 energy: -46.161355392242 gnorm: 0.000249279482 xtb: 6.7.1 (edcfbbe)
c           -0.02057266715707       -0.55955956862995        0.29596322545279
c           -1.00072337724655        0.57862102220059        0.69402669657153
c           -0.32824393008564        1.96382218643108        0.58798764323288
c            0.58001614133704        2.14976608083901       -0.62723544895696
c            1.45876351927898        0.91311903424112       -0.82449883088731
c            0.56152991954052       -0.29558118641397       -1.10494407526261
c            1.24078000570418       -0.47134956764386        1.17631764190426
c            2.11644979985837        0.53921905338555        0.47949566115683
o            1.36681433638459       -1.35080080657382       -1.60065756057537
c           -0.75523955728444       -1.90522468817943        0.41437291377506
c            3.26333408943111        1.01170333731860        0.93178209472035
c           -2.34749298654455        0.52783999332607       -0.00395444642629
c           -2.58203015078072        0.92554928800592       -1.24548602601147
h           -1.21528953702160        0.42132152758917        1.75799855095115
o            0.01561222900319       -3.04514282985813        0.07875253392498
c           -3.48359556339924        0.06441074767379        0.86513059745923
h           -1.10508267069926        2.73066264640204        0.58564167197134
h            0.27918822263891        2.11543393835417        1.48233818722534
h           -0.00095888894280        2.32581996027527       -1.53258842037072
h            1.21286159714954        3.02438986300113       -0.46524446818807
h            2.18155957857023        1.06624914135883       -1.62742080103803
h           -0.22465215999959       -0.08223310187597       -1.83859038277793
h            1.76752827587639       -1.42933654421321        1.19583393401804
h            1.01689463994350       -0.19101772879749        2.20595863808889
h            0.92235243884609       -2.18654882219024       -1.38164165989351
h           -1.59377255546082       -1.91989866638770       -0.28630062697011
h           -1.14495413308041       -2.01436089172066        1.43481338630730
h            3.66915422462221        0.70734341789045        1.88252328360045
h            3.84477792459397        1.72050712527318        0.36721554190923
h           -3.57555563562703        0.88441080554786       -1.66204672260140
h           -1.82436694164310        1.31227456448463       -1.90108942633300
h            0.72760284045510       -3.14180718617500        0.72520366563167
h           -3.62296289005951        0.76514495012635        1.68881906949377
h           -4.41028146485155        0.01017442455472        0.29976023412259
h           -3.27857095785718       -0.91417152939127        1.29408047550916
35
 energy: -46.161355643061 gnorm: 0.000102721024 xtb: 6.7.1 (edcfbbe)
c           -0.02046192586191       -0.55960437364009        0.29595031308862
c           -1.00079264799602        0.57848871699868        0.69381766412108
c           -0.32817908260002        1.96362739800903        0.58806373919833
c            0.57983890939344        2.14977090462085       -0.62729380165475
c            1.45866087030674        0.91317299863399       -0.82446096410283
c            0.56162373358954       -0.29564375339387       -1.10494649408886
c            1.24091133839700       -0.47159739539861        1.17635928972355
c            2.11639862510450        0.53909421161131        0.47947501167437
o            1.36723888954806       -1.35081906391032       -1.60037543886268
c           -0.75521054701267       -1.90522766893089        0.41428209193281
c            3.26327661736671        1.01158147934352        0.93166687126660
c           -2.34767086150514        0.52813731390098       -0.00397913898696
c           -2.58219974363197        0.92592780493318       -1.24544856295476
h           -1.21531997133011        0.42109148479112        1.75778351564471
o            0.01586641691105       -3.04509437981759        0.07897465215619
c           -3.48369933843231        0.06466133546677        0.86519464669817
h           -1.10504963155069        2.73041513485102        0.58581192600009
h            0.27921335299789        2.11515865397999        1.48244243030616
h           -0.00126981365600        2.32583213856570       -1.53255152629996
h            1.21270131612882        3.02437414902092       -0.46534250674699
h            2.18140567607554        1.06644223668226       -1.62739458924493
h           -0.22442196031832       -0.08255482924322       -1.83881007248999
h            1.76773441825395       -1.42955895932787        1.19588342963754
h            1.01695973965430       -0.19125859609398        2.20599103509748
h            0.92288440571737       -2.18665212549308       -1.38135046902922
h           -1.59336826477932       -1.91995279160368       -0.28684908107250
h           -1.14545246616438       -2.01441172025680        1.43453096664620
h            3.66907071127304        0.70756904625973        1.88252001714452
h            3.84460524946541        1.72035983600937        0.36696617348206
h           -3.57569710720226        0.88455244815357       -1.66203011880836
h           -1.82450746333825        1.31240546061556       -1.90111711894370
h            0.72776151347858       -3.14145599382354        0.72551040566916
h           -3.62306097166698        0.76549628596687        1.68878090125006
h           -4.41042178667345        0.01021245648854        0.29995749194228
h           -3.27849448444927       -0.91378985374060        1.29430406134059
35
 energy: -46.161355797213 gnorm: 0.000064075336 xtb: 6.7.1 (edcfbbe)
c           -0.02049617684552       -0.55974878368577        0.29579903069577
c           -1.00081031293297        0.57829536887201        0.69382062555894
c           -0.32819494333069        1.96343485879633        0.58816885363407
c            0.57964851885313        2.14972160255205       -0.62726412630099
c            1.45853521591836        0.91318406175301       -0.82447012709388
c            0.56176402722008       -0.29580759696519       -1.10499113428981
c            1.24083814188352       -0.47169412378512        1.17628140131429
c            2.11628805612385        0.53904845834229        0.47944284633813
o            1.36785536209680       -1.35091132662607       -1.60001655836935
c           -0.75527131397572       -1.90536365411886        0.41385825536603
c            3.26316152718721        1.01156256319499        0.93157314516855
c           -2.34772026785435        0.52827929251115       -0.00393637527727
c           -2.58226766375045        0.92622116368539       -1.24535426059560
h           -1.21533387689471        0.42073665362466        1.75776582461624
o            0.01616756763552       -3.04519966157074        0.07924111122529
c           -3.48372558254511        0.06508780809383        0.86540657256065
h           -1.10507202414254        2.73020805905317        0.58615161726137
h            0.27930089644406        2.11480902949278        1.48248042852631
h           -0.00162137468451        2.32570067406761       -1.53241730186865
h            1.21244480326086        3.02438381135478       -0.46542067975992
h            2.18129613579524        1.06659275962318       -1.62735886276560
h           -0.22412250693957       -0.08311798899511       -1.83912375927235
h            1.76774191723098       -1.42960506897680        1.19582960173088
h            1.01681555462805       -0.19138868130208        2.20590518325320
h            0.92370460645910       -2.18684975668053       -1.38091930688588
h           -1.59293416490172       -1.92017403262925       -0.28785773040592
h           -1.14621072969346       -2.01447088234997        1.43384335455740
h            3.66910063512202        0.70763188000349        1.88236505765472
h            3.84422663989461        1.72053866929939        0.36684301825031
h           -3.57580751569783        0.88490789225417       -1.66185508461804
h           -1.82448905155861        1.31214360721741       -1.90121371364492
h            0.72801320441560       -3.14091118305733        0.72590827772263
h           -3.62315921067145        0.76631142697968        1.68864382086748
h           -4.41043178092765        0.01029174904962        0.30021314168088
h           -3.27836059732926       -0.91309865884933        1.29497460389907
35
 energy: -46.161355908703 gnorm: 0.000064578022 xtb: 6.7.1 (edcfbbe)
c           -0.02046528944869       -0.55984532540130        0.29556457820909
c           -1.00076279460642        0.57811318838018        0.69382548839149
c           -0.32817890466085        1.96326945557557        0.58835942560366
c            0.57945428370687        2.14967030885525       -0.62720182890017
c            1.45850670959179        0.91326471550010       -0.82447879105624
c            0.56192301133642       -0.29580961877217       -1.10514256218187
c            1.24084805716262       -0.47194217211894        1.17610428214519
c            2.11618368554228        0.53906178539266        0.47946900555995
o            1.36834423971335       -1.35087534920939       -1.59983697649995
c           -0.75533787814422       -1.90544435285935        0.41326382495557
c            3.26297800126468        1.01170425751005        0.93171878034541
c           -2.34772114168102        0.52824693096657       -0.00384246742670
c           -2.58227295538193        0.92576714852237       -1.24539657458199
h           -1.21520922158522        0.42039289116142        1.75776125444446
o            0.01628471281882       -3.04536094978210        0.07941173592053
c           -3.48377434089686        0.06579288249058        0.86581454374928
h           -1.10507789980041        2.73002599178919        0.58655396776407
h            0.27944949778667        2.11452046127736        1.48261119307635
h           -0.00195773797644        2.32552664956702       -1.53229127756193
h            1.21217060254035        3.02441252595692       -0.46546637491388
h            2.18131913355131        1.06680647429857       -1.62729828264889
h           -0.22380800208643       -0.08338682227101       -1.83951247236955
h            1.76790858737459       -1.42977718251760        1.19540125218291
h            1.01680358587389       -0.19190241873355        2.20579785902377
h            0.92435485362531       -2.18688334098229       -1.38068644277654
h           -1.59248709847789       -1.92032710999075       -0.28904305583897
h           -1.14710039007630       -2.01448361205326        1.43292464647129
h            3.66896357338385        0.70776478841480        1.88248753709975
h            3.84394794938055        1.72077108779751        0.36700650590509
h           -3.57591346772344        0.88471814096865       -1.66169392282872
h           -1.82444591193702        1.31115807674802       -1.90152230317890
h            0.72801866159070       -3.14052797890157        0.72634587759831
h           -3.62364976314655        0.76818426493811        1.68799176766655
h           -4.41033426617201        0.00983351147929        0.30048116977560
h           -3.27808836694950       -0.91168931376807        1.29683538761004
35
 energy: -46.161355900025 gnorm: 0.000138086284 xtb: 6.7.1 (edcfbbe)
c           -0.02044215628568       -0.55989738768006        0.29539934643005
c           -1.00073603945742        0.57799430046557        0.69382947198629
c           -0.32816169698353        1.96315470947694        0.58850411929671
c            0.57931373862759        2.14963193056144       -0.62715733129382
c            1.45847792613502        0.91331926943272       -0.82448874505520
c            0.56201857286577       -0.29580465162079       -1.10525667969447
c            1.24085687607278       -0.47212457205260        1.17598466974491
c            2.11610250633071        0.53906544652944        0.47948309452695
o            1.36868135234892       -1.35084952369682       -1.59969903347045
c           -0.75538130886053       -1.90548584261600        0.41285799839948
c            3.26284908746031        1.01179535838624        0.93180966437129
c           -2.34772861709674        0.52824804421341       -0.00377381776808
c           -2.58227740600045        0.92548471231858       -1.24542118086125
h           -1.21512763903823        0.42016140676040        1.75775828330589
o            0.01635688077766       -3.04547511131830        0.07956739725469
c           -3.48380739365619        0.06625215706835        0.86608008782009
h           -1.10507889840140        2.72989660375449        0.58684135185052
h            0.27955632160077        2.11432257927328        1.48271741627544
h           -0.00219035779239        2.32541314326262       -1.53220587668521
h            1.21199291342155        3.02441555114326       -0.46549196598508
h            2.18132327138073        1.06694832745736       -1.62726437005236
h           -0.22360115114127       -0.08358064581623       -1.83980072143870
h            1.76802963352105       -1.42990745320792        1.19510432899530
h            1.01679961920535       -0.19226632652171        2.20572736139042
h            0.92480379137192       -2.18690483214653       -1.38050989297233
h           -1.59216448090330       -1.92043550873071       -0.28986415316356
h           -1.14773126527499       -2.01447494661421        1.43228497055507
h            3.66886947637603        0.70786786767545        1.88256726282567
h            3.84375862908510        1.72090311049124        0.36708991176794
h           -3.57598830875380        0.88462109248697       -1.66157812519503
h           -1.82441207892525        1.31050433392768       -1.90172904102854
h            0.72804431620942       -3.14021456906015        0.72668157002020
h           -3.62398379070511        0.76942849672712        1.68754666212135
h           -4.41026928735862        0.00949785944235        0.30064904764009
h           -3.27787932066296       -0.91075493954404        1.29807366881979
35
 energy: -46.161355966408 gnorm: 0.000044092430 xtb: 6.7.1 (edcfbbe)
c           -0.02041715548686       -0.55996485032194        0.29536168778444
c           -1.00068491930217        0.57795049924729        0.69380673699839
c           -0.32819109525462        1.96316059492053        0.58838926575079
c            0.57936518975621        2.14968795804965       -0.62719976406315
c            1.45858041807045        0.91337808490424       -0.82445071337916
c            0.56218910670277       -0.29580824863650       -1.10524387258465
c            1.24086859024104       -0.47212008199685        1.17593881677018
c            2.11615775911467        0.53911149231705        0.47953873674465
o            1.36876104908911       -1.35081740425510       -1.59983218487364
c           -0.75539764549784       -1.90553936093855        0.41280188557854
c            3.26282354025524        1.01187179164416        0.93197102687055
c           -2.34770095181021        0.52812990213754       -0.00376145283603
c           -2.58229837577630        0.92512992463563       -1.24546859968913
h           -1.21504909372412        0.42012312770694        1.75775022134805
o            0.01630549530888       -3.04543283186663        0.07907017820204
c           -3.48380839893255        0.06653962716574        0.86629331022285
h           -1.10509905910393        2.72991327156443        0.58672764030729
h            0.27951165480410        2.11434272437844        1.48260053193739
h           -0.00218068248187        2.32535614904119       -1.53223900956573
h            1.21189877972994        3.02459184717769       -0.46558976435174
h            2.18146922939374        1.06705770061323       -1.62717299030456
h           -0.22342612866770       -0.08346017336587       -1.83974326133412
h            1.76801059747492       -1.42990735743619        1.19499114854023
h            1.01679657686238       -0.19235897044878        2.20570304019347
h            0.92487030641247       -2.18686765155514       -1.38063342355149
h           -1.59235908032107       -1.92028929580145       -0.28975584846463
h           -1.14749382839956       -2.01462827930206        1.43233728895590
h            3.66876124365142        0.70782594352567        1.88272905738772
h            3.84372517555550        1.72114585901786        0.36743785667620
h           -3.57599880756356        0.88416249242921       -1.66162517654082
h           -1.82446289632384        1.31006185425021       -1.90185590965127
h            0.72761784841237       -3.14088414745340        0.72638223490587
h           -3.62425336502837        0.77017828893320        1.68730502204732
h           -4.41019047315111        0.00926846392929        0.30081055348585
h           -3.27782688851669       -0.91015895398188        1.29894248121648
