35
 energy: -46.155208054731 gnorm: 0.050543514954 xtb: 6.7.1 (edcfbbe)
c            0.07076297232717       -0.63114866091512        0.12694441426841
c           -0.98657742176357        0.42258270906069        0.65441297665447
c           -0.34637085880845        1.84349416065317        0.76357960043978
c            0.57642017571462        2.23412550916191       -0.41227247310203
c            1.49989986530056        1.05768911351053       -0.82308669859605
c            0.63057026316138       -0.14591834044201       -1.25020009885960
c            1.34864345054865       -0.57073288056851        1.02951649100582
c            2.23580283223537        0.50297299075053        0.39376340541009
o            1.38759924324198       -1.14507533337672       -1.95150769999532
c           -0.50456361302367       -2.05790534459207        0.05237801323181
c            3.45189319056924        0.87403790115849        0.80989485654542
c           -2.33521845804049        0.40658607911718       -0.08110444710598
c           -2.58859795413500        1.04530019488030       -1.23583463920761
h           -1.21102163346392        0.12461507961607        1.69456646064655
o           -0.75516993023954       -2.65391689703480        1.33610277754361
c           -3.45636203184738       -0.33721616160842        0.62559029345307
h           -1.14301549115909        2.59293090121967        0.88630120309521
h            0.24786001462639        1.87710852939300        1.69080327950230
h           -0.00827524147343        2.55048001478251       -1.29138003760164
h            1.19279112561154        3.09949231920888       -0.11920180785337
h            2.18307395548031        1.37881599349479       -1.62515495863702
h           -0.16899321179621        0.13256106706596       -1.94906040044737
h            1.86428096849006       -1.54583324234972        1.03265915172130
h            1.11258919558863       -0.34756658702422        2.08125673488714
h            2.22616766934788       -1.30349715069963       -1.46930826469827
h            0.23476960704959       -2.71304289988710       -0.42795474228916
h           -1.41085459122705       -2.07311083528152       -0.58182360236736
h            3.91656760343792        0.43803617796453        1.69802135124577
h            4.02996113269400        1.63545786473037        0.28030135194059
h           -3.58307169976366        1.01237123758205       -1.68712132196687
h           -1.84608637380645        1.63348552684457       -1.77337288696889
h           -1.41766239628004       -2.11406297401786        1.81059113980593
h           -3.21486762229667       -1.40040828613134        0.79084329554868
h           -3.64300226331354        0.10150443939484        1.62117987868169
h           -4.39470814139845       -0.29754981722338        0.05403743707647
35
 energy: -46.161374540248 gnorm: 0.015199448129 xtb: 6.7.1 (edcfbbe)
c            0.07405753057887       -0.61437997476760        0.13105650797061
c           -0.98251785181077        0.41495261868779        0.65359218092750
c           -0.34399115341926        1.82319660970029        0.75078121049333
c            0.57359646029911        2.21647397632070       -0.41075520263489
c            1.49102911792800        1.05040112794370       -0.81145134724857
c            0.62023813176613       -0.13928535237758       -1.23936764731039
c            1.34183881058371       -0.55963438526198        1.02288290170370
c            2.21831199835555        0.50619425663959        0.39899702915554
o            1.36893362892500       -1.13055540101131       -1.93302745711202
c           -0.49295692750435       -2.03810232960915        0.04864732394016
c            3.42274104148404        0.86934297481093        0.80820192553501
c           -2.31913620380092        0.39948554245460       -0.07971111452558
c           -2.57225242392953        1.03440303656610       -1.21743929498175
h           -1.20825132110351        0.11721358863509        1.68735259775287
o           -0.74541866992533       -2.63104882842425        1.31703705901532
c           -3.43438020739125       -0.33225238280777        0.62540540658671
h           -1.13999413697853        2.56671553349966        0.85576068606136
h            0.24894841817003        1.86132164149485        1.67030771581604
h           -0.00694358293833        2.52619344722948       -1.28404850724566
h            1.18614426211451        3.07288578048183       -0.10994972359608
h            2.17255739538122        1.36696337763561       -1.60737775570661
h           -0.17754186726882        0.12901623891444       -1.93453961282897
h            1.84954096537358       -1.53051419175958        1.01655253594819
h            1.10738382409598       -0.33693233672380        2.06621503255771
h            2.19564435149162       -1.28782922402798       -1.44881685000145
h            0.23903616332588       -2.69790117481954       -0.42708348004274
h           -1.40204848550564       -2.05003630159747       -0.56912112046898
h            3.88853212252072        0.43275398769892        1.68058813167893
h            3.99764165342417        1.62162541536291        0.28657281910284
h           -3.55624715481447        1.00326220708892       -1.66561976021999
h           -1.83995463682366        1.61468216655070       -1.75324497362232
h           -1.40250062278495       -2.09366071508990        1.78580228325536
h           -3.19670599607284       -1.38752585449403        0.77940576731076
h           -3.61973652145965        0.11067155090157        1.60867014050092
h           -4.36036378069756       -0.28143422740812        0.05208462524070
35
 energy: -46.162114585256 gnorm: 0.004877834710 xtb: 6.7.1 (edcfbbe)
c            0.07243659342065       -0.61129804907394        0.12889545375704
c           -0.97272204797515        0.41071621100025        0.65570054601339
c           -0.34605728866655        1.81830819553546        0.75080086122685
c            0.56781951265043        2.20843164588861       -0.41004611848297
c            1.48313338319260        1.04857387298240       -0.81160342499182
c            0.61432576750348       -0.13800173640224       -1.23627143411974
c            1.33283683857450       -0.55709168543722        1.01757396972397
c            2.20510744263872        0.50176932069200        0.39364735180353
o            1.35625178245651       -1.12554368070166       -1.92599433227464
c           -0.49300719711785       -2.03274867412737        0.04561067070421
c            3.40577758249700        0.86444380212702        0.80456824337281
c           -2.30231836681272        0.39596924385216       -0.07719622303116
c           -2.55233236502618        1.02887743815467       -1.21256479705221
h           -1.19874455309291        0.11292216794999        1.68715595119781
o           -0.74219016210998       -2.61885450224355        1.30876799279336
c           -3.41487183200688       -0.33176093076927        0.62809514310500
h           -1.14523790217912        2.55593154354388        0.84724412601733
h            0.24588790345544        1.85930759649161        1.66717083116695
h           -0.01006131277021        2.51475757390422       -1.28186874876086
h            1.17734645709911        3.06154986477471       -0.10479601990823
h            2.16565636717795        1.36280411005828       -1.60448712731103
h           -0.18471743534100        0.12885280944345       -1.92688545240790
h            1.83654233888882       -1.52656454640298        1.00921627602304
h            1.09923259441505       -0.33368001363060        2.05816311461575
h            2.17133421654824       -1.28887442583836       -1.43262951437604
h            0.23838563555005       -2.68904899421573       -0.43161142951127
h           -1.39967212318550       -2.03635693959024       -0.57144867597099
h            3.86364472745803        0.43570815512145        1.67989496833252
h            3.97519637696667        1.62210580587209        0.29334083273600
h           -3.53268399633062        1.00025693836540       -1.65942950084259
h           -1.82137456587418        1.60296902046830       -1.74905904084156
h           -1.39009046489427       -2.07510499853850        1.77576111443068
h           -3.17936810760055       -1.38380264239327        0.77798325761442
h           -3.59395540871585        0.11422165708097        1.60669183882308
h           -4.33627605920494       -0.27308275550432        0.05396932943283
35
 energy: -46.162182566891 gnorm: 0.002197619359 xtb: 6.7.1 (edcfbbe)
c            0.07259321983320       -0.61062021248941        0.12828148472289
c           -0.97121630986186        0.40896840166724        0.65708778358301
c           -0.34517591967168        1.81689008735228        0.75129835542641
c            0.56735943668509        2.20933441230637       -0.41067259310692
c            1.48072197041048        1.04813249810471       -0.81205956898813
c            0.61194114384966       -0.13842808637938       -1.23791282740581
c            1.33352944122780       -0.55983891817110        1.01550792870341
c            2.20100333982644        0.50447918572311        0.39552677416910
o            1.35297206021338       -1.12531425866688       -1.92677586547023
c           -0.49565844177044       -2.03131814282598        0.04351607471398
c            3.39894764072029        0.87282144878832        0.81168722554385
c           -2.29947703457326        0.39506555276130       -0.07620561755719
c           -2.54619818863682        1.02593866887469       -1.21423081497098
h           -1.19581775626096        0.11043538000291        1.68887922280683
o           -0.74451781787383       -2.61655500489730        1.30513196406992
c           -3.41154914510889       -0.33152065385339        0.63060419928560
h           -1.14685592869186        2.55165515838376        0.84545131343202
h            0.24637565387327        1.86214459317818        1.66764105310544
h           -0.01210099018280        2.51518342139868       -1.28154291836772
h            1.17683180592435        3.06258155692965       -0.10574794013383
h            2.16385726902308        1.36209255361191       -1.60450299480399
h           -0.18881502114426        0.12895638898731       -1.92700424479108
h            1.83896246008602       -1.52865111390624        1.00652363408412
h            1.09896923827927       -0.33830997338035        2.05646363993635
h            2.16135295723510       -1.29623492104238       -1.42478595664531
h            0.23480832760725       -2.68667654445852       -0.43659187266064
h           -1.40146899004093       -2.03132598558460       -0.57544858487418
h            3.85968597075325        0.43440144265852        1.68107185018028
h            3.97201657191441        1.62399475038021        0.29500910308679
h           -3.52514234762907        0.99506166103207       -1.66407388843130
h           -1.81341404590232        1.59908635571839       -1.74979738572805
h           -1.38472961780362       -2.06589793450639        1.77478660448924
h           -3.17555908268529       -1.38364107430119        0.77880273497011
h           -3.58514937976750        0.11458642004967        1.61012670286219
h           -4.33384815826818       -0.27081471500849        0.05831545777139
35
 energy: -46.162232367136 gnorm: 0.002355594737 xtb: 6.7.1 (edcfbbe)
c            0.07259866159412       -0.61119480125409        0.12677913417738
c           -0.96869819927690        0.40812340844054        0.65798380641289
c           -0.34420741745135        1.81724484227238        0.75224249371482
c            0.56776853663066        2.21055949162009       -0.41119987239221
c            1.47978626674195        1.04808246777381       -0.81351009856894
c            0.61019127173182       -0.13861220553866       -1.24012678669212
c            1.33509575532575       -0.56382895715291        1.01184102586505
c            2.20068007338637        0.50296676896042        0.39341062137936
o            1.34980406644024       -1.12452321474816       -1.92975990665954
c           -0.49986951478573       -2.03116613537681        0.04038039946892
c            3.39631899518517        0.87583545626294        0.81462874406647
c           -2.29650733418020        0.39378947560248       -0.07505059462685
c           -2.53965450024520        1.02010805475125       -1.21720341181867
h           -1.19130372833682        0.10909644059749        1.69050153472189
o           -0.75007176160483       -2.61606635060872        1.30003499740193
c           -3.40839958812318       -0.33051929322175        0.63455836550422
h           -1.14839959156945        2.54938773717523        0.84475358705222
h            0.24716646464326        1.86626703625024        1.66862663452209
h           -0.01377348070664        2.51763866125562       -1.28050320247236
h            1.17803805067261        3.06349096739217       -0.10673843758243
h            2.16306113304084        1.36153762339688       -1.60626757400663
h           -0.19239919476146        0.13031203445539       -1.92722499979230
h            1.84131987570105       -1.53260955354528        1.00120898693211
h            1.10106886212063       -0.34488468878560        2.05404058212211
h            2.14821850662576       -1.30937142580517       -1.41549904686024
h            0.22846569044629       -2.68679345166621       -0.44331290252847
h           -1.40501323626501       -2.02621909852890       -0.58079369006927
h            3.85052297520818        0.44172711952575        1.69004016779216
h            3.96434881759471        1.63623073938040        0.30513773869201
h           -3.51760032821518        0.98718549864270       -1.66969758168079
h           -1.80489952537924        1.59236509593437       -1.75188040896190
h           -1.37767012124191       -2.05419251898977        1.77470251357579
h           -3.17303652467975       -1.38339328023168        0.78029729874138
h           -3.57481461387797        0.11503822330081        1.61586261786345
h           -4.33290101079986       -0.26694976909959        0.06609729771407
35
 energy: -46.162258326150 gnorm: 0.002639652355 xtb: 6.7.1 (edcfbbe)
c            0.07277658730319       -0.61252695697438        0.12448215461045
c           -0.96653393765302        0.40847649099561        0.65763799199462
c           -0.34350127635592        1.81861129686561        0.75217856272473
c            0.56890456394414        2.21097019788402       -0.41171957724313
c            1.48097994947846        1.04855713294025       -0.81487416244179
c            0.61101200605849       -0.13847726736177       -1.24179839420572
c            1.33616579207194       -0.56629402907274        1.00865007108881
c            2.20050246835394        0.50401439270565        0.39343167659568
o            1.34985347453148       -1.12377609425991       -1.93281096069120
c           -0.50275845984470       -2.03186705013325        0.03722469744588
c            3.39235359649835        0.88238522658349        0.82052096508482
c           -2.29548718645578        0.39320835010402       -0.07390253286429
c           -2.53780700897098        1.01480408867543       -1.21872259807624
h           -1.18776526266065        0.10987760293828        1.69077769039445
o           -0.75569730338747       -2.61727929728510        1.29565186283643
c           -3.40728191180766       -0.32879576485115        0.63840789892445
h           -1.14812955595694        2.55042162947202        0.84482520535127
h            0.24769682221102        1.86761103388625        1.66873801281916
h           -0.01265581783109        2.51970148919528       -1.28055780407233
h            1.18017040288436        3.06316393092463       -0.10704435510621
h            2.16495613103538        1.36144321629032       -1.60745462771334
h           -0.19158953773807        0.13141129997878       -1.92840946978276
h            1.84334472227216       -1.53472823440428        0.99463427988284
h            1.10316529585689       -0.35116346594624        2.05215927616472
h            2.14014673042583       -1.32117814732561       -1.41015011927854
h            0.22344774866456       -2.68929338784742       -0.44768715957006
h           -1.40786305631202       -2.02355303345116       -0.58473086059707
h            3.84473634823507        0.44726913956700        1.69645364943056
h            3.95948091454767        1.64518459319249        0.31367411242382
h           -3.51546937400155        0.98041636121757       -1.67192031901672
h           -1.80204136428160        1.58425316633155       -1.75506736873563
h           -1.37233662529322       -2.04663545841839        1.77505894602930
h           -3.17459893199523       -1.38287251841720        0.78148708011432
h           -3.56893747492499        0.11523093395751        1.62129317639722
h           -4.33400513731335       -0.26190846951945        0.07392303208916
35
 energy: -46.162282310227 gnorm: 0.001879569687 xtb: 6.7.1 (edcfbbe)
c            0.07376484220447       -0.61332733416513        0.12169966313652
c           -0.96496776639559        0.40854488428573        0.65680551793852
c           -0.34141308015490        1.81864287626392        0.75049284402661
c            0.57101353913181        2.21123175894899       -0.41306617763702
c            1.48281712206578        1.04845981924996       -0.81574282002430
c            0.61274488249572       -0.13845496298134       -1.24392015316348
c            1.33778821875464       -0.56955184954270        1.00545367156981
c            2.20064876719752        0.50480614562256        0.39420556246728
o            1.35114130016110       -1.12351012728080       -1.93631687437781
c           -0.50520272230049       -2.03125065983653        0.03304394616747
c            3.38761383614416        0.88976931436628        0.82807868968600
c           -2.29569792568990        0.39231390428425       -0.07268470519862
c           -2.53837414557926        1.00824830196994       -1.22011958386963
h           -1.18458417262718        0.11050672891859        1.69047393612128
o           -0.76150319028393       -2.61766986539854        1.29061726882236
c           -3.40730518934386       -0.32592364866357        0.64363025563833
h           -1.14553582233365        2.55101422921361        0.84372135008598
h            0.24963992745146        1.86667178355530        1.66726139401108
h           -0.01008309865482        2.52134598895588       -1.28179935045204
h            1.18322767352768        3.06261580857934       -0.10771529605862
h            2.16763347694526        1.36057467433695       -1.60781676445038
h           -0.18864281828870        0.13238761460312       -1.93112349022543
h            1.84631348150073       -1.53728143474435        0.98525286944618
h            1.10670775236477       -0.36010964736279        2.05057456729459
h            2.13281055876182       -1.33452139741903       -1.40666400360554
h            0.21885115121837       -2.69130157213698       -0.45161840682648
h           -1.41039459436683       -2.02003797543774       -0.58911904026147
h            3.83732965450196        0.45708907150380        1.70643852117535
h            3.95298341093751        1.65660270581745        0.32568754937395
h           -3.51637238494730        0.97355625954101       -1.67242812952003
h           -1.80212444589219        1.57401581829432       -1.75945464295694
h           -1.36637788445117       -2.03907612297180        1.77534341583556
h           -3.17938228594258       -1.38178561187416        0.78255182919291
h           -3.56318240132820        0.11554802928506        1.62859223417319
h           -4.33665133519554       -0.25348110934286        0.08402438547254
35
 energy: -46.162300170154 gnorm: 0.001114286356 xtb: 6.7.1 (edcfbbe)
c            0.07493815779060       -0.61475642146848        0.11806700391697
c           -0.96290207751819        0.40817091839808        0.65461195316397
c           -0.33879810151949        1.81780392320354        0.74732032930841
c            0.57299834813723        2.20976101278080       -0.41611890982384
c            1.48576682174043        1.04721597614412       -0.81654007161475
c            0.61533981967553       -0.13874034311417       -1.24605054424662
c            1.33917222642339       -0.57393982542521        1.00147719863869
c            2.19981772027562        0.50605466241254        0.39665176631707
o            1.35371766043092       -1.12385862567984       -1.93932163739183
c           -0.50695241693363       -2.03049271025807        0.02751445069160
c            3.38004537704048        0.90002963093556        0.83979897654827
c           -2.29607224308665        0.39169186355037       -0.07114079749351
c           -2.54087670928581        1.00204679195178       -1.22078210522044
h           -1.18042043032153        0.11038992798357        1.68848073046962
o           -0.76649878581114       -2.61735050741797        1.28524222418047
c           -3.40738469490622       -0.32082464731036        0.65108888830870
h           -1.14183094857205        2.55130186696883        0.84187905406713
h            0.25336754369107        1.86430375267586        1.66350390882687
h           -0.00759564232527        2.51915993352515       -1.28537692935005
h            1.18489973236992        3.06127283426352       -0.11052616148004
h            2.17248390344683        1.35826966169764       -1.60717182811520
h           -0.18378664946412        0.13288387827550       -1.93504695194957
h            1.84984023869419       -1.54027444239395        0.97228574340653
h            1.10960026771103       -0.37299972458585        2.04822160996276
h            2.12769426809825       -1.34698396344542       -1.40567036969271
h            0.21518551343829       -2.69351758416244       -0.45550099868843
h           -1.41222994899484       -2.01663413764553       -0.59408483422020
h            3.82771662142745        0.47086668355068        1.72074765826368
h            3.94403078801728        1.67064372598380        0.34202666537590
h           -3.52000235460934        0.96745121113398       -1.67036864548149
h           -1.80442719673507        1.56193871601863       -1.76584168470459
h           -1.36062190828933       -2.03286285546079        1.77445845502718
h           -3.18659703894075       -1.37907341893544        0.78360560407139
h           -3.55431459805510        0.11709404729581        1.63891853437700
h           -4.34006893145138       -0.23937941300846        0.09800174755886
35
 energy: -46.162308435754 gnorm: 0.001013395755 xtb: 6.7.1 (edcfbbe)
c            0.07539553484351       -0.61544581525002        0.11629067263675
c           -0.96179594251466        0.40709007176076        0.65389945187433
c           -0.33755853426021        1.81656434842776        0.74565089505407
c            0.57295452278788        2.20898398034245       -0.41867121630011
c            1.48653958907147        1.04619965097356       -0.81670192816510
c            0.61686483952924       -0.13959618033612       -1.24737622259668
c            1.33910122327029       -0.57600125208836        1.00026442960286
c            2.19844185213676        0.50618910550484        0.39816983989658
o            1.35554647914048       -1.12473014221548       -1.94043520365191
c           -0.50743809012934       -2.03042434454183        0.02542183733160
c            3.37593618812658        0.90386906143832        0.84529066574269
c           -2.29532117734040        0.39135224844756       -0.07063726015061
c           -2.54096767301197        1.00026201137991       -1.22106696069581
h           -1.17845435054643        0.10925462419684        1.68790948343063
o           -0.76682380631471       -2.61744426537085        1.28337355072318
c           -3.40674771348142       -0.31795917399048        0.65460122812984
h           -1.14080579171789        2.54970090293956        0.84062583600928
h            0.25558157723780        1.86369376475947        1.66118654683599
h           -0.00850773233531        2.51530432542759       -1.28840052215833
h            1.18331183289911        3.06215514660216       -0.11475851723123
h            2.17454031138493        1.35700161135671       -1.60624424618635
h           -0.18167043939547        0.13239260055795       -1.93707336362973
h            1.85075485079508       -1.54166030633019        0.96822842778435
h            1.10900191947638       -0.37849926665202        2.04741279157931
h            2.12885538616736       -1.34872727512772       -1.40628450637988
h            0.21416858254693       -2.69376303614355       -0.45772510916547
h           -1.41282468033569       -2.01590696388130       -0.59568549044059
h            3.82252732039199        0.47657352770642        1.72780934062650
h            3.93910058897173        1.67628254046775        0.34908531770279
h           -3.52152325125427        0.96787318783538       -1.66776085107219
h           -1.80496690296288        1.55889472693702       -1.76804480704946
h           -1.36005142797400       -2.03267510902294        1.77290448887020
h           -3.18881899674637       -1.37696618819209        0.78478346782540
h           -3.54817973062238        0.11926195413903        1.64348093698049
h           -4.34093202624557       -0.23243767362024        0.10483702924443
35
 energy: -46.162318248482 gnorm: 0.001281703192 xtb: 6.7.1 (edcfbbe)
c            0.07600526954082       -0.61715724428661        0.11431028768991
c           -0.95999858799750        0.40587325103370        0.65191921317305
c           -0.33601454303533        1.81533148364983        0.74338332913169
c            0.57205362109533        2.20684543536819       -0.42322125303183
c            1.48801660885737        1.04427652763473       -0.81694432223426
c            0.61912723835585       -0.14136669284321       -1.24877504434888
c            1.33916897739340       -0.57903850690932        0.99895054063928
c            2.19654020859704        0.50639239923024        0.40085976175055
o            1.35845165174369       -1.12683634382472       -1.94065458832256
c           -0.50779991699445       -2.03147697646845        0.02284772092019
c            3.37028883691032        0.90911495481108        0.85335332685147
c           -2.29486405761590        0.39316584446263       -0.06935824555507
c           -2.54250213121345        1.00193623782423       -1.21958133005122
h           -1.17504870046860        0.10762134813613        1.68611426490210
o           -0.76553312789258       -2.61881288420232        1.28126342976153
c           -3.40593170153044       -0.31307178737836        0.65957151210755
h           -1.13941903067417        2.54807157323701        0.83962399253063
h            0.25935289466395        1.86305227934417        1.65743227365776
h           -0.01135143524353        2.50709139010818       -1.29373772249669
h            1.17950968655855        3.06337659253541       -0.12334160129220
h            2.17833267802500        1.35466008702310       -1.60467350053276
h           -0.17884648742037        0.13062415073117       -1.93950727813071
h            1.85237447061399       -1.54372867927848        0.96372492855601
h            1.10768037466691       -0.38600717875960        2.04652336412365
h            2.13487978071399       -1.34571688127783       -1.40900545470167
h            0.21307801296128       -2.69469628848388       -0.46144375573457
h           -1.41399893967078       -2.01633985872554       -0.59673378943058
h            3.81524942426343        0.48442005882868        1.73806051752187
h            3.93210412443778        1.68396180124231        0.35903427756527
h           -3.52403452147674        0.96865784507744       -1.66423290902610
h           -1.80628979803537        1.55536438820299       -1.77184738042968
h           -1.36197415573292       -2.03643149240804        1.76953342289983
h           -3.19170177640884       -1.37325327318844        0.78573768920167
h           -3.53928821517951        0.12247874964189        1.65018191167872
h           -4.34238240121974       -0.22171991165039        0.11499244366399
35
 energy: -46.162323680740 gnorm: 0.000902784155 xtb: 6.7.1 (edcfbbe)
c            0.07636934037588       -0.61879377603985        0.11246535588113
c           -0.95831432172267        0.40532745235946        0.65055557204817
c           -0.33432423929626        1.81503493945879        0.74116508481150
c            0.57181942921790        2.20506812194357       -0.42734172132956
c            1.48963470244282        1.04278857576034       -0.81773288973205
c            0.62142243286191       -0.14326379090364       -1.25013958230484
c            1.33926510749142       -0.58153555897815        0.99749585190608
c            2.19518246528213        0.50697778293353        0.40296397841432
o            1.36136030153917       -1.12909393628612       -1.94067544336664
c           -0.50872599161245       -2.03280584479969        0.02042219700740
c            3.36511944467048        0.91489139023822        0.86100903318772
c           -2.29395740675826        0.39224646343901       -0.06933347495323
c           -2.54262831764309        0.99843033888739       -1.22069961242921
h           -1.17204198794809        0.10722057955094        1.68515344428490
o           -0.76502446487575       -2.62109867812051        1.27860093499662
c           -3.40539151424304       -0.30864347879710        0.66453855402622
h           -1.13747125246410        2.54788509165514        0.83864265113848
h            0.26292091244437        1.86288762765094        1.65395405290334
h           -0.01322166996645        2.50078842809233       -1.29826120586076
h            1.17746159384941        3.06409262244732       -0.13111219750452
h            2.18206424257195        1.35245429855162       -1.60397973334130
h           -0.17602733226855        0.12841940651958       -1.94167331223282
h            1.85369854673713       -1.54556831904899        0.95919567953202
h            1.10720428413850       -0.39240800073682        2.04577947030925
h            2.14108829557946       -1.34247170480410       -1.41089478792125
h            0.21104449387143       -2.69588015754633       -0.46592154790951
h           -1.41600095497447       -2.01633467511976       -0.59770375634938
h            3.80797983915673        0.49165971280045        1.74739919708837
h            3.92570400382214        1.69206433979759        0.36899909966338
h           -3.52692044758884        0.97092849919842       -1.65972907442715
h           -1.80798663357700        1.55241047718203       -1.77401064089011
h           -1.36481308588844       -2.04085203144394        1.76598879998460
h           -3.19550678065525       -1.37014513344595        0.78766760201836
h           -3.53154780868040        0.12590554053522        1.65656586574918
h           -4.34420089430131       -0.21192420449300        0.12500658860932
35
 energy: -46.162327292504 gnorm: 0.000579969560 xtb: 6.7.1 (edcfbbe)
c            0.07658196571621       -0.61895998735232        0.11149627646668
c           -0.95768427071770        0.40524023472116        0.65094396144332
c           -0.33301568523688        1.81484603261849        0.74005515529302
c            0.57255341607649        2.20505148853941       -0.42872912224341
c            1.49000471968065        1.04242945889281       -0.81845045269135
c            0.62234717979437       -0.14412395543572       -1.25113898388224
c            1.33942119660841       -0.58260487341469        0.99655285202656
c            2.19483696025045        0.50700368281767        0.40299754738675
o            1.36259977283744       -1.13005535026126       -1.94102680639408
c           -0.50972949274736       -2.03271992462662        0.01923710554159
c            3.36278249235769        0.91750008778614        0.86380775824398
c           -2.29421008945262        0.39297770876028       -0.06776564948217
c           -2.54291346245688        0.99725118859635       -1.22006184363793
h           -1.17072865356351        0.10763013974734        1.68588349559819
o           -0.76586858468460       -2.62208779016336        1.27659369556272
c           -3.40535417965525       -0.30678608990452        0.66735812127971
h           -1.13590063930834        2.54791493896267        0.83790296811686
h            0.26446177776252        1.86247589399841        1.65266525686766
h           -0.01272240837011        2.50046068333024       -1.29953969130496
h            1.17840570422883        3.06418171454179       -0.13312851046169
h            2.18288808078462        1.35155663189689       -1.60444450802456
h           -0.17482100476050        0.12745099457368       -1.94284729568314
h            1.85412489089192       -1.54648110371638        0.95649718464875
h            1.10805741753867       -0.39501048505031        2.04536984415394
h            2.14283549671175       -1.34214020683401       -1.41078197309735
h            0.20927198457057       -2.69565142544509       -0.46854639995415
h           -1.41729067093621       -2.01483070565405       -0.59868868951474
h            3.80358023116692        0.49530146913050        1.75166008391874
h            3.92254838521508        1.69648488767505        0.37392154025115
h           -3.52660486759505        0.96775974153865       -1.66015439791435
h           -1.80716265777561        1.54712011130399       -1.77620002208021
h           -1.36653498197020       -2.04252733287969        1.76413137463874
h           -3.19750692357686       -1.36899835451762        0.78874775822926
h           -3.52886933436494        0.12664286393855        1.66015782969126
h           -4.34514943343154       -0.20763996967644        0.12988457001549
35
 energy: -46.162329095166 gnorm: 0.000287124012 xtb: 6.7.1 (edcfbbe)
c            0.07681441340585       -0.61901419405385        0.11145321143757
c           -0.95720747600841        0.40558878887831        0.65053906108988
c           -0.33264522763052        1.81522708109392        0.73967730796128
c            0.57308541964926        2.20496229352363       -0.42905295671803
c            1.49021531381045        1.04219432495859       -0.81878276858404
c            0.62229448494276       -0.14423979207667       -1.25125379001281
c            1.33990412512567       -0.58323082407070        0.99602563233388
c            2.19487043122549        0.50707470451624        0.40294826769002
o            1.36283629993230       -1.13032958630227       -1.94047165216713
c           -0.51032208450122       -2.03243945695546        0.01839891639584
c            3.36164787774970        0.91888866273552        0.86514557554826
c           -2.29435678368860        0.39286115461236       -0.06712371832501
c           -2.54291969456338        0.99494062126513       -1.22053832410783
h           -1.16954217606675        0.10815557635438        1.68556833757318
o           -0.76672980533930       -2.62237138390333        1.27516807370246
c           -3.40539715130843       -0.30551941950171        0.66933015097089
h           -1.13547126916259        2.54843250053776        0.83732046575495
h            0.26476235323957        1.86290609657930        1.65237196086876
h           -0.01181365509950        2.50143732244969       -1.29978592409257
h            1.17956813521687        3.06343633226710       -0.13277559575658
h            2.18302380081699        1.35090584235897       -1.60498682318361
h           -0.17461006301833        0.12713664556501       -1.94329656273477
h            1.85468518472331       -1.54698150905339        0.95503715376817
h            1.10907961965134       -0.39622761331114        2.04497502597197
h            2.14340391895237       -1.34128074702987       -1.41054858326165
h            0.20833828554156       -2.69525552270632       -0.47000244666906
h           -1.41780197425933       -2.01342757453934       -0.59967654744335
h            3.80132764613001        0.49688543537485        1.75363020688393
h            3.92152870623159        1.69809176890490        0.37600139811740
h           -3.52624238187094        0.96431843779278       -1.66133272357587
h           -1.80663207465714        1.54315399087460       -1.77761771849706
h           -1.36848009894175       -2.04398580164266        1.76249127389364
h           -3.19878900451372       -1.36797690667177        0.79033285051776
h           -3.52755624109027        0.12770559451216        1.66235677489173
h           -4.34563452303654       -0.20536044489873        0.13283452276584
35
 energy: -46.162329921404 gnorm: 0.000237091367 xtb: 6.7.1 (edcfbbe)
c            0.07669473024298       -0.61906619125142        0.11115518617341
c           -0.95699755885668        0.40565160985956        0.65069094434809
c           -0.33279057369549        1.81549310672508        0.73934465218420
c            0.57350105689079        2.20500851663777       -0.42908255893007
c            1.49051359636884        1.04218751489391       -0.81904005908007
c            0.62255557546313       -0.14420487396057       -1.25134393375168
c            1.33991119827819       -0.58339412300003        0.99549668140052
c            2.19489438589789        0.50729263672880        0.40294871930354
o            1.36340130573871       -1.13035342266875       -1.94035396633604
c           -0.51074081469505       -2.03232304354607        0.01770491991865
c            3.36109149127392        0.91972700023830        0.86604123912587
c           -2.29424252388584        0.39238680546821       -0.06675464977593
c           -2.54268069734337        0.99270957888120       -1.22109481667151
h           -1.16886996528729        0.10820313941223        1.68579313840728
o           -0.76750964473600       -2.62256509920044        1.27425617554245
c           -3.40540515771841       -0.30446959192750        0.67092407858061
h           -1.13571289553521        2.54868558071097        0.83657119926296
h            0.26438244200159        1.86354837646744        1.65219084482759
h           -0.01109482280024        2.50214554757623       -1.29985534371859
h            1.18035310671914        3.06309313522776       -0.13229724145884
h            2.18334394219727        1.35080720167585       -1.60530912462164
h           -0.17414159267185        0.12688393786491       -1.94369541685051
h            1.85474346998799       -1.54706823499263        0.95392137886090
h            1.10920273956174       -0.39690578248667        2.04452894523613
h            2.14425434059355       -1.34057018927644       -1.41079346941299
h            0.20773459465921       -2.69526264778232       -0.47080293735254
h           -1.41817687779716       -2.01262889191175       -0.60036846689922
h            3.80044499774368        0.49739068328790        1.75453797153359
h            3.92116138019181        1.69918297524825        0.37747920644222
h           -3.52602293146919        0.96191457365329       -1.66189857409312
h           -1.80598706294457        1.53972593282139       -1.77884298303459
h           -1.37041736530374       -2.04517641991985        1.76125293887058
h           -3.19989034277008       -1.36717951208471        0.79198239298250
h           -3.52629005454446        0.12918027959460        1.66394905972802
h           -4.34597914016742       -0.20338771052651        0.13512390226632
35
 energy: -46.162329928136 gnorm: 0.000506380869 xtb: 6.7.1 (edcfbbe)
c            0.07657108338544       -0.61911878735659        0.11086588821633
c           -0.95679299012563        0.40571656500263        0.65084476310596
c           -0.33293293589784        1.81575750633531        0.73901892786070
c            0.57391155279910        2.20505153597977       -0.42911082295170
c            1.49080763001209        1.04217918930947       -0.81929649120948
c            0.62280782360837       -0.14417226214119       -1.25142837303333
c            1.33991494325347       -0.58355043623350        0.99497543116516
c            2.19491836013132        0.50750881507124        0.40294727980392
o            1.36395070887561       -1.13037819914612       -1.94023522082679
c           -0.51115321742034       -2.03221226159118        0.01702868299792
c            3.36054530779878        0.92055360304092        0.86691869843353
c           -2.29412990469926        0.39192423266641       -0.06639180766369
c           -2.54244751923441        0.99053438886202       -1.22163384196509
h           -1.16821409195676        0.10825343844638        1.68601805069639
o           -0.76827402965986       -2.62275707619928        1.27336667406875
c           -3.40541047294655       -0.30344941383153        0.67247847774263
h           -1.13594534375394        2.54894163877925        0.83584413173218
h            0.26401591180974        1.86417694105280        1.65201014515411
h           -0.01038686371928        2.50284061933751       -1.29992192610987
h            1.18112842056412        3.06275306999036       -0.13182762358497
h            2.18365906505731        1.35070564765153       -1.60563137150277
h           -0.17368796388880        0.12663335619859       -1.94408076438636
h            1.85479585839045       -1.54715008579255        0.95282647783527
h            1.10932175506160       -0.39756484193074        2.04408856394449
h            2.14508569526525       -1.33987003729138       -1.41103634691398
h            0.20714128737988       -2.69527164440331       -0.47158522488136
h           -1.41854706330573       -2.01184872823101       -0.60104146051727
h            3.79958236011210        0.49788150759013        1.75542075116730
h            3.92080175101139        1.70025629053064        0.37892696970395
h           -3.52580695253856        0.95956550388740       -1.66245224083992
h           -1.80535430359099        1.53637741311369       -1.78003668311562
h           -1.37231130542757       -2.04634524484497        1.76004652334202
h           -3.20096199029402       -1.36640665002064        0.79358640077797
h           -3.52505645270465        0.13061129439529        1.66550342566215
h           -4.34631178176348       -0.20146448978937        0.13735396909957
35
 energy: -46.162330517709 gnorm: 0.000168118195 xtb: 6.7.1 (edcfbbe)
c            0.07691143084471       -0.61906564483518        0.11072598285926
c           -0.95670612567866        0.40555962866361        0.65051460204380
c           -0.33302073057441        1.81562718077162        0.73907581464185
c            0.57365347819376        2.20515969769710       -0.42911161752200
c            1.49071720359094        1.04230698700168       -0.81901582828730
c            0.62300055745654       -0.14403221348901       -1.25161455362816
c            1.34004973774147       -0.58371100757008        0.99521775297832
c            2.19487946010111        0.50736900562248        0.40309600462416
o            1.36418274447905       -1.13020130321208       -1.94046979662484
c           -0.51100197713615       -2.03209760756787        0.01689746570044
c            3.36070097508757        0.92016190402344        0.86683336864489
c           -2.29413139753069        0.39182259880074       -0.06652856284459
c           -2.54236886230224        0.99003601607914       -1.22198711330803
h           -1.16807223389802        0.10803763469156        1.68569069187346
o           -0.76822323456095       -2.62269228769491        1.27325583378594
c           -3.40553155635932       -0.30305233247329        0.67273885064591
h           -1.13627623273668        2.54855132346008        0.83552491180014
h            0.26360758718969        1.86428576871396        1.65225581988520
h           -0.01066325745046        2.50269457831636       -1.29998483022389
h            1.18063782156090        3.06300184406435       -0.13188841939666
h            2.18361546201967        1.35108284692074       -1.60518739042282
h           -0.17341897949694        0.12684325111744       -1.94433946700031
h            1.85496708069446       -1.54732177227161        0.95309442542764
h            1.10931895510512       -0.39773236563574        2.04434649163827
h            2.14519425707179       -1.34002716853050       -1.41090063644652
h            0.20727916926824       -2.69525582762329       -0.47158095636105
h           -1.41837929055654       -2.01185713949385       -0.60120681036746
h            3.79978676787038        0.49784933505414        1.75549501717576
h            3.92090030490925        1.69980864417591        0.37868820877168
h           -3.52587133541692        0.95938466480103       -1.66242209930990
h           -1.80544666375966        1.53607747485070       -1.78032418165126
h           -1.37247210006800       -2.04619315509000        1.75978596513573
h           -3.20123875705268       -1.36599194125222        0.79417466612998
h           -3.52480218734381        0.13134205696667        1.66564058157864
h           -4.34654373967418       -0.20110827661514        0.13786984106184
35
 energy: -46.162330866269 gnorm: 0.000145119713 xtb: 6.7.1 (edcfbbe)
c            0.07710735399012       -0.61905080320172        0.11054636624765
c           -0.95674681380610        0.40528157412642        0.65029661727480
c           -0.33327038531623        1.81542581259573        0.73904171046122
c            0.57336096593114        2.20519925323844       -0.42906143562962
c            1.49077311291543        1.04251683256205       -0.81864471110153
c            0.62338525426978       -0.14391064452851       -1.25167027106897
c            1.34006037202560       -0.58376670733361        0.99531913199844
c            2.19485345172829        0.50734371553709        0.40338917101275
o            1.36470506545356       -1.12990514195273       -1.94056833217115
c           -0.51078005019931       -2.03207452256685        0.01655061877493
c            3.36097744622263        0.91965145818146        0.86678753753912
c           -2.29422341853981        0.39173890194368       -0.06661532918273
c           -2.54242756144635        0.98948086647821       -1.22234882814404
h           -1.16805223378812        0.10754751325112        1.68543191021705
o           -0.76799636733982       -2.62258078132472        1.27298905007934
c           -3.40572893845178       -0.30227162435480        0.67331587758146
h           -1.13678814479975        2.54805809237855        0.83518310987508
h            0.26309668227538        1.86435365563472        1.65234562806814
h           -0.01106680518091        2.50214275202842       -1.30001067596769
h            1.17988656057203        3.06339861344656       -0.13206982658909
h            2.18387268536066        1.35162225452798       -1.60448258981117
h           -0.17292813586787        0.12702271326624       -1.94448970473897
h            1.85506782016080       -1.54734254289042        0.95339654571399
h            1.10899278301563       -0.39784268384925        2.04438786135530
h            2.14552633266896       -1.34002868939765       -1.41067383302973
h            0.20759959573936       -2.69519668410064       -0.47179924322502
h           -1.41811930745282       -2.01201388055453       -0.60161650208225
h            3.80026175202359        0.49741999036647        1.75537647010117
h            3.92101771257570        1.69937217200297        0.37856926268032
h           -3.52607413352399        0.95899767965548       -1.66239780471741
h           -1.80550020445331        1.53491873975799       -1.78128113725774
h           -1.37259828537642       -2.04608390386719        1.75915791265003
h           -3.20175477578848       -1.36518292501282        0.79524552700249
h           -3.52440149159286        0.13267431136865        1.66600978746604
h           -4.34685356241636       -0.20025296897479        0.13875016162588
35
 energy: -46.162331115418 gnorm: 0.000144063158 xtb: 6.7.1 (edcfbbe)
c            0.07728825745886       -0.61904731293983        0.11020988492752
c           -0.95673776447914        0.40501703839961        0.65009871485365
c           -0.33357915110356        1.81528782810129        0.73906664468094
c            0.57298756436649        2.20520487698312       -0.42901956659687
c            1.49088793778602        1.04280321415137       -0.81833208096058
c            0.62383536494779       -0.14371700994365       -1.25183742495250
c            1.33992099190307       -0.58372476475236        0.99544741047088
c            2.19481042860442        0.50737948197941        0.40369584233759
o            1.36544511623470       -1.12955589772930       -1.94058379838949
c           -0.51049467811124       -2.03210066670908        0.01614090653471
c            3.36123454738241        0.91921814532818        0.86686328472515
c           -2.29429433965248        0.39159935179829       -0.06667849374340
c           -2.54253751373521        0.98869251712496       -1.22274889599808
h           -1.16799598949743        0.10710959170767        1.68519629848763
o           -0.76783062114147       -2.62266332252092        1.27256566746230
c           -3.40595256255872       -0.30132402912737        0.67402633766181
h           -1.13728378547556        2.54772606993599        0.83510919610404
h            0.26266752166053        1.86429807406873        1.65244150016303
h           -0.01152858270618        2.50160376700550       -1.30009292526822
h            1.17906462485654        3.06376733193674       -0.13218697643110
h            2.18418581808910        1.35218596549124       -1.60387755288525
h           -0.17231217015387        0.12722712157966       -1.94485017027803
h            1.85499649522743       -1.54727836190195        0.95375551519614
h            1.10848878396508       -0.39780120479535        2.04444884917157
h            2.14592935882435       -1.33997094587857       -1.41032682533507
h            0.20793120719438       -2.69518480760719       -0.47220124717745
h           -1.41783005796502       -2.01203482026975       -0.60204183974615
h            3.80079985219336        0.49668804812608        1.75517240955687
h            3.92127835869321        1.69887712118218        0.37852814940594
h           -3.52634630825673        0.95824358008579       -1.66246696283892
h           -1.80558358819083        1.53329602411526       -1.78246065544009
h           -1.37256295690043       -2.04612552773123        1.75852672894692
h           -3.20245158927201       -1.36427422317653        0.79655041005354
h           -3.52397181363074        0.13435802070877        1.66647539421657
h           -4.34722442496876       -0.19911787628876        0.13974630409248
35
 energy: -46.162331303315 gnorm: 0.000094233932 xtb: 6.7.1 (edcfbbe)
c            0.07731551183103       -0.61903368478962        0.11005976457722
c           -0.95684522425053        0.40487081361719        0.64995884610562
c           -0.33379842687191        1.81518211240896        0.73908515613904
c            0.57276149659582        2.20527089128571       -0.42891769044908
c            1.49100930224700        1.04309633737458       -0.81809661506214
c            0.62425555616139       -0.14360255395811       -1.25180744889088
c            1.33985591195690       -0.58364334106735        0.99544091600420
c            2.19487307055217        0.50748556483750        0.40388030560357
o            1.36621468572537       -1.12925969702374       -1.94040219371532
c           -0.51042193724677       -2.03209036135041        0.01564298056971
c            3.36154273692967        0.91884564654041        0.86684573271341
c           -2.29445827764700        0.39148717525206       -0.06672123222330
c           -2.54268715011040        0.98773905382748       -1.22322502920454
h           -1.16803494421176        0.10677036708570        1.68500818496069
o           -0.76772132046008       -2.62286802847867        1.27195906923401
c           -3.40622225433477       -0.30043461931966        0.67473110882363
h           -1.13755771120356        2.54755210991658        0.83521373427534
h            0.26245567754421        1.86416858325598        1.65246024813327
h           -0.01185935932447        2.50130744680010       -1.30005143649857
h            1.17851054504144        3.06411373505867       -0.13219905871925
h            2.18440438998285        1.35267957597974       -1.60347915155110
h           -0.17170326728105        0.12725398630065       -1.94505497864317
h            1.85496962743038       -1.54719001475849        0.95399515929920
h            1.10814202568725       -0.39762574029671        2.04435832492763
h            2.14634504733481       -1.33989242972607       -1.40978144658779
h            0.20803424750390       -2.69505613347044       -0.47282740365080
h           -1.41779279418238       -2.01191619044768       -0.60250560620892
h            3.80114012617561        0.49608170791810        1.75503861034390
h            3.92166401903730        1.69849403113008        0.37856079310010
h           -3.52662035856411        0.95729006362007       -1.66270003263613
h           -1.80565982897431        1.53151895103980       -1.78363670916493
h           -1.37235744542908       -2.04635274402814        1.75803586999511
h           -3.20315824850226       -1.36340229021196        0.79793708868402
h           -3.52376868302691        0.13598727555943        1.66690990915735
h           -4.34759241452743       -0.19816520144374        0.14064426356703
35
 energy: -46.162331432363 gnorm: 0.000045283654 xtb: 6.7.1 (edcfbbe)
c            0.07732839352156       -0.61897887812530        0.10986388778950
c           -0.95687011792922        0.40482149271405        0.64989548495837
c           -0.33394189688943        1.81517161485184        0.73914750281848
c            0.57258529365507        2.20529769834923       -0.42884521300935
c            1.49105547253945        1.04329826445991       -0.81801106920550
c            0.62447657116035       -0.14347188533818       -1.25190029602223
c            1.33973336238968       -0.58355042299366        0.99544449605756
c            2.19486513768154        0.50757259379957        0.40395314739039
o            1.36680912161420       -1.12905561906339       -1.94018631195165
c           -0.51042581674459       -2.03201980298828        0.01518974072510
c            3.36163649643077        0.91865464371047        0.86691562367836
c           -2.29451720445131        0.39136329491715       -0.06672384545964
c           -2.54269658519478        0.98679762128744       -1.22365291995910
h           -1.16802629414597        0.10660375474809        1.68491764374908
o           -0.76763121019185       -2.62316527260965        1.27132821125193
c           -3.40639599111270       -0.29968357652569        0.67536395685546
h           -1.13767867020627        2.54755811327850        0.83545238102584
h            0.26240156499362        1.86403012535287        1.65247601932895
h           -0.01209103315986        2.50122431026137       -1.29998572835064
h            1.17818231068266        3.06426005668853       -0.13214869497423
h            2.18448979901406        1.35300513198781       -1.60331648651117
h           -0.17130591211631        0.12720388237049       -1.94540718967719
h            1.85485277958072       -1.54709172739767        0.95415366102990
h            1.10790152261433       -0.39742842791190        2.04432031149073
h            2.14662214652952       -1.33977136772709       -1.40916930545516
h            0.20793277953188       -2.69486782229968       -0.47359385647441
h           -1.41788701040410       -2.01157155362087       -0.60283258486246
h            3.80121557042414        0.49550591808477        1.75492639518689
h            3.92191458897895        1.69828309589495        0.37878934447812
h           -3.52666730612561        0.95624119162899       -1.66304958351530
h           -1.80553421101254        1.52984572085243       -1.78461209903033
h           -1.37198345862214       -2.04669653791711        1.75778273809139
h           -3.20362834620907       -1.36263958670885        0.79919946700721
h           -3.52365693852976        0.13737468854081        1.66730090928283
h           -4.34783057670865       -0.19745833411396        0.14137429527038
35
 energy: -46.162331504886 gnorm: 0.000050465528 xtb: 6.7.1 (edcfbbe)
c            0.07731326274440       -0.61896958427331        0.10972270553571
c           -0.95687422575918        0.40480199114388        0.64983116728984
c           -0.33398329240062        1.81515390010723        0.73920863010482
c            0.57244992466383        2.20537067455561       -0.42881907825147
c            1.49105954344350        1.04347219667986       -0.81798003568475
c            0.62467840144088       -0.14340800407928       -1.25193475573518
c            1.33968747123165       -0.58359201001890        0.99533757799323
c            2.19483694420614        0.50763295795176        0.40395886867969
o            1.36727251558208       -1.12896921922991       -1.94000112726442
c           -0.51053705138888       -2.03195862398640        0.01482772529531
c            3.36158895583241        0.91862872012172        0.86707001074868
c           -2.29456825369976        0.39132330889197       -0.06670140904818
c           -2.54264834882700        0.98596467451078       -1.22405205449290
h           -1.16797208971006        0.10649848669448        1.68483883359957
o           -0.76751636779810       -2.62349717676621        1.27081008622619
c           -3.40652568297429       -0.29904569117154        0.67588662448737
h           -1.13771199255985        2.54754096327581        0.83564275372468
h            0.26242353595470        1.86391193009684        1.65250871622910
h           -0.01229439862631        2.50123276236145       -1.29994890811881
h            1.17797859553402        3.06439304192356       -0.13213138558843
h            2.18450635302195        1.35326995368217       -1.60324236962237
h           -0.17096645778187        0.12708365316101       -1.94564708495126
h            1.85479977226065       -1.54713938961581        0.95408093915263
h            1.10778567614876       -0.39745339317614        2.04419804852026
h            2.14689737635296       -1.33963155873412       -1.40873246811433
h            0.20764147375219       -2.69470556657740       -0.47436438670352
h           -1.41816086145699       -2.01119472474794       -0.60295899963543
h            3.80102495450227        0.49528209106667        1.75506701781495
h            3.92205187540146        1.69819282908620        0.37907975713319
h           -3.52663483733936        0.95533462848249       -1.66341134678756
h           -1.80537000964835        1.52848198317164       -1.78536011497944
h           -1.37149218297328       -2.04704971867608        1.75774416879972
h           -3.20391471041799       -1.36198283403493        0.80029497042402
h           -3.52358118510204        0.13860887851572        1.66759519701463
h           -4.34801035202160       -0.19691973195487        0.14194175921257
