35
 energy: -46.154419889628 gnorm: 0.050337891977 xtb: 6.7.1 (edcfbbe)
c           -0.06327631501450       -0.78999059339257       -0.31935493889040
c            0.57026258946498        0.53919450987071       -0.91096304181852
c           -0.46410525927853        1.71040025294209       -0.83195281293341
c           -1.27586043002616        1.78288218502152        0.48271515772234
c           -1.79869338596594        0.38490828963341        0.89576821380060
c           -0.61448033803532       -0.58758873464548        1.12619288598166
c           -1.40938740733607       -1.06017969578629       -1.07163834412131
c           -2.47896448810165       -0.28925993523588       -0.28835908988088
o            0.33796587209640       -0.24165361764756        2.13865747944068
c            0.84849432404539       -2.03282606761610       -0.39719347645723
c           -3.78202444294072       -0.23583255255525       -0.58331110743965
c            1.97171180635919        0.94551702772313       -0.41762534142072
c            2.19502103185633        1.88633807384711        0.51972094170369
h            0.70728698428696        0.31834766438028       -1.98503341604553
o            1.96242261982756       -2.02613726576777        0.50134634146322
c            3.14573429226821        0.34412406359993       -1.16827857864748
h            0.05103054799864        2.66520950143555       -1.01380449907863
h           -1.17785937791004        1.59182446714426       -1.66205778700834
h           -0.68153385621632        2.20718039219529        1.30886854454035
h           -2.13109745650892        2.46319404326845        0.34167343733333
h           -2.45679581429826        0.46462439036167        1.77455658049317
h           -1.02893651719830       -1.55250022276441        1.46939296261857
h           -1.36538510440859       -0.76501349714344       -2.13170112608090
h           -1.64100870293262       -2.13887537735878       -1.05512033612212
h            0.89824658554065        0.50049480083162        1.82609920691046
h            1.26076652345196       -2.14346776611233       -1.41457562545277
h            0.21600128192937       -2.92405585145370       -0.20675915833651
h           -4.19592290810209       -0.74431248099108       -1.45803141133251
h           -4.48769344067967        0.31820228907749        0.04047853627057
h            3.21219183712764        2.17466502640768        0.79313943451094
h            1.40040676657324        2.43965784822154        1.02357599769571
h            1.65162287903230       -1.64402553003817        1.35161773396236
h            3.17426544473463       -0.74907133990861       -1.07594647355242
h            3.06782342654029        0.58604844522154       -2.24255229064440
h            4.10220087518415        0.74247989639814       -0.79854373444262
35
 energy: -46.160998870678 gnorm: 0.014973360010 xtb: 6.7.1 (edcfbbe)
c           -0.07189561216773       -0.77425667597705       -0.32144261679120
c            0.56707231251903        0.53229271549072       -0.90844646666952
c           -0.46039136225820        1.69072461452956       -0.82411186014915
c           -1.26528880728181        1.76768534378868        0.47850464411587
c           -1.78415268620716        0.38087117420757        0.88344686269021
c           -0.60437818335197       -0.58065640914247        1.11812620388495
c           -1.40551129171726       -1.04792122541673       -1.06686478065335
c           -2.46198809754804       -0.28302042485322       -0.29333256204650
o            0.35013071382003       -0.22500810389005        2.10466145526291
c            0.84036861603890       -2.00860597348908       -0.40240654354401
c           -3.75164885891732       -0.23269384631302       -0.58172065731981
c            1.95440802782195        0.93616188685715       -0.41287313411483
c            2.17728735267723        1.86114023570485        0.51642183109369
h            0.70688665961723        0.31628576175057       -1.97718480394099
o            1.94356215605905       -1.99171190395766        0.48959598844887
c            3.11976120326763        0.34150786776018       -1.15922420669898
h            0.05920733469542        2.63863982379384       -0.99196202523117
h           -1.17372004249452        1.57380480603028       -1.64561183089828
h           -0.67258305113723        2.17949172424825        1.30118667835398
h           -2.11651669017715        2.44093795142659        0.33110420152235
h           -2.43482236145196        0.46226883503357        1.75882674458831
h           -1.00930995607383       -1.53968049396578        1.47422129196838
h           -1.36661564213298       -0.75121067674736       -2.11714446485896
h           -1.63961287655506       -2.11785962656817       -1.04413347230840
h            0.87904718260890        0.52568617455300        1.78057808816309
h            1.26053924385325       -2.12146117137955       -1.40898635186403
h            0.23145635045237       -2.90508593104190       -0.19240577545859
h           -4.16593845858229       -0.73841516244322       -1.44261674945979
h           -4.45186986948508        0.31382162639047        0.03373718676740
h            3.18449663246382        2.15352241413491        0.77979371659411
h            1.39618516112650        2.40003352633419        1.03078370229261
h            1.62790759481133       -1.63765747559074        1.34082879325323
h            3.14969723404011       -0.74239941187578       -1.05867904950928
h            3.04490364721958        0.58175783238368       -2.22397735972204
h            4.06375686781146        0.74151283739766       -0.78769181301957
35
 energy: -46.161955942755 gnorm: 0.005103532537 xtb: 6.7.1 (edcfbbe)
c           -0.07275830206173       -0.77438106702488       -0.32709058388004
c            0.55713377852785        0.52542646011146       -0.90878820587984
c           -0.45875756577669        1.68625489955207       -0.82538378767075
c           -1.25546875220673        1.75856962634268        0.47756568320416
c           -1.77507526265326        0.37737792670255        0.88193177766686
c           -0.59229776881565       -0.57579476207372        1.11036252886311
c           -1.40124382094254       -1.04305403513070       -1.06639854720482
c           -2.44958477068250       -0.28347605282375       -0.29103998926184
o            0.36316441598626       -0.20293299512318        2.07646810375888
c            0.84553805280295       -2.00019615256595       -0.40485919260804
c           -3.73600985306833       -0.23024718542244       -0.57827465631998
c            1.93620825821134        0.92653384191810       -0.40886022806942
c            2.15878199880417        1.84185764743275        0.52510282852471
h            0.70160363845856        0.31112999364645       -1.97493221819488
o            1.94351471448949       -1.96142117424008        0.48403770937372
c            3.09726361936736        0.33483520893547       -1.15422251148313
h            0.06508067209997        2.62977451020763       -0.98954550642307
h           -1.17361919729740        1.56986411770981       -1.64137015412001
h           -0.66229470073197        2.16412815405635        1.29843547323236
h           -2.10404941043812        2.42985082068518        0.33008034680866
h           -2.42255633885582        0.45837236071259        1.75688388550625
h           -0.98688454001283       -1.53276200805552        1.47878452841827
h           -1.36472963998308       -0.74450748372443       -2.11295894551348
h           -1.63435599239847       -2.10956689782364       -1.04163671993415
h            0.86409185696782        0.55773553775233        1.73881483844607
h            1.26463465809819       -2.11106575308658       -1.40867295994098
h            0.24442052949703       -2.89690835006189       -0.18541917849164
h           -4.14755861623907       -0.72600790587543       -1.44088086068405
h           -4.43197072830485        0.31966767610041        0.03126544270905
h            3.16279590849479        2.12846094517255        0.78995084950598
h            1.38449486403547        2.37414089496618        1.04857967988279
h            1.62023440667563       -1.62382619019565        1.33498549551099
h            3.12589925806597       -0.74509960169002       -1.04517690758417
h            3.01929735267013        0.57026459379906       -2.21560947234530
h            4.03548772058025        0.73750503827809       -0.78112768106058
35
 energy: -46.162037004871 gnorm: 0.002240112442 xtb: 6.7.1 (edcfbbe)
c           -0.07356870679027       -0.77321833687793       -0.32905932486887
c            0.55582356555446        0.52468703915365       -0.91298073631430
c           -0.46180739660482        1.68366012561125       -0.82600414600798
c           -1.25612276766186        1.75821139108965        0.47901643209563
c           -1.77262929381252        0.37488799523090        0.88172186859068
c           -0.58832601869470       -0.57654878514049        1.11112918606350
c           -1.40125882063383       -1.04617286192507       -1.06659626534622
c           -2.44698407106424       -0.28190894008620       -0.29285393793715
o            0.36821918659659       -0.19649831085292        2.07091997088038
c            0.84899006648121       -1.99634031438903       -0.40466755533111
c           -3.73330683579607       -0.22161307323633       -0.58309686677554
c            1.93326387212608        0.92470205496018       -0.40949334929404
c            2.15561403087571        1.83455796483526        0.53146384032172
h            0.70065231273683        0.31137589828521       -1.97963792577988
o            1.94639876147064       -1.95013944164947        0.48312693689475
c            3.09364402574227        0.33273462710102       -1.15478671006803
h            0.06406233619212        2.62580079436337       -0.98982645118614
h           -1.17862260286826        1.57022640470641       -1.64072356656692
h           -0.66060426626772        2.16227870793866        1.29888168937257
h           -2.10467941627893        2.43020313421803        0.33446544954435
h           -2.41945609959235        0.45470302799933        1.75712800504875
h           -0.97862948956880       -1.53418854690928        1.48312777559537
h           -1.36495483077214       -0.74820339518415       -2.11363745759313
h           -1.63570622650849       -2.11270078465503       -1.04098842979175
h            0.85771914982828        0.56895042171889        1.72753226144372
h            1.26675038930760       -2.10904891504453       -1.40888837180200
h            0.25022273338412       -2.89381352207620       -0.18267083159031
h           -4.14522049430534       -0.72165793534744       -1.44342192590682
h           -4.42882342248162        0.32338567867617        0.03169285757376
h            3.16023599550922        2.11416388407549        0.80166891458728
h            1.38270294425463        2.36899909056536        1.05549016002854
h            1.62193524599828       -1.61447585907270        1.33397169915201
h            3.12178214511985       -0.74675167166571       -1.04042196314112
h            3.01131717637170        0.56310714741943       -2.21684375221785
h            4.03179726551658        0.73714794532805       -0.78373661493211
35
 energy: -46.162072335137 gnorm: 0.001600843118 xtb: 6.7.1 (edcfbbe)
c           -0.07280996195375       -0.77403150513217       -0.33019180030922
c            0.55356487626831        0.52539333271388       -0.91440048155643
c           -0.46456520583235        1.68438335410029       -0.82638511235360
c           -1.25727766632823        1.75710893376017        0.48057251695340
c           -1.77272584677495        0.37222371050658        0.88262824290892
c           -0.58586546688487       -0.57680139533044        1.11174563169970
c           -1.40090538293372       -1.04948765615954       -1.06567398857538
c           -2.44672640922004       -0.28480042907750       -0.29175254636975
o            0.37032596334879       -0.19276863498566        2.06867122656991
c            0.85313365213619       -1.99559267399877       -0.40401908484830
c           -3.73280003615576       -0.21898311452511       -0.58479017150461
c            1.93126918798960        0.92395708231757       -0.41046937678808
c            2.15473932414456        1.82860695109272        0.53616763826575
h            0.69726194869313        0.31282413209945       -1.98166672380203
o            1.95013036338702       -1.94339851756859        0.48303974682440
c            3.09106405306058        0.33201813606439       -1.15693067919612
h            0.06143125483885        2.62648349280691       -0.99081051410260
h           -1.18318821504099        1.57152417452908       -1.63986334443638
h           -0.66050569663098        2.16141885998970        1.29961622355134
h           -2.10653776605044        2.42883643084327        0.33841921264402
h           -2.41933253800893        0.45037171033125        1.75858906297334
h           -0.97304713253272       -1.53515618951811        1.48524353323006
h           -1.36585174154083       -0.75307310844181       -2.11376214452361
h           -1.63502155917775       -2.11638983658421       -1.03869380001073
h            0.85156033165138        0.57622430672768        1.72252545771898
h            1.27008024960299       -2.11022307873123       -1.40871249910527
h            0.25635475259768       -2.89385794446604       -0.17970587467119
h           -4.14241712864576       -0.71077507395302       -1.45146208228844
h           -4.42563407430562        0.33472198442134        0.02589222876663
h            3.16060934431021        2.10056524389389        0.81091281352798
h            1.38360203424693        2.36600909914075        1.06075149059603
h            1.62570513433335       -1.60547111231940        1.33289927793791
h            3.12179178160490       -0.74696599042732       -1.03609865344866
h            3.00331522045249        0.55541854868685       -2.22017009264818
h            4.02970279871494        0.74018941635698       -0.79111446888807
35
 energy: -46.162099886250 gnorm: 0.002264447667 xtb: 6.7.1 (edcfbbe)
c           -0.07124966770778       -0.77578655998457       -0.32967131379406
c            0.55100630676058        0.52646562796643       -0.91428086699680
c           -0.46741876169390        1.68572905804521       -0.82422395334171
c           -1.25938893004377        1.75531815815948        0.48393703423481
c           -1.77438299145762        0.36904186511757        0.88423134359056
c           -0.58564679573449       -0.57830285179160        1.11302243852599
c           -1.39971509487104       -1.05321181749693       -1.06377131082738
c           -2.44593353751200       -0.28381557518942       -0.29398110211541
o            0.36864326853361       -0.19352363661306        2.07040152085195
c            0.85783796226035       -1.99593237704620       -0.40175390156273
c           -3.72985080111526       -0.20631646090771       -0.59488768445468
c            1.93023825107187        0.92345328305189       -0.41236290864429
c            2.15632897209627        1.82247493525726        0.53889051785927
h            0.69159515442516        0.31496683851486       -1.98237208952421
o            1.95455449421180       -1.93934650794535        0.48465081834264
c            3.08878180658756        0.33259507832177       -1.16231001894515
h            0.05694490635008        2.62890972476018       -0.98926503272127
h           -1.18715251210210        1.57206549639364       -1.63687790954655
h           -0.66266629985737        2.15993047587060        1.30301614883914
h           -2.10982364835601        2.42607340566741        0.34346998219158
h           -2.42253205484669        0.44459754031798        1.75962377812929
h           -0.97130428114272       -1.53761067178521        1.48496644502182
h           -1.36506762039764       -0.76166753774952       -2.11364504997386
h           -1.63368798667022       -2.12034153809856       -1.03238969932255
h            0.84300481236032        0.57934099165585        1.72570077889757
h            1.27446125077034       -2.11202827926407       -1.40683662763586
h            0.26274069845422       -2.89492610125321       -0.17564614363312
h           -4.13891772910832       -0.69928812733233       -1.46122030537563
h           -4.42190053118215        0.34719807631441        0.01699793834140
h            3.16382989474364        2.08819980518227        0.81484893203904
h            1.38778384444679        2.36159640079411        1.06630728711510
h            1.63168078976213       -1.59457119071259        1.33257593356088
h            3.12836613640728       -0.74523876901355       -1.03067146728491
h            2.99145873721440        0.54395748285103       -2.22738065682513
h            4.02781240070686        0.75049639710584       -0.80809199027418
35
 energy: -46.162126123823 gnorm: 0.001893853200 xtb: 6.7.1 (edcfbbe)
c           -0.07107354861104       -0.77636713636425       -0.32828565458383
c            0.55008569871047        0.52641614193036       -0.91375142154004
c           -0.46905618751406        1.68488854321264       -0.82092748539488
c           -1.26108328983001        1.75399317893902        0.48700607498542
c           -1.77521971896615        0.36681027653214        0.88512082527593
c           -0.58668558447095       -0.58050828526066        1.11440296363809
c           -1.39905250931246       -1.05624402217916       -1.06225029915504
c           -2.44536175002344       -0.28441234841023       -0.29508955379700
o            0.36687623484194       -0.19612936613753        2.07288736961388
c            0.85987123161059       -1.99506741482653       -0.39989451417755
c           -3.72739338647461       -0.19979302020723       -0.60130050114232
c            1.93028676845288        0.92290152921781       -0.41381381797140
c            2.15803250915891        1.81900252136665        0.53923376685348
h            0.68824095483295        0.31570095032489       -1.98226070215182
o            1.95667534935015       -1.93742390403778        0.48620988603623
c            3.08763662052320        0.33363263903074       -1.16706760412490
h            0.05429197342546        2.62874953700299       -0.98542978248754
h           -1.18873397120552        1.57114847303315       -1.63364672567785
h           -0.66475471814604        2.15863743831660        1.30635797996993
h           -2.11208011154032        2.42412973594484        0.34667211951577
h           -2.42440033760315        0.44087196307080        1.75983285840872
h           -0.97235843314871       -1.54042562655112        1.48456751433893
h           -1.36472344348476       -0.76930515427200       -2.11337542705049
h           -1.63260355379588       -2.12333329360361       -1.02589437147869
h            0.83778752768638        0.57989861505126        1.73131955612034
h            1.27660799292912       -2.11088259797143       -1.40500702218034
h            0.26584679773495       -2.89474594131602       -0.17354598362656
h           -4.13532444376485       -0.68687466133194       -1.47137295609131
h           -4.41830262737056        0.35887266525731        0.00703416935296
h            3.16611167066679        2.08485889950989        0.81253882385009
h            1.39075559034246        2.35613179062380        1.07046194710470
h            1.63489652674381       -1.58798156543270        1.33300034884152
h            3.13635201631845       -0.74287624215477       -1.02602012614044
h            2.98199941492649        0.53466004561086       -2.23341156977047
h            4.02628318037167        0.76156827524526       -0.82329982062210
35
 energy: -46.162165033384 gnorm: 0.002007148300 xtb: 6.7.1 (edcfbbe)
c           -0.07134555003695       -0.77910298430464       -0.32419265240634
c            0.54716832927065        0.52447961646753       -0.90970178724509
c           -0.47137402897413        1.68261317207817       -0.81258248283476
c           -1.26311058869484        1.74941258040565        0.49468086363555
c           -1.77707277087577        0.36142572866675        0.88742714276698
c           -0.58952043969693       -0.58588410240761        1.11698832571783
c           -1.39806599030223       -1.06413367976793       -1.05777370665507
c           -2.44332289604657       -0.28336456863863       -0.29931495279342
o            0.36392635521470       -0.20365928543087        2.07809390778781
c            0.86423036233170       -1.99319098564523       -0.39625925415555
c           -3.72007715207012       -0.18036879649161       -0.61995941055906
c            1.92955576175675        0.92134682163792       -0.41698967980468
c            2.16090288324958        1.81262749635362        0.53866630550460
h            0.68014787410698        0.31493938290753       -1.97860706020481
o            1.96099402795801       -1.93204697791658        0.49019774958036
c            3.08371809891077        0.33729271867153       -1.17921298993912
h            0.05157180274292        2.62703095888460       -0.97479756214808
h           -1.19088274005345        1.56988465720256       -1.62547561018819
h           -0.66792837346751        2.15313825148299        1.31518348207156
h           -2.11429778842716        2.41905231317940        0.35404807015694
h           -2.42928760615333        0.43199797144108        1.75993027689739
h           -0.97555217798094       -1.54674128653806        1.48425181193456
h           -1.36280687215296       -0.78989183931165       -2.11174106528873
h           -1.63264201719393       -2.13035581501906       -1.00735858434728
h            0.82838441644079        0.58034264656798        1.74576863093441
h            1.28205752834448       -2.10572133864236       -1.40098298193994
h            0.27439166557960       -2.89590121231625       -0.17034354724142
h           -4.12619598693797       -0.65708863164114       -1.49618365882527
h           -4.40993728986915        0.38673762842690       -0.01872913839589
h            3.16956079665170        2.08218395312098        0.80495618035464
h            1.39542501851833        2.34132888537493        1.08002575277520
h            1.63887409979120       -1.57505890123898        1.33450211690033
h            3.15705707538368       -0.73474737899182       -1.01121527596132
h            2.95559430355005        0.50896361738186       -2.24861325557641
h            4.02029031249621        0.79296202321473       -0.86368509576667
35
 energy: -46.162174873344 gnorm: 0.001087065784 xtb: 6.7.1 (edcfbbe)
c           -0.07123567359916       -0.78000208291163       -0.32293365084019
c            0.54613758514301        0.52355024972042       -0.90911120959673
c           -0.47152575561665        1.68236240685943       -0.81082753362628
c           -1.26304085666471        1.74863756284864        0.49676497364910
c           -1.77752540395234        0.36041767473767        0.88794018086022
c           -0.59040692997957       -0.58730337807312        1.11762437476965
c           -1.39765436984656       -1.06538878352473       -1.05686638129119
c           -2.44271890557337       -0.28257540237507       -0.30042062150138
o            0.36251605045241       -0.20568152418176        2.07965415991903
c            0.86571239660135       -1.99285413808637       -0.39544573676708
c           -3.71827921878989       -0.17609277985167       -0.62441568102814
c            1.92885811274579        0.92087179292997       -0.41784547516995
c            2.16102369702245        1.81202379438951        0.53815392588148
h            0.67840920985130        0.31385503306296       -1.97811686977536
o            1.96178203916430       -1.93021853468587        0.49216973047049
c            3.08224834067617        0.33808128120354       -1.18202436259863
h            0.05260366272847        2.62617784657457       -0.97233032399541
h           -1.19139630511444        1.57115558745398       -1.62358781030384
h           -0.66740255055995        2.15105110347382        1.31762490745387
h           -2.11371847729561        2.41912753238027        0.35710991106591
h           -2.43072267356768        0.43017550396357        1.75975288771440
h           -0.97634610925782       -1.54802654647263        1.48545056863959
h           -1.36134293006917       -0.79352350656356       -2.11133041158020
h           -1.63318786836143       -2.13122572015723       -1.00412580315860
h            0.82765626528852        0.57836579064432        1.74867296385187
h            1.28443022262315       -2.10397536402213       -1.39988507711900
h            0.27749744154392       -2.89680551892581       -0.17046289367063
h           -4.12336868678220       -0.65182443645447       -1.50171629265106
h           -4.40864253588256        0.39214695741876       -0.02466400151423
h            3.16965861493457        2.08357489828875        0.80271258970406
h            1.39551942558599        2.34009444607937        1.07987337442985
h            1.63742530094045       -1.57490722455991        1.33617021741715
h            3.16023864017661       -0.73218178341751       -1.00848516731256
h            2.94944342192103        0.50291688490109       -2.25131314514278
h            4.01778526687778        0.79850301649714       -0.87276545244243
35
 energy: -46.162183319511 gnorm: 0.000950533052 xtb: 6.7.1 (edcfbbe)
c           -0.07134957084509       -0.78190262680229       -0.32041541016001
c            0.54334395572149        0.52222304650552       -0.90708062930690
c           -0.47256532051592        1.68246640123099       -0.80677657746683
c           -1.26254389376549        1.74671851224358        0.50229979710515
c           -1.77884520008791        0.35774675734600        0.88887707123937
c           -0.59178211137046       -0.58999080907993        1.11925931750054
c           -1.39702150580885       -1.06910043178860       -1.05504403788811
c           -2.44143087717986       -0.28094168669339       -0.30332870952266
o            0.36003717748967       -0.20843913456482        2.08279986608328
c            0.86959880198484       -1.99160974701485       -0.39324987664169
c           -3.71424150358287       -0.16611119995178       -0.63551292584160
c            1.92733719481852        0.92101754676097       -0.42085281610084
c            2.16138885019610        1.81271424263942        0.53477575917211
h            0.67290294260417        0.31194374073847       -1.97644471433911
o            1.96368905573238       -1.92531206476787        0.49740357389070
c            3.07880065387094        0.33894055462842       -1.18837531929525
h            0.05422896254302        2.62496000981017       -0.96649815168314
h           -1.19367429004065        1.57499668898676       -1.61896081559730
h           -0.66494075097454        2.14510162656038        1.32386599458380
h           -2.11182439871286        2.41966529018415        0.36606542287155
h           -2.43430371320102        0.42536404601516        1.75919542373926
h           -0.97703209348001       -1.55065130846310        1.48815476670290
h           -1.35823406775824       -0.80215528252962       -2.11066625638342
h           -1.63481550578824       -2.13419165295471       -0.99743579723422
h            0.82729214688259        0.57469790347455        1.75266601285952
h            1.29105092637969       -2.09916214070209       -1.39685766982158
h            0.28528205031442       -2.89859645841935       -0.17110242596001
h           -4.11597052259598       -0.63934256021117       -1.51599356494404
h           -4.40593676951992        0.40471358732197       -0.03935641550121
h            3.17004778631790        2.08506013642048        0.79898414703103
h            1.39548601419879        2.33588093222664        1.08129211919487
h            1.63339551855592       -1.57681366001693        1.34153236826782
h            3.16857349341941       -0.72725192513380       -0.99803043697293
h            2.93255049379015        0.48456130673785       -2.25815357411894
h            4.01193651377203        0.81330299842728       -0.89603465072137
35
 energy: -46.162185739028 gnorm: 0.000828220767 xtb: 6.7.1 (edcfbbe)
c           -0.07120999147138       -0.78179919541420       -0.32001188271533
c            0.54268649583179        0.52282776641675       -0.90658934348597
c           -0.47316983702408        1.68309355738484       -0.80517777626111
c           -1.26292254407608        1.74639614794101        0.50396623799052
c           -1.77967134320912        0.35718214399406        0.88905910896574
c           -0.59207475613617       -0.59005133461572        1.11964936425722
c           -1.39656817359546       -1.06953593039235       -1.05482356943058
c           -2.44123625767281       -0.28079857766591       -0.30401565003356
o            0.35954601463369       -0.20735403480200        2.08291180232666
c            0.87044654554065       -1.99112277878163       -0.39255253750899
c           -3.71343197399518       -0.16471669858404       -0.63809224461924
c            1.92712063704976        0.91972085645007       -0.42008551572331
c            2.16171601340181        1.81032082072583        0.53627123632434
h            0.67123597466928        0.31317573002649       -1.97623994820723
o            1.96380263015398       -1.92499873744675        0.49889316370965
c            3.07800762985344        0.33824248065589       -1.18930939940236
h            0.05333249154988        2.62582752438453       -0.96441802836251
h           -1.19445261532057        1.57597952718565       -1.61721967050894
h           -0.66469189866574        2.14318572999334        1.32577967850594
h           -2.11176015369793        2.42007268217574        0.36888962774328
h           -2.43569631019282        0.42408942993649        1.75903307610200
h           -0.97699365555138       -1.55096015848432        1.48818343527098
h           -1.35753199517994       -0.80308095795835       -2.11061218211732
h           -1.63423467549426       -2.13465247417672       -0.99675032254883
h            0.82840870356817        0.57402711426574        1.75059650417996
h            1.29298898856502       -2.09788941910613       -1.39578550197602
h            0.28617112680203       -2.89828145350034       -0.17140023246770
h           -4.11374896071635       -0.63755099143703       -1.51939576119144
h           -4.40555232845282        0.40673994859122       -0.04318924837300
h            3.17046338159136        2.08633376262898        0.79594405160022
h            1.39630148434002        2.33706934717673        1.07935158080088
h            1.63269342339861       -1.57943342835120        1.34382993810702
h            3.17181377167035       -0.72688757759139       -0.99400270286934
h            2.92789774651307        0.47824950574706       -2.25935719623414
h            4.01074485468333        0.81708231179214       -0.90232922710676
35
 energy: -46.162189659755 gnorm: 0.000416277776 xtb: 6.7.1 (edcfbbe)
c           -0.07100876280519       -0.78080441211330       -0.32014108597214
c            0.54288872768505        0.52407380240050       -0.90684385637203
c           -0.47353622159220        1.68375155226523       -0.80453342942456
c           -1.26345547585869        1.74678320700499        0.50428049288342
c           -1.78025690279455        0.35753466870138        0.88891608689086
c           -0.59226690714290       -0.58933707925562        1.11969477827419
c           -1.39612842687707       -1.06849997948211       -1.05521080399124
c           -2.44143621765061       -0.28112255453290       -0.30388033801583
o            0.35884887645702       -0.20577746810461        2.08279558010006
c            0.87007205777487       -1.99073081429715       -0.39239698861172
c           -3.71381983971136       -0.16686596907389       -0.63742494436301
c            1.92751199791166        0.92111388570272       -0.42105904670216
c            2.16243899115206        1.81224003950817        0.53436581786794
h            0.67085884662382        0.31507346572717       -1.97664043805687
o            1.96305987440697       -1.92617246096766        0.49920641275572
c            3.07831436916066        0.33704458698508       -1.18854497719429
h            0.05178185002535        2.62714391345729       -0.96402203790185
h           -1.19463188384985        1.57572060991767       -1.61656676813240
h           -0.66515633672760        2.14272115961120        1.32633029303481
h           -2.11210617624550        2.42068977286980        0.36946020140801
h           -2.43632183055965        0.42427065969454        1.75885358654297
h           -0.97720538386428       -1.55049244950490        1.48741780273978
h           -1.35747875784630       -0.80082511592038       -2.11072685199870
h           -1.63300295305886       -2.13384042355284       -0.99845488156300
h            0.83037825838570        0.57280085406448        1.74752133854113
h            1.29317684710421       -2.09760073511094       -1.39536528703807
h            0.28450453377685       -2.89715692404649       -0.17175882930015
h           -4.11343670297020       -0.64033010585344       -1.51856221829835
h           -4.40628125279888        0.40413369069337       -0.04280954691278
h            3.17138292808922        2.08534906930785        0.79597082624272
h            1.39747919310831        2.33890553522865        1.07837070942601
h            1.63267392059124       -1.58277097905074        1.34528644164816
h            3.17248904705037       -0.72767975888604       -0.99122845352997
h            2.92903823886950        0.47484449644624       -2.25883328685041
h            4.01106191754496        0.81631489933115       -0.90246543338553
35
 energy: -46.162191265986 gnorm: 0.000413504242 xtb: 6.7.1 (edcfbbe)
c           -0.07102352588700       -0.78013331567638       -0.32026199920193
c            0.54259906746248        0.52510206094612       -0.90654203004360
c           -0.47422135383950        1.68448390302333       -0.80364344744812
c           -1.26375241318061        1.74683903195277        0.50542226019902
c           -1.78078885451701        0.35730310097841        0.88875202074379
c           -0.59221581515661       -0.58887878176671        1.11969354714301
c           -1.39583457842591       -1.06818730739005       -1.05569263024664
c           -2.44152598299234       -0.28124802427705       -0.30439913232578
o            0.35839284993521       -0.20447245111017        2.08284465249791
c            0.87027707722455       -1.99002169714689       -0.39212367725493
c           -3.71388482025709       -0.16735205764039       -0.63863068305215
c            1.92765143977501        0.92174462681791       -0.42168464919953
c            2.16337003746954        1.81349529500245        0.53307819159922
h            0.66987769223061        0.31646057210553       -1.97643769908810
o            1.96272490664684       -1.92594443115582        0.50009631266622
c            3.07804476879114        0.33588200572831       -1.18837858618588
h            0.05082217499594        2.62811102412789       -0.96291781747490
h           -1.19559471470528        1.57660615951252       -1.61556269342785
h           -0.66530656106080        2.14169031880931        1.32795915896619
h           -2.11215323308511        2.42119783852141        0.37114072165612
h           -2.43707777423841        0.42334511490379        1.75856609178796
h           -0.97673505006785       -1.55026288775670        1.48733992551319
h           -1.35710707375841       -0.80024606435972       -2.11115602183582
h           -1.63246025899913       -2.13362664925704       -0.99923021977847
h            0.83264634502874        0.57144733793968        1.74493525765542
h            1.29414117109948       -2.09654027107473       -1.39476070449334
h            0.28436168347868       -2.89656296476972       -0.17237444564350
h           -4.11273456596222       -0.64069290207375       -1.52025156640417
h           -4.40695005083592        0.40308722400575       -0.04418343316773
h            3.17271214455085        2.08526832133416        0.79490343665980
h            1.39882222125231        2.33972105893452        1.07839475142622
h            1.63200121304321       -1.58525574278104        1.34713645657188
h            3.17471273562609       -0.72760026667167       -0.98471599768596
h            2.92606308248015        0.46691692303046       -2.25944252702207
h            4.01057645924253        0.81882653639798       -0.90687195936480
35
 energy: -46.162192133220 gnorm: 0.000230412949 xtb: 6.7.1 (edcfbbe)
c           -0.07100738797659       -0.77972029687545       -0.32040743188259
c            0.54253689723733        0.52560935557400       -0.90645608798304
c           -0.47411454063923        1.68511546554479       -0.80314996727764
c           -1.26390201758035        1.74700333681217        0.50579178567780
c           -1.78113372184354        0.35741940095910        0.88864041633555
c           -0.59231390915166       -0.58853462120269        1.11942570207668
c           -1.39570748006881       -1.06754386225869       -1.05612247097996
c           -2.44165473689367       -0.28109076335478       -0.30464287577570
o            0.35829007151343       -0.20351422602275        2.08240336817618
c            0.87024398635169       -1.98967016272564       -0.39235243745032
c           -3.71417878797714       -0.16847635217982       -0.63855099876849
c            1.92765536569179        0.92221238478312       -0.42189962926165
c            2.16365075028526        1.81446468020712        0.53241622959916
h            0.66967163589593        0.31732104928575       -1.97643555245904
o            1.96211215160635       -1.92624511972409        0.50063909407617
c            3.07791739331008        0.33494870300572       -1.18768254349146
h            0.05097614339368        2.62875672036981       -0.96222415436303
h           -1.19551527917236        1.57748112156701       -1.61507687524891
h           -0.66534649288200        2.14117048265895        1.32859178994131
h           -2.11206921060388        2.42173746447346        0.37181410244482
h           -2.43750471227814        0.42314368485107        1.75841864708774
h           -0.97648773154075       -1.55000456842438        1.48733777256445
h           -1.35671133475978       -0.79899466062120       -2.11140259754182
h           -1.63231075632816       -2.13301926333500       -1.00036211692430
h            0.83486755802836        0.57034491638972        1.74263181210119
h            1.29480087072259       -2.09583702165520       -1.39470559650617
h            0.28399258899881       -2.89621016445380       -0.17337775575223
h           -4.11279683115036       -0.64234471323901       -1.51999935360617
h           -4.40779903298916        0.40118266338370       -0.04393695783984
h            3.17312473805264        2.08618672555667        0.79388206494621
h            1.39926390458157        2.34114374423470        1.07744587761352
h            1.63077117982273       -1.58747000554838        1.34814812228775
h            3.17599295590968       -0.72745272368315       -0.97996675850147
h            2.92506068225274        0.46156230770627       -2.25890163070388
h            4.01005553354507        0.81982695710538       -0.90893212787011
35
 energy: -46.162193040251 gnorm: 0.000278219792 xtb: 6.7.1 (edcfbbe)
c           -0.07095534698245       -0.77943148489481       -0.32070052588248
c            0.54249165675468        0.52593827848760       -0.90658935053757
c           -0.47408062736802        1.68549139697421       -0.80292517794420
c           -1.26402225197716        1.74715231972833        0.50597934094825
c           -1.78113242241978        0.35744824588645        0.88851837305648
c           -0.59222482281746       -0.58842310244608        1.11906660405190
c           -1.39561837758554       -1.06695640858618       -1.05660258999710
c           -2.44168568705108       -0.28102227132906       -0.30473512476079
o            0.35848539623667       -0.20298211998376        2.08181385731359
c            0.87023841192664       -1.98942178334094       -0.39287521471761
c           -3.71446219229000       -0.16923821215854       -0.63810821147331
c            1.92758379712642        0.92239884465858       -0.42189507331001
c            2.16361940305061        1.81503589095498        0.53210223975338
h            0.66963763738591        0.31797632171045       -1.97666183008560
o            1.96149651022164       -1.92660936620448        0.50091467991594
c            3.07792830798136        0.33408441454125       -1.18675956312074
h            0.05123061720186        2.62905141737345       -0.96157498928851
h           -1.19540088635371        1.57832391151223       -1.61497240809524
h           -0.66548835363329        2.14107230943222        1.32891768220329
h           -2.11217795295436        2.42192771209480        0.37213529797057
h           -2.43745766930712        0.42294593635991        1.75833602512577
h           -0.97606985485448       -1.54988863679692        1.48735866474310
h           -1.35655140970052       -0.79793243322037       -2.11176673420339
h           -1.63222502066896       -2.13245953630588       -1.00135722938037
h            0.83625182565287        0.56972234122202        1.74098043595835
h            1.29545488129626       -2.09502247550082       -1.39499405229950
h            0.28383085922151       -2.89604793144039       -0.17475926664222
h           -4.11328711559889       -0.64327891517426       -1.51938942969449
h           -4.40828170342811        0.39996156577580       -0.04317186526245
h            3.17315321950079        2.08652674119564        0.79355303293807
h            1.39936598769075        2.34242166652871        1.07650510018711
h            1.62961092357325       -1.58815000518835        1.34826059213451
h            3.17861623606221       -0.72702587189175       -0.97309989546558
h            2.92305398379593        0.45433984746123       -2.25844596716821
h            4.00950248367570        0.82257403172915       -0.91205656223027
35
 energy: -46.162194417432 gnorm: 0.000309044617 xtb: 6.7.1 (edcfbbe)
c           -0.07102563111430       -0.77893069714390       -0.32163726794173
c            0.54260642012968        0.52657141259795       -0.90689542501597
c           -0.47392064325390        1.68615795805630       -0.80328347735750
c           -1.26398310489804        1.74739185271708        0.50562175846491
c           -1.78077632869560        0.35760729298233        0.88823021168211
c           -0.59170339885883       -0.58809574126963        1.11823816152949
c           -1.39585383023250       -1.06602131849102       -1.05757163074968
c           -2.44187079397003       -0.28106781482541       -0.30459952428312
o            0.35942280027473       -0.20253954620217        2.08073577520655
c            0.86992546761618       -1.98910361865165       -0.39424712682364
c           -3.71529247825944       -0.17099847040969       -0.63613830171301
c            1.92766651772844        0.92266319054716       -0.42172208221844
c            2.16336964391439        1.81588343880637        0.53188265754454
h            0.66992967098477        0.31884276228360       -1.97700661832232
o            1.96020173098086       -1.92791970611552        0.50100663599741
c            3.07851934570088        0.33245473223708       -1.18444293832809
h            0.05172222810035        2.62959994324498       -0.96131392087743
h           -1.19506348018522        1.57958123406219       -1.61555575771530
h           -0.66570933867908        2.14163535077912        1.32861141890323
h           -2.11241457084442        2.42176947987880        0.37159240747363
h           -2.43669894015936        0.42302561912167        1.75835297985716
h           -0.97524491043432       -1.54953078507874        1.48686940565502
h           -1.35693573058918       -0.79581490575371       -2.11243523572313
h           -1.63239155108783       -2.13160484281356       -1.00349577421426
h            0.83762282099657        0.56980148658242        1.73954885134922
h            1.29625326644317       -2.09347596718380       -1.39601684726806
h            0.28317263837650       -2.89590413218168       -0.17793695687977
h           -4.11503477506365       -0.64517229205263       -1.51696677397350
h           -4.40901832004945        0.39722751824084       -0.04006263235244
h            3.17287971769544        2.08778908148278        0.79299905391430
h            1.39898749119872        2.34406438106868        1.07531504406861
h            1.62763835853827       -1.58818866429159        1.34757043686208
h            3.18359494708348       -0.72631719253985       -0.96152614464963
h            2.92099634078832        0.44242293797810       -2.25668422180320
h            4.00885886318852        0.82669866150154       -0.91603527555729
35
 energy: -46.162195399798 gnorm: 0.000319275498 xtb: 6.7.1 (edcfbbe)
c           -0.07089521184233       -0.77862924181328       -0.32251128300610
c            0.54288322278391        0.52689119224837       -0.90758343535499
c           -0.47366106758180        1.68644379462513       -0.80379374698768
c           -1.26399299234263        1.74765221275799        0.50495692228984
c           -1.78025039419431        0.35783578597613        0.88823218591325
c           -0.59124181314936       -0.58806175225333        1.11756098377230
c           -1.39605052441384       -1.06508756750694       -1.05816380958257
c           -2.44200902321294       -0.28118753285550       -0.30401140605223
o            0.36029727038634       -0.20282728267314        2.07981089205201
c            0.86984559008537       -1.98892529049837       -0.39596556410251
c           -3.71599779918025       -0.17224160538557       -0.63380602197106
c            1.92774013437751        0.92274527707562       -0.42164388121625
c            2.16291993408575        1.81672037778105        0.53137675493993
h            0.67052300477139        0.31944710579363       -1.97772154281568
o            1.95907822949918       -1.92955623759823        0.50080567183740
c            3.07924150003385        0.33099577392583       -1.18221711279294
h            0.05187824402096        2.62996025494389       -0.96175503936835
h           -1.19469589181741        1.57990376618899       -1.61614463218782
h           -0.66590435836722        2.14250207510642        1.32777749123036
h           -2.11274877438509        2.42159786349606        0.37068182141156
h           -2.43566384946236        0.42344178441857        1.75873245983414
h           -0.97470754751972       -1.54957467915289        1.48603541081709
h           -1.35758506044534       -0.79365790607750       -2.11273541835664
h           -1.63233236319729       -2.13076863827732       -1.00531304010992
h            0.83697168112717        0.57088432191549        1.73956643324296
h            1.29729671863438       -2.09192830938244       -1.39742276530311
h            0.28259954587501       -2.89583957762196       -0.18157207629406
h           -4.11665179782266       -0.64673270751394       -1.51402713131380
h           -4.40927098078573        0.39537939759257       -0.03664665499077
h            3.17229246388162        2.08815141703030        0.79357318828393
h            1.39826279702461        2.34574038846663        1.07354826774450
h            1.62613026228404       -1.58754892264316        1.34643096205752
h            3.18841640492740       -0.72569525309938       -0.95087487547486
h            2.91949372798060        0.43176411652651       -2.25507866075039
h            4.00821916130535        0.83070823764817       -0.91910048265432
35
 energy: -46.162195170252 gnorm: 0.000513243455 xtb: 6.7.1 (edcfbbe)
c           -0.07075944522711       -0.77830470211795       -0.32344074694384
c            0.54317011902364        0.52724365205679       -0.90830523020622
c           -0.47340309965772        1.68674908443146       -0.80434183844399
c           -1.26399205053157        1.74792582228202        0.50426130486856
c           -1.77968856520985        0.35807525073456        0.88823176198365
c           -0.59074261346270       -0.58802008870254        1.11684762377311
c           -1.39626093360658       -1.06410767599826       -1.05879150505277
c           -2.44215280093494       -0.28131494126729       -0.30339180747908
o            0.36122498610794       -0.20313305438052        2.07884378349845
c            0.86975447910044       -1.98873554396320       -0.39777643598922
c           -3.71673773229815       -0.17355600913721       -0.63134474504192
c            1.92781801864154        0.92285294784446       -0.42157825403930
c            2.16244692026478        1.81761760997950        0.53083092678791
h            0.67113425466365        0.32009493527592       -1.97847062997783
o            1.95788256378451       -1.93129694463554        0.50059860907037
c            3.08000763713988        0.32944800047250       -1.17986004312324
h            0.05201707463349        2.63034777607423       -0.96224263497830
h           -1.19432826604117        1.58023048545887       -1.61677061265938
h           -0.66609745395769        2.14341672396894        1.32690282733098
h           -2.11309228121969        2.42141251046951        0.36973279489282
h           -2.43456123201781        0.42387736588450        1.75913296663192
h           -0.97413624414325       -1.54961487113218        1.48514894525988
h           -1.35827982836709       -0.79138920544006       -2.11305604965312
h           -1.63227322319840       -2.12989200114950       -1.00722863062096
h            0.83627542402706        0.57203660604747        1.73961047904061
h            1.29840157364866       -2.09028383659798       -1.39889937829896
h            0.28198665124274       -2.89577396312124       -0.18542243317208
h           -4.11834596754802       -0.64837939473194       -1.51092972073188
h           -4.40953306054935        0.39342736155010       -0.03304473624869
h            3.17167295374226        2.08855352119543        0.79416157653411
h            1.39749545146303        2.34750461011637        1.07169163517974
h            1.62453641970036       -1.58689582461644        1.34523794859256
h            3.19348380458743       -0.72504177055436       -0.93966549970198
h            2.91795765604892        0.42053686534284       -2.25336300255811
h            4.00754925351489        0.83489133752514       -0.92230838378300
35
 energy: -46.162195849793 gnorm: 0.000205490524 xtb: 6.7.1 (edcfbbe)
c           -0.07081655656189       -0.77838571521160       -0.32328153393921
c            0.54317003344653        0.52716484060461       -0.90812492144241
c           -0.47367347692938        1.68641187694110       -0.80470117910006
c           -1.26367192514698        1.74789232000964        0.50421993626728
c           -1.77954295769727        0.35811743489964        0.88819990994074
c           -0.59065906382366       -0.58797994671203        1.11711203939549
c           -1.39628598607341       -1.06437773505100       -1.05862311590460
c           -2.44206971005782       -0.28133275411548       -0.30336338316031
o            0.36107691395321       -0.20336566736913        2.07931591942962
c            0.86949286431748       -1.98898004793009       -0.39720570067407
c           -3.71652317726732       -0.17334663131393       -0.63156678814808
c            1.92783431953325        0.92291953567397       -0.42158045295069
c            2.16246068803406        1.81747777747436        0.53096643678673
h            0.67117670344296        0.31978769429316       -1.97822018440779
o            1.95810428218138       -1.93112420959877        0.50043728538089
c            3.07999786643455        0.33002196224609       -1.18032371262535
h            0.05157543624181        2.63003637982216       -0.96301578958511
h           -1.19466380509113        1.57940560109975       -1.61704017912317
h           -0.66574078267231        2.14348412045559        1.32680418248695
h           -2.11274864024099        2.42137174093268        0.36969765586599
h           -2.43438598518065        0.42408724053001        1.75909728610492
h           -0.97439070760403       -1.54949973066735        1.48525772521746
h           -1.35840369021157       -0.79187234063984       -2.11295349098426
h           -1.63236109970650       -2.13014183346688       -1.00679939996806
h            0.83562921780374        0.57222642853057        1.74067557664318
h            1.29770003843041       -2.09095108969286       -1.39844546867624
h            0.28185657332203       -2.89599288156475       -0.18428767875613
h           -4.11785277695422       -0.64822305067095       -1.51123747579371
h           -4.40933845003762        0.39378837695490       -0.03349395723383
h            3.17161487728265        2.08872694882853        0.79409826501380
h            1.39742571241758        2.34709292171628        1.07203323516582
h            1.62532136553351       -1.58709842801800        1.34536970920142
h            3.19036426991331       -0.72565331912657       -0.94604499801780
h            2.92048273418809        0.42744471338370       -2.25324338779209
h            4.00827533814434        0.83137010591688       -0.91873149987652
35
 energy: -46.162195974323 gnorm: 0.000084416716 xtb: 6.7.1 (edcfbbe)
c           -0.07079868763305       -0.77843886584790       -0.32325606513470
c            0.54314826806216        0.52717957536827       -0.90809220280286
c           -0.47372379755271        1.68639708736685       -0.80459280713168
c           -1.26360897795630        1.74780229415161        0.50436779344273
c           -1.77960517680019        0.35805920855772        0.88832997789041
c           -0.59061322275408       -0.58795775889603        1.11719987241682
c           -1.39632330154830       -1.06456074976870       -1.05846030421366
c           -2.44205894642294       -0.28125677573171       -0.30335843588825
o            0.36112024806256       -0.20332749132841        2.07938255709785
c            0.86958106729207       -1.98899510512065       -0.39716510667007
c           -3.71637194557713       -0.17304619731507       -0.63188811955618
c            1.92780940116698        0.92312397393573       -0.42171086580595
c            2.16246484223318        1.81772691748021        0.53078785752423
h            0.67104548551979        0.31978841895841       -1.97819911979099
o            1.95814787194534       -1.93125202534264        0.50049969115782
c            3.07991863455514        0.33001525894256       -1.18042138649828
h            0.05128108721011        2.63011273895945       -0.96331118447198
h           -1.19492919334643        1.57904025705995       -1.61669509392153
h           -0.66550644301566        2.14326632722225        1.32688340311541
h           -2.11261868802299        2.42141017457337        0.37005272687619
h           -2.43447267042546        0.42394030872940        1.75923117886397
h           -0.97434956816874       -1.54952845295955        1.48525315955912
h           -1.35844542245316       -0.79223808222744       -2.11283788979775
h           -1.63245753475256       -2.13031260389259       -1.00645665567919
h            0.83537697370944        0.57249187418175        1.74092262517107
h            1.29784366541841       -2.09097724542587       -1.39838379970984
h            0.28187449093998       -2.89599525741707       -0.18434111048590
h           -4.11739037459695       -0.64779945181077       -1.51177506353981
h           -4.40928250358616        0.39417688244784       -0.03404083314352
h            3.17161004085124        2.08919344179339        0.79371737100904
h            1.39734805036735        2.34699731979192        1.07218997483745
h            1.62545439971639       -1.58772229276565        1.34564164066175
h            3.18977073852457       -0.72597906567265       -0.94685242564015
h            2.92079021172075        0.42833753808958       -2.25344792388592
h            4.00840142068148        0.83083046307683       -0.91817257111485
35
 energy: -46.162196025586 gnorm: 0.000060150435 xtb: 6.7.1 (edcfbbe)
c           -0.07075643804642       -0.77850585877795       -0.32320695544600
c            0.54310997398718        0.52715943633035       -0.90803872766122
c           -0.47388334530866        1.68628698731359       -0.80461371429444
c           -1.26354963567394        1.74778322504697        0.50445904295474
c           -1.77953492757296        0.35802985816524        0.88840548857106
c           -0.59055395650040       -0.58802540133331        1.11727311580096
c           -1.39629812241569       -1.06459909093106       -1.05836733430011
c           -2.44201252577234       -0.28124193666446       -0.30328981925635
o            0.36119414042950       -0.20339447303751        2.07942226073607
c            0.86962018529900       -1.98906315589574       -0.39723033607999
c           -3.71626982451535       -0.17280250936827       -0.63203167969100
c            1.92777933653663        0.92311863900901       -0.42167086290472
c            2.16242683626973        1.81800767765803        0.53052536931286
h            0.67104747465820        0.31976092198322       -1.97813561425299
o            1.95813913150407       -1.93146357837122        0.50049824288076
c            3.07990469638714        0.33003503335590       -1.18036293444199
h            0.05099330038748        2.63004769193220       -0.96351040154081
h           -1.19520778904567        1.57876723758125       -1.61659724973437
h           -0.66532244220084        2.14316702734488        1.32692380050788
h           -2.11251627080746        2.42147303835425        0.37026403163474
h           -2.43439534969749        0.42391126500957        1.75930777358381
h           -0.97426017187743       -1.54962432309243        1.48528225526493
h           -1.35845113947181       -0.79238349732933       -2.11277382656369
h           -1.63244595906268       -2.13033381528062       -1.00623562982351
h            0.83513882114619        0.57268699869439        1.74114000754789
h            1.29795070992873       -2.09089355035327       -1.39843833873609
h            0.28184465458598       -2.89607104244631       -0.18459064303898
h           -4.11716242008173       -0.64756121085098       -1.51196670465023
h           -4.40922676376996        0.39447335763356       -0.03431054361039
h            3.17155649030675        2.08936346115528        0.79364367860747
h            1.39727870529850        2.34741177539256        1.07173033036703
h            1.62541936148196       -1.58820102867071        1.34574575970351
h            3.18937122533455       -0.72609074445754       -0.94712924963924
h            2.92101815224650        0.42879264352483       -2.25344591545927
h            4.00848432939691        0.83048158054002       -0.91767381160753
