35
 energy: -46.148876303777 gnorm: 0.050821040804 xtb: 6.7.1 (edcfbbe)
c            0.02850442152249       -0.79382785561167       -0.02357117418719
c            0.67358526071273        0.42539541095501       -0.80269499709581
c           -0.37556107966007        1.56471263078771       -0.99513743176489
c           -1.25868679553135        1.83398133968613        0.24414878807487
c           -1.80612348694692        0.51044254468819        0.84041562266491
c           -0.63297689533963       -0.38352883465837        1.31909372726050
c           -1.25755840383706       -1.24709969865953       -0.79882241866264
c           -2.39030121906049       -0.36855566717380       -0.25691306969960
o            0.28757522666101        0.20236537622454        2.23492081135043
c            1.01158400451672       -1.96378275013254        0.16923668203005
c           -3.66383565676752       -0.38370117176841       -0.66462948750124
c            2.04234373122020        0.93167126360942       -0.30959712238833
c            3.16607565599618        0.36428901895655       -0.78391777041698
h            0.87544226064064        0.01584461322497       -1.80524565244881
o            1.51491575972077       -2.51338220468015       -1.05706824274334
c            2.14362495908192        2.11990023960341        0.62988897946636
h            0.12800336410156        2.49101738243276       -1.31286093959430
h           -1.03408441149863        1.28835632874200       -1.83408978243685
h           -0.69599810616860        2.37140319921077        1.02278336634450
h           -2.10449311680651        2.48002309757843       -0.04307376741231
h           -2.53315311197434        0.72369991585509        1.64106475061949
h           -1.06368890366843       -1.30015836536572        1.77396984313638
h           -1.14915489904455       -1.16168723742678       -1.89147797855055
h           -1.47628771706353       -2.30828578593171       -0.58167708963643
h           -0.19742539262203        0.40415404613533        3.06133443569164
h            0.51138998948457       -2.74828265512601        0.77195585350115
h            1.89537874606906       -1.62945898513968        0.72878690227331
h           -4.00371430532527       -1.03973962552358       -1.47034012757353
h           -4.41740998285843        0.26374964670443       -0.20945432915750
h            4.15520206489081        0.71646821224335       -0.47957801718680
h            3.13953875468179       -0.47548795631141       -1.48068446684785
h            0.76206502227108       -2.90200931601421       -1.54647250395520
h            1.67205355232094        3.01884764211077        0.19914198101034
h            1.64205857635379        1.91490430455319        1.58380102953566
h            3.19731118331231        2.36519835297087        0.83060148770946
35
 energy: -46.155169751663 gnorm: 0.014946376215 xtb: 6.7.1 (edcfbbe)
c            0.02106826662421       -0.77715210356621       -0.03225355607574
c            0.66777190946335        0.42452379801002       -0.80114289053321
c           -0.37893017684329        1.54716973996153       -0.98521641010563
c           -1.24897823713298        1.81893713735197        0.24492247018396
c           -1.79321220691199        0.50544848062717        0.82888258034066
c           -0.62172864986399       -0.37100066238380        1.30968596047061
c           -1.25145850893057       -1.23436409164504       -0.79986408083545
c           -2.37076637327694       -0.36260679643330       -0.26478795632580
o            0.28169524199672        0.22263485339986        2.22098219101281
c            1.00669148576037       -1.93766668798457        0.16530021936780
c           -3.63185764504235       -0.38058644317778       -0.66311377348540
c            2.02374801634848        0.92171538890927       -0.30403475855293
c            3.13468444275723        0.36410128851292       -0.77553424806197
h            0.87825150578785        0.01812658362825       -1.79920008148807
o            1.50042745543731       -2.49056941757818       -1.04715045874356
c            2.12350318084511        2.09979127930061        0.62595408522591
h            0.12913662230225        2.46680756335211       -1.28890314218373
h           -1.03961245528218        1.27120114996926       -1.81355727425497
h           -0.67968281638952        2.34137946842922        1.01809763420198
h           -2.08876351842881        2.46000231732660       -0.04428657979310
h           -2.51469904636504        0.71826659599819        1.62502133659829
h           -1.04100885901993       -1.28344474924777        1.77200828248515
h           -1.14760121289940       -1.14451699814255       -1.88370193910161
h           -1.47149005393092       -2.28540310133389       -0.57364797040740
h           -0.20037033188766        0.41213600973326        3.04093629707559
h            0.51763488522104       -2.72865302994295        0.75672453176256
h            1.88945762809508       -1.59892338190344        0.71364278202030
h           -3.97439255296486       -1.03361999789557       -1.45347097191629
h           -4.37989119206002        0.25668686400319       -0.21314935901396
h            4.11493687118450        0.70809550647514       -0.47412667361291
h            3.11591367193861       -0.47240170074111       -1.45862684699763
h            0.75380800391166       -2.87571387672653       -1.53161556303835
h            1.66068971956721        2.98994030573111        0.19277489255418
h            1.63053069842901        1.88408382247221        1.57241732214129
h            3.17069328094565        2.33301134226013        0.82387184049566
35
 energy: -46.156120746550 gnorm: 0.004853140637 xtb: 6.7.1 (edcfbbe)
c            0.02355830293015       -0.77053281550896       -0.03263684602527
c            0.65594426853065        0.42211066752567       -0.80539071245510
c           -0.38238651608196        1.54338874704074       -0.98893420848296
c           -1.23896916746755        1.81178401402264        0.24617457465425
c           -1.78633273249918        0.50494243367835        0.82843994939317
c           -0.61309368926260       -0.36264165725551        1.30652971212771
c           -1.24174418989783       -1.22769054226500       -0.79509047383792
c           -2.35692599892473       -0.36239212943160       -0.26115768310423
o            0.28132088962776        0.24427438218622        2.20779280529669
c            1.01447434915647       -1.92369127092122        0.16060586059708
c           -3.61439257187767       -0.38084527745623       -0.65990225165008
c            2.00475469094197        0.91298213846391       -0.30505541315570
c            3.11159483190393        0.34898405163748       -0.76772099314457
h            0.87077890186751        0.01565965336507       -1.80131746709249
o            1.49719566582354       -2.47130402463234       -1.04975803739813
c            2.10001966514742        2.08133478185259        0.62880915494155
h            0.12513920586044        2.45904681371622       -1.29402944745362
h           -1.04885668857259        1.26360081257884       -1.80711471022756
h           -0.66039585980065        2.32175709782319        1.01637315554351
h           -2.07370015793383        2.45643729520730       -0.03699020999638
h           -2.50762056417157        0.71698785009416        1.62155109967065
h           -1.01913847091890       -1.27626386738686        1.77482511872335
h           -1.13816591644637       -1.13554979288932       -1.87555190363441
h           -1.45971385954449       -2.27481827790949       -0.56620238209542
h           -0.19772526007429        0.42964832216489        3.02481116683002
h            0.53298416306113       -2.71221649055669        0.75680206214262
h            1.89468205588818       -1.57104224518973        0.70012514255385
h           -3.95209327579974       -1.02417491623959       -1.45434402319509
h           -4.35889438930156        0.25935841421716       -0.21899972544921
h            4.08877662959421        0.68543557313432       -0.46269907177009
h            3.09502704856738       -0.48252161254905       -1.45098613998688
h            0.74905454832779       -2.84553274860203       -1.53239060322294
h            1.64134278765843        2.96890690621759        0.19752729685155
h            1.60532986879524        1.85535349209985        1.56833999470406
h            3.14437048427847        2.30666067851673        0.83140310075726
35
 energy: -46.156262961797 gnorm: 0.002575191299 xtb: 6.7.1 (edcfbbe)
c            0.02402651897442       -0.76726541311046       -0.03351172222576
c            0.65303200627841        0.42195386672019       -0.81080601902158
c           -0.38813655617817        1.54044563074671       -0.99205036783415
c           -1.23659701948655        1.81277261868154        0.24849884476381
c           -1.78380241513106        0.50439392766922        0.82837803765951
c           -0.60908708550804       -0.36028791865578        1.30780115163631
c           -1.24004116297977       -1.23093396509008       -0.79211400946219
c           -2.35262962334796       -0.36006103325180       -0.26359414446250
o            0.28237438528790        0.25107706551920        2.20713564930408
c            1.02181772813786       -1.91507289916080        0.15771084179739
c           -3.60914547944359       -0.37374243564901       -0.66790214824427
c            2.00052165672239        0.91146133965144       -0.30913235203438
c            3.10672540975586        0.34042744598542       -0.76625002289860
h            0.86638362280708        0.01398733253829       -1.80670870406490
o            1.49805869541782       -2.46149275355345       -1.05353155626737
c            2.09267562968063        2.07519741080146        0.63032329896378
h            0.11791318759634        2.45489601270647       -1.30187808302527
h           -1.06019439309298        1.25976488971712       -1.80538515270442
h           -0.64878974519703        2.31520237163235        1.01663821187129
h           -2.06920004355828        2.46352699684024       -0.02671466563037
h           -2.50573039522557        0.71620875345644        1.62078279321252
h           -1.01092390125141       -1.27501065135196        1.77782922398630
h           -1.13561105344989       -1.14144525258725       -1.87287292110145
h           -1.45883748447631       -2.27729674869336       -0.56006331550945
h           -0.19737465932026        0.43941417976810        3.02259860427893
h            0.54713060394013       -2.70275366596046        0.76067436454709
h            1.90253900481911       -1.55497725090830        0.69178931465856
h           -3.94683203261326       -1.02485803757391       -1.45634261875246
h           -4.35502613737012        0.26083064388555       -0.22116746289764
h            4.08421608147256        0.66521082670138       -0.44871339107765
h            3.08773936616108       -0.49297213397853       -1.44767547670779
h            0.74554735376889       -2.82551573075180       -1.53715904402115
h            1.63279310331583        2.96335905883888        0.20231637742752
h            1.59465436089584        1.84201097142725        1.56619312529203
h            3.13600952198326        2.29898100373897        0.83874122995360
35
 energy: -46.156340863258 gnorm: 0.002401771236 xtb: 6.7.1 (edcfbbe)
c            0.02586433529485       -0.76567779166634       -0.03351390531621
c            0.64941819614690        0.42350040626387       -0.81524728530087
c           -0.39415410247812        1.54031085489664       -0.99610945125106
c           -1.23416770374155        1.81351763008035        0.25105518892266
c           -1.78310757238342        0.50356401064409        0.82936753754808
c           -0.60635054916453       -0.35903474943337        1.30932488269333
c           -1.23858108822830       -1.23565346196789       -0.78749595883638
c           -2.35137461968656       -0.36321083718951       -0.26106172735170
o            0.28174942036342        0.25433232013674        2.20961291321869
c            1.03095972389761       -1.90848049919445        0.15510738769561
c           -3.60722770218029       -0.37414844327125       -0.67024472311861
c            1.99705603121227        0.90903767911029       -0.31082069069825
c            3.10218161226027        0.32749633870914       -0.75966002684304
h            0.86083698245921        0.01423245784043       -1.81142837807329
o            1.49967304113611       -2.45470616097077       -1.05771408448245
c            2.08813512159554        2.07134002362840        0.63048119227877
h            0.10854034595040        2.45443689431474       -1.31343248105123
h           -1.07262932256741        1.25604031543303       -1.80338739691994
h           -0.63631364828909        2.30818616803822        1.01668754751011
h           -2.06441553422979        2.47157784727770       -0.01438455042775
h           -2.50561026503851        0.71496595373007        1.62170347297508
h           -1.00541472770273       -1.27493873292715        1.77965067012514
h           -1.13551805016185       -1.15137158221611       -1.86952518951958
h           -1.45617012012678       -2.28141946479219       -0.55000113280667
h           -0.20096645114262        0.44897042910591        3.02224225978268
h            0.56540557733015       -2.69604718556390        0.76632962826835
h            1.91328824999310       -1.54076315022947        0.68205146373310
h           -3.93977024314606       -1.01922263214225       -1.46651750620830
h           -4.35036163892618        0.27123660554689       -0.23331865888542
h            4.08047769366120        0.64650418235522       -0.43763294101247
h            3.07927289359884       -0.50257434283512       -1.44590249559664
h            0.74039071702951       -2.80182047425233       -1.54473607827474
h            1.62637643796140        2.96002617729274        0.20503437116169
h            1.58796564071758        1.83274004668054        1.56386690543664
h            3.13074036797059        2.29448962431637        0.84345713203407
35
 energy: -46.156369546673 gnorm: 0.002002577581 xtb: 6.7.1 (edcfbbe)
c            0.02734243226636       -0.76664874986488       -0.03240448241875
c            0.64786001247423        0.42466000008569       -0.81577525458633
c           -0.39652733888076        1.54105803631412       -0.99611734111717
c           -1.23324781719597        1.81346406995121        0.25334321376861
c           -1.78368840629202        0.50305972563642        0.83040413444994
c           -0.60682782565181       -0.36027736144865        1.31015861358446
c           -1.23800559748739       -1.23837080642840       -0.78452788058803
c           -2.35068561409570       -0.36218756619439       -0.26237914119534
o            0.28021301065444        0.25128531292199        2.21299759893063
c            1.03455904520751       -1.90805225811810        0.15475726542655
c           -3.60475521111446       -0.36880570587062       -0.67731313566136
c            1.99643503874945        0.91032708878567       -0.31288672788601
c            3.10065542898358        0.32508347799905       -0.75897172226869
h            0.85790819993753        0.01608788512041       -1.81262525223116
o            1.50001016301829       -2.45556621625650       -1.05887283240571
c            2.08872528468722        2.07256427272736        0.62837898375791
h            0.10333471011373        2.45565186533353       -1.31789609506187
h           -1.07705250732433        1.25321082219194       -1.80058795241279
h           -0.63234938743001        2.30443723664579        1.01866012345774
h           -2.06233532014839        2.47457713554322       -0.00790966041578
h           -2.50727305375533        0.71357350968206        1.62231179423596
h           -1.00656360066897       -1.27684641880434        1.77860823920318
h           -1.13591071287690       -1.15965741536225       -1.86733702691871
h           -1.45560379007562       -2.28316414326826       -0.54165369331197
h           -0.20564664145231        0.45179440458982        3.02288087354795
h            0.57337886839306       -2.69587345068854        0.76928294193098
h            1.91829172756190       -1.53808314602392        0.67778679086673
h           -3.93679182789752       -1.01777055050596       -1.47077545355460
h           -4.34869033481518        0.27571655290372       -0.24037181336749
h            4.07924515636055        0.63959691853523       -0.43327369629740
h            3.07591988192226       -0.50846758704991       -1.44110984640856
h            0.73690714095377       -2.78998680006289       -1.54970763545581
h            1.62514850032551        2.96110323825434        0.20422855057998
h            1.59081230977094        1.83301259890862        1.56286029943313
h            3.13140712516754        2.29693048056670        0.83967511179915
35
 energy: -46.156387832103 gnorm: 0.001255711049 xtb: 6.7.1 (edcfbbe)
c            0.02762295005820       -0.76777942967654       -0.03141687903847
c            0.64740236644349        0.42481519667877       -0.81521115710097
c           -0.39845088904492        1.54009015093437       -0.99373806525723
c           -1.23308562486677        1.81300194898767        0.25633446124048
c           -1.78381954988804        0.50186758907747        0.83118927307949
c           -0.60751391022062       -0.36231713530919        1.31110623686056
c           -1.23796749338162       -1.24129536265511       -0.78245932598379
c           -2.35015331166174       -0.36226225637887       -0.26333416271249
o            0.27960973814914        0.24794104765391        2.21540126287767
c            1.03555732417209       -1.90822359644248        0.15516888687884
c           -3.60236191641937       -0.36496088551398       -0.68322285405793
c            1.99657992402922        0.91048142686376       -0.31281615715222
c            3.10027748169843        0.32339712582442       -0.75697547502287
h            0.85680183304375        0.01743046612465       -1.81264330037952
o            1.49881547982853       -2.45798310604290       -1.05885677187890
c            2.08996980542587        2.07481114063149        0.62569777302123
h            0.09953708632197        2.45502324265153       -1.31773868558723
h           -1.07973175590098        1.25026238838278       -1.79678994192104
h           -0.63089229577333        2.30149345296758        1.02189757326834
h           -2.06146815553183        2.47567005821287       -0.00264984637983
h           -2.50790076275376        0.71122731662773        1.62293602540628
h           -1.00839151932514       -1.27931713664199        1.77798235513601
h           -1.13720104963984       -1.16830605365087       -1.86576896936426
h           -1.45578421407069       -2.28470297002416       -0.53343419202252
h           -0.20914752257778        0.45463086616762        3.02232167985477
h            0.57660768308063       -2.69599248070118        0.77123330812329
h            1.92065065252001       -1.53796727278574        0.67537051990905
h           -3.93329653004622       -1.01267712051897       -1.47803234673641
h           -4.34631562237213        0.28148565600932       -0.24935447684888
h            4.07882101066898        0.63920389440727       -0.43384265063100
h            3.07497119075921       -0.51094445238690       -1.43795046136450
h            0.73325983784242       -2.78077550667530       -1.55354778438945
h            1.62389753125834        2.96223636524148        0.20180405292638
h            1.59621534610396        1.83622542913970        1.56283266847299
h            3.13308393145575        2.30164645956913        0.83234531818337
35
 energy: -46.156399897422 gnorm: 0.001175537311 xtb: 6.7.1 (edcfbbe)
c            0.02772027677553       -0.77047180009223       -0.03014109731068
c            0.64616405652785        0.42393750124245       -0.81294944845354
c           -0.40039101311480        1.53844552461244       -0.98950191121337
c           -1.23278397423889        1.81030995511920        0.26140227645982
c           -1.78387846316821        0.49858992370526        0.83330921341758
c           -0.60716109391018       -0.36519330843011        1.31215632726963
c           -1.23805864696494       -1.24541003966946       -0.77967394891296
c           -2.34911557778776       -0.36301563876741       -0.26418193491236
o            0.28121136669166        0.24551384224561        2.21562516115182
c            1.03529527278135       -1.91009625615532        0.15655775957309
c           -3.59830700858986       -0.35880962583174       -0.69206945379158
c            1.99580205202430        0.91116240582642       -0.31283701328305
c            3.09945489044258        0.32447869166769       -0.75683522350468
h            0.85484321995713        0.01817837094400       -1.81095698535813
o            1.49584138612244       -2.46269274659353       -1.05813855469662
c            2.09045399009168        2.07848029987775        0.62181667848797
h            0.09626861874427        2.45355344463387       -1.31476678651856
h           -1.08270674812608        1.24734691227807       -1.79100874662610
h           -0.62987176792766        2.29678854384538        1.02751956420981
h           -2.06071108067430        2.47386036022719        0.00405888590967
h           -2.50852173133363        0.70532111783193        1.62508892550005
h           -1.00812953597619       -1.28223936767601        1.77926049048821
h           -1.13848179914487       -1.17981596015898       -1.86320796696874
h           -1.45704572953696       -2.28647860919264       -0.52240310986611
h           -0.21060677758316        0.46117248784699        3.01834805462334
h            0.57733566762501       -2.69741439533783        0.77353394353698
h            1.92214724869473       -1.54053162090706        0.67373121606925
h           -3.92718196957119       -1.00123206219402       -1.49182423837614
h           -4.34185390897859        0.29200822289211       -0.26435595972964
h            4.07805665100029        0.64100366712430       -0.43474089185683
h            3.07473121701959       -0.51337048189508       -1.43328689662478
h            0.72796428071773       -2.77034606321397       -1.55766826381807
h            1.61807207856829        2.96295825447380        0.19888722335241
h            1.60519716498341        1.84081004626647        1.56403876168094
h            3.13444643724464        2.31063486020385        0.81905184150038
35
 energy: -46.156404068151 gnorm: 0.001015364819 xtb: 6.7.1 (edcfbbe)
c            0.02769741852729       -0.77157084795717       -0.02929046431952
c            0.64543790557563        0.42245122809589       -0.81222508204535
c           -0.40093181605645        1.53733268354554       -0.98817356526148
c           -1.23337046501866        1.80893960049670        0.26315895260306
c           -1.78370563083971        0.49683830874851        0.83473333393206
c           -0.60640012299670       -0.36618715699873        1.31309158177447
c           -1.23790523267562       -1.24629095920230       -0.77878885907463
c           -2.34819828357756       -0.36239215313349       -0.26484632272419
o            0.28272577603964        0.24645646088556        2.21426935031844
c            1.03490048649153       -1.91145111774011        0.15702903559660
c           -3.59603923686824       -0.35386663729005       -0.69687266631727
c            1.99465556414273        0.90961893529710       -0.31126622798524
c            3.09877853914052        0.32288158623150       -0.75471697929341
h            0.85438268985140        0.01666967867083       -1.81020710035861
o            1.49526904743525       -2.46392656953976       -1.05784026295604
c            2.08939066440493        2.07916562798283        0.62076692209743
h            0.09634076156367        2.45227269431162       -1.31254291702961
h           -1.08362270287834        1.24748155361605       -1.78978881281203
h           -0.63030032652847        2.29558431936267        1.02928315214751
h           -2.06159649019782        2.47232762914828        0.00589714876231
h           -2.50875316545709        0.70238197522339        1.62640189394120
h           -1.00548698722597       -1.28298458883689        1.78232839445659
h           -1.13752659089036       -1.18149600479530       -1.86215595410027
h           -1.45794603838916       -2.28684689582511       -0.52082288976068
h           -0.20878542653275        0.46489956857959        3.01609545034673
h            0.57611374797154       -2.69864446142150        0.77368391366573
h            1.92176841638743       -1.54247868548776        0.67457678485008
h           -3.92466177715274       -0.99595345016297       -1.49706580278862
h           -4.33998585872201        0.29582546259986       -0.26832391516233
h            4.07737931296483        0.64427750843224       -0.43748764170837
h            3.07484378863884       -0.51222444083959       -1.43452707876195
h            0.72737774441005       -2.76937636872641       -1.55793868664092
h            1.61325204135431        2.96167699885156        0.19810945516016
h            1.60768362641282        1.84194237175309        1.56476621600718
h            3.13341767008048        2.31410260287374        0.81452753484996
35
 energy: -46.156407933632 gnorm: 0.000684288689 xtb: 6.7.1 (edcfbbe)
c            0.02761836520945       -0.77198414093848       -0.02889598370868
c            0.64508714625333        0.42146637356665       -0.81216988091719
c           -0.40145247825396        1.53642435879091       -0.98788111724107
c           -1.23435191557698        1.80828461070103        0.26374111019383
c           -1.78351506319468        0.49566978755903        0.83572721449110
c           -0.60544703877017       -0.36640805085521        1.31392693891185
c           -1.23795484618106       -1.24664565004925       -0.77845201027274
c           -2.34801235586594       -0.36301881408715       -0.26404075607003
o            0.28398340912703        0.24824182744279        2.21310162866003
c            1.03490055971864       -1.91227559146429        0.15687906900687
c           -3.59538646314349       -0.35222060930102       -0.69761705177225
c            1.99404029942770        0.91020606981142       -0.31242076874513
c            3.09844921424598        0.32434808957439       -0.75674370736439
h            0.85374563080459        0.01538555214848       -1.81019918698811
o            1.49586449604992       -2.46364660525110       -1.05793559865686
c            2.08836436518711        2.07909077247309        0.62066328692836
h            0.09640308838283        2.45129258337874       -1.31134426282850
h           -1.08409656143800        1.24776218505913       -1.79002856664579
h           -0.63126206343679        2.29598822692576        1.02937567269592
h           -2.06320740007113        2.47097321607785        0.00620639321769
h           -2.50851629409724        0.70088897374113        1.62751802273550
h           -1.00259368171372       -1.28292757993448        1.78519291810751
h           -1.13695383805645       -1.18048711640755       -1.86178114138159
h           -1.45832624730252       -2.28750953227475       -0.52209654486142
h           -0.20639794777026        0.46758207310515        3.01518063949940
h            0.57522275742721       -2.69965297984446        0.77295820705168
h            1.92125523292004       -1.54365972353400        0.67576736690871
h           -3.92312798109521       -0.99141864087874       -1.50066558711416
h           -4.33859766889440        0.29914491149350       -0.26998528429444
h            4.07704799443643        0.64408551453597       -0.43665435320258
h            3.07490235218485       -0.51312818591055       -1.43390411937967
h            0.72838611961031       -2.77128926382779       -1.55727645019826
h            1.60921208459854        2.96061927956996        0.19954409889920
h            1.60878924336614        1.84037475491292        1.56524765958176
h            3.13212653529710        2.31587978044036        0.81290003616245
35
 energy: -46.156409105911 gnorm: 0.000310207446 xtb: 6.7.1 (edcfbbe)
c            0.02767239635995       -0.77242826348588       -0.02875997869111
c            0.64480040938469        0.42169673072103       -0.81160780100535
c           -0.40186239049327        1.53650851488877       -0.98773686005113
c           -1.23457130304638        1.80768467927673        0.26408808767353
c           -1.78367817779894        0.49506306616932        0.83622516331745
c           -0.60513046259045       -0.36654343964709        1.31416991801951
c           -1.23815438854155       -1.24719530088452       -0.77809673541891
c           -2.34808887116618       -0.36313025962262       -0.26403507908495
o            0.28436979083944        0.24812297891199        2.21339275421580
c            1.03521709508899       -1.91271347662216        0.15698620885020
c           -3.59497678669956       -0.35057731626463       -0.69888667137619
c            1.99410167534021        0.91032751796611       -0.31245356017891
c            3.09827507834059        0.32432672662527       -0.75685161936289
h            0.85313697401653        0.01567258084363       -1.80970641505301
o            1.49647638397059       -2.46334429379620       -1.05790237806358
c            2.08846062288899        2.07931021161599        0.62043816170494
h            0.09552017506527        2.45162917961432       -1.31144607757197
h           -1.08442313261276        1.24732607136035       -1.78979328799748
h           -0.63181771880858        2.29588399473341        1.02951977212564
h           -2.06377603097793        2.46972717678098        0.00645376982452
h           -2.50860307007035        0.70011903408879        1.62819621320408
h           -1.00236808613124       -1.28300840659622        1.78524207225632
h           -1.13727531713017       -1.18130811751337       -1.86157854723345
h           -1.45843382631881       -2.28813184312047       -0.52147527653866
h           -0.20612923839192        0.46884049845261        3.01524670398749
h            0.57563870627713       -2.70051913829319        0.77263149480550
h            1.92139515874599       -1.54413262110945        0.67629513180187
h           -3.92264958045508       -0.98930524688836       -1.50224722821981
h           -4.33775938374841        0.30143584399135       -0.27151886160681
h            4.07684535483213        0.64402415525045       -0.43696442446984
h            3.07443982157127       -0.51331975554599       -1.43372905932315
h            0.72900910250409       -2.77195762948559       -1.55717963671506
h            1.60761469373621        2.96040343180044        0.20027155811615
h            1.61065166019118        1.83958529226292        1.56578476458968
h            3.13227171521354        2.31736388027073        0.81086561487852
35
 energy: -46.156409815256 gnorm: 0.000225111996 xtb: 6.7.1 (edcfbbe)
c            0.02778906956396       -0.77265057821071       -0.02847165673509
c            0.64455838808939        0.42162550116085       -0.81170888232882
c           -0.40238524038455        1.53626119848530       -0.98716878525953
c           -1.23506968951154        1.80746700890778        0.26451725786878
c           -1.78369564043976        0.49467426307968        0.83673194787544
c           -0.60521646057561       -0.36711359903280        1.31450335747984
c           -1.23815640830703       -1.24757419529240       -0.77753376057777
c           -2.34799498225133       -0.36312284583488       -0.26393143208311
o            0.28438551899177        0.24739756649533        2.21374277640467
c            1.03556911275375       -1.91282138936441        0.15695945214627
c           -3.59431581163961       -0.34872057387547       -0.70023411554562
c            1.99394058074680        0.91033725584767       -0.31263848778629
c            3.09797995233124        0.32411101545412       -0.75686061799771
h            0.85275031268250        0.01583122596365       -1.80993650177044
o            1.49727967707182       -2.46282894971307       -1.05797165695237
c            2.08851391301980        2.07946417137480        0.62003528534665
h            0.09457419545247        2.45153644269297       -1.31117900990691
h           -1.08489154796934        1.24666685650572       -1.78908611960430
h           -0.63240443917812        2.29579455674650        1.02986815843604
h           -2.06455085322887        2.46914135221791        0.00688724841334
h           -2.50855267833600        0.69950010031819        1.62882265752138
h           -1.00248403761902       -1.28369212416140        1.78533978211587
h           -1.13748373137450       -1.18245743354833       -1.86111054574516
h           -1.45830051743833       -2.28839905547251       -0.52018597895799
h           -0.20633889157706        0.46966954404169        3.01514495104127
h            0.57613997214455       -2.70097438490263        0.77223027988674
h            1.92149198737940       -1.54412910479476        0.67663885637292
h           -3.92192145171175       -0.98661562121946       -1.50419995060939
h           -4.33664138866693        0.30404891208110       -0.27333471545847
h            4.07653501419676        0.64406949291957       -0.43748681258852
h            3.07393740524669       -0.51364856692036       -1.43350038661308
h            0.73017476713996       -2.77333175583170       -1.55680585796499
h            1.60554443196924        2.95996163316775        0.20111585856583
h            1.61306441204727        1.83879098180863        1.56637467723646
h            3.13237410876720        2.31916755565517        0.80827061918300
35
 energy: -46.156410182655 gnorm: 0.000129161168 xtb: 6.7.1 (edcfbbe)
c            0.02770031073210       -0.77272562415947       -0.02848962949379
c            0.64421627966876        0.42163362997805       -0.81171155977488
c           -0.40289872708379        1.53608260227430       -0.98699758141350
c           -1.23509433308940        1.80735164324855        0.26500025986350
c           -1.78358938265959        0.49440334592737        0.83696314806262
c           -0.60507444074346       -0.36732049610766        1.31458165755272
c           -1.23825373522898       -1.24800475762609       -0.77721738408165
c           -2.34782272154401       -0.36302448543681       -0.26405973152666
o            0.28454934189329        0.24703848673739        2.21385330059341
c            1.03585890355865       -1.91252764815246        0.15684617272700
c           -3.59378059652640       -0.34732996810811       -0.70132394053257
c            1.99363688778313        0.91036303697963       -0.31281135913108
c            3.09765749883290        0.32385668225638       -0.75687297888700
h            0.85226169637367        0.01585552944186       -1.80994509380919
o            1.49799766059318       -2.46219393468749       -1.05807673663370
c            2.08827859415415        2.07941418893846        0.61992844652037
h            0.09395229181924        2.45132914091771       -1.31121081770518
h           -1.08567236569789        1.24643934107039       -1.78868083038744
h           -0.63225882071878        2.29559219427508        1.03035216334816
h           -2.06468568028318        2.46903724949790        0.00760376128441
h           -2.50841008351888        0.69898815009271        1.62912669574536
h           -1.00226037847331       -1.28402737578542        1.78535684564138
h           -1.13766621914038       -1.18374534765164       -1.86079406511910
h           -1.45852607209721       -2.28856573303933       -0.51903169027040
h           -0.20640436483566        0.47015188324036        3.01480564694331
h            0.57665338391310       -2.70085640339320        0.77200512093266
h            1.92154333844965       -1.54350595916068        0.67670160775133
h           -3.92145437675169       -0.98455071502168       -1.50580257269148
h           -4.33579626673149        0.30585762821891       -0.27456383629869
h            4.07629388931278        0.64380906574266       -0.43768872272295
h            3.07345848365099       -0.51381004876401       -1.43361815796684
h            0.73143926350461       -2.77517293427154       -1.55609668553276
h            1.60329422634636        2.95935675606454        0.20227492847819
h            1.61490611633318        1.83778897602217        1.56703895097087
h            3.13214944758956        2.32044835719063        0.80639255897251
35
 energy: -46.156410105768 gnorm: 0.000257439585 xtb: 6.7.1 (edcfbbe)
c            0.02760827498326       -0.77278848327256       -0.02850403573512
c            0.64390775604568        0.42164497436735       -0.81169973207230
c           -0.40338041843039        1.53590350640697       -0.98684049676983
c           -1.23512166538907        1.80724742686064        0.26544244906136
c           -1.78349085401417        0.49415395797392        0.83717278093668
c           -0.60494528080912       -0.36750618632516        1.31465928179562
c           -1.23834810797555       -1.24840508456594       -0.77692854132465
c           -2.34766691371422       -0.36294320159938       -0.26417260019620
o            0.28469781923735        0.24670824341166        2.21396264527937
c            1.03611882984195       -1.91224860832718        0.15673387237601
c           -3.59329010553813       -0.34605796416226       -0.70232045320356
c            1.99336902509604        0.91038362615844       -0.31296222862306
c            3.09737106893970        0.32359504546371       -0.75685817023223
h            0.85181931128081        0.01587303003265       -1.80993312921570
o            1.49865607410057       -2.46158817685180       -1.05818244795751
c            2.08807322013348        2.07937603844876        0.61982226133126
h            0.09337199929293        2.45112440624280       -1.31123359483305
h           -1.08639031716225        1.24621323928236       -1.78831724035908
h           -0.63214324351143        2.29542406243961        1.03079906915828
h           -2.06482510115876        2.46892433664726        0.00824293283033
h           -2.50826992886720        0.69852215421609        1.62940776234347
h           -1.00205405274173       -1.28433481280408        1.78537249977475
h           -1.13784417308675       -1.18491841498356       -1.86050352156169
h           -1.45873285779084       -2.28872742974526       -0.51798550867679
h           -0.20645786539743        0.47058943624505        3.01450698293256
h            0.57711602323775       -2.70074361124284        0.77178212124855
h            1.92158086163402       -1.54292983097298        0.67676189382479
h           -3.92102523877640       -0.98264777483873       -1.50727917341990
h           -4.33502054374960        0.30749937694179       -0.27567277243194
h            4.07608453090358        0.64355434126308       -0.43787153724406
h            3.07302081561648       -0.51396675932886       -1.43372196197444
h            0.73260749965280       -2.77682500648166       -1.55546553159901
h            1.60127521322070        2.95881506590677        0.20330338749234
h            1.61657365279696        1.83690907801572        1.56762817813893
h            3.13195374148420        2.32160645592708        0.80469245031473
35
 energy: -46.156410321331 gnorm: 0.000084509309 xtb: 6.7.1 (edcfbbe)
c            0.02773659281972       -0.77274619238307       -0.02860701134596
c            0.64398524999979        0.42162448176675       -0.81195107251999
c           -0.40300591245455        1.53621630741207       -0.98700975442691
c           -1.23496039264210        1.80735722815959        0.26520194761609
c           -1.78352428701780        0.49437141246532        0.83700136419928
c           -0.60499527936184       -0.36739367116458        1.31447617555772
c           -1.23826559112736       -1.24810689444685       -0.77711212489578
c           -2.34771399338035       -0.36279205161672       -0.26426612245485
o            0.28462006967123        0.24686356800765        2.21381918745610
c            1.03609413423183       -1.91231461849301        0.15685636690557
c           -3.59358738870840       -0.34673303461861       -0.70178781353995
c            1.99333135874755        0.91035302066254       -0.31293767852903
c            3.09737041691341        0.32400261907570       -0.75715856642370
h            0.85199618899455        0.01587917256609       -1.81020898854399
o            1.49843961004214       -2.46200728103514       -1.05804014533044
c            2.08800114038621        2.07919357839264        0.62008087986286
h            0.09383374435255        2.45140574741418       -1.31140284937427
h           -1.08609248316256        1.24664279363275       -1.78844264688571
h           -0.63183651459513        2.29528873831895        1.03054503966276
h           -2.06442726598168        2.46938631964676        0.00819625734034
h           -2.50843560529339        0.69880336288304        1.62912579568681
h           -1.00221061950906       -1.28413966245801        1.78526062283179
h           -1.13762609395613       -1.18450775076917       -1.86068511163259
h           -1.45873766958202       -2.28843964091359       -0.51827741625344
h           -0.20656472027317        0.47016751147060        3.01451698135051
h            0.57708191864224       -2.70067042412153        0.77207485254659
h            1.92168901126681       -1.54299794794394        0.67663565829275
h           -3.92140396975308       -0.98391105866961       -1.50626452432685
h           -4.33549755181840        0.30671448461272       -0.27516470590930
h            4.07603221273792        0.64381417813840       -0.43782848041837
h            3.07316464819746       -0.51369715689666       -1.43389678071205
h            0.73216905983383       -2.77685699686830       -1.55535283082932
h            1.60171565324806        2.95882728156948        0.20333494200819
h            1.61594782202509        1.83678634528395        1.56766259209971
h            3.13187555589183        2.32105268766911        0.80544385234437
35
 energy: -46.156410372027 gnorm: 0.000045246952 xtb: 6.7.1 (edcfbbe)
c            0.02770338972219       -0.77269438021319       -0.02862656812094
c            0.64406957832428        0.42165904507912       -0.81193998571448
c           -0.40289003087023        1.53627093846950       -0.98712074599094
c           -1.23478301923674        1.80752560768147        0.26511053074056
c           -1.78354909293250        0.49458660091162        0.83679755867063
c           -0.60515774870189       -0.36732795875928        1.31441014105900
c           -1.23826686593701       -1.24802564603815       -0.77723477877901
c           -2.34775501309405       -0.36275731516479       -0.26431800464519
o            0.28442695405302        0.24686734551404        2.21385719003564
c            1.03600552109224       -1.91232535729772        0.15690410039758
c           -3.59377055671443       -0.34718986782709       -0.70146017066367
c            1.99342861368495        0.91044666671188       -0.31299903730791
c            3.09748826795876        0.32429098582144       -0.75738381296518
h            0.85209538786037        0.01590246840542       -1.81019879435187
o            1.49826827094022       -2.46227171838835       -1.05794003037994
c            2.08806909094480        2.07909949352552        0.62027077531739
h            0.09404923645350        2.45141958021345       -1.31147169052091
h           -1.08592557375041        1.24673700657926       -1.78861207212778
h           -0.63154063919338        2.29523632552285        1.03047110401909
h           -2.06409076197600        2.46973821599571        0.00818159534021
h           -2.50851804364942        0.69911193655276        1.62884581063545
h           -1.00245448413143       -1.28403841313947        1.78513546759772
h           -1.13756204181802       -1.18429404969086       -1.86081269632419
h           -1.45875725580924       -2.28839839111513       -0.51853476463992
h           -0.20678266185099        0.46987462223615        3.01465780612963
h            0.57702897089133       -2.70057527924296        0.77228140339725
h            1.92167325394867       -1.54297265386462        0.67651811299549
h           -3.92157084063727       -0.98453140932031       -1.50581687529188
h           -4.33580568466512        0.30606874522075       -0.27475822115764
h            4.07611838987165        0.64412356167099       -0.43801574431244
h            3.07334937002719       -0.51321460968043       -1.43435787252759
h            0.73190419189174       -2.77716003900202       -1.55514270405282
h            1.60195559961079        2.95884416249357        0.20355730104001
h            1.61581523876077        1.83659544140134        1.56773680047023
h            3.13193003831690        2.32081479548701        0.80584676343738
