35
 energy: -657.274142326199 gnorm: 0.001009241169 xtb: 6.7.1 (edcfbbe)
c           -0.01292265179061       -0.58570456110381        0.29414274677011
c           -1.02090728766505        0.55402598813254        0.72532550373529
c           -0.36314057470480        1.96970337383729        0.62292237217484
c            0.57910401385857        2.16938989405454       -0.58534368159498
c            1.49069615263839        0.93414508485017       -0.79664879684147
c            0.60748529703272       -0.28831854555904       -1.10912789732150
c            1.25449232714879       -0.49234367052859        1.20774384953509
c            2.16257403774723        0.52271463014783        0.51150160941405
o            1.45292834437786       -1.33922789464266       -1.59507856952306
c           -0.74287483320002       -1.93646296194398        0.40077453715763
c            3.33452754252436        0.97807653784693        0.96725886079039
c           -2.42040200645818        0.50619505822101        0.09880411393408
c           -3.47328380467614        0.17158989525079        0.86571463136969
h           -1.19136782157874        0.37369093129052        1.79993081963806
o            0.18305342344391       -3.02216918664378        0.16653023516903
c           -2.63882582353159        0.89375828180316       -1.35244908331559
h           -1.15014139945263        2.74061965500574        0.62477159925563
h            0.22027747212753        2.13458585654678        1.54246996342941
h            0.00623342636216        2.34761110059230       -1.51076904573520
h            1.19725854681952        3.06631685393568       -0.41844013432007
h            2.21517791012333        1.13083469279990       -1.60238956102075
h           -0.15992348696257       -0.05387515624025       -1.86601725985536
h            1.75495944040874       -1.47036664407701        1.27338270887705
h            1.00174182858064       -0.19432723964099        2.23838779315141
h            1.11387355140278       -2.18870811258124       -1.23250141692913
h           -1.56682044557511       -1.97477679509346       -0.33211336344403
h           -1.19160531951264       -2.03436573604282        1.40696903319694
h            3.74748597722042        0.65398428106642        1.92608926607522
h            3.93101549994468        1.69386013942841        0.39583676445404
h           -4.49112247497704        0.15619024247115        0.46840438360392
h           -3.35896505667281       -0.10203180098916        1.91723188106209
h           -0.33393672061781       -3.84711650130735        0.06525951678427
h           -2.18675520067961        1.87052212746717       -1.58538636798075
h           -2.19496437175117        0.16345454726265       -2.04688423910786
h           -3.71258077521610        0.95699216775469       -1.58103408398757
35
 energy: -657.274143001431 gnorm: 0.000974922409 xtb: 6.7.1 (edcfbbe)
c           -0.01243956236666       -0.58491223718492        0.29357250815213
c           -1.02082872368744        0.55390316506068        0.72540314398642
c           -0.36277877794438        1.96934517767189        0.62325422894231
c            0.57889930066932        2.16975663130160       -0.58503381591817
c            1.49040932123424        0.93450435301935       -0.79622117556442
c            0.60750068262207       -0.28802722617606       -1.10987689889374
c            1.25467885625486       -0.49245427527802        1.20776297775600
c            2.16210360306092        0.52310506804356        0.51191892570765
o            1.45382292337211       -1.33820994867932       -1.59555338717371
c           -0.74309489353453       -1.93541877795697        0.40015505095208
c            3.33411558863970        0.97808969387379        0.96787427063193
c           -2.42001297522335        0.50407818343820        0.09842787386766
c           -3.47250012409418        0.16866467814534        0.86530201807545
h           -1.19117969542358        0.37299868660665        1.79988659783936
o            0.18217627131946       -3.02202608434895        0.16776239595230
c           -2.63887541972088        0.89193625159999       -1.35269396782537
h           -1.14989005249803        2.74008970682306        0.62509423336699
h            0.22055667205338        2.13428000452924        1.54282479721150
h            0.00601824844798        2.34730820244224       -1.51051334315027
h            1.19669165232085        3.06695209159613       -0.41844566739151
h            2.21495409273735        1.13180133815946       -1.60170967054190
h           -0.16041064085765       -0.05410916330838       -1.86659892554295
h            1.75512738245210       -1.47030664729500        1.27141163140671
h            1.00221252206890       -0.19592798646814        2.23858166042783
h            1.11636389538386       -2.18825645987610       -1.23135885931188
h           -1.56671030845534       -1.97387612508220       -0.33351392485335
h           -1.19274236141480       -2.03198929113058        1.40618052049524
h            3.74780954745307        0.65295005221838        1.92609876993516
h            3.93100603278939        1.69343975207665        0.39641158493727
h           -4.49121928314793        0.15995873075443        0.47016956332222
h           -3.35895603761127       -0.09781273743417        1.91882336111388
h           -0.33558772673827       -3.84610884179702        0.06404097191673
h           -2.18724647703242        1.86863678854511       -1.58637738961427
h           -2.19483884338891        0.16128760287573       -2.04664064976685
h           -3.71278983358250        0.95481560353787       -1.58115044204190
35
 energy: -657.274143001431 gnorm: 0.000974922409 xtb: 6.7.1 (edcfbbe)
c           -0.01243956236666       -0.58491223718492        0.29357250815213
c           -1.02082872368744        0.55390316506068        0.72540314398642
c           -0.36277877794438        1.96934517767189        0.62325422894231
c            0.57889930066932        2.16975663130160       -0.58503381591817
c            1.49040932123424        0.93450435301935       -0.79622117556442
c            0.60750068262207       -0.28802722617606       -1.10987689889374
c            1.25467885625486       -0.49245427527802        1.20776297775600
c            2.16210360306092        0.52310506804356        0.51191892570765
o            1.45382292337211       -1.33820994867932       -1.59555338717371
c           -0.74309489353453       -1.93541877795697        0.40015505095208
c            3.33411558863970        0.97808969387379        0.96787427063193
c           -2.42001297522335        0.50407818343820        0.09842787386766
c           -3.47250012409418        0.16866467814534        0.86530201807545
h           -1.19117969542358        0.37299868660665        1.79988659783936
o            0.18217627131946       -3.02202608434895        0.16776239595230
c           -2.63887541972088        0.89193625159999       -1.35269396782537
h           -1.14989005249803        2.74008970682306        0.62509423336699
h            0.22055667205338        2.13428000452924        1.54282479721150
h            0.00601824844798        2.34730820244224       -1.51051334315027
h            1.19669165232085        3.06695209159613       -0.41844566739151
h            2.21495409273735        1.13180133815946       -1.60170967054190
h           -0.16041064085765       -0.05410916330838       -1.86659892554295
h            1.75512738245210       -1.47030664729500        1.27141163140671
h            1.00221252206890       -0.19592798646814        2.23858166042783
h            1.11636389538386       -2.18825645987610       -1.23135885931188
h           -1.56671030845534       -1.97387612508220       -0.33351392485335
h           -1.19274236141480       -2.03198929113058        1.40618052049524
h            3.74780954745307        0.65295005221838        1.92609876993516
h            3.93100603278939        1.69343975207665        0.39641158493727
h           -4.49121928314793        0.15995873075443        0.47016956332222
h           -3.35895603761127       -0.09781273743417        1.91882336111388
h           -0.33558772673827       -3.84610884179702        0.06404097191673
h           -2.18724647703242        1.86863678854511       -1.58637738961427
h           -2.19483884338891        0.16128760287573       -2.04664064976685
h           -3.71278983358250        0.95481560353787       -1.58115044204190
