35
 energy: -657.275811613578 gnorm: 0.001355597433 xtb: 6.7.1 (edcfbbe)
c            0.13593318921183       -0.60462709276668        0.42574309091547
c           -0.94578430628299        0.48939440085081        0.78096332666673
c           -0.36700954429900        1.92710714640919        0.58225630158073
c            0.54105630949009        2.09846795908119       -0.65853868500219
c            1.52353028384212        0.90608266820187       -0.81867016084084
c            0.69376931833956       -0.37400608294017       -1.01264282367478
c            1.40849909734171       -0.34451210136655        1.30068641411043
c            2.25436619892986        0.63910759897159        0.49167343466046
o            1.56925110616600       -1.42742252745505       -1.43635007585925
c           -0.39391944377994       -2.03806537055898        0.64448312616284
c            3.42162074165175        1.17496991537761        0.86521431967785
c           -2.32994336714833        0.30275708238170        0.14273408444276
c           -3.31754105940836       -0.26939507437089        0.85912205249004
h           -1.11583972051418        0.36858536970681        1.86432873332676
o           -1.21902906734432       -2.52876361905627       -0.42227973660012
c           -2.61938253118823        0.81631027982113       -1.25705337335634
h           -1.18784199671471        2.66147411125991        0.55460661281542
h            0.22340189321412        2.17811888248420        1.47752429021610
h           -0.05861600556637        2.18822671148956       -1.57932433078681
h            1.11247152830943        3.03558962785066       -0.56084762553225
h            2.20715748224875        1.09081179843913       -1.66210738581604
h           -0.10186966987528       -0.22925693568313       -1.75871434847863
h            1.96714136202549       -1.28297655305729        1.45076341655594
h            1.15985205263028        0.03812795973905        2.30333313463078
h            1.00615372789930       -2.20425098793691       -1.63150256054025
h           -0.91810362689739       -2.09734633944804        1.61762364856120
h            0.45611035636384       -2.73494562307036        0.69842190337287
h            3.87474652814212        0.95213648579448        1.83471773665572
h            3.97017277335504        1.86028983843461        0.21433685768330
h           -4.32216097023959       -0.39995361682772        0.44946902436157
h           -3.16063856000327       -0.61738045048757        1.88303960124701
h           -2.06340576235280       -2.03283451367171       -0.38652121374610
h           -2.39551502993201        1.89156311435320       -1.34306021922958
h           -2.01949197968194        0.30569993882719       -2.02516629883865
h           -3.67923726881182        0.67388786300497       -1.51328193133868
35
 energy: -657.275815161563 gnorm: 0.000735513097 xtb: 6.7.1 (edcfbbe)
c            0.13614534432036       -0.60481420189582        0.42525703963444
c           -0.94614985891650        0.48952564395337        0.78061644578826
c           -0.36717085945228        1.92733735762329        0.58237522282541
c            0.54055459308506        2.09885025708431       -0.65836858636230
c            1.52372636583372        0.90692929149021       -0.81846789437433
c            0.69431511088672       -0.37333926864141       -1.01317548011389
c            1.40873555366864       -0.34446797494582        1.30070938556676
c            2.25362543682897        0.64094548114999        0.49273652944805
o            1.57093234434927       -1.42615398688600       -1.43679748328354
c           -0.39372124476925       -2.03820136135700        0.64445586451085
c            3.42039344992616        1.17681425611700        0.86675277646785
c           -2.33063108064888        0.30308808911192        0.14235416637782
c           -3.31784913796065       -0.26897219626527        0.85898351486959
h           -1.11646670697066        0.36855659487688        1.86380776212634
o           -1.21823409094561       -2.52998636075858       -0.42244611170342
c           -2.62077091189395        0.81591294968204       -1.25747990864953
h           -1.18752330382211        2.66224163378550        0.55546910949635
h            0.22370427770711        2.17669073502222        1.47780025309957
h           -0.05928476893918        2.18735075159653       -1.57914268828084
h            1.11141947605188        3.03635509343222       -0.56108241205699
h            2.20768659006526        1.09232580113756       -1.66125526589603
h           -0.10107143331769       -0.22933647336435       -1.75971615160467
h            1.96757999522833       -1.28296617530226        1.44938446662764
h            1.16017074931127        0.03744373398616        2.30361830197543
h            1.00874276477189       -2.20551540952210       -1.62741403409930
h           -0.91891858699575       -2.09655383793284        1.61693262501468
h            0.45642486519016       -2.73458104256247        0.69922406959615
h            3.87710203931914        0.94825975898005        1.83308154785632
h            3.97223785974615        1.85772678329997        0.21398106066669
h           -4.32298384297703       -0.39852613231018        0.45073436698483
h           -3.16094192568658       -0.61617453728327        1.88293631104951
h           -2.06220036949188       -2.03225876666750       -0.38889655465100
h           -2.39580830947255        1.89056196673395       -1.34478433827867
h           -2.02269430886141        0.30318918853004       -2.02548901271128
h           -3.68117180540277        0.67471402797285       -1.51171340563591
35
 energy: -657.275815161563 gnorm: 0.000735513097 xtb: 6.7.1 (edcfbbe)
c            0.13614534432036       -0.60481420189582        0.42525703963444
c           -0.94614985891650        0.48952564395337        0.78061644578826
c           -0.36717085945228        1.92733735762329        0.58237522282541
c            0.54055459308506        2.09885025708431       -0.65836858636230
c            1.52372636583372        0.90692929149021       -0.81846789437433
c            0.69431511088672       -0.37333926864141       -1.01317548011389
c            1.40873555366864       -0.34446797494582        1.30070938556676
c            2.25362543682897        0.64094548114999        0.49273652944805
o            1.57093234434927       -1.42615398688600       -1.43679748328354
c           -0.39372124476925       -2.03820136135700        0.64445586451085
c            3.42039344992616        1.17681425611700        0.86675277646785
c           -2.33063108064888        0.30308808911192        0.14235416637782
c           -3.31784913796065       -0.26897219626527        0.85898351486959
h           -1.11646670697066        0.36855659487688        1.86380776212634
o           -1.21823409094561       -2.52998636075858       -0.42244611170342
c           -2.62077091189395        0.81591294968204       -1.25747990864953
h           -1.18752330382211        2.66224163378550        0.55546910949635
h            0.22370427770711        2.17669073502222        1.47780025309957
h           -0.05928476893918        2.18735075159653       -1.57914268828084
h            1.11141947605188        3.03635509343222       -0.56108241205699
h            2.20768659006526        1.09232580113756       -1.66125526589603
h           -0.10107143331769       -0.22933647336435       -1.75971615160467
h            1.96757999522833       -1.28296617530226        1.44938446662764
h            1.16017074931127        0.03744373398616        2.30361830197543
h            1.00874276477189       -2.20551540952210       -1.62741403409930
h           -0.91891858699575       -2.09655383793284        1.61693262501468
h            0.45642486519016       -2.73458104256247        0.69922406959615
h            3.87710203931914        0.94825975898005        1.83308154785632
h            3.97223785974615        1.85772678329997        0.21398106066669
h           -4.32298384297703       -0.39852613231018        0.45073436698483
h           -3.16094192568658       -0.61617453728327        1.88293631104951
h           -2.06220036949188       -2.03225876666750       -0.38889655465100
h           -2.39580830947255        1.89056196673395       -1.34478433827867
h           -2.02269430886141        0.30318918853004       -2.02548901271128
h           -3.68117180540277        0.67471402797285       -1.51171340563591
