35
 energy: -657.271903868718 gnorm: 0.001583666200 xtb: 6.7.1 (edcfbbe)
c           -0.06729814373078       -0.79475326747692       -0.26164572037641
c            0.55238351161067        0.52052862882390       -0.87680068090674
c           -0.43891094969568        1.72819280485942       -0.75961679213783
c           -1.27576882972328        1.76698243545291        0.53753230520033
c           -1.84067223195031        0.36503954525042        0.88743911205332
c           -0.67475642146173       -0.60376708320441        1.16466521917529
c           -1.38424367308688       -1.10841664808509       -1.04606423332107
c           -2.47091214188637       -0.29109193106067       -0.33613386503040
o            0.18254680780453       -0.13100393217308        2.19391836297107
c            0.91082970014881       -1.98537241332292       -0.30398321351484
c           -3.74755203838598       -0.18279481762576       -0.71971433726861
c            1.99520004213359        0.88879305779777       -0.48414159564749
c            2.36434850701925        1.45275482660877        0.67923624427252
h            0.61612543866331        0.29463335023081       -1.95548094032807
o            1.93494670190033       -1.93702614156535        0.71231290347370
c            3.01924186500267        0.66573843649613       -1.58638709675427
h            0.11922553656842        2.66958708851428       -0.87724566402904
h           -1.13537696417631        1.67838926465564       -1.61208532123498
h           -0.67884141149304        2.13427123172054        1.38625697728015
h           -2.11122113842467        2.47361146570767        0.40387610178163
h           -2.54259254029839        0.43684727808491        1.73302567018939
h           -1.10098833403528       -1.58717588473382        1.46140412258076
h           -1.30733843462859       -0.86946214157022       -2.11837137765120
h           -1.62163910942095       -2.18474467294423       -0.97929220281673
h            0.97413176612661       -0.71275391932326        2.16496341640471
h            1.36008954304823       -2.08515244877316       -1.31053025945603
h            0.35465970515646       -2.91446140921295       -0.10119661040602
h           -4.12181341343501       -0.67470632883069       -1.62144920585804
h           -4.46874104499220        0.40590222163550       -0.14741613955329
h            3.40325635777785        1.74549117464913        0.85289984984401
h            1.66094032122422        1.63756189010975        1.48875581410230
h            2.51503133393114       -1.17021581777898        0.52182135912959
h            4.03565257561506        0.93673133879517       -1.26580895323435
h            3.03325190273056       -0.38535077765706       -1.92295699727318
h            2.76543087855097        1.26907842508505       -2.47538182065738
35
 energy: -657.271910917164 gnorm: 0.000707389663 xtb: 6.7.1 (edcfbbe)
c           -0.06725267498857       -0.79539198086180       -0.26149695289160
c            0.55309568510012        0.52011215377982       -0.87707584978055
c           -0.43884421726499        1.72737843572709       -0.76055236481676
c           -1.27453595983306        1.76744285509478        0.53715282832643
c           -1.84026887992311        0.36587180005763        0.88753226952994
c           -0.67558825547431       -0.60439004547736        1.16444334970417
c           -1.38487703346881       -1.10872779539767       -1.04597110617066
c           -2.47083986011500       -0.28934081307157       -0.33679150065000
o            0.18158117904104       -0.13360207983339        2.19459959587745
c            0.91032524124253       -1.98628279673773       -0.30365456219699
c           -3.74700425066863       -0.18020539465931       -0.72077486905871
c            1.99611367071746        0.89032913352953       -0.48474462456191
c            2.36529184662442        1.45344404238384        0.67853950340831
h            0.61723891826644        0.29413339332794       -1.95547636952695
o            1.93467855781124       -1.93887527335548        0.71261112399716
c            3.02023044397633        0.66863753101294       -1.58738146741979
h            0.11776801100803        2.66932393350295       -0.88081475711638
h           -1.13633134083228        1.67434756404456       -1.61204731286987
h           -0.67692835764672        2.13404074042761        1.38576857510265
h           -2.10968640600883        2.47459741359362        0.40366502930220
h           -2.54205208403107        0.43854841032658        1.73294353929698
h           -1.10302100841934       -1.58723109794410        1.45995654198491
h           -1.30816956175242       -0.87132667284837       -2.11843319773593
h           -1.62277185367041       -2.18462922840850       -0.97667926614709
h            0.97201636793298       -0.71666112688032        2.16719464141679
h            1.35966869780143       -2.08534804945344       -1.31018481407911
h            0.35415177111609       -2.91507179340820       -0.10071106566135
h           -4.12273989341234       -0.67601092698057       -1.61951604665383
h           -4.46952139642653        0.40501327286365       -0.14668284798871
h            3.40403752185774        1.74561598408875        0.85303393231651
h            1.66273138230608        1.63382189749018        1.48962200876012
h            2.51190152582060       -1.16825783735627        0.52485753656524
h            4.03639704512261        0.94015343867746       -1.26650218376169
h            3.03532742445891       -0.38223252877096       -1.92424313461354
h            2.76650323560449        1.27265760191119       -2.47578185645598
35
 energy: -657.271916649136 gnorm: 0.001631927448 xtb: 6.7.1 (edcfbbe)
c           -0.06736268655099       -0.79626943358790       -0.26127332637524
c            0.55405901759285        0.51902480850985       -0.87775844456799
c           -0.43858633003406        1.72585536630190       -0.76286374061654
c           -1.27184081024976        1.76794374966385        0.53606572688626
c           -1.83943338727045        0.36718227538311        0.88740991955958
c           -0.67638524218609       -0.60485661980717        1.16430547279324
c           -1.38590121534689       -1.10953230440238       -1.04553127402889
c           -2.47145881423647       -0.28926220329995       -0.33602313026358
o            0.18058557399774       -0.13675647818588        2.19575977256604
c            0.90970502620861       -1.98728541261589       -0.30342780988995
c           -3.74783622717399       -0.18134649238106       -0.71884222905628
c            1.99756308152807        0.88923780402499       -0.48441758674358
c            2.36680969402097        1.44918641175340        0.68007335100064
h            0.61909120025557        0.29238925168298       -1.95573667122411
o            1.93461872436294       -1.93960246901104        0.71257766194501
c            3.02135043736152        0.67372855033091       -1.58890032389378
h            0.11612433463529        2.66832660383131       -0.88758084540222
h           -1.13814253763453        1.66841095137736       -1.61243674389920
h           -0.67254657247289        2.13385579683212        1.38388157141489
h           -2.10623956868758        2.47624253695730        0.40340504735856
h           -2.54065258062168        0.44128319637166        1.73296235951481
h           -1.10583372027734       -1.58691058172643        1.45833912450223
h           -1.30994498310458       -0.87451671526940       -2.11837321566491
h           -1.62412500226101       -2.18496388445533       -0.97269076604744
h            0.96858522002194       -0.72296637395097        2.17150544468202
h            1.35893833405614       -2.08617713346164       -1.30999514931638
h            0.35376492400822       -2.91582509290329       -0.09974933697633
h           -4.12326599376027       -0.67426670081519       -1.61910722961941
h           -4.46967932215122        0.40749419244535       -0.14766343006857
h            3.40415118600206        1.74660736329943        0.85351285505158
h            1.66404494253387        1.62830187228966        1.49117320565532
h            2.50606943834784       -1.16273857089932        0.52881482390570
h            4.03706387751040        0.94655945906810       -1.26754607286599
h            3.03870474739687       -0.37626902650149       -1.92794773951026
h            2.76663072104672        1.27979811863297       -2.47551719899710
35
 energy: -657.271922694734 gnorm: 0.000733030510 xtb: 6.7.1 (edcfbbe)
c           -0.06744459322793       -0.79681276296378       -0.26096925096716
c            0.55416513646341        0.51764094870107       -0.87847277739630
c           -0.43822679693202        1.72447131960599       -0.76507336027240
c           -1.26977598877429        1.76795983944719        0.53480001275383
c           -1.83862904980701        0.36788686958986        0.88708454956785
c           -0.67626057728667       -0.60477926415645        1.16463017362730
c           -1.38615991860253       -1.11019069362172       -1.04476435695668
c           -2.47124709783864       -0.28871553278560       -0.33584383347384
o            0.18035167469435       -0.13724501310370        2.19664727869463
c            0.90972788277907       -1.98768258958454       -0.30303481148744
c           -3.74776398801873       -0.18019289628603       -0.71867576382998
c            1.99702875541641        0.88960217748060       -0.48480879902554
c            2.36593451294567        1.44756833810649        0.68120666998836
h            0.61993373351228        0.28964925461703       -1.95624136911178
o            1.93484722790434       -1.93921335176009        0.71286275974243
c            3.02095029106171        0.67758332369687       -1.58984457881333
h            0.11639618852340        2.66671528087570       -0.89209321473202
h           -1.13881133552961        1.66600553494078       -1.61367932534980
h           -0.66892443950261        2.13354737714356        1.38163240486822
h           -2.10324147902030        2.47748311750258        0.40328042411654
h           -2.53979705957464        0.44288227967753        1.73273516160087
h           -1.10667923521000       -1.58672576879220        1.45849368263412
h           -1.31007347555612       -0.87611923940148       -2.11786594768939
h           -1.62513358831840       -2.18550357370086       -0.97139265033044
h            0.96688359770866       -0.72568226217727        2.17418680363071
h            1.35873437865477       -2.08739447228606       -1.30970201366924
h            0.35375811401110       -2.91632191650388       -0.09912027069533
h           -4.12363740899244       -0.67420395802526       -1.61841107980075
h           -4.46929578554257        0.40923101908443       -0.14752377413849
h            3.40363008506999        1.74366972056245        0.85569826788748
h            1.66363054785732        1.62211747184524        1.49389748655458
h            2.50308020780697       -1.16002230682521        0.53115896060339
h            4.03633626786547        0.95157091766370       -1.26821755027575
h            3.03973889866158       -0.37178729716185       -1.93096420969713
h            2.76459978892633        1.28489006502609       -2.47521161085085
35
 energy: -657.271927619411 gnorm: 0.000956735034 xtb: 6.7.1 (edcfbbe)
c           -0.06733930980369       -0.79815617770123       -0.26023342745196
c            0.55430367047028        0.51466454503002       -0.87973776927714
c           -0.43757699314784        1.72167756542563       -0.76975190453163
c           -1.26617308724109        1.76858445812748        0.53179333696392
c           -1.83708194771709        0.36981315185930        0.88641214134064
c           -0.67648136717000       -0.60476950047869        1.16522970725271
c           -1.38625431275275       -1.11131750867132       -1.04311021095578
c           -2.47019579668069       -0.28702595068743       -0.33577282561292
o            0.17921779984587       -0.13833212747012        2.19847840460809
c            0.90976787548462       -1.98907996018708       -0.30129600536042
c           -3.74660011223145       -0.17655130223411       -0.71907072571831
c            1.99597945124693        0.88818326071315       -0.48465781913433
c            2.36466184786813        1.43965911200841        0.68499608651944
h            0.62143980075446        0.28385420861341       -1.95704482750755
o            1.93535543329681       -1.93917670781800        0.71393034945857
c            3.01927766433023        0.68611180820866       -1.59188715092807
h            0.11730446393715        2.66332902706540       -0.90029207289318
h           -1.13947860572785        1.66148360006765       -1.61711940110029
h           -0.66209314534441        2.13328172438136        1.37670854416455
h           -2.09796993930257        2.48031420995305        0.40219351753741
h           -2.53823743579947        0.44705550023196        1.73204812522918
h           -1.10828607171733       -1.58645270561730        1.45909745379598
h           -1.30969457587905       -0.87864721638170       -2.11662819067085
h           -1.62647350885042       -2.18646040226916       -0.96917645374677
h            0.96350172209883       -0.73012399757176        2.17877108648521
h            1.35851542000154       -2.08960510243506       -1.30815399942084
h            0.35412154884682       -2.91801534006698       -0.09669346999349
h           -4.12383095531526       -0.67441204781747       -1.61634159248504
h           -4.46769145868162        0.41232954907859       -0.14672324631338
h            3.40162310967501        1.73932738401239        0.85869059550267
h            1.66263424647818        1.60879385901896        1.49907192366995
h            2.49839278842271       -1.15619324866792        0.53511297629786
h            4.03401185152253        0.96253098590541       -1.27034999860338
h            3.04113125392245       -0.36160038290525       -1.93819988398024
h            2.75884396140325        1.29680582694100       -2.47388942189595
35
 energy: -657.271927619411 gnorm: 0.000956735034 xtb: 6.7.1 (edcfbbe)
c           -0.06733930980369       -0.79815617770123       -0.26023342745196
c            0.55430367047028        0.51466454503002       -0.87973776927714
c           -0.43757699314784        1.72167756542563       -0.76975190453163
c           -1.26617308724109        1.76858445812748        0.53179333696392
c           -1.83708194771709        0.36981315185930        0.88641214134064
c           -0.67648136717000       -0.60476950047869        1.16522970725271
c           -1.38625431275275       -1.11131750867132       -1.04311021095578
c           -2.47019579668069       -0.28702595068743       -0.33577282561292
o            0.17921779984587       -0.13833212747012        2.19847840460809
c            0.90976787548462       -1.98907996018708       -0.30129600536042
c           -3.74660011223145       -0.17655130223411       -0.71907072571831
c            1.99597945124693        0.88818326071315       -0.48465781913433
c            2.36466184786813        1.43965911200841        0.68499608651944
h            0.62143980075446        0.28385420861341       -1.95704482750755
o            1.93535543329681       -1.93917670781800        0.71393034945857
c            3.01927766433023        0.68611180820866       -1.59188715092807
h            0.11730446393715        2.66332902706540       -0.90029207289318
h           -1.13947860572785        1.66148360006765       -1.61711940110029
h           -0.66209314534441        2.13328172438136        1.37670854416455
h           -2.09796993930257        2.48031420995305        0.40219351753741
h           -2.53823743579947        0.44705550023196        1.73204812522918
h           -1.10828607171733       -1.58645270561730        1.45909745379598
h           -1.30969457587905       -0.87864721638170       -2.11662819067085
h           -1.62647350885042       -2.18646040226916       -0.96917645374677
h            0.96350172209883       -0.73012399757176        2.17877108648521
h            1.35851542000154       -2.08960510243506       -1.30815399942084
h            0.35412154884682       -2.91801534006698       -0.09669346999349
h           -4.12383095531526       -0.67441204781747       -1.61634159248504
h           -4.46769145868162        0.41232954907859       -0.14672324631338
h            3.40162310967501        1.73932738401239        0.85869059550267
h            1.66263424647818        1.60879385901896        1.49907192366995
h            2.49839278842271       -1.15619324866792        0.53511297629786
h            4.03401185152253        0.96253098590541       -1.27034999860338
h            3.04113125392245       -0.36160038290525       -1.93819988398024
h            2.75884396140325        1.29680582694100       -2.47388942189595
