  51
 Etot=         -67.4642240311
 C          1.4320322622        1.3170759248        2.1462269383
 C          2.5916776435        1.4439083075        1.1476525654
 C          2.2328960244        0.9744736182       -0.2951733186
 C          1.6379310719       -0.5071663572       -0.2645280194
 C          0.3419995806       -0.4337032875        0.6383874014
 C          0.7619963626       -0.0662904093        2.0953840273
 C          1.2359230026       -0.9671405304       -1.6896898472
 C          0.4914842509       -2.3079358208       -1.6609158550
 C         -0.8446205297       -2.2103074760       -0.8989702788
 C         -0.6834019258       -1.6681656590        0.5808763343
 C         -0.5201524987        0.6928314552        0.1296855964
 C         -2.0297211223       -0.9267288446        0.9247763529
 C         -1.8598530414        0.4577029280        0.3699291789
 C         -2.8204398741        1.3799962240       -0.0516138516
 C         -2.3619936190        2.5313446371       -0.7011021693
 C         -1.0196885193        2.7336215572       -0.9580441130
 C         -0.0624360217        1.8019901175       -0.5615035619
 O          1.2927481652        1.9433636317       -0.8731665178
 O         -4.1688531712        1.1304780783        0.1658901785
 C          3.5028115182        1.0378462327       -1.1566209722
 C          2.6787347078       -1.4905422947        0.3024041226
 C         -1.6097752680       -3.5339476560       -0.9735770516
 C         -0.3786552773       -2.7770738910        1.5905900187
 H          1.7850371911        1.5278647226        3.1654018863
 H          0.6856792442        2.0927446010        1.9366773036
 H          3.4674331908        0.8962675139        1.5082738721
 H          2.9131272286        2.4896790769        1.0825775082
 H         -0.1248626345       -0.0785695611        2.7386301226
 H          1.4312459359       -0.8304351929        2.5007768033
 H          0.6041645885       -0.1968164969       -2.1438259865
 H          2.1254686954       -1.0369542150       -2.3249642965
 H          0.3156203646       -2.6760474071       -2.6802471646
 H          1.1114274154       -3.0767505645       -1.1894676488
 H         -1.4446355921       -1.4483744579       -1.4237014342
 H         -2.2012917569       -0.8928803442        2.0044965689
 H         -2.8944502697       -1.4197542548        0.4724483003
 H         -3.0837745535        3.2597303514       -1.0266632556
 H         -0.6890592817        3.6101351386       -1.4865793223
 H         -4.7016385153        1.8748797801       -0.1901935043
 H          3.8943713694        2.0535336463       -1.1647674048
 H          4.2832904086        0.3803342657       -0.7781642876
 H          3.2858269069        0.7681305540       -2.1875777590
 H          3.0952303380       -1.1489481305        1.2469420730
 H          2.2460492606       -2.4719440840        0.4771243807
 H          3.5070543392       -1.6243735768       -0.3919278714
 H         -2.5664394320       -3.4812297552       -0.4532805874
 H         -1.8104410961       -3.8194820293       -2.0072369497
 H         -1.0318383546       -4.3414245404       -0.5243723931
 H         -1.1934757685       -3.4988932513        1.6302081315
 H          0.5294530818       -3.3160061953        1.3292683731
 H         -0.2582112209       -2.3793176047        2.5968233521
  51
 Etot=         -67.4724395723
 C          1.4176905344        1.3040693907        2.1304708635
 C          2.5739119767        1.4341437615        1.1414448014
 C          2.2140631831        0.9527650668       -0.2843816003
 C          1.6310079587       -0.5132695054       -0.2546689434
 C          0.3523357821       -0.4491315613        0.6319600423
 C          0.7580089466       -0.0755464267        2.0803857706
 C          1.2278308832       -0.9685432663       -1.6696877366
 C          0.4926660681       -2.3037032155       -1.6309221061
 C         -0.8391293037       -2.1836837343       -0.8830769708
 C         -0.6830793254       -1.6476480863        0.5808081201
 C         -0.5094922286        0.6658602850        0.1171572390
 C         -2.0318172712       -0.9384385602        0.9287747727
 C         -1.8521674779        0.4335670368        0.3496638830
 C         -2.7976974089        1.3683167072       -0.0567445182
 C         -2.3371349927        2.5186478649       -0.6984057406
 C         -0.9913955786        2.7195448997       -0.9587049692
 C         -0.0441462543        1.7797431842       -0.5548629841
 O          1.2925070592        1.9136258823       -0.8638843846
 O         -4.1361902804        1.1295554007        0.1629016471
 C          3.4735019221        1.0533392413       -1.1544023047
 C          2.6816749528       -1.4845205669        0.2981722074
 C         -1.5910422018       -3.5146925667       -0.9593283113
 C         -0.3846611761       -2.7643361799        1.5781280575
 H          1.7873181737        1.4995963271        3.1435810901
 H          0.6712658490        2.0742091753        1.9151715082
 H          3.4439802882        0.8781890957        1.4969408394
 H          2.8788048217        2.4833900914        1.0736160955
 H         -0.1308262549       -0.0559638667        2.7164668962
 H          1.4361299544       -0.8260259606        2.4892303819
 H          0.5867308297       -0.2118355485       -2.1307145531
 H          2.1183179189       -1.0650077740       -2.2966916706
 H          0.2943094826       -2.6373555122       -2.6558611340
 H          1.1183733901       -3.0728030057       -1.1721216206
 H         -1.4355339155       -1.4320640675       -1.4175238655
 H         -2.1913682268       -0.8973710607        2.0088595417
 H         -2.8954420592       -1.4369633935        0.4876157283
 H         -3.0584253622        3.2554355792       -1.0248104812
 H         -0.6660975984        3.6002867122       -1.4896069568
 H         -4.6584086669        1.8687679761       -0.1859421746
 H          3.8529257287        2.0733153906       -1.1492839987
 H          4.2531025973        0.4005874009       -0.7720810287
 H          3.2605606672        0.7840612955       -2.1851160715
 H          3.1071373058       -1.1428520422        1.2361003400
 H          2.2380771267       -2.4584812286        0.4763806652
 H          3.4944377338       -1.6198328203       -0.4127013805
 H         -2.5500874719       -3.4617075924       -0.4472017376
 H         -1.7896811565       -3.7757980351       -1.9987709856
 H         -1.0141401331       -4.3291029515       -0.5235867418
 H         -1.2065605165       -3.4764405270        1.6132252994
 H          0.5192277979       -3.3082934858        1.3147738348
 H         -0.2603692661       -2.3688767492        2.5828313138
  51
 Etot=         -67.4742287720
 C          1.4024735273        1.2958176345        2.1254362897
 C          2.5549838895        1.4260437645        1.1370408684
 C          2.1967460837        0.9441789571       -0.2816189374
 C          1.6254641502       -0.5138566563       -0.2448580907
 C          0.3535867396       -0.4572479638        0.6305708408
 C          0.7469432537       -0.0821583561        2.0751586150
 C          1.2345013198       -0.9718965277       -1.6561352168
 C          0.4908864099       -2.2985405597       -1.6177467896
 C         -0.8318866545       -2.1714974220       -0.8685635401
 C         -0.6731766077       -1.6458717660        0.5852912447
 C         -0.5042627694        0.6522170770        0.1061947806
 C         -2.0156414741       -0.9409585808        0.9354618993
 C         -1.8458090603        0.4227110368        0.3370544823
 C         -2.7810832313        1.3640148700       -0.0632250193
 C         -2.3174976910        2.5115522544       -0.7039246075
 C         -0.9709884522        2.7110733998       -0.9677973874
 C         -0.0337254675        1.7645677686       -0.5602718383
 O          1.2866235438        1.8942389251       -0.8649650787
 O         -4.1118721509        1.1338839361        0.1615222866
 C          3.4515205256        1.0610770875       -1.1542268080
 C          2.6832966126       -1.4837167967        0.2945391651
 C         -1.5882676277       -3.4981631945       -0.9533825331
 C         -0.3831927593       -2.7674348368        1.5772252453
 H          1.7761435171        1.4836873596        3.1357393155
 H          0.6541410013        2.0599532323        1.9064938636
 H          3.4231148354        0.8708111929        1.4933847764
 H          2.8496013568        2.4759082721        1.0643648570
 H         -0.1454914713       -0.0523360980        2.7016323467
 H          1.4270419611       -0.8266977749        2.4863874704
 H          0.5920982870       -0.2221951595       -2.1225053558
 H          2.1275704090       -1.0804322411       -2.2748351543
 H          0.2785970205       -2.6141166893       -2.6436271900
 H          1.1116075899       -3.0725540821       -1.1670171821
 H         -1.4220436444       -1.4213983555       -1.4066168129
 H         -2.1692580320       -0.8859544083        2.0152041663
 H         -2.8770850300       -1.4534452612        0.5097061273
 H         -3.0347648083        3.2572644746       -1.0255326364
 H         -0.6469345894        3.5949054021       -1.4951973405
 H         -4.6265248302        1.8693273694       -0.1863118872
 H          3.8033780195        2.0902727683       -1.1369342278
 H          4.2422191864        0.4200606969       -0.7767120944
 H          3.2339569652        0.7993188311       -2.1847649177
 H          3.1295040423       -1.1390705357        1.2202927037
 H          2.2372660997       -2.4531639214        0.4867802029
 H          3.4782121851       -1.6229682213       -0.4350992913
 H         -2.5434713632       -3.4497953740       -0.4361399646
 H         -1.7863625592       -3.7365087388       -1.9978738573
 H         -1.0044348808       -4.3139311131       -0.5336525057
 H         -1.2173203757       -3.4637507720        1.6097619889
 H          0.5122815873       -3.3213151321        1.3081501864
 H         -0.2516597839       -2.3711812977        2.5797185100
  51
 Etot=         -67.4744721283
 C          1.3940132852        1.2961493218        2.1266305866
 C          2.5477176318        1.4289356357        1.1387744037
 C          2.1956750657        0.9419519702       -0.2800762410
 C          1.6284847165       -0.5172735236       -0.2444772934
 C          0.3557762859       -0.4611523421        0.6308785010
 C          0.7437558922       -0.0846844786        2.0760409410
 C          1.2383051726       -0.9767343075       -1.6557950507
 C          0.4892514581       -2.3009414331       -1.6175609371
 C         -0.8322037764       -2.1665596032       -0.8667787932
 C         -0.6713951386       -1.6471458422        0.5872732615
 C         -0.5035456852        0.6462777227        0.1027577759
 C         -2.0115791550       -0.9413651949        0.9438562381
 C         -1.8450065314        0.4183575318        0.3354294532
 C         -2.7774036422        1.3623735427       -0.0656331584
 C         -2.3108202533        2.5078057415       -0.7083172099
 C         -0.9647454106        2.7052405823       -0.9740222296
 C         -0.0308766646        1.7565738503       -0.5658075698
 O          1.2867122278        1.8864789976       -0.8674534932
 O         -4.1079672979        1.1389539013        0.1622630219
 C          3.4484597523        1.0678087748       -1.1542608357
 C          2.6886884273       -1.4854100933        0.2957341874
 C         -1.5926338956       -3.4904902523       -0.9560492510
 C         -0.3819128350       -2.7722638094        1.5764471393
 H          1.7647221376        1.4853608127        3.1370036820
 H          0.6418707629        2.0561400655        1.9065328228
 H          3.4164321482        0.8774798004        1.4982764791
 H          2.8380316805        2.4796231166        1.0652091879
 H         -0.1508687802       -0.0586108082        2.6985679159
 H          1.4242750348       -0.8281024987        2.4885257077
 H          0.6016573197       -0.2256512181       -2.1276452783
 H          2.1338606310       -1.0904573499       -2.2689487304
 H          0.2743727057       -2.6131967621       -2.6429229238
 H          1.1065677302       -3.0787988758       -1.1686992136
 H         -1.4187959722       -1.4108904506       -1.4015726513
 H         -2.1572329733       -0.8757585961        2.0244807585
 H         -2.8753801361       -1.4608650848        0.5304436813
 H         -3.0249618744        3.2561069701       -1.0293111615
 H         -0.6387234544        3.5874965245       -1.5017416381
 H         -4.6188288857        1.8770055298       -0.1865544893
 H          3.7842350749        2.1022652267       -1.1349988336
 H          4.2478170659        0.4347483177       -0.7830932365
 H          3.2255525262        0.8088453031       -2.1841432471
 H          3.1490103990       -1.1348374910        1.2128316060
 H          2.2411609003       -2.4514722487        0.5018619901
 H          3.4730205916       -1.6328527171       -0.4436784690
 H         -2.5429713969       -3.4441068511       -0.4306870031
 H         -1.7978542777       -3.7187089490       -2.0008300364
 H         -1.0058661386       -4.3092052127       -0.5464214435
 H         -1.2228326937       -3.4598061115        1.6122725090
 H          0.5060574933       -3.3345992197        1.3001109623
 H         -0.2400724434       -2.3793094403        2.5788535747
  51
 Etot=         -67.4746314309
 C          1.3845426227        1.2977492709        2.1279740899
 C          2.5400882307        1.4337017009        1.1413558524
 C          2.1960312250        0.9415227993       -0.2789829844
 C          1.6327499254       -0.5201177849       -0.2425356755
 C          0.3573320992       -0.4644925128        0.6321565398
 C          0.7435575689       -0.0874898720        2.0774549144
 C          1.2461359022       -0.9822379965       -1.6548830985
 C          0.4875917914       -2.3020539703       -1.6157630921
 C         -0.8347888254       -2.1623753511       -0.8656263886
 C         -0.6691316056       -1.6504517966        0.5899749571
 C         -0.5036810417        0.6416103828        0.1005149503
 C         -2.0067576479       -0.9417258389        0.9534851254
 C         -1.8450364776        0.4144566434        0.3354467382
 C         -2.7754958171        1.3606876475       -0.0672906284
 C         -2.3067404092        2.5028251319       -0.7149061067
 C         -0.9615066270        2.6980693690       -0.9831707048
 C         -0.0297990648        1.7492319936       -0.5721493124
 O          1.2865208507        1.8796237259       -0.8727113332
 O         -4.1070229560        1.1453690123        0.1642106448
 C          3.4485341491        1.0758917347       -1.1524506267
 C          2.6955909325       -1.4865345509        0.2976556748
 C         -1.6034705596       -3.4812424264       -0.9613405731
 C         -0.3803499638       -2.7824434828        1.5728946529
 H          1.7516761141        1.4912836733        3.1385736068
 H          0.6269075583        2.0520197449        1.9057598024
 H          3.4103638945        0.8883288714        1.5063118397
 H          2.8243200113        2.4858002691        1.0658229580
 H         -0.1516178720       -0.0689816191        2.6989717183
 H          1.4283302438       -0.8279641808        2.4891429941
 H          0.6176970168       -0.2288116447       -2.1341284921
 H          2.1447795400       -1.1036038568       -2.2620213402
 H          0.2714630363       -2.6130018451       -2.6405097765
 H          1.1003819021       -3.0836868296       -1.1664616903
 H         -1.4156328328       -1.3984939137       -1.3961558126
 H         -2.1401435325       -0.8652591101        2.0353002235
 H         -2.8745583366       -1.4676630209        0.5561435661
 H         -3.0182321673        3.2522119898       -1.0369663679
 H         -0.6326619500        3.5768454463       -1.5138757484
 H         -4.6132145407        1.8872663432       -0.1863682769
 H          3.7691181496        2.1148017744       -1.1334550241
 H          4.2565028555        0.4517793602       -0.7869115993
 H          3.2212754796        0.8172360947       -2.1814741626
 H          3.1727295259       -1.1244021183        1.2021172635
 H          2.2459994853       -2.4473255334        0.5254901504
 H          3.4675026353       -1.6479938228       -0.4519970396
 H         -2.5468226535       -3.4371209122       -0.4236536766
 H         -1.8214973257       -3.6967588358       -2.0057077824
 H         -1.0142168086       -4.3056902134       -0.5665799803
 H         -1.2302568684       -3.4585176754        1.6164675267
 H          0.4963586300       -3.3561910733        1.2834608192
 H         -0.2204406875       -2.3949527166        2.5749666535
  51
 Etot=         -67.4747083850
 C          1.3791726930        1.2991385958        2.1282781704
 C          2.5354546120        1.4387464296        1.1427491530
 C          2.1964416339        0.9419560644       -0.2779049409
 C          1.6351355108       -0.5211261214       -0.2416045525
 C          0.3587797531       -0.4661868232        0.6332511721
 C          0.7458533779       -0.0894117717        2.0785010455
 C          1.2500439819       -0.9854651374       -1.6541618377
 C          0.4869794724       -2.3029909960       -1.6148780650
 C         -0.8364813360       -2.1586718464       -0.8665681268
 C         -0.6683156357       -1.6518000263        0.5907191429
 C         -0.5034267265        0.6395931301        0.1010381379
 C         -2.0039617009       -0.9416714241        0.9606711592
 C         -1.8448183267        0.4126731548        0.3380145566
 C         -2.7751756472        1.3586400869       -0.0666976147
 C         -2.3068849935        2.4980268170       -0.7196840452
 C         -0.9622463466        2.6923727820       -0.9899514280
 C         -0.0303081444        1.7453319889       -0.5753240524
 O          1.2861449091        1.8762895960       -0.8765757084
 O         -4.1074679594        1.1474999798        0.1669805240
 C          3.4501678851        1.0784376423       -1.1491595126
 C          2.6991250245       -1.4853446341        0.3006572729
 C         -1.6123071964       -3.4731211195       -0.9662135290
 C         -0.3785925356       -2.7888889889        1.5676611311
 H          1.7441868523        1.4968774303        3.1390193999
 H          0.6178068899        2.0492181968        1.9041762279
 H          3.4072990225        0.8979229017        1.5110224667
 H          2.8155575356        2.4918767824        1.0654349803
 H         -0.1472989909       -0.0779047600        2.7032466756
 H          1.4365271807       -0.8265292945        2.4868831702
 H          0.6271332859       -0.2304704747       -2.1382590400
 H          2.1503866988       -1.1123404942       -2.2577895194
 H          0.2721029739       -2.6153792476       -2.6393980919
 H          1.0967860667       -3.0852442637       -1.1621465372
 H         -1.4129397160       -1.3901398794       -1.3954228447
 H         -2.1285819506       -0.8607525891        2.0431640100
 H         -2.8745159062       -1.4690790360        0.5724862809
 H         -3.0182991382        3.2462555373       -1.0440633127
 H         -0.6321563938        3.5681880997       -1.5246787140
 H         -4.6111520384        1.8908093741       -0.1853412168
 H          3.7659114547        2.1183982347       -1.1316193560
 H          4.2605535934        0.4585549722       -0.7831249357
 H          3.2239641764        0.8174421738       -2.1779829210
 H          3.1870795098       -1.1134133198        1.1953390177
 H          2.2483195718       -2.4415804491        0.5454272783
 H          3.4630999472       -1.6591073512       -0.4541841061
 H         -2.5506159414       -3.4289742046       -0.4196645192
 H         -1.8414281169       -3.6797701155       -2.0098865289
 H         -1.0238226554       -4.3035141649       -0.5826972043
 H         -1.2345670039       -3.4568815422        1.6191810641
 H          0.4884776516       -3.3709898959        1.2653468160
 H         -0.2021220597       -2.4067715251        2.5693093757
  51
 Etot=         -67.4747904341
 C          1.3740196181        1.3009477651        2.1283558437
 C          2.5299208795        1.4448094568        1.1431877299
 C          2.1962745463        0.9428015936       -0.2772522943
 C          1.6370525265       -0.5213807079       -0.2398038271
 C          0.3604525033       -0.4669690071        0.6349731770
 C          0.7505817490       -0.0916287337        2.0798995003
 C          1.2537364443       -0.9874339806       -1.6524667356
 C          0.4868851430       -2.3027729372       -1.6118037551
 C         -0.8386860887       -2.1531782099       -0.8680224225
 C         -0.6671795739       -1.6523977290        0.5910743527
 C         -0.5025558579        0.6387990600        0.1031118776
 C         -2.0005998340       -0.9415248793        0.9679119085
 C         -1.8438812632        0.4117950119        0.3427345486
 C         -2.7752399608        1.3554411581       -0.0648963585
 C         -2.3092378921        2.4915461447       -0.7254085532
 C         -0.9652709567        2.6855950998       -0.9982579209
 C         -0.0316958951        1.7420980241       -0.5784749045
 O          1.2852670748        1.8736694825       -0.8816383393
 O         -4.1079217500        1.1465221526        0.1711142273
 C          3.4531123031        1.0780392322       -1.1438733868
 C          2.7020402344       -1.4832093284        0.3046996707
 C         -1.6237845202       -3.4618190612       -0.9722073097
 C         -0.3754252321       -2.7959892701        1.5593325202
 H          1.7372775242        1.5037083679        3.1390925940
 H          0.6082483793        2.0459188026        1.9022404386
 H          3.4045357403        0.9101302043        1.5143942693
 H          2.8046286723        2.4992247269        1.0631378395
 H         -0.1387390808       -0.0888367960        2.7105998476
 H          1.4496454809       -0.8241133789        2.4826692071
 H          0.6353486779       -0.2314164864       -2.1405535512
 H          2.1552442953       -1.1192565071       -2.2534220991
 H          0.2751819843       -2.6186324061       -2.6361266234
 H          1.0938088059       -3.0841526967       -1.1533532966
 H         -1.4094373101       -1.3796521982       -1.3955312577
 H         -2.1159949122       -0.8591532566        2.0509871570
 H         -2.8739870566       -1.4682644066        0.5872814618
 H         -3.0223109784        3.2365299768       -1.0539854120
 H         -0.6350562721        3.5577598201       -1.5391700313
 H         -4.6102745162        1.8896273151       -0.1833946461
 H          3.7683164217        2.1178734920       -1.1291325363
 H          4.2624586661        0.4605192035       -0.7721396263
 H          3.2321158791        0.8120005334       -2.1727346605
 H          3.2027475669       -1.0988511351        1.1868443040
 H          2.2493361843       -2.4328920698        0.5708406386
 H          3.4565630080       -1.6735846233       -0.4556062301
 H         -2.5564609162       -3.4165308165       -0.4159952372
 H         -1.8656763656       -3.6578991528       -2.0150640242
 H         -1.0380473014       -4.3001184177       -0.6020152089
 H         -1.2385212116       -3.4540558873        1.6225441998
 H          0.4787193061       -3.3880489210        1.2392206462
 H         -0.1765300638       -2.4208651492        2.5596582566
  51
 Etot=         -67.4748489490
 C          1.3701219306        1.3029044842        2.1283036586
 C          2.5247868872        1.4514955374        1.1427616885
 C          2.1956731004        0.9436730506       -0.2766342232
 C          1.6382562190       -0.5209546037       -0.2379864850
 C          0.3623060524       -0.4672792169        0.6368516182
 C          0.7555699730       -0.0933052503        2.0813743833
 C          1.2560824919       -0.9885274859       -1.6503557392
 C          0.4873136510       -2.3025189967       -1.6084224563
 C         -0.8399369602       -2.1465468765       -0.8696022640
 C         -0.6660445749       -1.6521743170        0.5912237210
 C         -0.5009151635        0.6386161634        0.1059812334
 C         -1.9971421918       -0.9413969868        0.9750615396
 C         -1.8419779497        0.4115097894        0.3486438220
 C         -2.7751845391        1.3512507803       -0.0624335779
 C         -2.3123270867        2.4841615953       -0.7308968283
 C         -0.9689867216        2.6784316499       -1.0065195116
 C         -0.0329855775        1.7392078074       -0.5815517099
 O          1.2843295258        1.8711997374       -0.8868825807
 O         -4.1074449991        1.1417675624        0.1763699435
 C          3.4564545555        1.0747612037       -1.1378363994
 C          2.7038750911       -1.4807782016        0.3088160670
 C         -1.6353762230       -3.4485340212       -0.9787354187
 C         -0.3714426835       -2.8019909516        1.5504632620
 H          1.7326407800        1.5097600999        3.1386661304
 H          0.6000622079        2.0429448601        1.9010875442
 H          3.4027645102        0.9234391052        1.5159271056
 H          2.7933855125        2.5073299776        1.0594937028
 H         -0.1299039902       -0.0982411643        2.7177715542
 H          1.4624590000       -0.8211473720        2.4786469407
 H          0.6396297602       -0.2323751926       -2.1402752590
 H          2.1579384246       -1.1227816060       -2.2501533120
 H          0.2795757330       -2.6229717829       -2.6324365885
 H          1.0916396192       -3.0819801277       -1.1432727961
 H         -1.4041395163       -1.3678966633       -1.3961517189
 H         -2.1057467056       -0.8599384620        2.0586662214
 H         -2.8729348324       -1.4661824817        0.5985270850
 H         -3.0280551742        3.2249726311       -1.0639840538
 H         -0.6403522314        3.5472358428       -1.5541376526
 H         -4.6107334777        1.8827419150       -0.1802862763
 H          3.7745176589        2.1138708679       -1.1268684075
 H          4.2620537630        0.4573103164       -0.7569700564
 H          3.2427105661        0.8026087101       -2.1667376073
 H          3.2173940864       -1.0844876758        1.1781219568
 H          2.2489144676       -2.4230635991        0.5963427170
 H          3.4487016554       -1.6884129961       -0.4566569662
 H         -2.5637125069       -3.4004503730       -0.4156103353
 H         -1.8869655274       -3.6343306225       -2.0211736207
 H         -1.0544604756       -4.2947092296       -0.6197278229
 H         -1.2408185998       -3.4505700119        1.6259935927
 H          0.4693735979       -3.4030060607        1.2121914709
 H         -0.1499383081       -2.4339128839        2.5485886770
  51
 Etot=         -67.4748761142
 C          1.3677499125        1.3050584267        2.1287174472
 C          2.5200495735        1.4575321854        1.1411898141
 C          2.1948553410        0.9441275176       -0.2768821076
 C          1.6393730007       -0.5205896702       -0.2359882946
 C          0.3644989157       -0.4670383293        0.6389417972
 C          0.7596300454       -0.0939125560        2.0831664911
 C          1.2574920071       -0.9885939093       -1.6480857967
 C          0.4881584644       -2.3019849728       -1.6041655129
 C         -0.8405032305       -2.1392933891       -0.8704948109
 C         -0.6640243474       -1.6515953109        0.5917662033
 C         -0.4987331513        0.6386783374        0.1088201973
 C         -1.9933384770       -0.9417822670        0.9808525739
 C         -1.8392066636        0.4114555029        0.3546916399
 C         -2.7749197675        1.3465495430       -0.0596276852
 C         -2.3152257680        2.4765299428       -0.7353697059
 C         -0.9724166478        2.6713743225       -1.0138101941
 C         -0.0336444468        1.7365312851       -0.5847584898
 O          1.2835448292        1.8684674779       -0.8923060548
 O         -4.1057853542        1.1335486368        0.1823405621
 C          3.4597792758        1.0697793767       -1.1327536221
 C          2.7053258722       -1.4792923717        0.3126246363
 C         -1.6466231904       -3.4341627603       -0.9855932332
 C         -0.3667365289       -2.8068251832        1.5431066627
 H          1.7310804440        1.5139569262        3.1382578931
 H          0.5941212171        2.0412948810        1.9020914130
 H          3.4017410325        0.9364105192        1.5154410653
 H          2.7820017406        2.5147615991        1.0543863942
 H         -0.1235161826       -0.1034638460        2.7224385772
 H          1.4714772969       -0.8181001196        2.4772944276
 H          0.6401629114       -0.2331104782       -2.1377920089
 H          2.1589953771       -1.1225925488       -2.2483766763
 H          0.2839094912       -2.6267074853       -2.6276701319
 H          1.0902625139       -3.0796516968       -1.1333263948
 H         -1.3973316638       -1.3546659173       -1.3957716770
 H         -2.0990873080       -0.8631782307        2.0648511325
 H         -2.8708846224       -1.4642137482        0.6046865254
 H         -3.0337156667        3.2129941339       -1.0726479057
 H         -0.6472608160        3.5374709669       -1.5678300133
 H         -4.6128533525        1.8704314494       -0.1765663404
 H          3.7825960258        2.1078979013       -1.1253791414
 H          4.2602216878        0.4506512695       -0.7421784752
 H          3.2530833694        0.7922028507       -2.1614836465
 H          3.2305842286       -1.0732299819        1.1699713290
 H          2.2480585342       -2.4139067626        0.6191014915
 H          3.4406907437       -1.7026661288       -0.4572966883
 H         -2.5733130007       -3.3815174544       -0.4206713718
 H         -1.9015055535       -3.6109497888       -2.0285250175
 H         -1.0726652333       -4.2871832236       -0.6329624305
 H         -1.2409317207       -3.4472211018        1.6294489684
 H          0.4619220661       -3.4147798580        1.1894967152
 H         -0.1261384190       -2.4447674874        2.5382054375
