35
 energy: -46.153341436109 gnorm: 0.049982376755 xtb: 6.7.1 (edcfbbe)
c            0.13739720210326       -0.60355868858312        0.38101526860092
c           -0.94927086955078        0.49788102546671        0.71325668788797
c           -0.36785032306852        1.93884092023588        0.55072054579478
c            0.56198472797219        2.12365398880632       -0.66704738572504
c            1.54961473392288        0.93564028355196       -0.80988255194286
c            0.74946243423285       -0.36561014753495       -1.03535709036482
c            1.37722218583168       -0.34019044773116        1.30202159701510
c            2.24985807829861        0.64574270326252        0.51660540668726
o            1.58254476344014       -1.44542335034951       -1.48033374002086
c           -0.40790046339317       -2.03344133979793        0.58323686624961
c            3.43023337199603        1.13839333668455        0.90835541395223
c           -2.31526515002900        0.32282188148125        0.03087194100861
c           -2.57832619184521        0.60439182121191       -1.25855771934931
h           -1.14703792496910        0.37079079086917        1.79135148703514
o           -1.28562123225363       -2.50767856719177       -0.44392200517428
c           -3.42750062425445       -0.14711755192081        0.95363136125018
h           -1.19439012782729        2.66492979961924        0.51042970004606
h            0.20466429506041        2.18060949887133        1.46058056479059
h           -0.01869374946038        2.21642764618969       -1.59983385489659
h            1.12746086280953        3.06289532684441       -0.55451201996972
h            2.25766435210276        1.13312905089513       -1.63007521376041
h           -0.01455982219221       -0.26439551816042       -1.81683553328930
h            1.92990259370682       -1.27672159820010        1.48998366844068
h            1.09110792327559        0.05095617011340        2.29083953561379
h            2.40383013589904       -1.45162033237910       -0.94607598511661
h           -0.89401761293995       -2.08984938045747        1.57920068114825
h            0.43510953880964       -2.74057794519468        0.59810568357021
h            3.86829643855415        0.88505034650196        1.87711204419719
h            4.00467096611343        1.81817936669425        0.27433273812374
h           -3.58501617223761        0.47924885054038       -1.66435067234347
h           -1.82729111015094        0.97229949809635       -1.95700903866334
h           -1.89385994143895       -1.78239720141324       -0.69534113126092
h           -4.38002340977281       -0.27532919139600        0.41972639213562
h           -3.17318459218860       -1.10284472389850        1.44141928002221
h           -3.58163652653328        0.58492181989386        1.76484059340430
35
 energy: -46.159573545573 gnorm: 0.014510618498 xtb: 6.7.1 (edcfbbe)
c            0.14149816287813       -0.58810451908618        0.38192723092331
c           -0.94453839538412        0.48873602210030        0.71233255063043
c           -0.36345476121481        1.91521422758179        0.54284574382690
c            0.55943727096349        2.10698217865334       -0.66272904323476
c            1.54125236673980        0.93207719826104       -0.79772493356834
c            0.74015671819405       -0.35650918950802       -1.02808936552767
c            1.37273804208159       -0.33144371523047        1.29205217702521
c            2.23186170833467        0.65047859980061        0.51993277157117
o            1.56664328822801       -1.42342052045914       -1.47472780709303
c           -0.39923252480743       -2.01303432640355        0.58220399151980
c            3.40164651778093        1.13339099667002        0.90482057514455
c           -2.29578210107037        0.30852951706137        0.02979068032105
c           -2.55866275613771        0.59354473285444       -1.24137076086732
h           -1.14681286426509        0.36577267602486        1.78473776655995
o           -1.27840745276576       -2.47289131115036       -0.43051427298156
c           -3.40379032308666       -0.14580017553259        0.94706613604436
h           -1.18920544741284        2.63132206906180        0.48763847697994
h            0.20816811587674        2.15909610340515        1.44411028407845
h           -0.01780473326077        2.19475436038161       -1.58775808577700
h            1.12126118133265        3.03883324945126       -0.54086750995505
h            2.24738367836775        1.12605896091280       -1.61123802939254
h           -0.02109999313824       -0.26486952388206       -1.80479820303881
h            1.92369905796131       -1.26196087299255        1.46890105277937
h            1.08936793117501        0.05892460529964        2.27223418645043
h            2.37227904660674       -1.43661273890598       -0.93368808817758
h           -0.89708032046323       -2.07895570817865        1.56462262702296
h            0.42910338452980       -2.73049864980678        0.57796337758150
h            3.84150811615307        0.87811333951540        1.85874191585311
h            3.97193083121055        1.80676630964904        0.28081649419040
h           -3.55613425575085        0.47633948694920       -1.64358797129735
h           -1.82102359162396        0.96709256062461       -1.93232161903059
h           -1.88749579111825       -1.75187254463784       -0.66267629078997
h           -4.34406160757406       -0.26680041868841        0.40897957098188
h           -3.15662257603499       -1.09675086173103        1.42490473405375
h           -3.55914716328198        0.58754602355677        1.74397315228995
35
 energy: -46.160357132090 gnorm: 0.004995650220 xtb: 6.7.1 (edcfbbe)
c            0.14181418753046       -0.58702883508807        0.38482186642712
c           -0.93354582152051        0.48514458002651        0.71592181205877
c           -0.36442705888421        1.91004490325583        0.54479589455868
c            0.55302878045650        2.09968191272090       -0.66063611045746
c            1.53172521516456        0.93016633062813       -0.79705613535911
c            0.73279368661540       -0.35605758128501       -1.02287230456401
c            1.36837617683485       -0.32951123866463        1.28738520225903
c            2.21935447792621        0.64770688039196        0.51484268408777
o            1.55234954460758       -1.41698548221184       -1.47243700565213
c           -0.40024754836936       -2.00875244641292        0.57949786372284
c            3.38549080618953        1.13185259686713        0.89877000194510
c           -2.27716765831222        0.31203036909606        0.03130103591877
c           -2.53683812074801        0.60140672096728       -1.23600149933712
h           -1.13841089417133        0.36247953167405        1.78591828724301
o           -1.28466417073721       -2.44922640159672       -0.42813009553226
c           -3.38193619675640       -0.14945651725716        0.94203340953494
h           -1.19288089651927        2.61872447758804        0.48515457034744
h            0.20794986169281        2.15346266393475        1.44172367554984
h           -0.02267808312069        2.18409765837548       -1.58264883887326
h            1.11170067919888        3.02926053826154       -0.53460210457040
h            2.23779894960232        1.12128557281309       -1.60824882324705
h           -0.03093091757856       -0.26582153639660       -1.79405392579132
h            1.91883382583802       -1.25734609846286        1.45881983854427
h            1.08703607615148        0.05986355188132        2.26527220610535
h            2.34465338268870       -1.44170740335119       -0.91948656297626
h           -0.89078631965830       -2.07687933026515        1.56263540392153
h            0.42345362864232       -2.72820976458498        0.55934114117624
h            3.81964236170899        0.88418117122103        1.85266390506763
h            3.94789111945850        1.81272119775900        0.28305124040522
h           -3.52643946034320        0.47111097310337       -1.64318084660509
h           -1.79829247652935        0.96051723960749       -1.92730586404718
h           -1.89696455657039       -1.72721014604812       -0.63633281372669
h           -4.31564857198328       -0.26812043403269        0.39801545796999
h           -3.13490588835978       -1.09767549759927        1.41661315266847
h           -3.53754936012188        0.58429798470560        1.73291779632417
35
 energy: -46.160479138066 gnorm: 0.003118421015 xtb: 6.7.1 (edcfbbe)
c            0.14315117603374       -0.58687856762286        0.38664758807589
c           -0.93028029348848        0.48325107347168        0.71936451253454
c           -0.36260437531843        1.90838456024035        0.54741599941690
c            0.55079416633920        2.09959032350786       -0.66142062338345
c            1.52764191362573        0.92933724617825       -0.79799982307677
c            0.72935820042912       -0.35769575589182       -1.02295665884244
c            1.37090226366273       -0.33212638845034        1.28620340942575
c            2.21439114003147        0.65129001169493        0.51467200612151
o            1.54656482633646       -1.41733875418368       -1.47397084639546
c           -0.40232034253211       -2.00790769748208        0.57750207140151
c            3.37695499034459        1.14381591206472        0.90111133820578
c           -2.26840508215610        0.30384472462051        0.02847136237063
c           -2.52239034491061        0.59223915119077       -1.24095135639231
h           -1.13647969601358        0.36034220483060        1.78927121265833
o           -1.29497676498933       -2.43667522855445       -0.42602815647865
c           -3.37564924954989       -0.15347507867746        0.93782771776298
h           -1.19368278641766        2.61321059943937        0.48759181380971
h            0.21116111283112        2.15573969783489        1.44209487591057
h           -0.02782885726262        2.18302350176687       -1.58136132966056
h            1.10913170830194        3.02928717311225       -0.53663257025253
h            2.23356016782017        1.11921735174157       -1.60946890366533
h           -0.03801660198533       -0.26754798178580       -1.79080504719289
h            1.92423847272141       -1.25883753767977        1.45475760056877
h            1.09046610953983        0.05439795762889        2.26552670383356
h            2.32966984208983       -1.45378747417399       -0.90859004089528
h           -0.88309183826194       -2.07986751746562        1.56533385739558
h            0.41956228863970       -2.72889540243004        0.54602344296977
h            3.81494147407141        0.88853831933589        1.85132647303076
h            3.94081942872437        1.81956770517893        0.28155068472306
h           -3.51410163115586        0.47793329529916       -1.64723057850017
h           -1.78603615063067        0.97203393534570       -1.92390326815887
h           -1.91216570724817       -1.71322496195590       -0.61556547115608
h           -4.30750879409323       -0.27398367372639        0.39136454819354
h           -3.12715589405866       -1.09958075093528        1.41505390397681
h           -3.53103611144696        0.58282616815361        1.72627706676165
35
 energy: -46.160574467881 gnorm: 0.002824632831 xtb: 6.7.1 (edcfbbe)
c            0.14383107527699       -0.58778989852556        0.38744704758239
c           -0.92806015524518        0.48318359340093        0.72159821765480
c           -0.36001787231327        1.90861272560648        0.55047489964593
c            0.55010718538616        2.10055890875133       -0.66191809649171
c            1.52564257051865        0.92880648188665       -0.79988197234088
c            0.72658696036025       -0.35898671406836       -1.02406359673137
c            1.37442467910187       -0.33592004876514        1.28405978724754
c            2.21425629363145        0.65125714484194        0.51233969775496
o            1.54196620640394       -1.41795971661057       -1.47743029641007
c           -0.40355428139409       -2.00942380290587        0.57603489724524
c            3.37406112497583        1.15081240767842        0.90083416108301
c           -2.26516228149855        0.30877871689330        0.02818472627862
c           -2.51498231363531        0.60123746499205       -1.24212476892086
h           -1.13491194097880        0.35950413722956        1.79168696516738
o           -1.30341488441468       -2.43216590033906       -0.42247931943903
c           -3.37300642815718       -0.15611297713692        0.93355037268105
h           -1.19267041667444        2.61177392726531        0.49294438087153
h            0.21590684573328        2.15738002569084        1.44356612506606
h           -0.03219377587376        2.18504840361542       -1.57973411489394
h            1.10942384665506        3.03011174770263       -0.53894360329831
h            2.23090346613190        1.11746201026966       -1.61250013289100
h           -0.04447086836824       -0.26834821771753       -1.78868506090580
h            1.92996500125534       -1.26242560153271        1.44962814186986
h            1.09633825290936        0.04761253560993        2.26588344271849
h            2.31464055569579       -1.46978335494262       -0.89740700675399
h           -0.87488788967143       -2.08549668642435        1.56881502532767
h            0.41752407476377       -2.73096421713391        0.53491996894369
h            3.80902624811612        0.89937810891843        1.85396515484637
h            3.93260830285072        1.83356623741842        0.28328890296472
h           -3.50274045532519        0.47474030755362       -1.65521843795693
h           -1.77476942237567        0.97806317218083       -1.92308885288497
h           -1.92765483128443       -1.70984259212411       -0.59595048495283
h           -4.30327223944401       -0.28055757782201        0.38494278964902
h           -3.12036432188608       -1.10137810466492        1.41124300917537
h           -3.53149955120299        0.57931549482922        1.72252154619475
35
 energy: -46.160630682038 gnorm: 0.003219548801 xtb: 6.7.1 (edcfbbe)
c            0.14411875439439       -0.59007789578894        0.38659427723237
c           -0.92567894767480        0.48412887106149        0.72184281044870
c           -0.35693854176061        1.91008451152618        0.55294753071501
c            0.55120040108215        2.10135494615134       -0.66175748210575
c            1.52564411948961        0.92843067920866       -0.80281632482859
c            0.72517393572768       -0.35986012987047       -1.02569274541030
c            1.37722302969991       -0.33907323145026        1.28064032016610
c            2.21517149599244        0.65154576371439        0.50964807804272
o            1.53881944247483       -1.41855309404621       -1.48221144166688
c           -0.40325941973962       -2.01272936103382        0.57600758311691
c            3.37023339972339        1.15981910447241        0.90156151623257
c           -2.26276481509050        0.31191489580931        0.02692358928310
c           -2.51012878304426        0.60802979699129       -1.24313703240317
h           -1.13318526943866        0.35992083106722        1.79203133860158
o           -1.31068914976885       -2.43346934702910       -0.41567971565015
c           -3.37189462126791       -0.15888471728334        0.92863896926689
h           -1.18904999838375        2.61462783856641        0.49970352787413
h            0.22175679967956        2.15622554605264        1.44520630632565
h           -0.03343659062824        2.18855176619218       -1.57802746619350
h            1.11249882798048        3.03006447405542       -0.53974868187379
h            2.23055793392249        1.11586959302201       -1.61633645009550
h           -0.04809552576371       -0.26853446828629       -1.78799530808390
h            1.93415904399208       -1.26597039655846        1.44184320737741
h            1.10218580031133        0.04032433411852        2.26545715824955
h            2.29985935813988       -1.48834442726324       -0.88793461185902
h           -0.86584198981474       -2.09129934476386        1.57326147976889
h            0.41715884263243       -2.73452244462295        0.52647207055576
h            3.80250761650324        0.91288575291973        1.85737722661786
h            3.92355811920941        1.84965084417991        0.28664823444466
h           -3.49658541105681        0.48010859528613       -1.65955433752405
h           -1.76839468521632        0.98742755929059       -1.92115516183674
h           -1.94270268616721       -1.71481369868576       -0.57570540840476
h           -4.30010411051572       -0.28861552488743        0.37753723781933
h           -3.11643051205599       -1.10251358058515        1.40903579798938
h           -3.53706710354442        0.57634410009085        1.71687742290427
35
 energy: -46.160667783054 gnorm: 0.002345419601 xtb: 6.7.1 (edcfbbe)
c            0.14519395945220       -0.59152583072243        0.38502060408325
c           -0.92430735887620        0.48389276049995        0.72166585875561
c           -0.35232513738569        1.90887083668752        0.55411225935050
c            0.55351814281378        2.10154371798583       -0.66203852484525
c            1.52591734503736        0.92716478054061       -0.80518543144490
c            0.72410916177062       -0.36094734785571       -1.02792941717878
c            1.38014493373191       -0.34228055532256        1.27746559011259
c            2.21496327993120        0.65305685722941        0.50846807872803
o            1.53627628234060       -1.41968319735900       -1.48739334345452
c           -0.40174138494785       -2.01444509736432        0.57691009549710
c            3.36367455297689        1.17185538154306        0.90475152833349
c           -2.26173144214473        0.31455992606315        0.02563022782767
c           -2.50855125298941        0.61671108293594       -1.24284404592991
h           -1.13238893253067        0.35913724460488        1.79175136004145
o           -1.31619969706967       -2.43603154108504       -0.40759490274006
c           -3.37173296898228       -0.16137693196658        0.92403962964972
h           -1.18265489465104        2.61606689007443        0.50529669691413
h            0.22896396208309        2.15089850382148        1.44596007287943
h           -0.03219834363747        2.19164530108574       -1.57734100939529
h            1.11699035251901        3.02906870213333       -0.53956347293296
h            2.23057775358443        1.11354754707406       -1.61910086750588
h           -0.05004849422667       -0.26857806246120       -1.78900153060566
h            1.93870604516668       -1.26944642637010        1.43293061916247
h            1.10777655618261        0.03216722418912        2.26495539040497
h            2.28686373021267       -1.50548356284471       -0.88302874035514
h           -0.85643993116707       -2.09351605730540        1.57786827599440
h            0.41814836533686       -2.73620440601199        0.52069692025307
h            3.79569717959586        0.92760798105110        1.86133863898040
h            3.91449198130376        1.86387375467744        0.29033039910170
h           -3.49389155952655        0.48818134185726       -1.66176032646381
h           -1.76600104115359        0.99773412113944       -1.91875254240925
h           -1.95589979913345       -1.72266859984062       -0.55698734215746
h           -4.29712830976121       -0.29690461160532        0.36940566802068
h           -3.11406605671892       -1.10273213327835        1.40806319419916
h           -3.54512821911388        0.57428854782099        1.71036390422584
35
 energy: -46.160687823062 gnorm: 0.000987572311 xtb: 6.7.1 (edcfbbe)
c            0.14620755081463       -0.59314355501429        0.38355971863190
c           -0.92295323442557        0.48297564840778        0.72058076591488
c           -0.34841948572917        1.90693768959703        0.55421091497367
c            0.55595012923874        2.10026076320982       -0.66245184045542
c            1.52698164792477        0.92509823472967       -0.80694496206532
c            0.72327943849656       -0.36187193056821       -1.02952149213341
c            1.38237244201934       -0.34505851048462        1.27469184842570
c            2.21538322008548        0.65263626519758        0.50730199928118
o            1.53372339725118       -1.42100836891159       -1.49209177224030
c           -0.39992855413140       -2.01573305173338        0.57852978207523
c            3.35848343959119        1.18006525515633        0.90732900127427
c           -2.26037995904176        0.31412038536527        0.02398454418034
c           -2.50830763572504        0.62222075266191       -1.24249810622456
h           -1.13164192318987        0.35789851851526        1.79035881274666
o           -1.31952559937888       -2.43838991529555       -0.40087263591136
c           -3.37123332913216       -0.16328413565850        0.92061578896055
h           -1.17674857474920        2.61682333600630        0.50885884727502
h            0.23535388793537        2.14495500600175        1.44556670205959
h           -0.02986516664428        2.19282280590335       -1.57733403122637
h            1.12099432055735        3.02664747954644       -0.53857878936941
h            2.23145121636878        1.11038183310225       -1.62107438238123
h           -0.05105255389577       -0.26762244512274       -1.79002280277562
h            1.94194211948072       -1.27243308266622        1.42474496922200
h            1.11198640543566        0.02505881305986        2.26404585405255
h            2.27740515767841       -1.51845027727713       -0.88320625744913
h           -0.84919169989631       -2.09377455706625        1.58173771278974
h            0.41930059124824       -2.73775161776185        0.51806773724631
h            3.78763874905901        0.94395073571263        1.86715283608469
h            3.90475148517555        1.87823388589872        0.29574606328330
h           -3.49445825153623        0.49942095875908       -1.66083530443157
h           -1.76692142392452        1.00904844531974       -1.91627923170778
h           -1.96502775624007       -1.72953058037121       -0.54241691018929
h           -4.29377331908671       -0.30476219775909        0.36253580756796
h           -3.11211266593221       -1.10139634576635        1.40985862528685
h           -3.55208530567865        0.57470190092770        1.70315370232513
35
 energy: -46.160692588617 gnorm: 0.001432535431 xtb: 6.7.1 (edcfbbe)
c            0.14699367587073       -0.59495350637603        0.38230098387535
c           -0.92134475668019        0.48156006068979        0.71957744059461
c           -0.34585883883003        1.90478723086989        0.55336028920245
c            0.55777096720160        2.09815989460535       -0.66350638157552
c            1.52820848016569        0.92279697537975       -0.80782853938317
c            0.72305680859079       -0.36286270593459       -1.03048258605918
c            1.38359628237887       -0.34723322368566        1.27279648092134
c            2.21347654090718        0.65475013317275        0.50856620476300
o            1.53160014591278       -1.42255142903397       -1.49605943291064
c           -0.39874626248651       -2.01683696272203        0.57945869542452
c            3.35063727672897        1.19127900720139        0.91298410509307
c           -2.25907669826198        0.31480382245974        0.02349918717859
c           -2.50920139402522        0.62890720497498       -1.24093404398711
h           -1.13042134743498        0.35654465286756        1.78909789984786
o           -1.32057079363260       -2.43996566488679       -0.39794961370912
c           -3.36990352103424       -0.16421996734441        0.91923344189206
h           -1.17307167098511        2.61595126046800        0.50967867657298
h            0.23949208819528        2.14057539539063        1.44415279455444
h           -0.02737548917247        2.19107391444493       -1.57857544364620
h            1.12314297912287        3.02406965509536       -0.53865552701316
h            2.23330208911957        1.10721217529473       -1.62145514321072
h           -0.05136403867250       -0.26629107439709       -1.79063414360598
h            1.94476828753393       -1.27414677030184        1.41851335777299
h            1.11337311298660        0.01876170625605        2.26329897366065
h            2.27225091197727       -1.52706725791433       -0.88587919049237
h           -0.84587837003465       -2.09344047737434        1.58328203557071
h            0.41966502618746       -2.73954190717881        0.51763991123487
h            3.78217318266587        0.95407599287952        1.87118277202572
h            3.89798532377696        1.88630826245573        0.29947223838559
h           -3.49583903927401        0.50767902209099       -1.65840472748918
h           -1.76864019801354        1.01682922138078       -1.91477744376370
h           -1.96936058153628       -1.73356948081982       -0.53436845088050
h           -4.29000473510783       -0.31203519067424        0.35876714913524
h           -3.10870456183962       -1.09849602892497        1.41415758085888
h           -3.55655212227751        0.57713420121258        1.69699396425844
35
 energy: -46.160698698285 gnorm: 0.000733853847 xtb: 6.7.1 (edcfbbe)
c            0.14721166156602       -0.59491250814805        0.38236333350214
c           -0.92120778440739        0.48123324158447        0.71971698660188
c           -0.34580688067060        1.90439573058312        0.55251551047085
c            0.55807479497347        2.09790679156344       -0.66432279354013
c            1.52853300518419        0.92225764249597       -0.80734400343775
c            0.72338480894896       -0.36318321263926       -1.03051666533114
c            1.38359207516204       -0.34766878105488        1.27340661955144
c            2.21381933499975        0.65349616414999        0.50883467172720
o            1.53125183222709       -1.42323896781738       -1.49653776916882
c           -0.39928904285799       -2.01648438308627        0.57884666366616
c            3.35110907053848        1.18954094119646        0.91317738737801
c           -2.25889492957161        0.31406078820388        0.02383311636657
c           -2.50963437203793        0.62803803882460       -1.24056098547147
h           -1.13001795776997        0.35659393927576        1.78939343224291
o           -1.31955680186574       -2.43936569465761       -0.40028862155561
c           -3.36945433329897       -0.16391351357402        0.92050314506019
h           -1.17352523632986        2.61473286474017        0.50766390804705
h            0.23890419007257        2.14159633888817        1.44329656144231
h           -0.02703176881628        2.18974036780468       -1.57955954294420
h            1.12297024075099        3.02415463958555       -0.54001801340101
h            2.23384112461928        1.10652283138467       -1.62080714549636
h           -0.05124331266771       -0.26583708894650       -1.79050725772610
h            1.94461811487724       -1.27462763955354        1.41908746075242
h            1.11318706076855        0.01831814980000        2.26392274393535
h            2.27396071670535       -1.52613920151706       -0.88792841582086
h           -0.84831792109471       -2.09298407247035        1.58181660742823
h            0.41896644518499       -2.73955684809145        0.51877722289038
h            3.78043355641281        0.95593253370895        1.87338239350073
h            3.89674291629244        1.88767040059603        0.30116292324113
h           -3.49700718156157        0.50812590522925       -1.65677618381216
h           -1.76978319050913        1.01701887906072       -1.91472526929086
h           -1.96725684048022       -1.73207286768779       -0.53779559624845
h           -4.28939950844453       -0.31393811674891        0.36049984912540
h           -3.10715622374679       -1.09665636730288        1.41762824521830
h           -3.55643890313007        0.57929121624163        1.69636299619309
35
 energy: -46.160702365336 gnorm: 0.000456286818 xtb: 6.7.1 (edcfbbe)
c            0.14709353106635       -0.59542940535993        0.38264457763873
c           -0.92066237217578        0.48158874191147        0.71945699403894
c           -0.34596478472453        1.90512194440168        0.55150062381135
c            0.55847204564512        2.09718591490744       -0.66539417677686
c            1.52932874404209        0.92150048655830       -0.80715371898171
c            0.72358104307032       -0.36366470458819       -1.03026810636839
c            1.38360140156928       -0.34863685611856        1.27373463478254
c            2.21391948804709        0.65287616786417        0.50953173559193
o            1.53054468122919       -1.42421650951617       -1.49628727540623
c           -0.40048754311493       -2.01685980171237        0.57791704370834
c            3.35074774987128        1.18956646281211        0.91467963901843
c           -2.25877064617246        0.31398457943502        0.02449384670610
c           -2.51027110041015        0.62770785828155       -1.23986856698027
h           -1.12877738674009        0.35753566030746        1.78939895160332
o           -1.31887014258394       -2.43879571131209       -0.40357795014889
c           -3.36870772368849       -0.16354708429222        0.92235034694357
h           -1.17419023834936        2.61481263085087        0.50531709594802
h            0.23823188682529        2.14384926515958        1.44224855933417
h           -0.02664874974074        2.18790261959328       -1.58079666285338
h            1.12308340913335        3.02372125629425       -0.54212933021485
h            2.23537345561231        1.10540921724031       -1.62018238020867
h           -0.05154673573661       -0.26594413976314       -1.78982024301143
h            1.94467486806457       -1.27568577198744        1.41916515078017
h            1.11304897310559        0.01690941984689        2.26453065476713
h            2.27668258440065       -1.52351906058949       -0.89092056845808
h           -0.85213069899702       -2.09344191645749        1.57986871586234
h            0.41762681544867       -2.74042924509478        0.51988561245698
h            3.77874058181687        0.95713974032847        1.87583755430790
h            3.89570317412668        1.88913739436279        0.30346520788551
h           -3.49805263866800        0.50732534620525       -1.65508625179824
h           -1.77099273457465        1.01672429425168       -1.91472497175853
h           -1.96512262125467       -1.73017284813601       -0.54253617150194
h           -4.28824445718430       -0.31787242338976        0.36285717256476
h           -3.10400060095411       -1.09385672051865        1.42281898263813
h           -3.55743449798173        0.58212133984528        1.69554678917591
35
 energy: -46.160702086308 gnorm: 0.000900774866 xtb: 6.7.1 (edcfbbe)
c            0.14697423233067       -0.59594854127345        0.38292632426510
c           -0.92011362050607        0.48194696439945        0.71919726033137
c           -0.34612141676589        1.90585157622845        0.55047694328313
c            0.55887357375806        2.09646086538387       -0.66647430169962
c            1.53012932389761        0.92073786199159       -0.80696242916913
c            0.72377955580312       -0.36415019035690       -1.03001909318397
c            1.38360942000772       -0.34961195354053        1.27406425429069
c            2.21401734917325        0.65225430451953        0.51023506426626
o            1.52983517725573       -1.42520087423535       -1.49603485227407
c           -0.40169578890234       -2.01723579755768        0.57698056261888
c            3.35037835783372        1.18959784374107        0.91619626467402
c           -2.25864593864295        0.31390843873677        0.02516108997637
c           -2.51091285468428        0.62737527424209       -1.23916947934192
h           -1.12752867559323        0.35848532339650        1.78940661709644
o           -1.31818032636313       -2.43822051803117       -0.40688941456275
c           -3.36795535577808       -0.16317941749109        0.92421163158911
h           -1.17485643923559        2.61489246248987        0.50295259707336
h            0.23755725359328        2.14611553269695        1.44119162594026
h           -0.02626100010779        2.18605240485471       -1.58204384495127
h            1.12319918325242        3.02328566544805       -0.54425659799885
h            2.23691616541881        1.10428741412560       -1.61955290166793
h           -0.05184974179751       -0.26605257236628       -1.78913085300712
h            1.94473037106692       -1.27675194947868        1.41924061771220
h            1.11290944900025        0.01548947559057        2.26514238354461
h            2.27942627090884       -1.52087813491777       -0.89393327156380
h           -0.85597066692850       -2.09390079365249        1.57790698048533
h            0.41627627311390       -2.74130539426840        0.52100056918419
h            3.77703466934246        0.95835213796478        1.87830903612455
h            3.89465601572744        1.89061133132470        0.30578390172317
h           -3.49910531492923        0.50651806564841       -1.65338371164032
h           -1.77221095506330        1.01642573436123       -1.91472302100706
h           -1.96297529139126       -1.72825935908500       -0.54731077088346
h           -4.28707943333257       -0.32183861300887        0.36523088758667
h           -3.10082092967056       -1.09103698998227        1.42804930054900
h           -3.55844013176876        0.58497056372331        1.69472414573339
35
 energy: -46.160705178034 gnorm: 0.000444299671 xtb: 6.7.1 (edcfbbe)
c            0.14710861260460       -0.59609377122183        0.38221853971267
c           -0.91963536784109        0.48185697335701        0.71964925418807
c           -0.34451405701666        1.90507144393679        0.54980990244889
c            0.55994616570230        2.09633408570808       -0.66726824412996
c            1.53020621914538        0.91998799452485       -0.80744831334234
c            0.72385551704369       -0.36478646951306       -1.03078483499663
c            1.38373978075014       -0.35060150827397        1.27330181531231
c            2.21323971735707        0.65255598144156        0.51039632393276
o            1.52956966015397       -1.42584025046804       -1.49739637684953
c           -0.40202439127414       -2.01708428404830        0.57684752413517
c            3.34741241261767        1.19308289645794        0.91813838353436
c           -2.25824211817969        0.31437689623218        0.02561017330864
c           -2.51083834968585        0.62905864990603       -1.23832433341145
h           -1.12704852112543        0.35883317507778        1.78989447840945
o           -1.31931625016942       -2.43813830188818       -0.40602905889330
c           -3.36728776164249       -0.16394674643189        0.92415888284865
h           -1.17277511903461        2.61465398862966        0.50285176896863
h            0.23956010128224        2.14471092223793        1.44039381223993
h           -0.02514708937477        2.18610647582798       -1.58276910487558
h            1.12470648379321        3.02291845599463       -0.54495898760161
h            2.23723155033688        1.10301395451607       -1.61981838908639
h           -0.05167116797183       -0.26604779258919       -1.78980228796300
h            1.94521037073973       -1.27784715958413        1.41635952203685
h            1.11381961162826        0.01285067631897        2.26511493992293
h            2.27799077873749       -1.52355654321415       -0.89409764580870
h           -0.85525751658391       -2.09361383734823        1.57817371754819
h            0.41565233568461       -2.74127693411151        0.51998687599281
h            3.77389598835631        0.96209615536812        1.88028358955499
h            3.89154449725252        1.89409110652697        0.30790774765550
h           -3.49895964404696        0.50843891900217       -1.65271006017078
h           -1.77225538129340        1.01851239155894       -1.91365346108872
h           -1.96537902846095       -1.72921556978654       -0.54493310773881
h           -4.28517482696699       -0.32630597432613        0.36415084531100
h           -3.09846573359854       -1.08973933417814        1.43079364765279
h           -3.56111871889618        0.58559147598120        1.69245597633901
35
 energy: -46.160706229578 gnorm: 0.000219016588 xtb: 6.7.1 (edcfbbe)
c            0.14712192341487       -0.59624998534325        0.38187256447197
c           -0.91909452529888        0.48224419282392        0.71917076788884
c           -0.34337083265437        1.90510054718531        0.54918449665241
c            0.56076520123119        2.09590326274561       -0.66800399754619
c            1.53054815037423        0.91935031446880       -0.80785436891383
c            0.72372384001700       -0.36505979715705       -1.03115567401900
c            1.38404241283649       -0.35173878781185        1.27252671763143
c            2.21271323319263        0.65273863158344        0.51061862044557
o            1.52936057097477       -1.42624234520432       -1.49750727751477
c           -0.40258143748700       -2.01700207016741        0.57652574268242
c            3.34499461421209        1.19566545024983        0.91996995839151
c           -2.25802471325649        0.31454341056325        0.02590707696918
c           -2.51110851388418        0.62979644876357       -1.23772070732488
h           -1.12611014918898        0.35958462940582        1.78943724734435
o           -1.32081516664135       -2.43763007824712       -0.40546449550175
c           -3.36656805052468       -0.16459926783121        0.92445497469159
h           -1.17111628353764        2.61532746444214        0.50275918932158
h            0.24129355812702        2.14408093248569        1.43956187689320
h           -0.02413377789034        2.18606442242875       -1.58355576707933
h            1.12602074292137        3.02215508305000       -0.54551795630025
h            2.23785066570998        1.10172873972702       -1.62007316294397
h           -0.05151968447778       -0.26612595421866       -1.79039232421346
h            1.94576661081554       -1.27908977387350        1.41367639774959
h            1.11480578082634        0.01021192103928        2.26491879182564
h            2.27735928809594       -1.52432425837935       -0.89411277264037
h           -0.85473197538962       -2.09335308537864        1.57823239680556
h            0.41470316813088       -2.74145589245720        0.51863425258345
h            3.77093010844543        0.96489254061459        1.88234813715465
h            3.88913305128939        1.89682836049452        0.31015893973317
h           -3.49906633869481        0.50882542017681       -1.65230384802320
h           -1.77274088126310        1.02011358038377       -1.91274571456759
h           -1.96769914560051       -1.72937451269108       -0.54322561717195
h           -4.28336083592018       -0.33058290620511        0.36385231045368
h           -3.09606963114192       -1.08835540249345        1.43362484639548
h           -3.56344221774019        0.58607690644868        1.69070189277212
35
 energy: -46.160706160845 gnorm: 0.000376884775 xtb: 6.7.1 (edcfbbe)
c            0.14703413651397       -0.59633766189393        0.38154212591933
c           -0.91877340782774        0.48252160531435        0.71901962066164
c           -0.34273309713611        1.90517112850478        0.54876936209185
c            0.56126760638953        2.09575574389028       -0.66847880620844
c            1.53075844373466        0.91902519130070       -0.80814387089551
c            0.72374630969744       -0.36523281727134       -1.03142791806030
c            1.38411266312612       -0.35238309759706        1.27199836361640
c            2.21259372288481        0.65252675150779        0.51053199641891
o            1.52938538664427       -1.42654001518818       -1.49757310290100
c           -0.40300156257147       -2.01695814643058        0.57623079046550
c            3.34393184056866        1.19657229086691        0.92077394187987
c           -2.25788453879564        0.31473543965082        0.02616621132759
c           -2.51119634485169        0.63014862627417       -1.23736037060592
h           -1.12549712227916        0.36009482656033        1.78933606033572
o           -1.32202268324576       -2.43722158204464       -0.40506935917070
c           -3.36611771777625       -0.16499455684706        0.92471488602384
h           -1.17018841215467        2.61576640396911        0.50269398509006
h            0.24229293526101        2.14377076111538        1.43901223874559
h           -0.02355144200729        2.18617156140127       -1.58405380058118
h            1.12683271144103        3.02180710936534       -0.54589411777823
h            2.23820002180249        1.10102797726033       -1.62030304801533
h           -0.05129310732346       -0.26624657197185       -1.79084998975248
h            1.94591852158706       -1.27982682912464        1.41204032351606
h            1.11529359287318        0.00867165722957        2.26476757785322
h            2.27707898656896       -1.52483179821560       -0.89392760099266
h           -0.85425707878146       -2.09327671276583        1.57829303879186
h            0.41404379868447       -2.74157358159072        0.51745855360200
h            3.76892561685729        0.96677922391069        1.88382441448481
h            3.88751787071986        1.89899284064099        0.31186137841719
h           -3.49901256266959        0.50884336678993       -1.65215022632636
h           -1.77284520352939        1.02077336625954       -1.91221034870730
h           -1.96940163922815       -1.72928067832942       -0.54197800596400
h           -4.28229885197005       -0.33307279623767        0.36378785631911
h           -3.09456995416292       -1.08762097528771        1.43525604632399
h           -3.56471067902088        0.58629009060556        1.68984530917171
35
 energy: -46.160706595501 gnorm: 0.000122095528 xtb: 6.7.1 (edcfbbe)
c            0.14679259288051       -0.59637202205684        0.38149762926669
c           -0.91877903590931        0.48271320505025        0.71925173759510
c           -0.34295056596030        1.90546340199528        0.54841257715979
c            0.56132532027596        2.09580524597560       -0.66878667011373
c            1.53091928661218        0.91902829356119       -0.80811334116880
c            0.72396128086150       -0.36531891264419       -1.03137451100768
c            1.38381613761574       -0.35242388134873        1.27208110022406
c            2.21243768315945        0.65266665319844        0.51081535826041
o            1.52965172007445       -1.42674377909674       -1.49720433707117
c           -0.40347361184238       -2.01700965139297        0.57588030099764
c            3.34384366794939        1.19660324060089        0.92133336178075
c           -2.25791748548342        0.31466856686271        0.02648167776324
c           -2.51130392392305        0.62956926455697       -1.23720954540366
h           -1.12537235465843        0.36052792831615        1.78968621419075
o           -1.32202300047851       -2.43692206750677       -0.40603392731721
c           -3.36595339876778       -0.16490372976533        0.92542268090916
h           -1.17062103792020        2.61579774395598        0.50185328071764
h            0.24183596934259        2.14466408648938        1.43866641493354
h           -0.02350274618627        2.18573283926579       -1.58443140468372
h            1.12668256847614        3.02206512750671       -0.54662983570045
h            2.23864380858394        1.10105756149612       -1.62007410604770
h           -0.05110590390120       -0.26654233805324       -1.79082008181049
h            1.94556672858828       -1.27991102748832        1.41222601812953
h            1.11487214661324        0.00861314658465        2.26489562888901
h            2.27850319084671       -1.52332322696119       -0.89451329723212
h           -0.85536339676262       -2.09355076701925        1.57772285788125
h            0.41358295633086       -2.74169288677104        0.51747019055558
h            3.76907395249705        0.96564878746853        1.88399088029668
h            3.88805197923320        1.89832916007290        0.31221921095387
h           -3.49921543633592        0.50817925079089       -1.65179106030876
h           -1.77298671427184        1.02000679854184       -1.91223242707817
h           -1.96877713432613       -1.72841087738044       -0.54354855792385
h           -4.28211974754195       -0.33392584269938        0.36471603161449
h           -3.09378433911565       -1.08702055003567        1.43665896070869
h           -3.56473239653309        0.58697939955146        1.68998450513650
35
 energy: -46.160706656839 gnorm: 0.000072364992 xtb: 6.7.1 (edcfbbe)
c            0.14683768727562       -0.59633683813918        0.38148418876838
c           -0.91877025593966        0.48275720874283        0.71905590800889
c           -0.34304391941644        1.90556509402190        0.54825875538189
c            0.56128784757256        2.09575684515582       -0.66894537463165
c            1.53099054259728        0.91901021878674       -0.80801312957443
c            0.72403071478196       -0.36530122517286       -1.03138844251111
c            1.38381029141403       -0.35251254637690        1.27222478903500
c            2.21242617511963        0.65261150383117        0.51097105799755
o            1.52980353596961       -1.42678177061986       -1.49703821238251
c           -0.40354005320585       -2.01696426033231        0.57563530588097
c            3.34392777404615        1.19635866962317        0.92155532207322
c           -2.25802675544380        0.31468868987134        0.02653087678947
c           -2.51153179869404        0.62939513330938       -1.23718168684128
h           -1.12523164548313        0.36061640703159        1.78952481909608
o           -1.32212851264622       -2.43676326002659       -0.40632048565928
c           -3.36594361738747       -0.16477353688266        0.92573810458668
h           -1.17081015056178        2.61576672489103        0.50143420239261
h            0.24160149658472        2.14499987624746        1.43854897504281
h           -0.02349856857337        2.18546749895792       -1.58464800135184
h            1.12654191346259        3.02208838881929       -0.54691156824286
h            2.23880851111801        1.10108188428222       -1.61989186513966
h           -0.05096439243665       -0.26661234149364       -1.79093758245923
h            1.94553253598736       -1.28002894255157        1.41238752672253
h            1.11478032161245        0.00853373551072        2.26503325644514
h            2.27911093759565       -1.52262468723429       -0.89473173632357
h           -0.85549425278351       -2.09363119982121        1.57745641802461
h            0.41348288358430       -2.74168445931543        0.51719040500866
h            3.76899808297817        0.96538728010448        1.88429645653096
h            3.88830043851185        1.89802155548368        0.31250971345909
h           -3.49945468776995        0.50778826372237       -1.65165263351140
h           -1.77323883162041        1.01967260124768       -1.91231839995271
h           -1.96863734101738       -1.72801842609042       -0.54391606401141
h           -4.28216980941748       -0.33415591907738        0.36522909608354
h           -3.09350926631825       -1.08668527758827        1.43724056199167
h           -3.56469907147344        0.58735525270337        1.69009295837003
