35
 energy: -46.153163156532 gnorm: 0.051137313291 xtb: 6.7.1 (edcfbbe)
c            0.08713646659033       -0.66929024457546        0.09133958570111
c           -0.98984114160265        0.30815904223559        0.71695873240200
c           -0.39348738649934        1.73773654601389        0.90514858476966
c            0.48656430195156        2.22869044847920       -0.26608828156261
c            1.45237607776941        1.11811337087943       -0.75948123323225
c            0.62675472671687       -0.08911671380459       -1.25552189057461
c            1.37626366034051       -0.62977983766362        0.98412821461424
c            2.22276849370534        0.51021748390761        0.40939819777354
o            1.41796955066697       -1.01979774598540       -2.01311716826968
c           -0.45952106018115       -2.09281333636352       -0.06119035215746
c            3.43500134137345        0.88824383327123        0.83092254151320
c           -2.36705403254005        0.31001113339661        0.03593617278641
c           -3.35677615042585       -0.44543744572201        0.54358045380402
h           -1.17110610267811       -0.08984778848934        1.72679338457136
o           -0.79708511592424       -2.59685213684830        1.24248317051298
c           -2.64953536821025        1.20646394527815       -1.15785286231353
h           -1.20374620564120        2.45875491718412        1.09896193080197
h            0.22074889884644        1.73305536238035        1.81968577310061
h           -0.13067782439058        2.55923580366322       -1.11738409063964
h            1.07149159415300        3.10466319554280        0.05845429968831
h            2.11283107627107        1.51785983054372       -1.54494697056658
h           -0.17565049612509        0.20292771839399       -1.94456358166743
h            1.92179419839680       -1.58628734722664        0.91784687635276
h            1.14533588191761       -0.48188844181155        2.04979763597862
h            2.25579438211969       -1.18695878516256       -1.53290882111748
h            0.31176558050251       -2.72444864508360       -0.53604739214725
h           -1.34285491496123       -2.08853868810048       -0.72584386140538
h            3.92738356080448        0.40732177500605        1.68016418918724
h            3.98309669135513        1.69880714311748        0.34393070677780
h           -4.35656320152209       -0.45354157045916        0.10221513782133
h           -3.19991984152242       -1.09183217965233        1.40910109667263
h           -1.14206951771778       -3.50481404227355        1.12968323496658
h           -2.44540844724157        2.26465862373003       -0.92843677008193
h           -2.03739341077197        0.95018071580480       -2.03614468418178
h           -3.70486526308323        1.12941954276842       -1.45784072656954
35
 energy: -46.159389549767 gnorm: 0.015084547144 xtb: 6.7.1 (edcfbbe)
c            0.09072079597140       -0.64897999503991        0.09352944273760
c           -0.98256508175870        0.30991450682095        0.70645958534112
c           -0.38459121576836        1.72332950272957        0.89174040151646
c            0.48640970865755        2.21381975848462       -0.26875894975703
c            1.44642586695589        1.11267602869751       -0.74935345049241
c            0.61847229954135       -0.07962680907036       -1.24604983005156
c            1.36833562487202       -0.61774558582027        0.97551576415101
c            2.20514525615662        0.51382223391051        0.41469828367209
o            1.39962682735160       -1.00773758403200       -1.99207790153478
c           -0.45566753097982       -2.06985669785868       -0.05562186969735
c            3.40615049277202        0.88248227326298        0.82927600041674
c           -2.34767060408462        0.30572448593599        0.02747078306408
c           -3.32585625485081       -0.43964055826831        0.53259274822433
h           -1.16586844995652       -0.09416841432895        1.70951985401511
o           -0.79048710266133       -2.58814961044301        1.22997634402657
c           -2.63542069789979        1.19992430167931       -1.14869003822925
h           -1.19651362695305        2.43461570304245        1.07285548741715
h            0.22918185960338        1.71743452151435        1.79795470690042
h           -0.12838945777804        2.53446855106968       -1.11440441129026
h            1.06811747192316        3.08043612903825        0.06239954711158
h            2.10668917308267        1.50630040259681       -1.52859002710389
h           -0.17985321155968        0.20229430677711       -1.93334720747735
h            1.90662317988220       -1.56904759594477        0.90145808648544
h            1.13397079380508       -0.47346318973153        2.03180650304967
h            2.22697637082712       -1.17072279248738       -1.51116840702764
h            0.30695456382154       -2.70689792997147       -0.52678705616253
h           -1.34281027164486       -2.06482140086530       -0.70480889334280
h            3.89763969015106        0.40319356707832        1.66437158866568
h            3.95120840927515        1.68453551948882        0.35139540622622
h           -4.31786275612648       -0.44972798218059        0.10138439265165
h           -3.17685853114267       -1.07497018619144        1.39343294854604
h           -1.13561390518109       -3.48553715670005        1.11312979618594
h           -2.43512213590617        2.24600526494896       -0.90852617216360
h           -2.03109032423093        0.93679224519846       -2.01826565449455
h           -3.68488622372454        1.11659966903395       -1.43535656827065
35
 energy: -46.160141660178 gnorm: 0.004487392965 xtb: 6.7.1 (edcfbbe)
c            0.08737782195986       -0.64248612074535        0.09109321461421
c           -0.97168518851719        0.31212261272067        0.70766400423644
c           -0.38139973121219        1.72242102548240        0.88935113741922
c            0.48316808922074        2.20867977697765       -0.27284876091330
c            1.43913163471506        1.11063416791275       -0.75027571285852
c            0.61379542734862       -0.07932614016235       -1.24394624039831
c            1.35698318783654       -0.61357505395018        0.96951795271853
c            2.19020472992346        0.51148650623092        0.41105837296213
o            1.39011912676345       -1.00513868023848       -1.98326752638324
c           -0.46183718043788       -2.06050184137857       -0.05743590732608
c            3.38742261057662        0.87898273469010        0.82809111389107
c           -2.33068334343389        0.30766952064773        0.03109827302262
c           -3.30269264987998       -0.44044249975802        0.53471381789439
h           -1.15671780430312       -0.09435321562324        1.70833763950691
o           -0.78586674118677       -2.57874453080381        1.22391544562505
c           -2.61655846426889        1.19608458498060       -1.14383036978675
h           -1.19258810855471        2.43012542319509        1.06942731070193
h            0.23657127601340        1.71471178138874        1.78868893195836
h           -0.13103875356285        2.52193841733391       -1.11696706383111
h            1.06285903729859        3.07300098986130        0.05800933499384
h            2.10273513177610        1.50019188902538       -1.52570631503699
h           -0.18250944675059        0.20162030871255       -1.92977704696631
h            1.89175732635798       -1.56289803881639        0.89175741695409
h            1.12086464712455       -0.47233899129369        2.02299325439663
h            2.20738406071813       -1.16949308239092       -1.49437141687747
h            0.29778257850553       -2.69338598878556       -0.53540401120756
h           -1.35229053217945       -2.04426692477885       -0.69830057884203
h            3.87111302174305        0.40552788460970        1.66570335250354
h            3.92845734654603        1.68398777670950        0.36000563976476
h           -4.28812716600004       -0.46367982607735        0.09875945592426
h           -3.15074140902490       -1.08186755990090        1.38576805084626
h           -1.13483313483991       -3.46991979047266        1.10968920579885
h           -2.41684798373299        2.23692896558873       -0.90023398846012
h           -2.01567747301178        0.92987549811789       -2.01017688680087
h           -3.66411094108823        1.10970390336524       -1.42393986673520
35
 energy: -46.160233635562 gnorm: 0.002323859326 xtb: 6.7.1 (edcfbbe)
c            0.08656645983681       -0.64001835996707        0.09061501763210
c           -0.96912154844390        0.31389883497546        0.70892075041211
c           -0.37761215412948        1.72374090033528        0.88912015139712
c            0.48247418560151        2.20976294972598       -0.27737700104019
c            1.43788786282392        1.11021277201857       -0.75169142951864
c            0.61222733961440       -0.07971226240602       -1.24556217173648
c            1.35650424459143       -0.61595041080844        0.96704813478284
c            2.18531012237743        0.51378911317325        0.41334424990513
o            1.38830325402700       -1.00660292956276       -1.98091856270623
c           -0.46818989861839       -2.05610927427367       -0.05879050731610
c            3.37951708985325        0.88607474690870        0.83680145876645
c           -2.32603498697196        0.30414091833457        0.03060531642317
c           -3.29345388668697       -0.45332206895314        0.53041658092853
h           -1.15223176038408       -0.09272314722995        1.71004392633677
o           -0.78405119123464       -2.57621566808520        1.22210425129212
c           -2.61197030383012        1.19571951421340       -1.14185337060975
h           -1.18877859770557        2.43051008839806        1.07089198002310
h            0.24415606318114        1.71837783072964        1.78583485919072
h           -0.13444172157302        2.51897421446268       -1.12093417557445
h            1.06169587871512        3.07574901504154        0.04959129170010
h            2.10351885240204        1.49790574105193       -1.52639515363894
h           -0.18391792715871        0.20127186399112       -1.93206005642384
h            1.89235830159824       -1.56464312737805        0.88683780973507
h            1.11930861334590       -0.47866365579997        2.02097493470295
h            2.20007382038303       -1.17507099871947       -1.48445446627821
h            0.28695752140419       -2.68772342502837       -0.54560650288070
h           -1.36208380778796       -2.03399325510316       -0.69486131792204
h            3.86341794080176        0.40640306796078        1.67095756579146
h            3.92351162499378        1.68684562856409        0.36507194048815
h           -4.28085267184714       -0.47487430948137        0.09891483652274
h           -3.14072982309917       -1.08445949367607        1.38936439696405
h           -1.13834224289788       -3.46503682018392        1.10825622384637
h           -2.41034020027438        2.23570193267111       -0.89623298625490
h           -2.01076009930469        0.92978785579929       -2.00784159416621
h           -3.65935535116052        1.10952770067570       -1.42197514746512
35
 energy: -46.160322023740 gnorm: 0.002824679466 xtb: 6.7.1 (edcfbbe)
c            0.08490032668329       -0.63810550669004        0.08970140243641
c           -0.96546884794310        0.31817292865661        0.71102461263944
c           -0.37169507998044        1.72774203580027        0.88788641768260
c            0.48285838630623        2.21173066665114       -0.28497696489628
c            1.43825263889995        1.10957684659675       -0.75456911958549
c            0.61138503258975       -0.08080610801079       -1.24789348950508
c            1.35685618072396       -0.62033012380232        0.96262299587869
c            2.18265246005366        0.51374019418324        0.41337598537731
o            1.38716184370114       -1.00964287560342       -1.97864881109638
c           -0.47817474652068       -2.05166356588393       -0.06085544710803
c            3.37276985744695        0.89208249088257        0.84593604318844
c           -2.32291263824893        0.30594831223613        0.03540103885965
c           -3.28416703835811       -0.46289181927937        0.53186925032213
h           -1.14449461067745       -0.08652361778453        1.71398232454580
o           -0.78076764321439       -2.57562765637794        1.21980934326255
c           -2.60899170085619        1.19677132166624       -1.13781912588861
h           -1.18183432455044        2.43456399617964        1.07391481658703
h            0.25633835253603        1.72407703286688        1.78056445857075
h           -0.13860692221099        2.51503719893579       -1.12764792180172
h            1.06135493328773        3.08093190857673        0.03514305814791
h            2.10654081494780        1.49408461119624       -1.52894234434185
h           -0.18417249983346        0.20067267087995       -1.93569625077630
h            1.89341531155280       -1.56869424003862        0.87740357424849
h            1.12030577649608       -0.48952362733565        2.01813958408348
h            2.19004474427352       -1.18752119189955       -1.47007581911424
h            0.26851335185149       -2.68252243558440       -0.56259796477492
h           -1.37861691251270       -2.02066950139488       -0.68804989754946
h            3.84899449253581        0.41478971319209        1.68646683332163
h            3.91347596644806        1.69955235171745        0.38104011283143
h           -4.26861436678683       -0.49988738885219        0.09326067653380
h           -3.12245204792618       -1.09797608075065        1.38694494274602
h           -1.14535186066023       -3.46057447424218        1.10620519604973
h           -2.40273322431164        2.23605571344250       -0.89245287450025
h           -2.00850932777419        0.92839019181368       -2.00396526711548
h           -3.65673567552605        1.11231551043105       -1.41734013594986
35
 energy: -46.160370504720 gnorm: 0.002813639986 xtb: 6.7.1 (edcfbbe)
c            0.08377682670194       -0.63867695612090        0.08798626657041
c           -0.96251215289621        0.32223792315032        0.71172825767989
c           -0.36767412416574        1.73218363904600        0.88500223057514
c            0.48476079775004        2.21254371834719       -0.29112045684529
c            1.44065218854144        1.10881157235077       -0.75691289774910
c            0.61311479587044       -0.08222070786109       -1.24949591371672
c            1.35703478080500       -0.62315436229851        0.95934572514807
c            2.18183377635711        0.51459864196923        0.41456142430507
o            1.38877696556092       -1.01261859991759       -1.97835072883532
c           -0.48406685534704       -2.05088349376032       -0.06286176967512
c            3.36644557087956        0.89972249703420        0.85653965688126
c           -2.32110642239246        0.30669161861501        0.03779502004780
c           -3.27688365182173       -0.47154033905690        0.53035256260897
h           -1.13931741823189       -0.07942570553583        1.71651073972690
o           -0.77666369695861       -2.57899070214507        1.21794600286319
c           -2.61133288136078        1.19917907989085       -1.13315201929105
h           -1.17584244051951        2.44080583697395        1.07448575008433
h            0.26424634317971        1.72760624368475        1.77512796196435
h           -0.13857245923712        2.51107979767258       -1.13420259131581
h            1.06224342380070        3.08453991855928        0.02368484370996
h            2.11139242330388        1.49044147008700       -1.53080703343098
h           -0.18109212986486        0.19960529559976       -1.93883256194701
h            1.89398095706569       -1.57098714781040        0.86780651671720
h            1.12289911555265       -0.49891387183876        2.01652682249429
h            2.18441678798565       -1.20060479891081       -1.46130907719477
h            0.25536466944748       -2.68217753248273       -0.57537114418217
h           -1.39037257572723       -2.01417174459149       -0.68167660607631
h            3.83812224698732        0.42330364019080        1.70027661213235
h            3.90549172001220        1.71159202608398        0.39723799454178
h           -4.26149234937105       -0.51316414630292        0.09270224302145
h           -3.10911199237699       -1.10850212024184        1.38305885779543
h           -1.15065592119684       -3.46046320777344        1.10432298937077
h           -2.40213377348744        2.23810838332509       -0.88833631656937
h           -2.01405933306662        0.92982553577932       -2.00159493964312
h           -3.66014220933738        1.11689408066305       -1.40981318845698
35
 energy: -46.160406144808 gnorm: 0.001783602607 xtb: 6.7.1 (edcfbbe)
c            0.08406034564189       -0.63940232120568        0.08674473741999
c           -0.96044707404033        0.32529758695249        0.71116862929362
c           -0.36277226007738        1.73456979159207        0.88028699675872
c            0.48757172518677        2.21222278966222       -0.29769177545475
c            1.44344251432413        1.10665523828842       -0.75868941570204
c            0.61437420115669       -0.08369352168614       -1.25094944363824
c            1.35838031298980       -0.62677218614572        0.95695784350265
c            2.18114340802550        0.51537836176209        0.41694626430511
o            1.38919108186473       -1.01559451287344       -1.97974599207164
c           -0.48718639454070       -2.05019654227591       -0.06433600155276
c            3.35879972137449        0.90891680959237        0.86912231504696
c           -2.32102396709209        0.30877309871536        0.04025684763214
c           -3.27226923128790       -0.47656117145238        0.52934355847739
h           -1.13553373991164       -0.07312431043780        1.71753406116741
o           -0.77069268253242       -2.58340970546547        1.21679286589950
c           -2.61556072887391        1.20326690994852       -1.12774801711485
h           -1.16879961479941        2.44532939018108        1.07173419482754
h            0.27131953213474        1.72884959562955        1.76892119202558
h           -0.13630707357745        2.50653104587395       -1.14182334722975
h            1.06424852950405        3.08628183388612        0.01300232660462
h            2.11636361847481        1.48520139865546       -1.53207691253264
h           -0.17884093407480        0.19883572629667       -1.94113825138008
h            1.89620300201250       -1.57345184617431        0.85740366241076
h            1.12742075031630       -0.50967946611560        2.01555756636646
h            2.17894724313073       -1.21375132167247       -1.45783037759769
h            0.24624461393749       -2.68157363390642       -0.58502996355834
h           -1.39873479084969       -2.00994615607697       -0.67495731209318
h            3.82688527503301        0.43525850837225        1.71624968803559
h            3.89678995469372        1.72391030130749        0.41460284367664
h           -4.25648186090952       -0.52279821517343        0.09196086809177
h           -3.09915322312224       -1.11865230607025        1.37703849646117
h           -1.15378762357259       -3.46110627701216        1.10263447321709
h           -2.40347181949875        2.24185469973210       -0.88426517238586
h           -2.02288265092149        0.93243912216807       -1.99924224084689
h           -3.66591915767695        1.12341676750246       -1.39957397475237
35
 energy: -46.160429866428 gnorm: 0.001461612475 xtb: 6.7.1 (edcfbbe)
c            0.08486112566013       -0.64155557707072        0.08498138606584
c           -0.95763129634570        0.32723229553045        0.70918671015428
c           -0.35744373609060        1.73579142840500        0.87383135156787
c            0.49158035291118        2.20953630634991       -0.30551294879115
c            1.44734221962341        1.10220496473245       -0.76146838411235
c            0.61532400499207       -0.08625454766382       -1.25243049512627
c            1.35979620137286       -0.63120295935398        0.95392446047424
c            2.18043202684932        0.51502252421658        0.41907298301450
o            1.38697354138879       -1.01962056705987       -1.98420072532847
c           -0.48776462716490       -2.05112849898384       -0.06577671106446
c            3.34855478287186        0.92004959711123        0.88433904078839
c           -2.31975542545404        0.30980569573333        0.04074138510691
c           -3.26710820486660       -0.48175847201026        0.52630424956388
h           -1.13153815658990       -0.06837401972835        1.71664883609724
o           -0.76194842191971       -2.58925378389605        1.21652370570245
c           -2.62058699914926        1.21017397912196       -1.12079246170437
h           -1.16143926064031        2.44875623576496        1.06582413170203
h            0.27825775247070        1.72957248902748        1.76124767502749
h           -0.13194659807332        2.50014500782802       -1.15105003433616
h            1.06776151848010        3.08492115245611        0.00193092338919
h            2.12294973273665        1.47659033624386       -1.53426404121204
h           -0.17799031617095        0.19800910669733       -1.94164118519675
h            1.89889796024661       -1.57598878567080        0.84477432692932
h            1.13176810137242       -0.52263163266100        2.01354359308481
h            2.17262814287188       -1.22826639576516       -1.46179186288188
h            0.24125257811158       -2.68178746203161       -0.59227433964031
h           -1.40403457591370       -2.00964005825917       -0.66801640318231
h            3.81071103248304        0.45524977875810        1.73955809648372
h            3.88340332639742        1.74161933508111        0.43810379329421
h           -4.25304655704286       -0.52566012918069        0.09377631882040
h           -3.09143583707636       -1.12675401462818        1.37095127727269
h           -1.15412383199458       -3.46256562782583        1.10194120940027
h           -2.40467459106861        2.24776001237369       -0.87694101676319
h           -2.03513732872208        0.93942427769326       -1.99732079508984
h           -3.67336763411458        1.13385349103920       -1.38456281620034
35
 energy: -46.160436879498 gnorm: 0.001554269418 xtb: 6.7.1 (edcfbbe)
c            0.08560063588813       -0.64322230291700        0.08361326743308
c           -0.95607445764607        0.32602871300327        0.70784238044301
c           -0.35551795942258        1.73452458964789        0.87093153989738
c            0.49330454789586        2.20763074870312       -0.30902541795248
c            1.44850370743414        1.09917934456908       -0.76326117175454
c            0.61532535770407       -0.08832712799360       -1.25388631273782
c            1.36020239790205       -0.63313815933142        0.95261767046208
c            2.17801223647774        0.51647614453012        0.42158876860639
o            1.38454931508682       -1.02203562411738       -1.98793663070788
c           -0.48623620867827       -2.05289180566013       -0.06611875366663
c            3.34044014151187        0.92921073617517        0.89440761607911
c           -2.31913236724671        0.31157496994996        0.04163836337970
c           -3.26677063791979       -0.47936071198387        0.52771859697648
h           -1.12947928117619       -0.06914807744061        1.71549183391363
o           -0.75831030714317       -2.59070581963404        1.21722271780709
c           -2.62157027704953        1.21431150652622       -1.11770557203738
h           -1.15954997781149        2.44746539367390        1.06216983382224
h            0.28028179652126        1.72938182613571        1.75823449809212
h           -0.12994467864972        2.49754899270587       -1.15498908644321
h            1.06979061935101        3.08290157480062       -0.00197683249730
h            2.12561663147013        1.47193750661186       -1.53547935299137
h           -0.17901366893756        0.19732289611903       -1.94148353730831
h            1.90103295965786       -1.57653080784273        0.84091781174263
h            1.13133541618014       -0.52794141062235        2.01217652942106
h            2.17097890582459       -1.23229840672514       -1.46775353032652
h            0.24310794961772       -2.68309834815925       -0.59240424039387
h           -1.40309349489937       -2.01288610024310       -0.66694695325626
h            3.80360465715346        0.46336914266642        1.74825458298970
h            3.87721315086052        1.74754411178223        0.44525459511890
h           -4.25242010350662       -0.52451223329094        0.09371413300801
h           -3.08994814952882       -1.13008827325449        1.36789227235435
h           -1.15227435871372       -3.46291188258195        1.10309220460485
h           -2.40285395496116        2.25083409787781       -0.87213686333456
h           -2.03976557261918        0.94461048725833       -1.99688439948501
h           -3.67542396818550        1.14051979143619       -1.37762932794872
35
 energy: -46.160445039775 gnorm: 0.000720518507 xtb: 6.7.1 (edcfbbe)
c            0.08617775378964       -0.64403950339776        0.08298753996128
c           -0.95551107458954        0.32420639107757        0.70704745644148
c           -0.35523735468381        1.73289192272261        0.87063234471598
c            0.49368239134995        2.20686579388290       -0.30961718800122
c            1.44832431834453        1.09782031322553       -0.76413425481109
c            0.61479015481549       -0.08932810736290       -1.25499433827096
c            1.36058067297331       -0.63384849855671        0.95223596331607
c            2.17789894710521        0.51518523649079        0.42054514638981
o            1.38263529771626       -1.02286420214499       -1.99013224426301
c           -0.48511150127993       -2.05419269990785       -0.06570323789626
c            3.33924249726701        0.92954898613061        0.89421154637973
c           -2.31827696781636        0.31054590758521        0.04064912095509
c           -3.26701786869346       -0.47918783645187        0.52725668142591
h           -1.12890277257519       -0.07171050420658        1.71446369862386
o           -0.75861558193965       -2.58978520969662        1.21810930629416
c           -2.62040420910524        1.21561071988723       -1.11720116169536
h           -1.16003570925221        2.44501875594684        1.06100365716247
h            0.28016336131160        1.72908315021476        1.75823045168103
h           -0.12983537323020        2.49778425250057       -1.15510305245947
h            1.07085312637918        3.08145971365353       -0.00193559592529
h            2.12536781663524        1.47053970794583       -1.53643320110546
h           -0.18056894294577        0.19737449064996       -1.94124432366799
h            1.90188908077595       -1.57704533189501        0.84147538089289
h            1.13079433230472       -0.52830063870421        2.01166724431761
h            2.17149582738209       -1.23077986854243       -1.47213946791649
h            0.24585869865417       -2.68461262023530       -0.58995350382519
h           -1.40086987488970       -2.01583542138153       -0.66846795087051
h            3.79962271779108        0.46824798810537        1.75233683135153
h            3.87344751143937        1.75123979750551        0.44725841169160
h           -4.25388190615824       -0.52017894242004        0.09512229095631
h           -3.09193112258182       -1.12798445632064        1.36925404108862
h           -1.15096314167509       -3.46274733872321        1.10469532978870
h           -2.40081754291907        2.25139025114746       -0.86904286436615
h           -2.03904746915660        0.94794405477996       -1.99712284366863
h           -3.67427509010104        1.14295922887026       -1.37679598138110
35
 energy: -46.160446879995 gnorm: 0.000385297214 xtb: 6.7.1 (edcfbbe)
c            0.08601927680638       -0.64511278371156        0.08273337361660
c           -0.95509989836482        0.32374127569470        0.70681242357465
c           -0.35512452948090        1.73261913067988        0.87077769234016
c            0.49387300340843        2.20606785662498       -0.30976455700528
c            1.44843316266622        1.09725151425985       -0.76505458771973
c            0.61448500115166       -0.09006369428276       -1.25528134839198
c            1.36101659554575       -0.63440389066805        0.95124680170727
c            2.17799505401056        0.51507786592292        0.41992232818120
o            1.38170269740046       -1.02346366932177       -1.99083518256060
c           -0.48526630570132       -2.05554634703742       -0.06531250226804
c            3.33823581477346        0.93146684578404        0.89491651069047
c           -2.31794121440990        0.31025360729379        0.04042171109680
c           -3.26725228083389       -0.47862585561302        0.52719289783821
h           -1.12843362024297       -0.07218576954633        1.71427337229897
o           -0.76011443967995       -2.58963064751536        1.21860449270359
c           -2.61955542566027        1.21618379074129       -1.11687671389013
h           -1.15983150527607        2.44482313704767        1.06151214907412
h            0.28056765875330        1.72854265641789        1.75815157391817
h           -0.12980105324646        2.49770739827164       -1.15482642614265
h            1.07147503831703        3.08027600572422       -0.00191751782152
h            2.12541830214445        1.46993206241739       -1.53751701537339
h           -0.18140813168401        0.19684516936529       -1.94085422583663
h            1.90255560352616       -1.57757907514689        0.84028138306085
h            1.13136689505997       -0.52916802151659        2.01088808953956
h            2.17241473099661       -1.22912497825074       -1.47450625798542
h            0.24625944016840       -2.68659227236549       -0.58838343222045
h           -1.40036163339027       -2.01762396193472       -0.66947456644495
h            3.79777241257558        0.47119408455431        1.75393130252180
h            3.87117727253795        1.75443519955350        0.44878499146187
h           -4.25429481314142       -0.51818238400875        0.09555806077985
h           -3.09253967361814       -1.12730689197862        1.36933234479572
h           -1.15126195066353       -3.46340343198964        1.10587836112142
h           -2.39990250398886        2.25172405059784       -0.86774101534454
h           -2.03773404434780        0.94911343341501       -1.99671493869819
h           -3.67332393366986        1.14403407289635       -1.37699833930781
35
 energy: -46.160447987744 gnorm: 0.000298292438 xtb: 6.7.1 (edcfbbe)
c            0.08613307074653       -0.64565143570254        0.08261967077256
c           -0.95486757112450        0.32321059214321        0.70711043380872
c           -0.35437854837485        1.73193622697290        0.87070332464709
c            0.49407615317254        2.20576799017260       -0.31002815365412
c            1.44800802868142        1.09658126192927       -0.76565283266885
c            0.61424075240443       -0.09097495749336       -1.25581078225908
c            1.36147461012635       -0.63512443022943        0.95073582343965
c            2.17772877672250        0.51496381479568        0.41960087106145
o            1.38123957821129       -1.02439655641827       -1.99141094529720
c           -0.48544789575533       -2.05611090849196       -0.06490613530383
c            3.33672353427587        0.93344744756993        0.89579072341254
c           -2.31782204600940        0.31048530206040        0.04070736051865
c           -3.26756448802140       -0.47793853617200        0.52727390046979
h           -1.12827065264982       -0.07257810724987        1.71465334491168
o           -0.76192394223916       -2.58908312387125        1.21893058952994
c           -2.61889017861556        1.21674071837849       -1.11648418364736
h           -1.15883738279880        2.44426593166562        1.06200910967244
h            0.28163508946278        1.72744274733705        1.75782479566897
h           -0.12987704434383        2.49774920663432       -1.15474706276674
h            1.07206774856424        3.07976780748430       -0.00221613772413
h            2.12476239424456        1.46911066264739       -1.53837322507739
h           -0.18189255409746        0.19591271199554       -1.94108150186203
h            1.90319445051374       -1.57813893156664        0.83861896267017
h            1.13264926303388       -0.53066829151168        2.01071225980379
h            2.17363808400231       -1.22767163145614       -1.47655072861219
h            0.24646892522855       -2.68776275035604       -0.58683449067917
h           -1.39984394331461       -2.01837005427260       -0.67037991515701
h            3.79583111183500        0.47401488464906        1.75539098293824
h            3.86864919826585        1.75713978335111        0.44999401461886
h           -4.25449976878567       -0.51699961481658        0.09551721460849
h           -3.09297258100384       -1.12703269860688        1.36910401844677
h           -1.15145374870186       -3.46375326869017        1.10674108015584
h           -2.39950628741202        2.25219642677354       -0.86685823781777
h           -2.03648052626271        0.95008285558622       -1.99608321838091
h           -3.67247060753910        1.14471440713365       -1.37745969693788
35
 energy: -46.160448541525 gnorm: 0.000221381564 xtb: 6.7.1 (edcfbbe)
c            0.08620467721632       -0.64602203285404        0.08279428808822
c           -0.95458458708939        0.32312690577871        0.70714916918135
c           -0.35367890079396        1.73157575515376        0.87091303788577
c            0.49396312250661        2.20529951837178       -0.31037377267398
c            1.44773747485668        1.09604644789224       -0.76606197484101
c            0.61387662269216       -0.09152004603369       -1.25584221765126
c            1.36193021382682       -0.63582742645076        0.95024805916445
c            2.17739618983348        0.51499438549045        0.41953237884578
o            1.38098912554914       -1.02504935235516       -1.99120449268824
c           -0.48583908901676       -2.05624660104932       -0.06462755511174
c            3.33534429419962        0.93506185011415        0.89662425258239
c           -2.31759952719628        0.31083681628537        0.04087020289125
c           -3.26750696717047       -0.47751664443104        0.52729920957736
h           -1.12804480248620       -0.07272623390898        1.71460817633732
o           -0.76382035465800       -2.58854041077819        1.21911708006928
c           -2.61838829670682        1.21720049280297       -1.11629489431230
h           -1.15786315466153        2.44400045896222        1.06296412168868
h            0.28296526389849        1.72669186253340        1.75760110357187
h           -0.13031816273553        2.49733883638964       -1.15484566325305
h            1.07224715884087        3.07921472662043       -0.00284853358441
h            2.12435740730992        1.46834462501080       -1.53901502084043
h           -0.18231192367749        0.19501463410341       -1.94117091111571
h            1.90386926434468       -1.57849966138460        0.83671319081547
h            1.13385819102095       -0.53241284790148        2.01040271414566
h            2.17458944117403       -1.22643878212337       -1.47743850650486
h            0.24632946165015       -2.68830295670332       -0.58562021290228
h           -1.39962967054825       -2.01831795761765       -0.67102722473602
h            3.79447992907622        0.47615677048933        1.75650414735070
h            3.86678419279016        1.75895078318823        0.45073750831099
h           -4.25436733692811       -0.51669885613970        0.09529928755822
h           -3.09293109804987       -1.12686811380611        1.36893335861230
h           -1.15164736101794       -3.46395317333811        1.10710777067122
h           -2.39969201919057        2.25272351299538       -0.86634415159631
h           -2.03538809083407        0.95100703757758       -1.99562056628511
h           -3.67178968558313        1.14463115949054       -1.37792212594158
35
 energy: -46.160448756392 gnorm: 0.000114416300 xtb: 6.7.1 (edcfbbe)
c            0.08609386884034       -0.64616411887166        0.08278917143157
c           -0.95434460446295        0.32317596747012        0.70748920832224
c           -0.35323607296925        1.73153261513773        0.87093656851037
c            0.49393767753351        2.20518880234710       -0.31066347817232
c            1.44760619207090        1.09580754388624       -0.76630959573081
c            0.61388045283110       -0.09188403011870       -1.25583772716339
c            1.36200971334177       -0.63618452594640        0.94984880505743
c            2.17713762453027        0.51510654766661        0.41954163996138
o            1.38117770282710       -1.02558423970631       -1.99100426665886
c           -0.48634371490464       -2.05615880828340       -0.06462063043091
c            3.33452592821446        0.93604427852642        0.89728090026042
c           -2.31721037288843        0.31090038397227        0.04096217311550
c           -3.26707567407976       -0.47754798185869        0.52725801393889
h           -1.12790768318697       -0.07262120989838        1.71494898986865
o           -0.76501871102771       -2.58825187292547        1.21913250599920
c           -2.61813333604523        1.21737265738022       -1.11610436155699
h           -1.15717527636647        2.44407340104420        1.06359509626746
h            0.28397034298013        1.72643654182377        1.75721642558057
h           -0.13070648799685        2.49681395580189       -1.15499487017264
h            1.07218156676192        3.07933072955713       -0.00366357702971
h            2.12428088102617        1.46794270739869       -1.53928750736299
h           -0.18226049699770        0.19424318014362       -1.94136123930419
h            1.90412105736994       -1.57858583066258        0.83519477095724
h            1.13434543542194       -0.53371479943626        2.01012678470437
h            2.17507079064051       -1.22632086710283       -1.47747117059998
h            0.24573129087075       -2.68851700106915       -0.58526706733869
h           -1.39995294292528       -2.01790148836619       -0.67121685798522
h            3.79383769649461        0.47738112775524        1.75722465582639
h            3.86571398221379        1.76025264307393        0.45159761659155
h           -4.25392984221756       -0.51678739352892        0.09522042604078
h           -3.09248253963388       -1.12703121320158        1.36879286073501
h           -1.15200335121672       -3.46401100121092        1.10699376595528
h           -2.40019996789944        2.25299048005376       -0.86581069755677
h           -2.03469559384375        0.95176686425806       -1.99531012060703
h           -3.67142453286470        1.14418143726533       -1.37806597814383
35
 energy: -46.160448831747 gnorm: 0.000051410093 xtb: 6.7.1 (edcfbbe)
c            0.08618578036061       -0.64624277188990        0.08273237298031
c           -0.95417176352366        0.32322788892673        0.70741064132844
c           -0.35307373187811        1.73156742560057        0.87091069620082
c            0.49385124639729        2.20511551559147       -0.31092036602035
c            1.44763028797810        1.09572571835537       -0.76637818432943
c            0.61393880608322       -0.09197221533467       -1.25590104151328
c            1.36213832884537       -0.63639090128895        0.94976636269219
c            2.17708292447361        0.51510960750915        0.41959137346241
o            1.38128960077360       -1.02576469084182       -1.99098194787204
c           -0.48647936966583       -2.05615481305662       -0.06467801824303
c            3.33427947367600        0.93632161484622        0.89755063135403
c           -2.31712693553237        0.31097859773948        0.04104927446186
c           -3.26690398926144       -0.47762758718850        0.52726454208914
h           -1.12764704722126       -0.07252024490813        1.71490784755452
o           -0.76547180574776       -2.58813950644334        1.21911329243182
c           -2.61815171749434        1.21751028698365       -1.11593849656229
h           -1.15696595146919        2.44412297335882        1.06372812059663
h            0.28430467282544        1.72640899122906        1.75706619111914
h           -0.13093726972130        2.49647372030415       -1.15522096450410
h            1.07200141253470        3.07938235458814       -0.00416426067689
h            2.12437278231436        1.46783640754518       -1.53930689796787
h           -0.18216453219866        0.19405095935752       -1.94152755895899
h            1.90435868115597       -1.57870453351119        0.83475531794332
h            1.13455556411271       -0.53426466880389        2.01010572419316
h            2.17513022974090       -1.22648683319463       -1.47735419403904
h            0.24548627530189       -2.68875344698767       -0.58517165876355
h           -1.40004317074081       -2.01777261964018       -0.67132534197309
h            3.79353436735940        0.47797054951576        1.75769074775765
h            3.86530164721318        1.76074422981716        0.45202357303097
h           -4.25374489797174       -0.51691528368663        0.09522065050816
h           -3.09232410147098       -1.12705268362137        1.36884410497030
h           -1.15228306446548       -3.46398359033794        1.10683490954178
h           -2.40079981180102        2.25317540073070       -0.86531581499338
h           -2.03431076862926        0.95242863328287       -1.99502857484519
h           -3.67132114991123        1.14387099782832       -1.37819181964414
