 Molclus: A flexible program for searching cluster configurations and molecular conformations
 Official website: http://www.keinsci.com/research/molclus.html
 Developed by Tian Lu (sobereva@sina.com)     Last update: 2026-Apr-1
 Beijing Kein Research Center for Natural Sciences (http://www.keinsci.com)
 P-L-E-A-S-E properly cite this code as mentioned in the official site
 
 Inputted trajectory file: traj.xyz
 Loading basic information from the inputted trajectory file ...
 There are totally         4 geometries in the inputted trajectory file
 
 Setting file: settings.ini
 Loading setting file ...
 Program to be invoked: Open Babel
 Task: Optimization
 All frames in the inputted trajectory file will be processed
 
 Cleaning old output and temporary files...
 Deleting obabel.xyz opted.xyz
 All Open Babel temporary files in current folder have been cleaned

                         *** Configuration     1  ***
 Current date: 2026-08-09   Time: 04:33:06
 Loading geometry         1 from the inputted trajectory file
 Generating obabel.xyz file...
 Running: obabel obabel.xyz -O opted.xyz --minimize --append "Energy" --ff MMFF94 --steps 2500
 Extracting energy and geometry from opted.xyz
 Energy =      66.971 kcal/mol
 Writing the converged geometry and energy to isomers.xyz
 Wall clock time elapsed for calculating this configuration:       0 s

                         *** Configuration     2  ***
 Current date: 2026-08-09   Time: 04:33:06
 Loading geometry         2 from the inputted trajectory file
 Generating obabel.xyz file...
 Running: obabel obabel.xyz -O opted.xyz --minimize --append "Energy" --ff MMFF94 --steps 2500
 Extracting energy and geometry from opted.xyz
 Energy =      71.138 kcal/mol
 Writing the converged geometry and energy to isomers.xyz
 Wall clock time elapsed for calculating this configuration:       0 s

                         *** Configuration     3  ***
 Current date: 2026-08-09   Time: 04:33:06
 Loading geometry         3 from the inputted trajectory file
 Generating obabel.xyz file...
 Running: obabel obabel.xyz -O opted.xyz --minimize --append "Energy" --ff MMFF94 --steps 2500
 Extracting energy and geometry from opted.xyz
 Energy =      70.440 kcal/mol
 Writing the converged geometry and energy to isomers.xyz
 Wall clock time elapsed for calculating this configuration:       0 s

                         *** Configuration     4  ***
 Current date: 2026-08-09   Time: 04:33:06
 Loading geometry         4 from the inputted trajectory file
 Generating obabel.xyz file...
 Running: obabel obabel.xyz -O opted.xyz --minimize --append "Energy" --ff MMFF94 --steps 2500
 Extracting energy and geometry from opted.xyz
 Energy =      69.424 kcal/mol
 Writing the converged geometry and energy to isomers.xyz
 Wall clock time elapsed for calculating this configuration:       0 s
 
 Deleting opted.xyz obabel.xyz
 
 Running finished!
 All calculations totally took up wall clock time         0 s (   0.00 hours)

 Energy and geometry of all successful configurations have been collectively outputted to isomers.xyz in current folder.
 In this file, the value after "Frame:" is the frame index in the isomers.xyz, "Step:" is the step number in this time of molclus execution, "Geom:" is geometry index in the inputted trajectory file

