35
 energy: -657.272341863650 gnorm: 0.001937227329 xtb: 6.7.1 (edcfbbe)
c            0.09488588898219       -0.66537567434686        0.09370069187839
c           -0.99090455839024        0.29418164696630        0.72296160067500
c           -0.40487484602187        1.72347783764463        0.93482461278926
c            0.46626204900124        2.23810106062061       -0.23417658044701
c            1.43570772170635        1.14220189341839       -0.75270755014900
c            0.62129050448630       -0.07229225234882       -1.25159600682244
c            1.38754661314125       -0.61088474575007        0.98249224865566
c            2.22439235472864        0.53200968494585        0.40108453387486
o            1.41972373051962       -0.98831270475880       -2.01770696109373
c           -0.43138649246667       -2.10534420317967       -0.05629744293695
c            3.44281746379556        0.90875619863451        0.80584239111858
c           -2.35967303661144        0.29821190801446        0.02470620061690
c           -3.34155623363979       -0.49622295677467        0.48534557795000
h           -1.18029750355128       -0.12255865504667        1.72450157327420
o           -0.86390010404597       -2.68943413523572        1.18300861053794
c           -2.64564480795081        1.24219106930200       -1.13195050419726
h           -1.21924022832477        2.43577756633955        1.14277124111569
h            0.21267185973780        1.71056908908584        1.84711638948425
h           -0.15769696288163        2.58142107668535       -1.07504930733738
h            1.04993505660335        3.11055978725506        0.10174165185484
h            2.08355115104295        1.55813856683437       -1.54058125875048
h           -0.18979945935014        0.21282390641924       -1.93344222133611
h            1.94675486057816       -1.56153492127853        0.92014811140188
h            1.15984608115599       -0.45566424598881        2.04899363977646
h            2.27043372778511       -1.13291559541368       -1.55251816429621
h            0.34878010456878       -2.72553887067489       -0.52981535584010
h           -1.31148015267566       -2.12249751275532       -0.71475015716248
h            3.94841844186581        0.42596363516820        1.64631663289250
h            3.98052630287166        1.72279644900359        0.31313321246827
h           -4.33384126919904       -0.50233093506437        0.02710687562053
h           -3.18726511357979       -1.17399564413935        1.32721021448801
h           -0.07414739907896       -2.82699041893489        1.74348430667933
h           -2.48646782483012        2.29456043982774       -0.84403546662749
h           -2.00338684891113        1.05540852779707       -2.00630523762455
h           -3.68974727807512        1.14301144897417       -1.46278674139157
35
 energy: -657.272353978628 gnorm: 0.000843758118 xtb: 6.7.1 (edcfbbe)
c            0.09530458794693       -0.66540957595828        0.09327378064534
c           -0.99165836285702        0.29510988473768        0.72272701677889
c           -0.40461283058446        1.72455298210759        0.93327828538378
c            0.46681547528550        2.23888315954153       -0.23532390160244
c            1.43722248221209        1.14267840864309       -0.75193804395054
c            0.62340429737980       -0.07184577966101       -1.25167994348962
c            1.38785856782936       -0.61163247798525        0.98308820183046
c            2.22468262689187        0.53278485895306        0.40336034281072
o            1.42311281656092       -0.98839656699777       -2.01716293998423
c           -0.43193857307304       -2.10493587484025       -0.05793046413612
c            3.44269977833491        0.90879762914462        0.80890004423657
c           -2.36178483345622        0.29992096123606        0.02592136425946
c           -3.34347812572843       -0.49395872046293        0.48839741443222
h           -1.18113094277139       -0.12057761897861        1.72464517980817
o           -0.86199580648833       -2.69177029351717        1.18190128686018
c           -2.64871809784553        1.24161909850600       -1.13186954115824
h           -1.21853587999118        2.43736942837802        1.14091840352529
h            0.21267024181698        1.71056284071197        1.84565631849592
h           -0.15680868061967        2.58013667472442       -1.07725570350191
h            1.04936260205160        3.11230796981035        0.10013158542999
h            2.08600136425773        1.55834334545564       -1.53896584420014
h           -0.18652455493420        0.21267120275774       -1.93476825636978
h            1.94723670784960       -1.56182796234477        0.91874878632742
h            1.16043418258878       -0.45738127072946        2.04956071903993
h            2.27343486910600       -1.13203360476766       -1.55174310242649
h            0.34658685772841       -2.72533113026383       -0.53488044701284
h           -1.31493651964785       -2.11988373628575       -0.71304461682264
h            3.94888232688060        0.42334157235737        1.64712427276239
h            3.98251563806982        1.72129774623886        0.31627201359895
h           -4.33520747042804       -0.50432387882186        0.02956571204854
h           -3.18645994414451       -1.17426589799983        1.32715292885628
h           -0.07148836065904       -2.82654740565907        1.74237266210629
h           -2.48755478479444        2.29382632040504       -0.84708256344268
h           -2.00934221403613        1.05104913499705       -2.00714769758875
h           -3.69381464115508        1.14313644221231       -1.45943196001126
35
 energy: -657.272360012066 gnorm: 0.001634944197 xtb: 6.7.1 (edcfbbe)
c            0.09534648318889       -0.66515314816558        0.09220520730968
c           -0.99213628720318        0.29701719379201        0.72199449753770
c           -0.40457120952232        1.72679135793208        0.93165773646261
c            0.46721095163165        2.23946005204569       -0.23699967282213
c            1.43949461837589        1.14332996905127       -0.75074710558170
c            0.62586379852489       -0.07058180478565       -1.25190263876306
c            1.38743024644774       -0.61288359139312        0.98347439251143
c            2.22561533612145        0.53205440383776        0.40526771043154
o            1.42752649530973       -0.98763331554502       -2.01630130087016
c           -0.43343064209066       -2.10376766820636       -0.06094911920361
c            3.44382476980769        0.90570862209333        0.81176787459213
c           -2.36308460444824        0.29924694437928        0.02570115174838
c           -3.34305984323812       -0.49608979324891        0.48973409349501
h           -1.18089169660615       -0.11793095829311        1.72428042236283
o           -0.85867498040165       -2.69481732572779        1.17965426763550
c           -2.65239331400864        1.23932263199256       -1.13239675558728
h           -1.21804895569618        2.44022382476715        1.13874331218749
h            0.21285266512292        1.71242592840575        1.84388074909176
h           -0.15593402195796        2.57785617022798       -1.08049146543449
h            1.04814194759446        3.11445446791833        0.09719090982956
h            2.08995873314690        1.55856989630039       -1.53646268226739
h           -0.18261482057755        0.21389666985024       -1.93661823071121
h            1.94667833953231       -1.56278105156346        0.91647169376764
h            1.16006155379005       -0.46046510804458        2.05003297621974
h            2.27762347754885       -1.12953586708840       -1.55039086415060
h            0.34201299079128       -2.72394210721540       -0.54379573501415
h           -1.32054524863476       -2.11565256324530       -0.71083365711516
h            3.94731099655792        0.42077141902386        1.65175818124575
h            3.98437686595542        1.72027981037770        0.32349728014361
h           -4.33792643678343       -0.50370152598320        0.03788396945500
h           -3.18502713163950       -1.17109694779609        1.33231198751235
h           -0.06665532506920       -2.82455343338211        1.73954649675270
h           -2.48756573839715        2.29173645007674       -0.85204130266964
h           -2.01727499243216        1.04324325900616       -2.00946626822080
h           -3.69925849438570        1.14246536964404       -1.45488686417650
35
 energy: -657.272368167948 gnorm: 0.000852605741 xtb: 6.7.1 (edcfbbe)
c            0.09492502213116       -0.66468421846013        0.09134433471983
c           -0.99181227339450        0.29744895992692        0.72173684265509
c           -0.40460634847989        1.72728673405843        0.93089034333807
c            0.46734890744382        2.23953084731746       -0.23775197748598
c            1.44001533196365        1.14341501231888       -0.75031908172058
c            0.62623880314146       -0.06993166124314       -1.25225012429178
c            1.38648752739416       -0.61359836687109        0.98294033940936
c            2.22490233763553        0.53179981399774        0.40625297596204
o            1.42836117558020       -0.98686524759389       -2.01613597560360
c           -0.43450072134576       -2.10266791237115       -0.06263906970270
c            3.44269880564694        0.90538466190833        0.81483835963342
c           -2.36340076096857        0.29960397740106        0.02732391890737
c           -3.34312086161273       -0.49418436495332        0.49421834625542
h           -1.17909065532202       -0.11742002637575        1.72433129028362
o           -0.85676346530616       -2.69512920524980        1.17813406811371
c           -2.65272862850999        1.23713140774457       -1.13304174175469
h           -1.21818578807822        2.44074056203680        1.13774570996668
h            0.21291595129501        1.71395632676040        1.84311223481735
h           -0.15558657266252        2.57685344118393       -1.08188592475144
h            1.04757564907540        3.11530386664224        0.09559786542705
h            2.09150995716788        1.55862242237179       -1.53532610172949
h           -0.18200586730400        0.21536041686169       -1.93728671087962
h            1.94591875619515       -1.56349277961375        0.91564123943543
h            1.15815072079059       -0.46241036036364        2.04955392127892
h            2.27887423583384       -1.12749943273908       -1.55005418740372
h            0.33942320474461       -2.72204290794938       -0.54821138622037
h           -1.32280272716092       -2.11372174495434       -0.71043921109128
h            3.94562715323269        0.41866340813974        1.65446742655173
h            3.98481614029592        1.71906400214714        0.32655219535237
h           -4.33734976477838       -0.50508452577219        0.04066040804800
h           -3.18330086186273       -1.17032242768512        1.33598647506847
h           -0.06374997162845       -2.82239788626954        1.73701975825592
h           -2.48424393969615        2.29022120698102       -0.85581137994563
h           -2.01969583251741        1.03706759643968       -2.01115309868472
h           -3.70060737511137        1.14226800817363       -1.45327019138028
35
 energy: -657.272374365425 gnorm: 0.000673445425 xtb: 6.7.1 (edcfbbe)
c            0.09442303199238       -0.66378187281493        0.08948779841037
c           -0.99099725548675        0.29768846649839        0.72144699733061
c           -0.40429414673243        1.72772537796627        0.92943711111214
c            0.46816402463436        2.24033930394654       -0.23868777664900
c            1.44093229296166        1.14386499615563       -0.74962238530274
c            0.62751434646468       -0.06892226891237       -1.25320955441206
c            1.38504635740457       -0.61470009572361        0.98171947790047
c            2.22356380910101        0.53168113339446        0.40804890957824
o            1.42942177198421       -0.98588321679351       -2.01659757265540
c           -0.43605592641967       -2.10102943757915       -0.06568052424104
c            3.44054684124264        0.90482079099463        0.81974045737294
c           -2.36342620628049        0.29954796749289        0.02985704535534
c           -3.34280523179193       -0.49213083103375        0.50080261236284
h           -1.17648073581654       -0.11723409162051        1.72441845189301
o           -0.85418937181344       -2.69539773801642        1.17505435404710
c           -2.65289335705609        1.23250339103963       -1.13427612403650
h           -1.21851147013035        2.44081570783375        1.13531250313361
h            0.21249311818919        1.71572547796283        1.84225245569795
h           -0.15449039990574        2.57615404388521       -1.08369931323921
h            1.04734822243756        3.11700203112240        0.09410639648202
h            2.09377727929436        1.55896014229466       -1.53365603882494
h           -0.17999513811429        0.21767961996481       -1.93875728036857
h            1.94448459536910       -1.56471262927745        0.91385349989313
h            1.15560754670461       -0.46524467230033        2.04845187879006
h            2.28067742319439       -1.12446173939462       -1.55094286117359
h            0.33606551808247       -2.71927321767515       -0.55512225521623
h           -1.32631865944774       -2.11057019202193       -0.71057352293306
h            3.94183071843043        0.41600246300593        1.65925800594832
h            3.98414711249846        1.71832375023542        0.33281911081577
h           -4.33732034584473       -0.50452324463073        0.04782167250157
h           -3.18205516081591       -1.16588127750229        1.34449246249873
h           -0.05974877500789       -2.81958360465678        1.73242840505506
h           -2.47809409821688        2.28631070263736       -0.86281425487472
h           -2.02386559377446        1.02533173114774       -2.01381447976019
h           -3.70226340653868        1.14112565714404       -1.45058270422050
35
 energy: -657.272378798578 gnorm: 0.000816084941 xtb: 6.7.1 (edcfbbe)
c            0.09412063703611       -0.66320391326254        0.08733004217470
c           -0.98993440179756        0.29832515272153        0.72030329291564
c           -0.40452837169810        1.72893815366752        0.92842318914943
c            0.46890201936595        2.24045565331947       -0.23948154273223
c            1.44280930195005        1.14444432389010       -0.74886865097760
c            0.62856503277520       -0.06701406753965       -1.25430381965255
c            1.38400198464977       -0.61618815559659        0.98017825997720
c            2.22329243141511        0.53075569243054        0.40946361699405
o            1.43056368779759       -0.98364024564516       -2.01734707850778
c           -0.43757396765462       -2.09982721326714       -0.06959011115304
c            3.43903659971068        0.90373111851132        0.82490615383482
c           -2.36361511370377        0.29908233395039        0.03215311171148
c           -3.34349840200249       -0.48796319612860        0.50983450351447
h           -1.17316314092843       -0.11656961792289        1.72374668211835
o           -0.85173847190117       -2.69640533307000        1.17097691766417
c           -2.65312452994810        1.22613911467602       -1.13653826119562
h           -1.21940290401852        2.44171253879553        1.13292191479935
h            0.21160109244381        1.71811857323847        1.84174894669496
h           -0.15313298475040        2.57565351231967       -1.08524805401715
h            1.04738985985941        3.11752197469662        0.09331996776057
h            2.09724428091308        1.55946518394097       -1.53167751615237
h           -0.17792594038789        0.22140249491643       -1.94036662524101
h            1.94336195627483       -1.56621671805437        0.91102253548299
h            1.15362693913459       -0.46881172396623        2.04706596500584
h            2.28265720039913       -1.12047038186744       -1.55266643968999
h            0.33263949049078       -2.71710560345090       -0.56325994657142
h           -1.33000793813049       -2.10725535056997       -0.71153001025697
h            3.93728936900109        0.41441097780560        1.66588905623946
h            3.98305375892431        1.71904005556487        0.34158903835108
h           -4.33855355938856       -0.50192962976601        0.05817320930911
h           -3.18153716164096       -1.15895041987846        1.35550995055328
h           -0.05595581044504       -2.81797339606412        1.72695060521767
h           -2.47028452020440        2.28066789190799       -0.87304164397615
h           -2.02942335931960        1.00882428510221       -2.01756041668842
h           -3.70451433286908        1.13911320068677       -1.44725237663619
35
 energy: -657.272378798578 gnorm: 0.000816084941 xtb: 6.7.1 (edcfbbe)
c            0.09412063703611       -0.66320391326254        0.08733004217470
c           -0.98993440179756        0.29832515272153        0.72030329291564
c           -0.40452837169810        1.72893815366752        0.92842318914943
c            0.46890201936595        2.24045565331947       -0.23948154273223
c            1.44280930195005        1.14444432389010       -0.74886865097760
c            0.62856503277520       -0.06701406753965       -1.25430381965255
c            1.38400198464977       -0.61618815559659        0.98017825997720
c            2.22329243141511        0.53075569243054        0.40946361699405
o            1.43056368779759       -0.98364024564516       -2.01734707850778
c           -0.43757396765462       -2.09982721326714       -0.06959011115304
c            3.43903659971068        0.90373111851132        0.82490615383482
c           -2.36361511370377        0.29908233395039        0.03215311171148
c           -3.34349840200249       -0.48796319612860        0.50983450351447
h           -1.17316314092843       -0.11656961792289        1.72374668211835
o           -0.85173847190117       -2.69640533307000        1.17097691766417
c           -2.65312452994810        1.22613911467602       -1.13653826119562
h           -1.21940290401852        2.44171253879553        1.13292191479935
h            0.21160109244381        1.71811857323847        1.84174894669496
h           -0.15313298475040        2.57565351231967       -1.08524805401715
h            1.04738985985941        3.11752197469662        0.09331996776057
h            2.09724428091308        1.55946518394097       -1.53167751615237
h           -0.17792594038789        0.22140249491643       -1.94036662524101
h            1.94336195627483       -1.56621671805437        0.91102253548299
h            1.15362693913459       -0.46881172396623        2.04706596500584
h            2.28265720039913       -1.12047038186744       -1.55266643968999
h            0.33263949049078       -2.71710560345090       -0.56325994657142
h           -1.33000793813049       -2.10725535056997       -0.71153001025697
h            3.93728936900109        0.41441097780560        1.66588905623946
h            3.98305375892431        1.71904005556487        0.34158903835108
h           -4.33855355938856       -0.50192962976601        0.05817320930911
h           -3.18153716164096       -1.15895041987846        1.35550995055328
h           -0.05595581044504       -2.81797339606412        1.72695060521767
h           -2.47028452020440        2.28066789190799       -0.87304164397615
h           -2.02942335931960        1.00882428510221       -2.01756041668842
h           -3.70451433286908        1.13911320068677       -1.44725237663619
