35
 energy: -46.156699273495 gnorm: 0.006989297684 xtb: 6.7.1 (edcfbbe)
c            0.01325681450588       -0.76831103124046       -0.03361425111490
c            0.58720437856020        0.46186990410467       -0.79003028155008
c           -0.42383317658781        1.62717751182105       -0.81777807686238
c           -1.24946854745367        1.77741252728762        0.45663161530234
c           -1.82392579090823        0.42073735538644        0.88075777519029
c           -0.65424034118991       -0.46761994500722        1.32228969468594
c           -1.23591174134766       -1.23596809304769       -0.80982218815886
c           -2.34597218513956       -0.34857661195446       -0.30527925643528
o            0.18919982538384        0.07455824303304        2.30521322372150
c            1.07111644717464       -1.86989440012860        0.12803125965673
c           -3.56328034557899       -0.26018937091529       -0.80856687635830
c            1.98452492677940        0.90570778780134       -0.40725139638047
c            2.99846905062870        0.65184440598885       -1.22566766964313
h            0.68107045450180        0.12011724815323       -1.82924320361058
o            1.60318181421041       -2.34100810483736       -1.08218480467954
c            2.20656531237779        1.69182986584969        0.84441551327418
h            0.10823661324796        2.55687289913302       -1.02882309845590
h           -1.11691431729493        1.45830943304622       -1.64478544532885
h           -0.63334070288065        2.16065476475744        1.27163498936349
h           -2.05985076501277        2.48628941190174        0.27584130042223
h           -2.57736448214210        0.55528506874606        1.66207149053651
h           -1.05661445426821       -1.42531066233159        1.69803388995244
h           -1.11171673239263       -1.17454931842047       -1.89000566553751
h           -1.45413161194437       -2.27956353041013       -0.56881513295206
h           -0.33637667914906        0.23669028350489        3.09581059477183
h            0.61081876257067       -2.74075649761450        0.60443700636784
h            1.86501187272644       -1.49778163566371        0.78891987364959
h           -3.86384444871217       -0.83566098197030       -1.66771424063901
h           -4.30765805980884        0.39106190507329       -0.38275412056961
h            4.00259432637366        0.96801801262895       -0.99701606704180
h            2.87975223577610        0.14267044036322       -2.16989404666154
h            2.16533565095952       -1.64867055813057       -1.44866893644194
h            1.67879195754392        2.64299271467118        0.78972139694995
h            1.83105096681139        1.14847630790892        1.70506645645556
h            3.26566904664710        1.89572049714004        0.98186672703509
35
 energy: -46.156744056799 gnorm: 0.003358581504 xtb: 6.7.1 (edcfbbe)
c            0.01218390576402       -0.76842529481099       -0.03392836702308
c            0.58798886802141        0.46232334999696       -0.78930406232152
c           -0.42330368078294        1.62787552242330       -0.81751976336907
c           -1.24991035122075        1.77808503237909        0.45657381298464
c           -1.82486772288424        0.42116597032050        0.88050720052152
c           -0.65670092958653       -0.46937172752298        1.32207559316271
c           -1.23714561367752       -1.23605428539405       -0.81044950016861
c           -2.34755864690945       -0.34880838929380       -0.30524417028813
o            0.18799040184135        0.07059993189293        2.30755216781646
c            1.06981203340947       -1.87034857516362        0.12925333618977
c           -3.56551164161419       -0.26139006017089       -0.80830399953374
c            1.98612881193330        0.90589999446052       -0.40670461274898
c            2.99965708497555        0.65146451870634       -1.22620367288159
h            0.68228329114168        0.12010639371944       -1.82805881049773
o            1.60492142405495       -2.34226210428438       -1.08249720816926
c            2.20962838984855        1.69482401310186        0.84359719051024
h            0.10919386615142        2.55721871973802       -1.02843010451084
h           -1.11516761978301        1.45851292466805       -1.64532031221189
h           -0.63444464672717        2.16101449636298        1.27208198499133
h           -2.06003089244115        2.48690137111756        0.27522432909904
h           -2.57747491786238        0.55512537125222        1.66209055566488
h           -1.05791487193044       -1.42715476907333        1.69751067192631
h           -1.11225619126003       -1.17434080165707       -1.89053555221942
h           -1.45507780277749       -2.27984434691918       -0.56960279555756
h           -0.33985428927963        0.23484246596026        3.09821408261905
h            0.61117474201313       -2.74250065624090        0.60522718516096
h            1.86502358464653       -1.49940571914720        0.78893877334715
h           -3.86553135431317       -0.83635704757302       -1.66829195112130
h           -4.31006718559837        0.38985669564988       -0.38248398425402
h            4.00423411228997        0.96814289289337       -0.99861515945159
h            2.88000879679489        0.14076197699758       -2.16945931480700
h            2.16432837565796       -1.64568776459468       -1.44979388711655
h            1.68115539154001        2.64537802542422        0.78803790839725
h            1.83567241319971        1.15342563836618        1.70620041442782
h            3.26883894033240        1.89886208304335        0.98049007034655
35
 energy: -46.156757052007 gnorm: 0.000922902383 xtb: 6.7.1 (edcfbbe)
c            0.01181026693838       -0.76907830501888       -0.03415861103745
c            0.58874627635533        0.46210450851983       -0.78861230582057
c           -0.42250374045908        1.62800322742391       -0.81690346797809
c           -1.24985919623398        1.77800448973157        0.45682793545930
c           -1.82560744149793        0.42120624586018        0.88041782037186
c           -0.65814437102496       -0.47019123354404        1.32145053368699
c           -1.23767020757140       -1.23543121072095       -0.81170401070705
c           -2.34835968705466       -0.34835519741882       -0.30589034233476
o            0.18800923620921        0.06863342782125        2.30870412372716
c            1.06862983476288       -1.87105194841396        0.13054589081463
c           -3.56676833101715       -0.26212643724230       -0.80844298227260
c            1.98723268989602        0.90569859663445       -0.40580370289928
c            3.00048024592555        0.65083926015854       -1.22583544843507
h            0.68342400363486        0.12002328749131       -1.82717555897765
o            1.60618842957064       -2.34379740548242       -1.08278232622817
c            2.21148131604668        1.69722324289375        0.84311814654381
h            0.11024766849710        2.55725412735483       -1.02722679984567
h           -1.11362805089053        1.45865478063593       -1.64522700145098
h           -0.63500799662484        2.16064555993615        1.27283940701750
h           -2.05988495716444        2.48663191245142        0.27489158614874
h           -2.57788288591506        0.55503586285029        1.66202389224361
h           -1.05899902434183       -1.42747406071375        1.69709876959077
h           -1.11242862619729       -1.17289815570621       -1.89169216457916
h           -1.45583287998731       -2.27935624368371       -0.57159500811019
h           -0.34205546449507        0.23549015347010        3.09853531188787
h            0.61054200590918       -2.74417244769780        0.60506075411116
h            1.86494883696611       -1.50119203256632        0.78906246785502
h           -3.86711224853053       -0.83875061221768       -1.66733979214382
h           -4.31214909307702        0.38753602087932       -0.38150218537262
h            4.00522775147346        0.96809022540982       -0.99911950717723
h            2.88029014481187        0.13930413916403       -2.16852505124271
h            2.16149118322084       -1.64286042585326       -1.45072462833766
h            1.68279528339170        2.64745688989851        0.78599475832219
h            1.83888144255360        1.15777747897306        1.70780759554338
h            3.27087366088749        1.90155812535039        0.97870995054055
35
 energy: -46.156759215626 gnorm: 0.000645178350 xtb: 6.7.1 (edcfbbe)
c            0.01188934513450       -0.76932162565683       -0.03435072340684
c            0.58926664135236        0.46197345394926       -0.78830437883612
c           -0.42196106936011        1.62786980859299       -0.81653735988368
c           -1.24968845937343        1.77783036403572        0.45686946063457
c           -1.82539629007138        0.42097764562754        0.88034413555067
c           -0.65824148551683       -0.47054598455637        1.32104303357994
c           -1.23751726850250       -1.23512717035478       -0.81245908017742
c           -2.34858176019277       -0.34911750228008       -0.30545983224518
o            0.18851327376545        0.06884683457275        2.30828112790269
c            1.06767300548624       -1.87150314302532        0.13089761305889
c           -3.56754381873738       -0.26452024067679       -0.80677906442955
c            1.98762660926862        0.90578911027277       -0.40523439270205
c            3.00098006885706        0.65059361744807       -1.22496055876304
h            0.68414438322933        0.12038446868171       -1.82698754599280
o            1.60590819459922       -2.34457251214356       -1.08303727473144
c            2.21177141817379        1.69833347929240        0.84303767613553
h            0.11093426669636        2.55713480079327       -1.02632911020668
h           -1.11288956918667        1.45883935481863       -1.64506932385943
h           -0.63504907452787        2.16053918377249        1.27300363790225
h           -2.05968875503167        2.48642579464074        0.27460402852430
h           -2.57761322872735        0.55496099817049        1.66196535450653
h           -1.05884195477621       -1.42752054959790        1.69737763487364
h           -1.11245621570315       -1.17122122730851       -1.89237395637721
h           -1.45570036926948       -2.27930192000964       -0.57357388741722
h           -0.34256842450732        0.23777365816551        3.09687920909948
h            0.60914371409617       -2.74483119281970        0.60418590826613
h            1.86438048722961       -1.50243783446072        0.78907957543429
h           -3.86705488239487       -0.83943785640420       -1.66706877710385
h           -4.31268854009635        0.38594084218979       -0.38067423847945
h            4.00573961210464        0.96757410950137       -0.99814739071847
h            2.88106591253505        0.13826124999030       -2.16723958824282
h            2.15795056923752       -1.64144877752246       -1.45141946437348
h            1.68315990380791        2.64852788857378        0.78480356423508
h            1.83950659696491        1.15984548821872        1.70854592855072
h            3.27123323840443        1.90292123213706        0.97791610860582
35
 energy: -46.156760538164 gnorm: 0.000694467825 xtb: 6.7.1 (edcfbbe)
c            0.01210944310289       -0.76942845606149       -0.03452988351065
c            0.58974987408151        0.46192429241088       -0.78806221765082
c           -0.42148739176885        1.62776417087231       -0.81636226064859
c           -1.24946802556665        1.77767988941299        0.45684603596183
c           -1.82507310473797        0.42083589717426        0.88024973581861
c           -0.65791425440736       -0.47048617407760        1.32073741804357
c           -1.23719719442908       -1.23457517762783       -0.81316790533514
c           -2.34819062277459       -0.34866462889443       -0.30590419930882
o            0.18902390969453        0.06949450104964        2.30760809568962
c            1.06696993588982       -1.87205918368011        0.13074790047073
c           -3.56744456572124       -0.26495038262923       -0.80650514331526
c            1.98795394112458        0.90566681638234       -0.40458653589128
c            3.00164525956577        0.64990856613864       -1.22363454367352
h            0.68482277605784        0.12073461238729       -1.82689876661777
o            1.60514406329970       -2.34524230378989       -1.08334476452444
c            2.21168673576313        1.69910419900086        0.84310306057065
h            0.11149180187390        2.55704898195200       -1.02588964415425
h           -1.11231844319630        1.45898162750497       -1.64504264798377
h           -0.63503918026886        2.16047862273566        1.27310687417280
h           -2.05949616109941        2.48623707947440        0.27441519857783
h           -2.57749565310203        0.55482704630969        1.66177326869202
h           -1.05825032723775       -1.42737922460942        1.69757696517868
h           -1.11194891910432       -1.16933900266310       -1.89296854494482
h           -1.45558423494580       -2.27900669429432       -0.57565795887235
h           -0.34271250592914        0.24061965642443        3.09492931172003
h            0.60772499879540       -2.74525482429543        0.60330945598632
h            1.86387831940855       -1.50380371096421        0.78902254402498
h           -3.86774413742543       -0.84200876067381       -1.66504278747857
h           -4.31369778718697        0.38296837432152       -0.37849464518656
h            4.00623093184748        0.96722230001049       -0.99679496760478
h            2.88219826257413        0.13739362114829       -2.16588440889107
h            2.15430007377346       -1.64075568041276       -1.45253806872626
h            1.68312280607320        2.64929755291818        0.78395553060763
h            1.83929459649404        1.16127161329347        1.70890477719120
h            3.27112085444964        1.90393063037983        0.97785177052602
35
 energy: -46.156761512221 gnorm: 0.000397971406 xtb: 6.7.1 (edcfbbe)
c            0.01227318365285       -0.76935633143906       -0.03472267092941
c            0.59003620649585        0.46204718863348       -0.78805271582137
c           -0.42127602829102        1.62781372829306       -0.81649153629284
c           -1.24940218245357        1.77762275636907        0.45666812045104
c           -1.82498399735595        0.42082322459436        0.88024270718954
c           -0.65751002270474       -0.47017501442843        1.32064452140867
c           -1.23705079559606       -1.23410899399067       -0.81350371831167
c           -2.34834218712308       -0.34906505111262       -0.30549697981853
o            0.18923545122954        0.06993878380839        2.30719436782870
c            1.06689816154159       -1.87244344907304        0.13014237329926
c           -3.56801375025589       -0.26629026432804       -0.80525977631587
c            1.98814335732138        0.90577851821531       -0.40430558725934
c            3.00220822846587        0.64955222070895       -1.22275049844534
h            0.68529481082074        0.12095278984138       -1.82695082472550
o            1.60445893489898       -2.34563917156367       -1.08372067506865
c            2.21147927995938        1.69952708070877        0.84324510609755
h            0.11161447968206        2.55715521056842       -1.02610278522172
h           -1.11202872404064        1.45894807354488       -1.64523509786912
h           -0.63506777179656        2.16070432221127        1.27289335179311
h           -2.05952786742199        2.48604875794128        0.27419113260054
h           -2.57732483239238        0.55480905173045        1.66190472847749
h           -1.05776049794464       -1.42716662706490        1.69757034033447
h           -1.11181401644637       -1.16797672285429       -1.89328162954839
h           -1.45501264328965       -2.27881568740883       -0.57693346847857
h           -0.34267725920936        0.24275809104850        3.09390440763539
h            0.60718193390579       -2.74531640117602        0.60295213214342
h            1.86389259606837       -1.50460249257865        0.78870537507157
h           -3.86820957924450       -0.84313854672824       -1.66398440171767
h           -4.31414728660735        0.38191989053961       -0.37751576553869
h            4.00675263027024        0.96665789840325       -0.99544533329396
h            2.88331960699959        0.13646737252103       -2.16478616607728
h            2.15232862157474       -1.64092301015166       -1.45403681854131
h            1.68284040134219        2.64968947306152        0.78384348376845
h            1.83877797127110        1.16176965750585        1.70888428679384
h            3.27081966164130        1.90446952027776        0.97841806329600
35
 energy: -46.156762312271 gnorm: 0.000167282434 xtb: 6.7.1 (edcfbbe)
c            0.01237217377889       -0.76912095563128       -0.03511912519952
c            0.59069426417800        0.46232498403436       -0.78808314671395
c           -0.42093722207824        1.62786100238828       -0.81671093834536
c           -1.24938129714955        1.77780547276563        0.45625712809077
c           -1.82475954005552        0.42097242473767        0.88009479941760
c           -0.65729065119521       -0.47019620302752        1.32047201457834
c           -1.23698775245528       -1.23348909313473       -0.81411894070684
c           -2.34854857739870       -0.34939257379017       -0.30511664464424
o            0.18938606683240        0.06970657126428        2.30694857640011
c            1.06659413624764       -1.87291093075208        0.12939683598197
c           -3.56891120442265       -0.26807115479485       -0.80352077983794
c            1.98871247707629        0.90598393791395       -0.40375234111113
c            3.00332311573025        0.64888358306540       -1.22127693585342
h            0.68640022796613        0.12139781338253       -1.82700900992092
o            1.60337444775122       -2.34649848333170       -1.08432812934126
c            2.21148888550559        1.70053637092500        0.84344561196396
h            0.11177356042907        2.55729366316923       -1.02634251792933
h           -1.11147270118788        1.45874082269501       -1.64558758066012
h           -0.63526052891180        2.16123645367478        1.27248165138337
h           -2.05960035886261        2.48604570309319        0.27346899826748
h           -2.57680423492512        0.55502870455040        1.66199485470569
h           -1.05760000264780       -1.42731177908709        1.69724949275904
h           -1.11184238323581       -1.16604171304785       -1.89385796906194
h           -1.45446990550068       -2.27858614823361       -0.57884204542205
h           -0.34308745640685        0.24571255686404        3.09275904286218
h            0.60646010975524       -2.74541249306344        0.60269795005732
h            1.86397340813298       -1.50551410222187        0.78794405380769
h           -3.86923614659438       -0.84514649941306       -1.66208196897787
h           -4.31524641395153        0.37956020562014       -0.37524163338541
h            4.00779941316665        0.96585578262928       -0.99335862242862
h            2.88514954016783        0.13510837782569       -2.16303364269106
h            2.14936128935541       -1.64119479055191       -1.45666140254372
h            1.68267319773644        2.65056290071355        0.78345642590414
h            1.83857704579370        1.16303392957613        1.70917225859223
h            3.27072909234369        1.90567150582113        0.97903172891666
35
 energy: -46.156762655851 gnorm: 0.000188757741 xtb: 6.7.1 (edcfbbe)
c            0.01250641822368       -0.76902877590331       -0.03545111243592
c            0.59107090069520        0.46252363836971       -0.78805554337541
c           -0.42067303506435        1.62795572244382       -0.81701724695535
c           -1.24923982445053        1.77783898398147        0.45588445768271
c           -1.82464864934362        0.42111690797097        0.88003279919068
c           -0.65713015080790       -0.47013842747600        1.32017283540503
c           -1.23695059074716       -1.23296390474762       -0.81461350949373
c           -2.34869071190083       -0.34945752970549       -0.30492073986823
o            0.18963351598748        0.06939536632666        2.30675923019726
c            1.06648117669507       -1.87313801880850        0.12889258669667
c           -3.56952879999025       -0.26913216947491       -0.80231332499646
c            1.98899496301637        0.90614265441884       -0.40322112071309
c            3.00399241462822        0.64845848079928       -1.22007450922065
h            0.68712170303861        0.12171141098203       -1.82696646351698
o            1.60244830576965       -2.34735348897167       -1.08490451206339
c            2.21133941079501        1.70126501061595        0.84371459721570
h            0.11186432926113        2.55746600557376       -1.02675051869138
h           -1.11111205037279        1.45851328377283       -1.64590044557653
h           -0.63530641483604        2.16157281662395        1.27209889947122
h           -2.05955367672059        2.48588686094472        0.27281760721210
h           -2.57644993402996        0.55531499560972        1.66213591609406
h           -1.05762173580576       -1.42726460247886        1.69671216386739
h           -1.11197406745942       -1.16471782438729       -1.89432631287875
h           -1.45421327924739       -2.27826947066019       -0.58008658755820
h           -0.34319891832494        0.24751989882157        3.09195134286761
h            0.60627178242419       -2.74533979031273        0.60267786134222
h            1.86430156838703       -1.50579563018995        0.78697434996092
h           -3.87016015477253       -0.84666063739038       -1.66046269679452
h           -4.31600863086277        0.37795094158054       -0.37345787820126
h            4.00841016427944        0.96527696164519       -0.99165173187183
h            2.88633459127257        0.13415933197165       -2.16159503457151
h            2.14776323799652       -1.64209034818187       -1.45848263466432
h            1.68236059289023        2.65114351319811        0.78324323136737
h            1.83844459562787        1.16395004934554        1.70961216853337
h            3.27052702871636        1.90662363032092        0.97939992525703
35
 energy: -46.156762734099 gnorm: 0.000339911979 xtb: 6.7.1 (edcfbbe)
c            0.01264066266848       -0.76893659617535       -0.03578309967232
c            0.59144753721240        0.46272229270505       -0.78802794003688
c           -0.42040884805047        1.62805044249936       -0.81732355556534
c           -1.24909835175151        1.77787249519732        0.45551178727466
c           -1.82453775863173        0.42126139120428        0.87997079896375
c           -0.65696965042060       -0.47008065192449        1.31987365623173
c           -1.23691342903903       -1.23243871636050       -0.81510807828063
c           -2.34883284640297       -0.34952248562080       -0.30472483509222
o            0.18988096514256        0.06908416138904        2.30656988399440
c            1.06636821714250       -1.87336510686491        0.12838833741137
c           -3.57014639555784       -0.27019318415496       -0.80110587015497
c            1.98927744895644        0.90630137092373       -0.40268990031506
c            3.00466171352619        0.64803337853316       -1.21887208258787
h            0.68784317811108        0.12202500858154       -1.82692391711304
o            1.60152216378808       -2.34820849461163       -1.08548089478553
c            2.21118993608442        1.70199365030690        0.84398358246745
h            0.11195509809320        2.55763834797830       -1.02715851945342
h           -1.11075139955770        1.45828574485065       -1.64621331049293
h           -0.63535230076027        2.16190917957311        1.27171614755907
h           -2.05950699457857        2.48572801879626        0.27216621615672
h           -2.57609563313480        0.55560128666904        1.66227697748242
h           -1.05764346896372       -1.42721742587064        1.69617483497575
h           -1.11210575168302       -1.16339393572674       -1.89479465669557
h           -1.45395665299409       -2.27795279308677       -0.58133112969434
h           -0.34331038024302        0.24932724077911        3.09114364287305
h            0.60608345509313       -2.74526708756203        0.60265777262712
h            1.86462972864108       -1.50607715815802        0.78600464611416
h           -3.87108416295067       -0.84817477536769       -1.65884342461116
h           -4.31677084777400        0.37634167754095       -0.37167412301710
h            4.00902091539224        0.96469814066110       -0.98994484131504
h            2.88751964237730        0.13321028611761       -2.16015642645196
h            2.14616518663763       -1.64298590581182       -1.46030386678492
h            1.68204798804403        2.65172412568266        0.78303003683060
h            1.83831214546205        1.16486616911495        1.71005207847452
h            3.27032496508902        1.90757575482071        0.97976812159741
35
 energy: -46.156762985328 gnorm: 0.000164948355 xtb: 6.7.1 (edcfbbe)
c            0.01262974249432       -0.76883016056282       -0.03591208838985
c            0.59157395028528        0.46272215069908       -0.78817061757045
c           -0.42040769260395        1.62791346355520       -0.81743439861631
c           -1.24908396337925        1.77803056144032        0.45536385199791
c           -1.82432025588276        0.42135941142049        0.87989180073767
c           -0.65691052273159       -0.47013764805896        1.31978536628095
c           -1.23691428505758       -1.23235085861945       -0.81523448247484
c           -2.34880532559120       -0.34949058627942       -0.30467282559917
o            0.19001236340570        0.06893924745875        2.30648984287708
c            1.06630158426721       -1.87322838873861        0.12816885047742
c           -3.57027037166470       -0.27038840016955       -0.80069698658354
c            1.98929922788148        0.90629924236324       -0.40248316230535
c            3.00488034510537        0.64780954334265       -1.21832992236041
h            0.68819917597426        0.12203392480084       -1.82706283129788
o            1.60090032332771       -2.34849664558592       -1.08585824467803
c            2.21095009401506        1.70219482367500        0.84409922251875
h            0.11192535550041        2.55748235261063       -1.02736485979468
h           -1.11077215998928        1.45810283018326       -1.64629746972981
h           -0.63530197173070        2.16215242181587        1.27149852822196
h           -2.05953811291050        2.48586149401620        0.27199525766457
h           -2.57580415486293        0.55580230036426        1.66224140018937
h           -1.05763591374389       -1.42726429564547        1.69609155027698
h           -1.11217540519792       -1.16316750354900       -1.89490952753001
h           -1.45395022625154       -2.27788718599138       -0.58154794558493
h           -0.34318909345686        0.24941344403339        3.09090688149131
h            0.60619696144331       -2.74497669734426        0.60282423720604
h            1.86487807213167       -1.50578715134165        0.78524573820126
h           -3.87137837810696       -0.84837219914313       -1.65836206828297
h           -4.31688322328201        0.37597353030049       -0.37098694934498
h            4.00915618496953        0.96462838159246       -0.98929093225785
h            2.88789666317109        0.13299193062159       -2.15962971740584
h            2.14611826331689       -1.64382191299273       -1.46066637953207
h            1.68166185520123        2.65183305223960        0.78300952310612
h            1.83812330424262        1.16511197596168        1.71019710530203
h            3.27004366467829        1.90797939815580        0.97993030170339
35
 energy: -46.156763200989 gnorm: 0.000115842554 xtb: 6.7.1 (edcfbbe)
c            0.01262598760346       -0.76877278017962       -0.03609240114732
c            0.59165477014100        0.46279176066258       -0.78825269895725
c           -0.42039659026183        1.62785869144329       -0.81770586991357
c           -1.24894895566628        1.77813942085530        0.45514583710100
c           -1.82405332673826        0.42146036493344        0.87984783956703
c           -0.65679523870915       -0.47016774832852        1.31964466114452
c           -1.23696315502655       -1.23230317071082       -0.81531421154815
c           -2.34878183169389       -0.34943543479400       -0.30457603823883
o            0.19023430937150        0.06881714305465        2.30637559434091
c            1.06622544311483       -1.87314210891941        0.12779352539310
c           -3.57040838016361       -0.27046306683658       -0.80021550492886
c            1.98922551363708        0.90653414223797       -0.40225820487519
c            3.00510165267905        0.64770952613591       -1.21763159411066
h            0.68858713884877        0.12207707400186       -1.82712248428085
o            1.59985316101689       -2.34898691454430       -1.08662659101012
c            2.21050159235638        1.70266854876699        0.84421809005400
h            0.11187765609229        2.55741098386780       -1.02788624943917
h           -1.11084012401513        1.45788327352780       -1.64648004688933
h           -0.63510199232188        2.16238513206612        1.27117459999949
h           -2.05945365573923        2.48593754685789        0.27181284717991
h           -2.57549095576453        0.55599629517532        1.66224113929980
h           -1.05754000360313       -1.42726210017673        1.69603933331414
h           -1.11226195042064       -1.16298580357335       -1.89497290457084
h           -1.45399287587673       -2.27786533943451       -0.58172924565224
h           -0.34297465633855        0.24904444919495        3.09071985260870
h            0.60654034371340       -2.74467389150225        0.60319587223696
h            1.86540786802697       -1.50542024132567        0.78386137260732
h           -3.87181344238213       -0.84845740532990       -1.65776259320231
h           -4.31695089104251        0.37574990419687       -0.37014664120025
h            4.00936882095144        0.96426168743485       -0.98822175236553
h            2.88840492939734        0.13229979652463       -2.15864999271740
h            2.14636805444340       -1.64522879905519       -1.46102370470572
h            1.68086962636712        2.65211697105048        0.78298132472156
h            1.83781641946165        1.16559383409347        1.71034572104690
h            3.26951081350923        1.90886410525713        0.98009916805212
35
 energy: -46.156763295897 gnorm: 0.000141129593 xtb: 6.7.1 (edcfbbe)
c            0.01266078042481       -0.76877903339986       -0.03617969118465
c            0.59172012132669        0.46279116903053       -0.78829737282404
c           -0.42039453299237        1.62778415891651       -0.81788860224283
c           -1.24884275445073        1.77814852601155        0.45502514654224
c           -1.82394871443409        0.42151981332404        0.87987784569640
c           -0.65667777128452       -0.47011063298740        1.31957583297357
c           -1.23698096370276       -1.23215872404140       -0.81540039812535
c           -2.34880670081079       -0.34941580398300       -0.30446538726706
o            0.19042097660657        0.06880511393659        2.30632626852329
c            1.06625410874782       -1.87316864983064        0.12745527400242
c           -3.57053833720697       -0.27051840707910       -0.79985010907630
c            1.98922087008569        0.90642936253430       -0.40192499404630
c            3.00536984007149        0.64714216665975       -1.21680481651107
h            0.68886228004560        0.12201208282563       -1.82713258300435
o            1.59899120223626       -2.34944703994639       -1.08727549501898
c            2.21011929513407        1.70318241793794        0.84422888931252
h            0.11179727535263        2.55734604026214       -1.02826277544868
h           -1.11089643720191        1.45765207759716       -1.64658689748340
h           -0.63493672714731        2.16245221445152        1.27098250012404
h           -2.05938257737400        2.48591306905568        0.27172944030599
h           -2.57533364128428        0.55612233786250        1.66232196178748
h           -1.05744884674870       -1.42718492067589        1.69598156430725
h           -1.11232791968423       -1.16272714701556       -1.89506213675846
h           -1.45394391712895       -2.27775435741816       -0.58193178712694
h           -0.34277665013874        0.24867160854547        3.09075684481746
h            0.60678861879499       -2.74448661722480        0.60345015324152
h            1.86594111352956       -1.50533432813927        0.78280649948865
h           -3.87212041932032       -0.84848311894925       -1.65735215831146
h           -4.31694477892365        0.37580901921780       -0.36971274318718
h            4.00947951787629        0.96426360403485       -0.98750552050725
h            2.88881765506641        0.13183266334027       -2.15788975634649
h            2.14649436040304       -1.64635338433115       -1.46146018995941
h            1.68018924596457        2.65245122302758        0.78265571245548
h            1.83753390237518        1.16626092329634        1.71049604390852
h            3.26904660076044        1.90976841978218        0.98014148585724
