35
 energy: -46.163393531336 gnorm: 0.008621811596 xtb: 6.7.1 (edcfbbe)
c            0.12660268265610       -0.55981721464807        0.43866094199438
c           -0.94207727821746        0.52256541093156        0.73866309172732
c           -0.34201777005155        1.93432933585715        0.55638944314655
c            0.58782800026048        2.11040394143518       -0.64685420588664
c            1.51956486027336        0.90533538890118       -0.80524800765683
c            0.65903668199203       -0.34741348165395       -0.99397303654046
c            1.37421270910895       -0.30036391053310        1.30803953177963
c            2.22632054888654        0.64265291588477        0.49843564562087
o            1.37862583151091       -1.45245767224362       -1.49623113416302
c           -0.39893680717678       -1.99001256428183        0.64988991528798
c            3.39164729890293        1.14531248910752        0.86251514828220
c           -2.25181019299784        0.33119014404676       -0.00078413040035
c           -2.50458305410985        0.79224793955107       -1.21623351563895
h           -1.18101032342334        0.42152625378679        1.80511486259990
o           -1.27093242916319       -2.43539591827919       -0.35377740195677
c           -3.32379162517286       -0.38789952087189        0.76543796313919
h           -1.15984642431396        2.65390165477601        0.48869109171655
h            0.22949848930170        2.17752710186492        1.45467727954460
h            0.02056688570912        2.24058859989286       -1.56859458919509
h            1.18482825742503        3.01335774583530       -0.50011130072161
h            2.20950383187909        1.06419509867157       -1.63734049362555
h           -0.15084492126684       -0.19335690418568       -1.70890276435726
h            1.91677136834937       -1.23220163454602        1.49449097816225
h            1.11837492999558        0.11540063625113        2.28308162191170
h            2.18533744616838       -1.55106173548732       -0.97798603563337
h           -0.95127045852154       -2.04915596040803        1.59153555410525
h            0.45992750910381       -2.67531132898550        0.72207899271997
h            3.83188635799801        0.92374166660933        1.82031868710663
h            3.94917132134998        1.80452258929963        0.21923289119715
h           -3.46763194073660        0.63903108338317       -1.67408621134183
h           -1.79444803819517        1.33427946099125       -1.81283268420331
h           -0.78205628444655       -2.42858947177617       -1.18578943392546
h           -4.28268198199777       -0.29392101093024        0.26290473111650
h           -3.08353047636640       -1.44591770864072        0.83743541407109
h           -3.41572030961360        0.01490163970660        1.77343609588585
35
 energy: -46.163453070842 gnorm: 0.004433259705 xtb: 6.7.1 (edcfbbe)
c            0.12733693872043       -0.55974882083844        0.43801782626382
c           -0.94247629092188        0.52255093604614        0.73747507751146
c           -0.34237522174500        1.93469205464024        0.55591069619114
c            0.58794762458679        2.11123553882036       -0.64717244648042
c            1.52088353903299        0.90661641936736       -0.80466098247596
c            0.66053190859353       -0.34591165506302       -0.99430323664813
c            1.37470167779956       -0.30042561391552        1.30814583536721
c            2.22748091174006        0.64271544930683        0.49929225625553
o            1.38260580172100       -1.45209399056728       -1.49793020286913
c           -0.39674936448548       -1.99059073895615        0.65059016000117
c            3.39343266178608        1.14505188795469        0.86352504839895
c           -2.25345740392329        0.33101695679977       -0.00069270627810
c           -2.50709626159950        0.79168123257641       -1.21666225163709
h           -1.18139749529256        0.42029876956453        1.80328214763291
o           -1.27065241151294       -2.43990568271235       -0.35493078808412
c           -3.32695365170590       -0.38532065817470        0.76741532221377
h           -1.16021734668303        2.65421020838804        0.48835104546952
h            0.22842617149176        2.17680412101483        1.45465622280244
h            0.02159597592403        2.24085554303328       -1.56953545238405
h            1.18477695333211        3.01412018331159       -0.50033922091324
h            2.21015651173893        1.06460399914151       -1.63751701349773
h           -0.14866441012723       -0.19277568644835       -1.71040777146806
h            1.91665313024093       -1.23215469876304        1.49412747339940
h            1.11757734896595        0.11512249119914        2.28256780617110
h            2.18930996795064       -1.54999836046730       -0.97667918380565
h           -0.95069767891756       -2.05031381733242        1.59107263366914
h            0.46018848526145       -2.67752843963033        0.72127152108270
h            3.83332530010596        0.92343369433787        1.82162199893634
h            3.95142712485713        1.80410367523770        0.22010161619749
h           -3.47067424156439        0.63872380475012       -1.67449979076363
h           -1.79663672191269        1.33275456756707       -1.81368678623787
h           -0.78138214062642       -2.43297987521447       -1.18781655179671
h           -4.28615765861523       -0.29187341464249        0.26486455701266
h           -3.08860988838905       -1.44387560902703        0.84210608943888
h           -3.41764515072712        0.01904058800786        1.77472398719336
35
 energy: -46.163475704331 gnorm: 0.000865503145 xtb: 6.7.1 (edcfbbe)
c            0.12806712881743       -0.56032245034838        0.43641548151818
c           -0.94292108413733        0.52149223394855        0.73632702721657
c           -0.34313127424059        1.93407044547236        0.55520064195686
c            0.58787703306570        2.11171755559111       -0.64722761567777
c            1.52209216073210        0.90772307391318       -0.80418384210822
c            0.66224488032608       -0.34464287811169       -0.99496738944432
c            1.37471089230680       -0.30030574077875        1.30806934171459
c            2.22805783315462        0.64325205463916        0.50026213577138
o            1.38797557982508       -1.45153064636565       -1.49918212024141
c           -0.39443016204112       -1.99098445067702        0.65078025523566
c            3.39446407697423        1.14485789679038        0.86470419052035
c           -2.25488772645097        0.33032396298486       -0.00080041353930
c           -2.50934219402100        0.78985451599609       -1.21721407161153
h           -1.18145532021526        0.41833734939510        1.80178631918587
o           -1.27066280972765       -2.44342644330748       -0.35680919044505
c           -3.32972282326115       -0.38175760487267        0.77022807664807
h           -1.16107030851772        2.65343474886307        0.48751996047971
h            0.22710621576425        2.17559108755101        1.45423777600577
h            0.02218059125352        2.24033353230036       -1.57008735056798
h            1.18370643022473        3.01513390043616       -0.49998962332307
h            2.21126929614308        1.06566966949418       -1.63713064124561
h           -0.14557851344120       -0.19355468528226       -1.71295198702703
h            1.91656823984121       -1.23166355326795        1.49399276341037
h            1.11602268722062        0.11515448967958        2.28187383278381
h            2.19373070252470       -1.54746720535846       -0.97432869950829
h           -0.95049314340325       -2.05112009706835        1.58959832671527
h            0.46063174568471       -2.67919116476466        0.71905151355613
h            3.83469614890843        0.92167466017575        1.82237308825934
h            3.95311083498585        1.80357550058078        0.22135736637535
h           -3.47407329574188        0.63921510095678       -1.67392800658624
h           -1.79791052331807        1.32842391065537       -1.81537058360095
h           -0.78045912651087       -2.43664865531770       -1.18977085290537
h           -4.28890079269879       -0.28850461155233        0.26737638873487
h           -3.09362529465925       -1.44086683622256        0.84900528464449
h           -3.41933339026701        0.02628639318454        1.77606755296864
35
 energy: -46.163479678892 gnorm: 0.000749979214 xtb: 6.7.1 (edcfbbe)
c            0.12844280453215       -0.56092245677537        0.43539839476420
c           -0.94287756507464        0.52053610321714        0.73562347246170
c           -0.34377692157631        1.93344667852855        0.55512789323711
c            0.58718508985996        2.11153724470404       -0.64716964448573
c            1.52225346946298        0.90814570666667       -0.80397745408163
c            0.66333331534044       -0.34458013919758       -0.99518223410704
c            1.37471719064010       -0.30058017736007        1.30785126502370
c            2.22821443953885        0.64308682198412        0.50033953812433
o            1.39119901773016       -1.45121502665697       -1.49852427649074
c           -0.39371905450884       -1.99110433407754        0.64959620864228
c            3.39490627645118        1.14381980417814        0.86476629175601
c           -2.25530218082957        0.33008800374510       -0.00077290416576
c           -2.50984498657908        0.78819483278381       -1.21758132423627
h           -1.18091145629508        0.41681604763310        1.80113051501341
o           -1.27122706950129       -2.44302696462312       -0.35850697572485
c           -3.33060488201558       -0.37897080920756        0.77226914002293
h           -1.16204519190719        2.65241540130425        0.48728380253962
h            0.22621346561283        2.17510546356810        1.45430769096970
h            0.02142803301590        2.23957260524410       -1.57009209970500
h            1.18217450085455        3.01547990439403       -0.49981784113489
h            2.21166444948277        1.06685316041941       -1.63654386448883
h           -0.14347601189281       -0.19498792058988       -1.71440958008570
h            1.91676009994093       -1.23173098691073        1.49431425986346
h            1.11518122054964        0.11500414435205        2.28138616504325
h            2.19604357243472       -1.54527358104313       -0.97227088171664
h           -0.95022937109244       -2.05157781218002        1.58786346145752
h            0.46057283578239       -2.67988651500805        0.71641577174711
h            3.83440014072070        0.92120596929148        1.82290017928595
h            3.95324569965330        1.80350517367057        0.22223306464234
h           -3.47477875680929        0.63801241674449       -1.67383180510442
h           -1.79734047753207        1.32382325453570       -1.81717121241223
h           -0.78041522565800       -2.43667864265895       -1.19093759072469
h           -4.28964868650391       -0.28649912658822        0.26907944185263
h           -3.09512883714776       -1.43797676674154        0.85442352131495
h           -3.42009425157967        0.03249758196635        1.77676454677137
35
 energy: -46.163483647238 gnorm: 0.001020541207 xtb: 6.7.1 (edcfbbe)
c            0.12883472612367       -0.56153147048785        0.43422773559908
c           -0.94275648449521        0.51927085341433        0.73522822079155
c           -0.34465514862627        1.93258268707520        0.55537585822058
c            0.58599008182550        2.11132700680393       -0.64694398508559
c            1.52206808277450        0.90879333122360       -0.80375846315782
c            0.66479439791996       -0.34482827458551       -0.99552685794495
c            1.37459919584249       -0.30082869840829        1.30754920449666
c            2.22769381922934        0.64379675945222        0.50069088030330
o            1.39527023289170       -1.45069432067891       -1.49689764815019
c           -0.39351892127759       -1.99126295369735        0.64744403825175
c            3.39450642288281        1.14390451225177        0.86531552254457
c           -2.25521824932465        0.32907690710086       -0.00092009931373
c           -2.50910291293227        0.78435071542430       -1.21883018517373
h           -1.18030127051727        0.41462113590929        1.80084899681326
o           -1.27262013917424       -2.44104306073225       -0.36044974699552
c           -3.33146900885670       -0.37531684757832        0.77477188204399
h           -1.16349694486931        2.65088650264755        0.48749107550103
h            0.22511688429151        2.17469328915652        1.45463149595574
h            0.01982430348470        2.23849020229691       -1.56974239278003
h            1.17998490607102        3.01599034482445       -0.49993700370116
h            2.21187323022711        1.06879034433091       -1.63572955002772
h           -0.14089905612962       -0.19710896095002       -1.71623322098995
h            1.91706543358119       -1.23170368416740        1.49469162646554
h            1.11404927229870        0.11466186636495        2.28090636585031
h            2.19913889401049       -1.54221403916700       -0.96941178278314
h           -0.94929361572894       -2.05261350438699        1.58595119343947
h            0.46027998825403       -2.68061891765961        0.71225638546911
h            3.83493580858833        0.91891577589565        1.82245229667799
h            3.95382959260093        1.80249222926097        0.22259659495335
h           -3.47479218464675        0.63626546765252       -1.67389265317535
h           -1.79571849945627        1.31750311425623       -1.81963135784112
h           -0.78158128795668       -2.43539761831011       -1.19242461843757
h           -4.29010808523480       -0.28486865614567        0.27052343645119
h           -3.09625972125330       -1.43386012613761        0.86260194000885
h           -3.42154904731815        0.04161314706316        1.77705975158947
35
 energy: -46.163483837619 gnorm: 0.001702960375 xtb: 6.7.1 (edcfbbe)
c            0.12924160028849       -0.56215961853191        0.43301416123565
c           -0.94263075919287        0.51796255669391        0.73481803840293
c           -0.34556478238885        1.93169072044919        0.55563531028576
c            0.58475274933546        2.11111296158475       -0.64670765723578
c            1.52187922941895        0.90946920981534       -0.80352990054477
c            0.66631302766345       -0.34508206184291       -0.99588732184682
c            1.37447773060010       -0.30109011753794        1.30723471378540
c            2.22716467749176        0.64451775586651        0.50105006228276
o            1.39949456178465       -1.45014896399980       -1.49521523526807
c           -0.39331429161440       -1.99142997142179        0.64520751764709
c            3.39410942531628        1.14396668782160        0.86587693458691
c           -2.25513628162112        0.32803700267760       -0.00106749679306
c           -2.50833715620138        0.78036289927825       -1.22012558764844
h           -1.17966868913419        0.41234575746440        1.80055515864942
o           -1.27407431546646       -2.43898208536614       -0.36246040211077
c           -3.33237108075790       -0.37151863842939        0.77737417707076
h           -1.16500009924465        2.64930709268459        0.48771231272847
h            0.22398169886137        2.17426479906545        1.45496958980599
h            0.01816271854731        2.23737479752226       -1.56937679054087
h            1.17771912642828        3.01652145637682       -0.50005936801046
h            2.21208957789868        1.07080144539252       -1.63488736900451
h           -0.13822585785948       -0.19929987372839       -1.71812522343085
h            1.91737699132513       -1.23168215067567        1.49507629665171
h            1.11288099540665        0.11430208003116        2.28040894168829
h            2.20235671545184       -1.53904138790716       -0.96645231673334
h           -0.94831207691097       -2.05369540584808        1.58397406163752
h            0.45997692814950       -2.68138133044018        0.70792994774698
h            3.83548173443146        0.91655744262427        1.82200211809059
h            3.95442723375239        1.80146172701620        0.22298856022489
h           -3.47479773496711        0.63441320508477       -1.67397156059174
h           -1.79403221495288        1.31091821413119       -1.82219898671508
h           -0.78281344128253       -2.43406451938545       -1.19397406726872
h           -4.29058810293024       -0.28318752161747        0.27201898347093
h           -3.09743234766736       -1.42957943956689        0.87111265883527
h           -3.42307279485946        0.05109033403085        1.77736467478516
35
 energy: -46.163488632215 gnorm: 0.001108454421 xtb: 6.7.1 (edcfbbe)
c            0.12940828298582       -0.56218938250727        0.43253615310201
c           -0.94253748948312        0.51762467300638        0.73475323243573
c           -0.34591284488507        1.93153493234463        0.55600593613970
c            0.58423703181717        2.11123712639952       -0.64639080281783
c            1.52194183664627        0.91005681755986       -0.80335346151101
c            0.66725948895115       -0.34507489677782       -0.99627222179380
c            1.37444844658188       -0.30147353978238        1.30697917559927
c            2.22764593350407        0.64372682939016        0.50076300274963
o            1.40152778887945       -1.44948591738121       -1.49449360030092
c           -0.39365385392190       -1.99169734056960        0.64370872062062
c            3.39515296994037        1.14210545100711        0.86542491253739
c           -2.25534804984078        0.32821917579396       -0.00073710520239
c           -2.50802973995391        0.77845361532282       -1.22073164756657
h           -1.17938062406253        0.41135924693975        1.80046720898336
o           -1.27562354195729       -2.43728689338258       -0.36294981768446
c           -3.33301766227013       -0.36923658913910        0.77893369032324
h           -1.16557188201621        2.64894380378567        0.48835462058361
h            0.22365075865692        2.17407163355915        1.45532375575575
h            0.01728197495451        2.23725003075738       -1.56887537720075
h            1.17690608270220        3.01688636727694       -0.50012798127910
h            2.21209100052414        1.07199146023016       -1.63466625109398
h           -0.13694757675880       -0.19974695704798       -1.71902931336379
h            1.91705738986807       -1.23221195874528        1.49482919276821
h            1.11283309996003        0.11385256251458        2.28020253469207
h            2.20433229907433       -1.53755699770616       -0.96539730998753
h           -0.94691519021029       -2.05487023115022        1.58361881500652
h            0.45981069010271       -2.68188581879385        0.70484470172618
h            3.83507264228523        0.91657414875369        1.82264408346830
h            3.95402486069739        1.80244045106599        0.22414219075119
h           -3.47389077366137        0.63054230111500       -1.67520419223800
h           -1.79271874611097        1.30565874055046       -1.82456189870989
h           -0.78540629476585       -2.43261559944328       -1.19511960505029
h           -4.29080693048998       -0.28346459096083        0.27230464565918
h           -3.09753069166588       -1.42677060996422        0.87715191776251
h           -3.42487599097777        0.05717301529101        1.77720703100506
35
 energy: -46.163493586772 gnorm: 0.000325314150 xtb: 6.7.1 (edcfbbe)
c            0.12974924579291       -0.56205809212488        0.43197403168199
c           -0.94254168513343        0.51742991712397        0.73427048416069
c           -0.34626898874061        1.93166395905898        0.55634951376680
c            0.58394005923060        2.11180255635970       -0.64592752907773
c            1.52256892914145        0.91125068575582       -0.80277111105821
c            0.66867930792794       -0.34442315598955       -0.99691902171957
c            1.37449158629414       -0.30209951960161        1.30671168603684
c            2.22805748186608        0.64364872908073        0.50136320122655
o            1.40412140555218       -1.44810451441141       -1.49473107583825
c           -0.39349835487980       -1.99239287388451        0.64201602914499
c            3.39587628199509        1.14137250610340        0.86634139597563
c           -2.25568423871388        0.32751000381310       -0.00083668039958
c           -2.50774162021462        0.77394264428427       -1.22246795144392
h           -1.17935356405141        0.41059302680599        1.79977069596846
o           -1.27820218623801       -2.43615500562285       -0.36257245231342
c           -3.33441652253712       -0.36589496007737        0.78126406635760
h           -1.16595410704473        2.64909975819999        0.48902913187037
h            0.22323713579702        2.17365777769362        1.45577470575121
h            0.01700094354777        2.23755191333155       -1.56845811345170
h            1.17622041052571        3.01767613235483       -0.49970487714060
h            2.21274009236101        1.07362096485576       -1.63404598802200
h           -0.13522556917615       -0.19923212182542       -1.72015410645114
h            1.91678484257120       -1.23302599545571        1.49370271422947
h            1.11284819168912        0.11262003751013        2.28010601031384
h            2.20735014251439       -1.53593150317209       -0.96516862083920
h           -0.94383382367157       -2.05676713625326        1.58384174943839
h            0.46026781607622       -2.68286310112500        0.70011923393557
h            3.83543163422651        0.91550958267089        1.82368230837247
h            3.95458616063037        1.80259659736650        0.22568959370432
h           -3.47356128898990        0.62456683308579       -1.67695562740233
h           -1.79203753887542        1.29842944647329       -1.82805232318805
h           -0.79105770230281       -2.43118441622991       -1.19697661808262
h           -4.29131513942767       -0.28470487811510        0.27210320079787
h           -3.09827953186643       -1.42264359919413        0.88745823265057
h           -3.42846511077633        0.06707286046694        1.77645904691396
35
 energy: -46.163498243958 gnorm: 0.000712837557 xtb: 6.7.1 (edcfbbe)
c            0.13039980104982       -0.56227204737534        0.43066217534721
c           -0.94244067292139        0.51633848408814        0.73377644877499
c           -0.34686281474290        1.93098921443100        0.55662819088389
c            0.58346332029382        2.11238946319925       -0.64530264365055
c            1.52331711390893        0.91274637864864       -0.80198341225390
c            0.67075647217783       -0.34371237130579       -0.99788655395213
c            1.37445564654295       -0.30299804371065        1.30627877228031
c            2.22814183319830        0.64401440246294        0.50237511254507
o            1.40776157769110       -1.44623366482274       -1.49534248462098
c           -0.39302366428268       -1.99307620224833        0.63926292286826
c            3.39599805368134        1.14111837956373        0.86817391793561
c           -2.25569292671775        0.32600759682952       -0.00116773681854
c           -2.50665293204824        0.76657357813132       -1.22518205546378
h           -1.17911242098916        0.40873797237822        1.79918311824862
o           -1.28255801209546       -2.43373846809367       -0.36181781929985
c           -3.33595893355712       -0.36054638868595        0.78490592392008
h           -1.16681758136415        2.64815602542929        0.48962097258114
h            0.22238151378926        2.17256342760986        1.45630696886185
h            0.01645596850149        2.23750698596055       -1.56788405836093
h            1.17473495175552        3.01891914817724       -0.49891237107255
h            2.21400059322530        1.07623593738755       -1.63263828970769
h           -0.13245005155687       -0.19892109257123       -1.72191101345455
h            1.91684341185951       -1.23402480674818        1.49218456959172
h            1.11242678744427        0.11055089505067        2.28005368118345
h            2.21113768026863       -1.53346384089824       -0.96550892534288
h           -0.93888170275678       -2.05922364668464        1.58371507712077
h            0.46101423086191       -2.68383950746743        0.69204193385005
h            3.83550466451641        0.91375899683071        1.82519698857690
h            3.95485414336946        1.80309267439601        0.22840686472548
h           -3.47277634481765        0.61649017283887       -1.67899245818742
h           -1.79004877160402        1.28668051836803       -1.83351222397673
h           -0.80022875327175       -2.42799293435205       -1.19915883518720
h           -4.29131152167842       -0.28665244148995        0.27166878491804
h           -3.09850308707368       -1.41575551192211        0.90417559182863
h           -3.43381287755804        0.08371577590724        1.77486780117689
35
 energy: -46.163503378134 gnorm: 0.000962439653 xtb: 6.7.1 (edcfbbe)
c            0.13167073934781       -0.56326534008796        0.42836297743586
c           -0.94184377872531        0.51423615293107        0.73240831653752
c           -0.34797071917892        1.92985522748375        0.55718968967555
c            0.58243922239186        2.11270029109958       -0.64432434645445
c            1.52446683326380        0.91468977001481       -0.80079179071149
c            0.67387481588906       -0.34280050063676       -0.99929888854451
c            1.37474911449313       -0.30480877309731        1.30540689811382
c            2.22809496369173        0.64477332546876        0.50404097282440
o            1.41315747553709       -1.44357727032216       -1.49669444351184
c           -0.39167484451183       -1.99436131877530        0.63494827722791
c            3.39545547102950        1.14173782384517        0.87163890425934
c           -2.25531601384385        0.32343889441307       -0.00199622185337
c           -2.50459627215361        0.75487162560383       -1.22959365070672
h           -1.17814804656946        0.40517080508980        1.79769596757316
o           -1.28992847009107       -2.42979719858337       -0.36027884527264
c           -3.33812669179379       -0.35150938646210        0.79065363285832
h           -1.16859445218416        2.64631375892921        0.49049498441777
h            0.22085657024098        2.17107490269922        1.45725002031491
h            0.01532689058396        2.23692613668175       -1.56698311180614
h            1.17200409207075        3.02027230956693       -0.49758748155910
h            2.21617922730061        1.08008938769967       -1.63023956527632
h           -0.12817406938788       -0.19857226910523       -1.72458486579335
h            1.91773195876913       -1.23582107845074        1.48970815756929
h            1.11169671669250        0.10655141601590        2.27982282549430
h            2.21648448576026       -1.52985513799994       -0.96662069030578
h           -0.93015613718547       -2.06343933373031        1.58350169102816
h            0.46220859332441       -2.68607117085504        0.67829526831729
h            3.83471522347127        0.91215244881987        1.82825559088784
h            3.95480371210336        1.80463391165857        0.23326683935952
h           -3.47134286641294        0.60448874391058       -1.68201495706328
h           -1.78651618040428        1.26818767768649       -1.84204356445329
h           -0.81542768758143       -2.42204827170324       -1.20203659749023
h           -4.29093017770597       -0.29027662119613        0.27088630526637
h           -3.09809706240842       -1.40363098398185        0.93202507740462
h           -3.44255794072315        0.11180510468184        1.77152156010590
35
 energy: -46.163506417895 gnorm: 0.000676847079 xtb: 6.7.1 (edcfbbe)
c            0.13274795228211       -0.56432322981665        0.42645896196529
c           -0.94140532456478        0.51211198207028        0.73191503509325
c           -0.34834640905890        1.92813280413175        0.55747899552965
c            0.58200572126450        2.11288726194191       -0.64373360727364
c            1.52513817030201        0.91572400210205       -0.80010968628351
c            0.67604263368607       -0.34250347724460       -1.00047020818238
c            1.37518091523030       -0.30637058502297        1.30460082091252
c            2.22785839923888        0.64539998917827        0.50514948935782
o            1.41675900982501       -1.44212330864486       -1.49846182117946
c           -0.39044513731691       -1.99525722728577        0.63204247670990
c            3.39423866789874        1.14331989473104        0.87451172226884
c           -2.25488103589147        0.32166427215764       -0.00250163874509
c           -2.50282691585697        0.74690788569916       -1.23247888242965
h           -1.17752758577228        0.40185712611337        1.79716253762712
o           -1.29576918520737       -2.42716038096910       -0.35852025819486
c           -3.33957218916072       -0.34462500376717        0.79458811568210
h           -1.16958142614005        2.64387596457434        0.49097550915507
h            0.21998828949448        2.16933121226080        1.45785798775166
h            0.01465958532919        2.23651985426432       -1.56633095893360
h            1.17044556474899        3.02118108410380       -0.49675679759891
h            2.21753705105847        1.08253278714215       -1.62866961843005
h           -0.12526031968742       -0.19851148136647       -1.72650669632943
h            1.91885886802038       -1.23731364110491        1.48739391753429
h            1.11132328414246        0.10296654753417        2.27966309122801
h            2.21988528185098       -1.52795672787449       -0.96820386405609
h           -0.92302049261598       -2.06672585396655        1.58371780248719
h            0.46307586609636       -2.68769934175800        0.66760490306127
h            3.83311768954469        0.91248832913925        1.83100664734491
h            3.95366052588554        1.80740213315189        0.23745508909394
h           -3.46996903644775        0.59673167265152       -1.68407421230354
h           -1.78325579663289        1.25465633655156       -1.84787309627874
h           -0.82719535383470       -2.41701429734560       -1.20341094466801
h           -4.29017750518054       -0.29360855247663        0.26988363197764
h           -3.09727182355048       -1.39362671561998        0.95310806157147
h           -3.44950324388033        0.13326374407690        1.76781243040442
35
 energy: -46.163506288683 gnorm: 0.000810491432 xtb: 6.7.1 (edcfbbe)
c            0.13353008812547       -0.56504367867162        0.42505648585123
c           -0.94113606084056        0.51054311265597        0.73163637527858
c           -0.34859633067318        1.92681015419103        0.55764778169041
c            0.58173130920408        2.11310065765427       -0.64331345287204
c            1.52562228988416        0.91651917220538       -0.79958548147884
c            0.67764584115462       -0.34226224206571       -1.00133549365315
c            1.37546684571596       -0.30746432501951        1.30403666659158
c            2.22766610605234        0.64590315167950        0.50599315404831
o            1.41939497199973       -1.44104008940652       -1.49980355704039
c           -0.38956361385332       -1.99584714479941        0.62991642219155
c            3.39336140283132        1.14446046442629        0.87663194158276
c           -2.25458640537458        0.32035844997403       -0.00284029081868
c           -2.50153880700590        0.74102906682820       -1.23458071627415
h           -1.17713621940578        0.39943576701375        1.79686284935231
o           -1.30002968842162       -2.42521778498621       -0.35724898058197
c           -3.34065384525516       -0.33960171441520        0.79748198978046
h           -1.17028383213015        2.64201251756632        0.49125978045710
h            0.21933231395713        2.16802695880445        1.45827693347286
h            0.01422156148479        2.23626015495548       -1.56587446548374
h            1.16933471697149        3.02194058565931       -0.49616550225219
h            2.21852980978632        1.08437098276075       -1.62748218207342
h           -0.12311225425651       -0.19841855247431       -1.72791162077829
h            1.91965078637506       -1.23835605936203        1.48574445552715
h            1.11100083578125        0.10040318517534        2.27956358191627
h            2.22238121973800       -1.52656673871044       -0.96942664146106
h           -0.91783915983698       -2.06907735172816        1.58386565399931
h            0.46371007209474       -2.68879878650261        0.65980235907206
h            3.83203961807302        0.91256969007525        1.83296864953733
h            3.95291084379982        1.80930186861215        0.24048881090506
h           -3.46895126746250        0.59094178043111       -1.68559567376889
h           -1.78084834967547        1.24462568735070       -1.85217420135262
h           -0.83579180510515       -2.41332991099260       -1.20443556293077
h           -4.28966931315489       -0.29595939707728        0.26920972236481
h           -3.09673679877795       -1.38635347390612        0.96844328628892
h           -3.45454218670007        0.14885890141091        1.76517185878154
35
 energy: -46.163508460223 gnorm: 0.000231985703 xtb: 6.7.1 (edcfbbe)
c            0.13358996840455       -0.56570108504868        0.42523594078152
c           -0.94061903479529        0.51054628443759        0.73117531429921
c           -0.34852521453588        1.92707459596098        0.55790801060650
c            0.58168666808786        2.11228697561993       -0.64329212420227
c            1.52559653552650        0.91574027236479       -0.79996985054337
c            0.67702919048757       -0.34264933436941       -1.00120872949987
c            1.37588388989684       -0.30798488034016        1.30376588659121
c            2.22766485892933        0.64562376642253        0.50565727143220
o            1.41817519484501       -1.44158780449459       -1.50010715845658
c           -0.38926431188849       -1.99638463260485        0.63047049759488
c            3.39254682406306        1.14565353021186        0.87673931176360
c           -2.25411760542401        0.32042022942126       -0.00316945208688
c           -2.50125518684324        0.74219474841957       -1.23437285891138
h           -1.17662572912995        0.39949271828795        1.79637156708313
o           -1.29994269312602       -2.42581648195923       -0.35647693891300
c           -3.34005534729433       -0.34001183939272        0.79669199056038
h           -1.17015425679362        2.64242492842471        0.49165840802299
h            0.21975009058436        2.16812806558229        1.45839227447079
h            0.01415017668261        2.23601999450273       -1.56576365264928
h            1.16961557468620        3.02081698118353       -0.49592907782288
h            2.21844991891647        1.08330566720720       -1.62799180429678
h           -0.12397556066084       -0.19853851520931       -1.72746482830171
h            1.92029047763722       -1.23885113834729        1.48509005842113
h            1.11167372331548        0.09956820689443        2.27949004498890
h            2.22110764632590       -1.52758245978744       -0.96993173935573
h           -0.91741758747595       -2.06941581770224        1.58434273440759
h            0.46375062951133       -2.68946132188953        0.66023501370704
h            3.83065678277890        0.91507853249311        1.83362936472734
h            3.95148372349126        1.81127213679218        0.24090616478442
h           -3.46888212105230        0.59316296611185       -1.68517505540853
h           -1.78090501279404        1.24706603864762       -1.85108829860358
h           -0.83571251780902       -2.41304330603213       -1.20345486861559
h           -4.28885024637717       -0.29705383791708        0.26838768381345
h           -3.09568327672819       -1.38606586364379        0.96774538878475
h           -3.45460147634257        0.14840673906481        1.76378844669580
35
 energy: -46.163509609011 gnorm: 0.000260957022 xtb: 6.7.1 (edcfbbe)
c            0.13363474140693       -0.56621080328580        0.42532634302022
c           -0.94033264828324        0.51037052357674        0.73109240082916
c           -0.34800041976136        1.92680999987735        0.55810284058077
c            0.58182774618000        2.11179118162457       -0.64344484899187
c            1.52539614778708        0.91500306502836       -0.80036533977043
c            0.67660837908771       -0.34327510104292       -1.00123913965006
c            1.37633029051169       -0.30863786161244        1.30340371074751
c            2.22751121771440        0.64550921565396        0.50536149130912
o            1.41749191920858       -1.44238144603478       -1.50027140781542
c           -0.38913160773062       -1.99683333593562        0.63088692526710
c            3.39142997982008        1.14737622894114        0.87697543935461
c           -2.25400079946655        0.32099194237125       -0.00317730856565
c           -2.50130208087407        0.74440702718313       -1.23380742044236
h           -1.17640456825747        0.39921191391190        1.79624783897703
o           -1.30001432252039       -2.42636655137320       -0.35591164394204
c           -3.33972600402092       -0.34048933390384        0.79610965404200
h           -1.16951670460926        2.64231801320000        0.49214672629038
h            0.22060578103038        2.16766468037391        1.45844092431082
h            0.01412582080953        2.23596380090659       -1.56575101172120
h            1.17016329811330        3.02003571853209       -0.49605355359012
h            2.21808702601140        1.08228614306947       -1.62857072893241
h           -0.12460121552543       -0.19912437663678       -1.72729243961072
h            1.92098188448439       -1.23950034939861        1.48408829996017
h            1.11246348148275        0.09842214073225        2.27941102702872
h            2.22028583685498       -1.52864158688450       -0.96996393154026
h           -0.91707171964132       -2.06970346924778        1.58485557059222
h            0.46376701682943       -2.69000946148350        0.66054667392680
h            3.82919543820735        0.91790190036827        1.83429046504392
h            3.94988822162573        1.81342159208010        0.24118602653678
h           -3.46865925231734        0.59531442964774       -1.68509157599189
h           -1.78078010984741        1.24960976255873       -1.85010421488354
h           -0.83577304385058       -2.41293187150659       -1.20280652196830
h           -4.28807037223183       -0.29909847726316        0.26677473886862
h           -3.09416150657071       -1.38603377473064        0.96838787893170
h           -3.45573315655764        0.14896358001507        1.76250104766804
35
 energy: -46.163510839701 gnorm: 0.000350452265 xtb: 6.7.1 (edcfbbe)
c            0.13386338390580       -0.56737149690148        0.42514720136732
c           -0.93970118147896        0.50958795783598        0.73122567637092
c           -0.34672213496489        1.92574632067252        0.55833363176556
c            0.58239551923759        2.11086401043291       -0.64379992925312
c            1.52523885516489        0.91357123013609       -0.80125577097699
c            0.67615709051415       -0.34457079773270       -1.00161719897746
c            1.37720071507230       -0.31016769842609        1.30248981602805
c            2.22731277186318        0.64507386408568        0.50471538837904
o            1.41668237872469       -1.44383777019168       -1.50106884120600
c           -0.38891337828117       -1.99783160612487        0.63138214015364
c            3.38902624228680        1.15100906146436        0.87772399642737
c           -2.25326484554587        0.32101327903805       -0.00353836007387
c           -2.50064860189838        0.74701092269103       -1.23332628702790
h           -1.17612583815617        0.39823211919763        1.79630361265648
o           -1.30117227977693       -2.42725694527749       -0.35437797701622
c           -3.33927564261234       -0.34060185997923        0.79537289792052
h           -1.16799129122627        2.64160537919647        0.49323648553054
h            0.22260656850666        2.16605621755840        1.45835198548694
h            0.01424934713641        2.23580877327487       -1.56569873723680
h            1.17145703762213        3.01863771879854       -0.49640670389120
h            2.21767910237131        1.08036040285874       -1.62975150723609
h           -0.12537886539073       -0.20028251910371       -1.72732304382727
h            1.92234073142244       -1.24113310909529        1.48122777371841
h            1.11416672435683        0.09534392598827        2.27936641056055
h            2.21911695060333       -1.53075415160254       -0.97034832821933
h           -0.91546659961372       -2.07072693962949        1.58613948567283
h            0.46385078412613       -2.69121791909747        0.65976515122387
h            3.82559817361075        0.92447867464085        1.83628771027355
h            3.94564499465566        1.81944885155026        0.24281593605466
h           -3.46839804805018        0.60012096033509       -1.68448899657805
h           -1.78033242442762        1.25410601536858       -1.84822394195440
h           -0.83788296543793       -2.41250927905159       -1.20174805951111
h           -4.28600103258680       -0.30508340233338        0.26251743586825
h           -3.09062356626812       -1.38442533111814        0.97403437467666
h           -3.46017398036535        0.15383019985334        1.75882150872006
35
 energy: -46.163511235036 gnorm: 0.000195854365 xtb: 6.7.1 (edcfbbe)
c            0.13395171720955       -0.56766648403109        0.42502941337437
c           -0.93947384528935        0.50937337722327        0.73138997208445
c           -0.34617934177948        1.92536721875534        0.55828414017634
c            0.58267632262413        2.11059666347321       -0.64406163126751
c            1.52534284744324        0.91319955369125       -0.80149933090759
c            0.67613132141226       -0.34489234416626       -1.00182023537676
c            1.37743820266330       -0.31069935802820        1.30218531791128
c            2.22699723492689        0.64542616901575        0.50486075486975
o            1.41650342707597       -1.44415581041206       -1.50141010091647
c           -0.38899816024568       -1.99809486869062        0.63138476405646
c            3.38777734137501        1.15298797795279        0.87853152328629
c           -2.25320005980792        0.32154312643746       -0.00330351627414
c           -2.50081318635053        0.74859292656068       -1.23263636375479
h           -1.17596438879507        0.39812329963691        1.79647614047180
o           -1.30178546887293       -2.42741932914325       -0.35385476803190
c           -3.33917236882886       -0.34052953716627        0.79513947685128
h           -1.16727806899140        2.64146624541694        0.49368580098479
h            0.22352491040581        2.16526673113447        1.45816170885622
h            0.01445437183183        2.23553929778858       -1.56589736106632
h            1.17185448576341        3.01832531428232       -0.49675568800516
h            2.21790061269183        1.07980690499399       -1.62994141540914
h           -0.12550179184478       -0.20047976412915       -1.72739930672278
h            1.92289579824670       -1.24167836728073        1.47996977178912
h            1.11466897332250        0.09398522526451        2.27947529978806
h            2.21888312196597       -1.53138273111869       -0.97062825259699
h           -0.91501599559229       -2.07099528601659        1.58648210106508
h            0.46378097454100       -2.69155430831271        0.65937390549102
h            3.82480294467384        0.92605420616605        1.83678485068919
h            3.94437529134930        1.82114054560424        0.24332517301108
h           -3.46818149153373        0.60082195339498       -1.68433134461263
h           -1.78009428542418        1.25484822837758       -1.84790745983433
h           -0.83911283289075       -2.41292095268831       -1.20163658012464
h           -4.28514237034395       -0.30791394621808        0.26095124810188
h           -3.08911096206817       -1.38345133361948        0.97649178538122
h           -3.46242058576386        0.15550451516364        1.75738514253088
35
 energy: -46.163511442956 gnorm: 0.000114387594 xtb: 6.7.1 (edcfbbe)
c            0.13397100567004       -0.56755091250369        0.42498062869115
c           -0.93949092643867        0.50944119537844        0.73126231772512
c           -0.34623534869056        1.92548357771223        0.55829139735711
c            0.58251588630408        2.11071308704708       -0.64409668943812
c            1.52539360726357        0.91345817102930       -0.80128342858078
c            0.67637928406931       -0.34475842005612       -1.00181763044738
c            1.37740422595158       -0.31077520246430        1.30222305790841
c            2.22700588166352        0.64547434207702        0.50506693749093
o            1.41693933782685       -1.44392209789696       -1.50119554120632
c           -0.38907855096167       -1.99802874890624        0.63100286154962
c            3.38798363187643        1.15261646918817        0.87865003820839
c           -2.25322885851196        0.32135385324177       -0.00332728988816
c           -2.50080791266724        0.74771658240073       -1.23292636086118
h           -1.17588936630848        0.39819456749133        1.79636594747691
o           -1.30200618061924       -2.42697298617333       -0.35414665843516
c           -3.33925172266701       -0.34020892709990        0.79547773974025
h           -1.16733275302085        2.64157126268973        0.49370635887028
h            0.22353331481217        2.16536240819693        1.45814799960661
h            0.01426105092429        2.23533506574528       -1.56596587094278
h            1.17143774060376        3.01863206828314       -0.49693455297403
h            2.21808181187088        1.08018452744388       -1.62959102934291
h           -0.12513544681360       -0.20044206081348       -1.72753654396376
h            1.92287357675665       -1.24176368389816        1.47995331128426
h            1.11459898343295        0.09382808237719        2.27952603098239
h            2.21937129376259       -1.53093480265558       -0.97045302750850
h           -0.91505281505481       -2.07098552005740        1.58613478882075
h            0.46368324612991       -2.69157530100397        0.65890644596995
h            3.82505484172858        0.92555440239545        1.83684280552256
h            3.94467729244391        1.82063824776181        0.24338341336227
h           -3.46843544086317        0.60032191457129       -1.68420617270470
h           -1.78026980476292        1.25404245052877       -1.84833310679209
h           -0.83947458761744       -2.41332533230900       -1.20202887289988
h           -4.28500320851577       -0.30836919013383        0.26086089376654
h           -3.08897301905279       -1.38298415018968        0.97804417752746
h           -3.46298537542530        0.15681011991459        1.75730055999422
35
 energy: -46.163511406950 gnorm: 0.000286537033 xtb: 6.7.1 (edcfbbe)
c            0.13399074825201       -0.56741225020939        0.42490821698482
c           -0.93951207122163        0.50951862348362        0.73112570380183
c           -0.34630761370772        1.92561766617528        0.55828669079626
c            0.58233389472550        2.11085063294687       -0.64414319602467
c            1.52546685927691        0.91376816560506       -0.80103510417180
c            0.67668188193314       -0.34459167794995       -1.00182375115955
c            1.37734414371024       -0.31084806586261        1.30227125882741
c            2.22701957432447        0.64552201566948        0.50530746372241
o            1.41747272903733       -1.44363668003149       -1.50094925903384
c           -0.38919039475974       -1.99794172029501        0.63054460727566
c            3.38824501907050        1.15214383262775        0.87878938737239
c           -2.25326365563115        0.32113459041282       -0.00334314142293
c           -2.50081880513812        0.74670280623594       -1.23324479536176
h           -1.17580593067617        0.39827260241946        1.79625007142949
o           -1.30226450224641       -2.42644569289071       -0.35451346390305
c           -3.33934443542597       -0.33981818962272        0.79589596533802
h           -1.16740206406128        2.64169674849729        0.49372808837293
h            0.22353735846108        2.16547253248365        1.45811586028167
h            0.01403734608357        2.23507411336634       -1.56605130183077
h            1.17094829627042        3.01900103871165       -0.49717130346903
h            2.21831419747474        1.08063530113581       -1.62918054480040
h           -0.12469138185611       -0.20039176979080       -1.72771026373072
h            1.92281542952041       -1.24185184666544        1.47994071877340
h            1.11448828991163        0.09365810318902        2.27959008998599
h            2.21996659470108       -1.53038757156642       -0.97024854492381
h           -0.91512064931992       -2.07097937799350        1.58571163304067
h            0.46355315633761       -2.69157844658001        0.65834569017290
h            3.82536435767054        0.92492284498589        1.83691302230942
h            3.94502898490299        1.82006602333878        0.24348637077124
h           -3.46872254268958        0.59966549898621       -1.68406873308096
h           -1.78048458335448        1.25307231538655       -1.84883374631981
h           -0.83987441180071       -2.41382163765313       -1.20249939112439
h           -4.28484804249417       -0.30890855169722        0.26080240624788
h           -3.08880501658607       -1.38239496631730        0.97988709458623
h           -3.46363806559537        0.15834804878071        1.75720113613627
35
 energy: -46.163511536707 gnorm: 0.000068805464 xtb: 6.7.1 (edcfbbe)
c            0.13396831215267       -0.56747976988515        0.42482932483515
c           -0.93950658100551        0.50945851547919        0.73121832862293
c           -0.34630987804883        1.92554014724228        0.55824135799865
c            0.58241500412141        2.11080360803480       -0.64414628804873
c            1.52550737305713        0.91369833893170       -0.80114309688058
c            0.67665071096034       -0.34460114089851       -1.00187474817235
c            1.37726223011630       -0.31075631560499        1.30225406413205
c            2.22700833613300        0.64549543431753        0.50523534737811
o            1.41746624278059       -1.44368202395041       -1.50107043301925
c           -0.38921011625502       -1.99795788619291        0.63064553804060
c            3.38820923975966        1.15219442391041        0.87879118510816
c           -2.25323350240497        0.32115892519250       -0.00332340034104
c           -2.50087213774225        0.74699096093605       -1.23310746163219
h           -1.17585728184343        0.39814638821223        1.79633150540651
o           -1.30220570956636       -2.42665392423932       -0.35450857609821
c           -3.33930930661494       -0.33981704243906        0.79589925135299
h           -1.16741149900578        2.64162757708571        0.49372325351820
h            0.22350906831329        2.16540288714099        1.45806683559762
h            0.01409223345818        2.23502868391737       -1.56602456674954
h            1.17109216656946        3.01892307487196       -0.49724451428657
h            2.21833448687835        1.08053328407540       -1.62931616774574
h           -0.12473145827039       -0.20040181073338       -1.72775801351317
h            1.92268516859399       -1.24176703388902        1.47994426982477
h            1.11434318422469        0.09374816568240        2.27956808122985
h            2.21992722762113       -1.53042357255698       -0.97029421360796
h           -0.91517567521435       -2.07108317726521        1.58576303569732
h            0.46350875717157       -2.69152317429281        0.65840386924497
h            3.82532429763182        0.92490020877166        1.83691364340474
h            3.94491541506622        1.82034025061374        0.24364001555752
h           -3.46863861995884        0.59966125260920       -1.68412296047599
h           -1.78051301464438        1.25334094169849       -1.84866326692225
h           -0.83963805224112       -2.41376631522788       -1.20236995578143
h           -4.28489562990646       -0.30892816578319        0.26096521997129
h           -3.08870471330808       -1.38224743160794        0.97971623793493
h           -3.46349158347951        0.15823077515566        1.75710223428805
35
 energy: -46.163511567283 gnorm: 0.000039403349 xtb: 6.7.1 (edcfbbe)
c            0.13396824677705       -0.56751272936277        0.42480284707759
c           -0.93949596039631        0.50944583525896        0.73123420433417
c           -0.34626735596007        1.92548974874418        0.55821378468565
c            0.58242419405989        2.11073189768458       -0.64420449717817
c            1.52551200287833        0.91361877009400       -0.80118026418062
c            0.67663397584754       -0.34465776360978       -1.00190144663091
c            1.37728676137448       -0.31084669311286        1.30222345251525
c            2.22698885800355        0.64545001663957        0.50522281792156
o            1.41748584787791       -1.44375832688785       -1.50107216088327
c           -0.38921610349438       -1.99799544894349        0.63059275189468
c            3.38809112501974        1.15230136850494        0.87886478135608
c           -2.25324123418955        0.32124226390971       -0.00330715244837
c           -2.50094514323147        0.74727765092890       -1.23299030859394
h           -1.17584759486935        0.39815053636853        1.79634672685641
o           -1.30219872102650       -2.42666674863776       -0.35463945890101
c           -3.33926508165221       -0.33980330091528        0.79594098240319
h           -1.16735803050294        2.64159945298471        0.49374022649014
h            0.22357711799989        2.16531748475495        1.45803080318073
h            0.01407554693437        2.23491967608816       -1.56607237637275
h            1.17111171088667        3.01885055096442       -0.49734849230392
h            2.21833622794153        1.08043042717807       -1.62936116307903
h           -0.12473942878962       -0.20046691157461       -1.72780185829593
h            1.92273417753794       -1.24186138241481        1.47984319904583
h            1.11437880203549        0.09360385730108        2.27956380007962
h            2.21993782688412       -1.53043051886115       -0.97026247400353
h           -0.91519544931717       -2.07113200081465        1.58571130797328
h            0.46349359818172       -2.69157942271850        0.65834231299555
h            3.82511830288835        0.92511624790156        1.83705143365336
h            3.94474250500606        1.82056332624113        0.24379507507546
h           -3.46869062194611        0.59989636896692       -1.68404844880272
h           -1.78047789175680        1.25340950908771       -1.84863318053398
h           -0.83948164382508       -2.41377429389144       -1.20244370004217
h           -4.28475780165694       -0.30953705715141        0.26081990047585
h           -3.08835347177493       -1.38201929809262        0.98041992141302
h           -3.46385059864564        0.15876196669939        1.75679158869231
