35
 energy: -46.152705298200 gnorm: 0.052084891113 xtb: 6.7.1 (edcfbbe)
c           -0.06733930983353       -0.79815617805492       -0.26023342756727
c            0.55430367071590        0.51466454525808       -0.87973776966697
c           -0.43757699334174        1.72167756618855       -0.76975190487273
c           -1.26617308780216        1.76858445891119        0.53179333719957
c           -1.83708194853115        0.36981315202317        0.88641214173343
c           -0.67648136746977       -0.60476950074668        1.16522970776905
c           -1.38625431336704       -1.11131750916377       -1.04311021141801
c           -2.47019579777530       -0.28702595081462       -0.33577282576171
o            0.17921779992528       -0.13833212753142        2.19847840558229
c            0.90976787588776       -1.98907996106849       -0.30129600549393
c           -3.74660011389167       -0.17655130231235       -0.71907072603695
c            1.99597945213140        0.88818326110673       -0.48465781934910
c            2.36466184891597        1.43965911264636        0.68499608682298
h            0.62143980102984        0.28385420873919       -1.95704482837477
o            1.93535543415442       -1.93917670867730        0.71393034977493
c            3.01927766566815        0.68611180851270       -1.59188715163348
h            0.11730446398913        2.66332902824559       -0.90029207329213
h           -1.13947860623278        1.66148360080390       -1.61711940181688
h           -0.66209314563780        2.13328172532667        1.37670854477460
h           -2.09796994023224        2.48031421105214        0.40219351771563
h           -2.53823743692423        0.44705550043006        1.73204812599669
h           -1.10828607220844       -1.58645270632030        1.45909745444255
h           -1.30969457645941       -0.87864721677105       -2.11662819160878
h           -1.62647350957115       -2.18646040323804       -0.96917645417624
h            0.96350172252578       -0.73012399789530        2.17877108745068
h            1.35851542060353       -2.08960510336102       -1.30815400000052
h            0.35412154900374       -2.91801534136003       -0.09669347003634
h           -4.12383095714264       -0.67441204811632       -1.61634159320128
h           -4.46769146066137        0.41232954926131       -0.14672324637840
h            3.40162311118236        1.73932738478313        0.85869059588318
h            1.66263424721494        1.60879385973186        1.49907192433423
h            2.49839278952982       -1.15619324918026        0.53511297653498
h            4.03401185331011        0.96253098633193       -1.27034999916630
h            3.04113125527006       -0.36160038306549       -1.93819988483911
h            2.75884396262577        1.29680582751565       -2.47388942299220
35
 energy: -46.159235246192 gnorm: 0.015702312903 xtb: 6.7.1 (edcfbbe)
c           -0.07447508541053       -0.78270690912874       -0.26193188903900
c            0.55116674749613        0.50569424253229       -0.88629261269421
c           -0.43256313069025        1.69996249390547       -0.76418927713018
c           -1.25480438615681        1.75282932516495        0.52567323177488
c           -1.82731861364653        0.36919542146067        0.87029653295470
c           -0.66745255966235       -0.59088663523643        1.15720599254896
c           -1.38148370670855       -1.09714831916456       -1.03759224745726
c           -2.45407683051804       -0.27787499845861       -0.34429167461546
o            0.19823471797452       -0.13088420392723        2.17170191769619
c            0.89916457308468       -1.96961107937364       -0.29931570022494
c           -3.71797258710377       -0.17453915257434       -0.71899156832155
c            1.97787540121375        0.87316737074699       -0.48350298980706
c            2.33680754401903        1.42062730182496        0.67239868335695
h            0.62107259967434        0.28023534057973       -1.95922021178725
o            1.91746818771528       -1.90375140870467        0.69866978368879
c            2.99738142475051        0.67916811185085       -1.58063576670864
h            0.12666985014416        2.63388997168157       -0.87686923206426
h           -1.13476387002230        1.64329828209281       -1.60256810632845
h           -0.64885134415885        2.09732076282221        1.36766109470124
h           -2.07907733065805        2.46193735633614        0.39499483569153
h           -2.51777968566585        0.44911863254367        1.71466795955196
h           -1.08854707038881       -1.56610366433947        1.46764073269253
h           -1.30906187587868       -0.86352829525186       -2.10198396351536
h           -1.62389737288887       -2.16287624390335       -0.95552494216998
h            0.96223555681996       -0.73489242018174        2.16762387884715
h            1.35623528982592       -2.06829205745358       -1.29442803475205
h            0.36086579358317       -2.89937197743581       -0.08148216550010
h           -4.09648679339027       -0.67179711496678       -1.60108933407901
h           -4.43257487664107        0.40765283881754       -0.15495501386348
h            3.36420686500687        1.70917901136295        0.85560950293033
h            1.64126016657229        1.59574035192823        1.47610730233640
h            2.47281939392716       -1.12709269290482        0.51068305871125
h            3.99841886421669        0.95867687666571       -1.25049754063669
h            3.02528941305298       -0.35969153327481       -1.92096774860657
h            2.74264001711364        1.29523511315454       -2.44820063984953
35
 energy: -46.160206964472 gnorm: 0.005430614709 xtb: 6.7.1 (edcfbbe)
c           -0.07607434655063       -0.78274593091918       -0.26782526381920
c            0.53971636239612        0.49872633536424       -0.89114430540390
c           -0.43084870325173        1.69537104386911       -0.77055402307890
c           -1.24048364427943        1.74426929694681        0.52247572059141
c           -1.81786831304904        0.36871528279228        0.86716349850821
c           -0.65652652849304       -0.58561917916821        1.14966737777541
c           -1.37826688958335       -1.09399394418217       -1.03603787486336
c           -2.44152410178806       -0.27797579546681       -0.34135955520973
o            0.21319849003728       -0.11916398504891        2.15031246101499
c            0.90426390478032       -1.96129707855280       -0.29998813866995
c           -3.70227356445546       -0.17250540221177       -0.71493617359657
c            1.95680600837724        0.86502242837143       -0.48241949047360
c            2.30552995075657        1.40946958051695        0.67377766631579
h            0.61128519116539        0.27245442759360       -1.96165490640653
o            1.91949642490745       -1.87457396500910        0.68651224004451
c            2.97961990080982        0.66748364263271       -1.57002306483111
h            0.13386270776436        2.62352330391665       -0.87833268123209
h           -1.13634725366215        1.64056096032085       -1.60220139039594
h           -0.62700843936189        2.07367276299607        1.36116981272409
h           -2.05620261900559        2.45878530700480        0.39648080105361
h           -2.50406339835582        0.45083304689644        1.71139688779490
h           -1.06817345227374       -1.55900214282210        1.47141554658764
h           -1.30760642817043       -0.85884291106945       -2.09702722237502
h           -1.62076703116274       -2.15563216970076       -0.95023540013891
h            0.96649614289218       -0.73006110175735        2.15992669830536
h            1.35297628654779       -2.05910740993610       -1.29591433335341
h            0.37307479583535       -2.88965464450208       -0.07076968012196
h           -4.07750060855935       -0.65968578038480       -1.59884110591672
h           -4.41091973766206        0.41643042674435       -0.15896238402456
h            3.32960968726172        1.68640661270236        0.87010689460329
h            1.60798146305255        1.58455470776020        1.47075293936137
h            2.45858044714213       -1.09168194081928        0.49359576114505
h            3.97409676882934        0.94643219531039       -1.22959983005960
h            3.00641642486118       -0.36710688710796       -1.91015697976405
h            2.72806938884917        1.28781900611043       -2.43036665375854
35
 energy: -46.160349097760 gnorm: 0.002686759045 xtb: 6.7.1 (edcfbbe)
c           -0.07700178468166       -0.78280376924310       -0.27028869399605
c            0.53656799195024        0.49599293644130       -0.89808923179318
c           -0.43395814418963        1.69172535763967       -0.77463364812784
c           -1.23521039246123        1.74414399061987        0.52400332635421
c           -1.81319884608638        0.36819041087387        0.86743476650707
c           -0.65207752550058       -0.58661780531728        1.14962490176989
c           -1.37915107030486       -1.09820295852312       -1.03425010697576
c           -2.43736595788478       -0.27411004103169       -0.34236816253291
o            0.21895752172662       -0.11726172282978        2.14653408410243
c            0.90912458880895       -1.95735668874494       -0.30234154408242
c           -3.69718904197583       -0.16039756136484       -0.71982419423086
c            1.95055153770769        0.86059269142801       -0.48200344188623
c            2.29124145211354        1.40517724741869        0.67757289216701
h            0.60894913261987        0.26856032681886       -1.96868785812494
o            1.92856034521287       -1.86014791561895        0.67560759593835
c            2.97773046054463        0.66057621906466       -1.56427404852986
h            0.13328174275445        2.61756224544635       -0.88446574545909
h           -1.14397528540706        1.64001140395200       -1.60246945716747
h           -0.61237555651761        2.06593074083741        1.35865347328968
h           -2.04739460916523        2.46402737158909        0.40673372582435
h           -2.49864794669524        0.45105874168272        1.71190126273872
h           -1.06115160588888       -1.56023263189470        1.47392675756637
h           -1.30923991962263       -0.86569096013361       -2.09605854543159
h           -1.62419066754419       -2.15916031668803       -0.94542120405166
h            0.97006313330634       -0.72994124001720        2.16151191291744
h            1.34947292184143       -2.05759412440699       -1.30223035462197
h            0.38243345156981       -2.88655187809606       -0.06615355302539
h           -4.07417732280430       -0.65592431255863       -1.59862930219148
h           -4.40602713252174        0.42327113621204       -0.15862353282006
h            3.31386855045605        1.68078928610306        0.88217191988212
h            1.58590091919381        1.58827763689942        1.46623046661865
h            2.45338672399662       -1.06708756233796        0.48218596246336
h            3.97106274529088        0.93572568270939       -1.21774591711894
h            3.00035501912522       -0.37371071874588       -1.90512007993796
h            2.72944985763423        1.28305888100718       -2.42401057770192
35
 energy: -46.160436924536 gnorm: 0.002316676541 xtb: 6.7.1 (edcfbbe)
c           -0.07634963406440       -0.78409437673337       -0.27243801540930
c            0.53291606870483        0.49596503061493       -0.90260911488480
c           -0.43856514504629        1.69088523917162       -0.77942893920786
c           -1.23025408697458        1.74356710477571        0.52591612429556
c           -1.80994789759436        0.36696969283537        0.86925233635451
c           -0.64799376730173       -0.58811583970011        1.14980602734382
c           -1.38016884166801       -1.10330574633724       -1.03128372307945
c           -2.43641246320423       -0.27613087494307       -0.33899903494253
o            0.22294480752186       -0.11813115018361        2.14583750312953
c            0.91448744527560       -1.95620879566890       -0.30645282674541
c           -3.69581540033236       -0.15629263250207       -0.71906455790509
c            1.94477417659291        0.86332347777014       -0.48335887773938
c            2.27776755636050        1.41185782969305        0.67757420083089
h            0.60577171618518        0.26726996855241       -1.97339416222991
o            1.93964177419945       -1.85223654311239        0.66232423778818
c            2.97826169778149        0.65326302988315       -1.55779485650357
h            0.12839082690483        2.61625903904473       -0.89500927465189
h           -1.15417535499589        1.63786789792221       -1.60258055345578
h           -0.59766714383199        2.05939300977599        1.35559550030039
h           -2.03973825872394        2.46816694166014        0.41913471799719
h           -2.49437130178398        0.44994944640634        1.71473090021702
h           -1.05546983331404       -1.56228409730979        1.47427942706934
h           -1.31327158549052       -0.87505333557526       -2.09490127806120
h           -1.62590945857129       -2.16412828279736       -0.93824705134981
h            0.97348023747840       -0.73113961955878        2.16521114534585
h            1.34594030763832       -2.05884881978901       -1.31104381498534
h            0.39208092792096       -2.88648464840890       -0.06414961493691
h           -4.06974150829737       -0.64431380946386       -1.60391034803986
h           -4.40023941328797        0.43946190075134       -0.16391117897065
h            3.30096336831503        1.67823372124834        0.89316012218207
h            1.56646974991785        1.59526659431320        1.46100844414768
h            2.44701622895701       -1.04521855617042        0.47326470101150
h            3.97139784503372        0.92142602000432       -1.20495822426431
h            2.99444446804395       -0.38187266007052       -1.89757821152410
h            2.73796717825245        1.27661394309253       -2.41957788079424
35
 energy: -46.160487367287 gnorm: 0.002657180290 xtb: 6.7.1 (edcfbbe)
c           -0.07512964687039       -0.78586733340147       -0.27361617914889
c            0.53044108088747        0.49712952927288       -0.90375903992797
c           -0.44314973077505        1.69069079256902       -0.78181744347951
c           -1.22744686377803        1.74242888831649        0.52818787048022
c           -1.80803962291821        0.36555932594941        0.87176839835965
c           -0.64565327894253       -0.59050920861767        1.14992969005968
c           -1.38098299670657       -1.10673053726163       -1.02856380736181
c           -2.43547012283807       -0.27456816216336       -0.33804332185762
o            0.22495901971854       -0.12299805863346        2.14744110396408
c            0.91766636579578       -1.95702333361200       -0.31100576599573
c           -3.69291504639568       -0.14621693971365       -0.72235475110685
c            1.94230902334864        0.86429775277272       -0.48295480590627
c            2.27103725269039        1.41795434970180        0.67686680675059
h            0.60372538189839        0.26836855968609       -1.97475154760277
o            1.94875604722480       -1.84958293535433        0.65003477781355
c            2.98043943350063        0.64640232479232       -1.55167300235216
h            0.12009766913991        2.61774610452132       -0.90469175394286
h           -1.16328894539514        1.63208632701476       -1.60087916400641
h           -0.58931535920036        2.05500349388882        1.35452193809133
h           -2.03581693601517        2.46916781185488        0.42892979981083
h           -2.49231170304292        0.44773464647033        1.71775443416402
h           -1.05362227786602       -1.56514179034607        1.47207003493759
h           -1.31640808762371       -0.88459174423561       -2.09400195773464
h           -1.62719661195941       -2.16724414318598       -0.92954054971980
h            0.97578551981618       -0.73555537597783        2.16871877811593
h            1.34199718261831       -2.06154304641024       -1.31928364663936
h            0.39835329801404       -2.88793089613953       -0.06392873630257
h           -4.06720028154639       -0.63532270387384       -1.60665918240080
h           -4.39590553464559        0.45149393790940       -0.16731106290352
h            3.29187728333697        1.68932662895882        0.89454575830684
h            1.55495225409444        1.60943344353623        1.45410034070487
h            2.44102203280056       -1.03075230763469        0.46691068204525
h            3.97379259726108        0.90706023653921       -1.19366717049135
h            2.99099284011306       -0.38923743275296       -1.89096342468046
h            2.75027405086143        1.27081189475073       -2.41591025171087
35
 energy: -46.160523689023 gnorm: 0.002105318622 xtb: 6.7.1 (edcfbbe)
c           -0.07451004405614       -0.78707708198118       -0.27450721710385
c            0.52932702108007        0.49764881557507       -0.90488637395808
c           -0.44821425027106        1.68773553391592       -0.78168676704422
c           -1.22665806051464        1.74084839701594        0.53119388395171
c           -1.80588739950490        0.36337972564869        0.87432428973442
c           -0.64363522653236       -0.59390757591258        1.15017489259151
c           -1.38194866300524       -1.10974201039956       -1.02626885404661
c           -2.43447678261049       -0.27359431297067       -0.33708088838369
o            0.22797858564407       -0.12876520473244        2.14834519297140
c            0.91860100998705       -1.95746727296313       -0.31559621637420
c           -3.68948909881720       -0.13640673008188       -0.72534214251500
c            1.94063127223334        0.86827012104744       -0.48320787100705
c            2.26579058436500        1.43200322563960        0.67264760727014
h            0.60350661848803        0.26988320134707       -1.97607253019892
o            1.95529951925471       -1.84866774309335        0.63901682489635
c            2.98321839492094        0.63990995257833       -1.54556274357159
h            0.10969229111922        2.61726988612971       -0.91204678994907
h           -1.17199855109328        1.62184199778348       -1.59706407458483
h           -0.58557520669946        2.05207202830429        1.35526720362395
h           -2.03506753929328        2.46788830019732        0.43646596722926
h           -2.48947208170629        0.44420008855044        1.72101904647187
h           -1.05292536417147       -1.56877485092596        1.47032561309566
h           -1.31972892394881       -0.89448857082353       -2.09322475665353
h           -1.62823720096489       -2.16965244964856       -0.91967495887879
h            0.97890122357827       -0.74109884327430        2.17002707304553
h            1.33699239220676       -2.06387486578127       -1.32652050652443
h            0.40121950260390       -2.88829493031100       -0.06431171698421
h           -4.06411822026881       -0.62164798525953       -1.61150522174882
h           -4.39055515513496        0.46455188449171       -0.17163539375683
h            3.28602145876097        1.70317831489632        0.89296474439093
h            1.54803920703159        1.62572868678011        1.44723249243300
h            2.43619235831626       -1.02210720835724        0.46156353220825
h            3.97653816212058        0.89309341560917       -1.18196912585306
h            2.98827112948747       -0.39641556846790       -1.88301122039877
h            2.76490232399639        1.26435972866441       -2.41298914604619
35
 energy: -46.160544464657 gnorm: 0.001157751626 xtb: 6.7.1 (edcfbbe)
c           -0.07433068125849       -0.78855502498729       -0.27549136344947
c            0.52856051853447        0.49744981034608       -0.90442525152689
c           -0.45168627303696        1.68497282124985       -0.78042879864444
c           -1.22712922522986        1.73840731626944        0.53351517499558
c           -1.80455815755450        0.36062389804767        0.87648776086784
c           -0.64138982799492       -0.59614505994007        1.14973587599926
c           -1.38293900344210       -1.11165660926599       -1.02500032362530
c           -2.43394007295696       -0.27391466059830       -0.33605406015394
o            0.23275647965629       -0.13127565157532        2.14627765774384
c            0.91800900251190       -1.95844738043353       -0.31912050711428
c           -3.68684728275452       -0.12933523570882       -0.72725668412233
c            1.93967454109567        0.86849600993908       -0.48147885871548
c            2.26302831016398        1.44153834972225        0.67008035100550
h            0.60396456206522        0.27148212405325       -1.97571871817841
o            1.95874189568483       -1.84797865501304        0.63155143166858
c            2.98483736237896        0.63409195044690       -1.53989088791831
h            0.10211036564170        2.61635503070288       -0.91541769659148
h           -1.17776257616722        1.61359557808446       -1.59325297133179
h           -0.58602463793634        2.05064127205596        1.35695362648267
h           -2.03660657728928        2.46411905728262        0.43924432934663
h           -2.48705753784848        0.43944063413841        1.72414930148769
h           -1.05070532931447       -1.57107427616446        1.47022602589712
h           -1.32236480077966       -0.90124806736476       -2.09263017155037
h           -1.62928232360896       -2.17082581445585       -0.91252460230552
h            0.98305003734567       -0.74436152723692        2.16720342295024
h            1.33298580618139       -2.06612831695969       -1.33108524851468
h            0.40198697030605       -2.88905081753901       -0.06439732454893
h           -4.06169533791318       -0.60746391679854       -1.61703386228309
h           -4.38579329412110        0.47587520942408       -0.17567494773812
h            3.28201096349555        1.71847868606091        0.88840682901825
h            1.54378504728994        1.64407405375859        1.44120541355477
h            2.43432111489900       -1.01934100714302        0.45581334669889
h            3.97800038707898        0.88157409775532       -1.17188068062502
h            2.98560499292874       -0.40209979448728       -1.87710765875597
h            2.77530986854996        1.25956601552516       -2.40857608169081
35
 energy: -46.160555639818 gnorm: 0.001886262037 xtb: 6.7.1 (edcfbbe)
c           -0.07420425917744       -0.79092817167457       -0.27651507530496
c            0.52717748443066        0.49663492741120       -0.90311788484409
c           -0.45485053465619        1.68212588924578       -0.77830677372462
c           -1.22920013414923        1.73496587730701        0.53598154943083
c           -1.80347712616733        0.35648296750577        0.87903722773303
c           -0.63821322378108       -0.59828332008611        1.14905363093306
c           -1.38398772488503       -1.11364514794494       -1.02404650808144
c           -2.43270378613036       -0.27292330778537       -0.33630303241002
o            0.23975025527610       -0.13104236719757        2.14142602642542
c            0.91705224963603       -1.96049646245846       -0.32248953645310
c           -3.68278767830061       -0.11765117107269       -0.73201411848098
c            1.93710570332083        0.87164245157701       -0.47998662917133
c            2.25842965979951        1.45823219430101        0.66520832322074
h            0.60408323474119        0.27297118262921       -1.97454668618062
o            1.96129564780650       -1.84919624130052        0.62534886020704
c            2.98562815839971        0.62670266944393       -1.53295349162826
h            0.09631255316880        2.61450590004501       -0.91562188019851
h           -1.18211363718569        1.60710495632288       -1.58947691998367
h           -0.58988410564426        2.04985867793171        1.35992494060837
h           -2.04081895049206        2.45816885877843        0.43970561036057
h           -2.48498540184904        0.43217479047571        1.72763401148953
h           -1.04500443061233       -1.57344401378478        1.47243467942162
h           -1.32415184465874       -0.90695285351911       -2.09188994821255
h           -1.63143558312793       -2.17183367684840       -0.90688079284797
h            0.98972276362776       -0.74443872679528        2.15957279469104
h            1.32962724403165       -2.06891060688274       -1.33476909835259
h            0.40233110851596       -2.89086528497887       -0.06482795849687
h           -4.05990634723137       -0.59283520747590       -1.62221074102040
h           -4.38079563657132        0.48627129695854       -0.17829286774990
h            3.27874847073218        1.73228208430922        0.88352969669649
h            1.54007858306453        1.66487791044049        1.43568559304348
h            2.43527826695117       -1.02133378295133        0.44858875454530
h            3.97862633739714        0.86784076689721       -1.16027212624087
h            2.98089910390667       -0.40940866028672       -1.86965143158732
h            2.78499886641493        1.25322570065427       -2.40255434950418
35
 energy: -46.160566639787 gnorm: 0.001206964452 xtb: 6.7.1 (edcfbbe)
c           -0.07451614627125       -0.79135617978711       -0.27675672667017
c            0.52673995742970        0.49610517997585       -0.90324700632668
c           -0.45522909323676        1.68165334243183       -0.77691021845056
c           -1.23154377685038        1.73426419331739        0.53680025428869
c           -1.80341997926278        0.35458201846917        0.87970068500866
c           -0.63699780213323       -0.59885823601579        1.14931241283318
c           -1.38421387997590       -1.11438427881485       -1.02434364384512
c           -2.43279532558085       -0.27465674979118       -0.33549050738292
o            0.24218430797986       -0.12846254147304        2.13905563575913
c            0.91701548561511       -1.96090237376792       -0.32321355336264
c           -3.68245833346629       -0.11712063949190       -0.73177535561461
c            1.93636417551810        0.86994989162276       -0.47862290999845
c            2.25699866507088        1.46005991596711        0.66488051330296
h            0.60376512662245        0.27318038816585       -1.97495833831464
o            1.96122925229425       -1.84998398363905        0.62503262120951
c            2.98553593645460        0.62303791386503       -1.53058482647158
h            0.09748931455888        2.61326120640579       -0.91141518450819
h           -1.18147411292296        1.60957651612220       -1.58913177418920
h           -0.59342168339814        2.05094259050914        1.36126159345147
h           -2.04449783948289        2.45614714700911        0.43910244388435
h           -2.48461074119581        0.42917266494403        1.72858717584776
h           -1.04106658993874       -1.57421310777865        1.47534745454955
h           -1.32452360420321       -0.90647911984936       -2.09206805981829
h           -1.63156802486516       -2.17268670745193       -0.90831873866834
h            0.99328806962269       -0.74048907385656        2.15495104628987
h            1.32964106589220       -2.06923140692843       -1.33539786260853
h            0.40236643078730       -2.89127246547214       -0.06563262507409
h           -4.05894737149109       -0.58739202654733       -1.62504716020650
h           -4.37905098752988        0.49000204808829       -0.17916691665064
h            3.27688070175081        1.73717489360248        0.88110336281401
h            1.53782440906889        1.67406614796622        1.43301649741130
h            2.43822233165383       -1.02402909334924        0.44510207428124
h            3.97864267897401        0.86191274859218       -1.15685462403980
h            2.97852548345692       -0.41265577345205       -1.86840881049228
h            2.78624718565612        1.25096504960318       -2.39950507990622
35
 energy: -46.160573083698 gnorm: 0.000508505846 xtb: 6.7.1 (edcfbbe)
c           -0.07462790369357       -0.79127042299077       -0.27703683217833
c            0.52606643809305        0.49677737340788       -0.90280828846975
c           -0.45490816411082        1.68338600354556       -0.77568448472279
c           -1.23362915458247        1.73371492021284        0.53732178151777
c           -1.80422618282802        0.35322223751310        0.87998142297722
c           -0.63624717051909       -0.59841217554208        1.14948401575406
c           -1.38416984110232       -1.11472423030036       -1.02470690841650
c           -2.43318162759190       -0.27569579941150       -0.33543494943421
o            0.24299679656028       -0.12563721747016        2.13797612306990
c            0.91754969828585       -1.96099056858688       -0.32322567856079
c           -3.68273003360340       -0.11739636913926       -0.73203002108993
c            1.93588416182424        0.86919390279018       -0.47820319854404
c            2.25585540954796        1.46152035281311        0.66428552542888
h            0.60225527619148        0.27410429889625       -1.97476453139733
o            1.96049028217865       -1.85006569544246        0.62620730553427
c            2.98541528405076        0.61957437667728       -1.52941237354540
h            0.09987926893313        2.61444532061213       -0.90594729089514
h           -1.17959545397855        1.61534365544245       -1.58980221749995
h           -0.59710867189353        2.05197215845231        1.36239640166264
h           -2.04788808229341        2.45393841699974        0.43861794887122
h           -2.48563477018065        0.42712663567625        1.72885014873098
h           -1.03826616233418       -1.57389073796519        1.47686913166540
h           -1.32430071146518       -0.90468255149035       -2.09234342848739
h           -1.63106945880935       -2.17354875435620       -0.91116709270332
h            0.99657403947084       -0.73482204402172        2.15154130548548
h            1.33077407079647       -2.06910892961876       -1.33537320022580
h            0.40238712142472       -2.89138179908254       -0.06651307329851
h           -4.05880483224833       -0.58729843598733       -1.62563254533097
h           -4.37890464490676        0.48966854954032       -0.17870303075429
h            3.27597925253050        1.73730402172316        0.88080575788967
h            1.53619906421567        1.67887332497495        1.43085139163466
h            2.44318457839654       -1.02765808931983        0.44144178620769
h            3.97893511466630        0.85592615085029       -1.15530891420354
h            2.97592318468007       -0.41597616836439       -1.86774675524325
h            2.78756911089630        1.24834838815301       -2.39838138309638
35
 energy: -46.160576577029 gnorm: 0.000430686955 xtb: 6.7.1 (edcfbbe)
c           -0.07452543992093       -0.79087866510451       -0.27733296546343
c            0.52540964247923        0.49782239570419       -0.90276640924165
c           -0.45556985577402        1.68433412908870       -0.77376972152072
c           -1.23588216209776        1.73340677206659        0.53837910837207
c           -1.80465490537140        0.35207930054547        0.88053288907860
c           -0.63580654964580       -0.59867630419139        1.14944202404958
c           -1.38398215720579       -1.11459974226289       -1.02482436447642
c           -2.43330386057624       -0.27624920197068       -0.33531115943387
o            0.24362598435835       -0.12461427072528        2.13711242710922
c            0.91802654026363       -1.96048070224980       -0.32369160347435
c           -3.68250162169171       -0.11674656596138       -0.73262412332079
c            1.93546394892445        0.86964727176365       -0.47839420508107
c            2.25464704704931        1.46526128811749        0.66262655749128
h            0.60097316094863        0.27625833453585       -1.97502928365913
o            1.96094084510621       -1.84989121516011        0.62547176056983
c            2.98596928763698        0.61485679431760       -1.52750563202283
h            0.09961188890161        2.61554936931753       -0.90180603799254
h           -1.17924301350715        1.61802466105245       -1.58898923390793
h           -0.60060328073524        2.05235907835473        1.36407574167441
h           -2.05111846288897        2.45236911133255        0.43896843093018
h           -2.48603854881767        0.42499142186631        1.72953585505664
h           -1.03652075286612       -1.57453448173461        1.47718253702320
h           -1.32451269957426       -0.90431418188571       -2.09252063460297
h           -1.63021717904281       -2.17365972447974       -0.91154393035802
h            0.99965230136037       -0.73096289289412        2.14828535190180
h            1.33082783478618       -2.06868521188789       -1.33603412819026
h            0.40265183959171       -2.89081016782960       -0.06706821080862
h           -4.05835669846818       -0.58608053909297       -1.62656188219465
h           -4.37843096776448        0.49015285796287       -0.17896841970419
h            3.27478316942848        1.74007684264239        0.88013143759978
h            1.53404666056395        1.68580755154619        1.42726278236988
h            2.44819395125168       -1.03103231403238        0.43699863016024
h            3.97987664232349        0.84713012249399       -1.15173712297298
h            2.97272853537977       -0.42055668089421       -1.86619584350491
h            2.79246416219576        1.24452565883973       -2.39692677312310
35
 energy: -46.160578796253 gnorm: 0.000280162649 xtb: 6.7.1 (edcfbbe)
c           -0.07451823613550       -0.79007127235376       -0.27785070492608
c            0.52500165117543        0.49924410768240       -0.90249921830609
c           -0.45619801172996        1.68544925324650       -0.77246563180770
c           -1.23680862381219        1.73322147552361        0.53945185403932
c           -1.80508284576329        0.35158782859584        0.88073499039639
c           -0.63546005822485       -0.59829340431826        1.14907463713957
c           -1.38387405088770       -1.11446817545179       -1.02508843538762
c           -2.43335882947317       -0.27646754156035       -0.33549371392259
o            0.24405203123888       -0.12411928861002        2.13656293446111
c            0.91824792986540       -1.95947506616698       -0.32433466467153
c           -3.68252113687686       -0.11722636541098       -0.73293443989538
c            1.93547479944125        0.86986387051755       -0.47844117308972
c            2.25409850947290        1.46810586302864        0.66129058749330
h            0.60000862032566        0.27859366113681       -1.97493781028318
o            1.96146337413008       -1.84880592825466        0.62421570020494
c            2.98651958467633        0.61076458488779       -1.52580268768311
h            0.09875599107427        2.61694895546050       -0.89960149425697
h           -1.17967223404356        1.61970168428232       -1.58795901888955
h           -0.60233129071479        2.05216750413647        1.36576955543525
h           -2.05249350498058        2.45158623660430        0.43991942099274
h           -2.48637564550735        0.42360921652139        1.72989972745330
h           -1.03578989601019       -1.57448238271854        1.47651381729220
h           -1.32482948592342       -0.90451059826668       -2.09279121444159
h           -1.62963366601674       -2.17360149479876       -0.91133053148898
h            1.00170867336962       -0.72854821855142        2.14583959119337
h            1.33028109844447       -2.06792716463393       -1.33694003326070
h            0.40290881085938       -2.88974616378562       -0.06726000813952
h           -4.05808420031052       -0.58638890385001       -1.62707277328899
h           -4.37881928227011        0.48883156867526       -0.17894883598270
h            3.27426975271621        1.74152901966115        0.88030411548895
h            1.53222409999214        1.69149317986060        1.42392531778229
h            2.45164947633232       -1.03244399475564        0.43335100459205
h            3.98072153969891        0.83898334609782       -1.14829506318143
h            2.96966858664958       -0.42443278979315       -1.86484389673565
h            2.79742175581917        1.24120749655258       -2.39555805599345
35
 energy: -46.160579991642 gnorm: 0.000229932705 xtb: 6.7.1 (edcfbbe)
c           -0.07429171874396       -0.78945001663504       -0.27821602986362
c            0.52471237013378        0.50025965934384       -0.90267762008699
c           -0.45652154500453        1.68631249010337       -0.77167058696073
c           -1.23730418249727        1.73350161562367        0.54008184618864
c           -1.80523962225393        0.35160926654257        0.88074260448853
c           -0.63534266492178       -0.59810573833921        1.14867916935917
c           -1.38361663058103       -1.11377088177736       -1.02544458975459
c           -2.43340871651380       -0.27635262992817       -0.33561348081281
o            0.24433999470291       -0.12399124414607        2.13599781507335
c            0.91847285636235       -1.95877446375443       -0.32495033913512
c           -3.68282012505242       -0.11828631923150       -0.73272776548978
c            1.93532546247187        0.87026873000120       -0.47851685002334
c            2.25377268202014        1.46998595437127        0.66045854364758
h            0.59960841686976        0.28032733832311       -1.97527179744757
o            1.96210006696453       -1.84804489262745        0.62313417007447
c            2.98691218298777        0.60776157046140       -1.52448930742277
h            0.09805337793483        2.61804161391301       -0.89878395697085
h           -1.18020663877134        1.62043446134173       -1.58694127724369
h           -0.60299219814713        2.05189869224770        1.36675441695739
h           -2.05290756869708        2.45206917066271        0.44093441271340
h           -2.48657648471968        0.42308975255155        1.72989989015872
h           -1.03548299278780       -1.57456114250962        1.47594751825322
h           -1.32469723672457       -0.90394452184306       -2.09310708012085
h           -1.62908474352943       -2.17290245467771       -0.91143429549556
h            1.00255843471696       -0.72773825895032        2.14410237188021
h            1.32989514674252       -2.06741958009914       -1.33774067287458
h            0.40326044102110       -2.88896812981583       -0.06738230121720
h           -4.05822987468564       -0.58813551256354       -1.62656588382197
h           -4.37972668716813        0.48714286912363       -0.17877968319428
h            3.27391005496195        1.74260811976829        0.88035917500998
h            1.53128014503913        1.69496712437382        1.42195664749617
h            2.45307876211105       -1.03242766668556        0.43153481960388
h            3.98134948098788        0.83265645990246       -1.14557932960963
h            2.96724309223593       -0.42722592750764       -1.86398171058155
h            2.80120194913630        1.23904459162730       -2.39430499444494
35
 energy: -46.160580189411 gnorm: 0.000459682131 xtb: 6.7.1 (edcfbbe)
c           -0.07406520135242       -0.78882876091632       -0.27858135480116
c            0.52442308909213        0.50127521100527       -0.90285602186790
c           -0.45684507827911        1.68717572696024       -0.77087554211377
c           -1.23779974118236        1.73378175572372        0.54071183833796
c           -1.80539639874458        0.35163070448931        0.88075021858068
c           -0.63522527161871       -0.59791807236017        1.14828370157877
c           -1.38335921027436       -1.11307358810293       -1.02580074412156
c           -2.43345860355444       -0.27623771829598       -0.33573324770304
o            0.24462795816694       -0.12386319968211        2.13543269568559
c            0.91869778285929       -1.95807386134187       -0.32556601359870
c           -3.68311911322798       -0.11934627305202       -0.73252109108417
c            1.93517612550249        0.87067358948485       -0.47859252695695
c            2.25344685456739        1.47186604571391        0.65962649980186
h            0.59920821341385        0.28206101550940       -1.97560578461197
o            1.96273675979898       -1.84728385700024        0.62205263994400
c            2.98730478129921        0.60475855603500       -1.52317592716243
h            0.09735076479539        2.61913427236552       -0.89796641968472
h           -1.18074104349911        1.62116723840114       -1.58592353559783
h           -0.60365310557947        2.05162988035892        1.36773927847954
h           -2.05332163241357        2.45255210472111        0.44194940443405
h           -2.48677732393201        0.42257028858171        1.72990005286413
h           -1.03517608956540       -1.57463990230070        1.47538121921424
h           -1.32456498752572       -0.90337844541944       -2.09342294580012
h           -1.62853582104212       -2.17220341455667       -0.91153805950213
h            1.00340819606431       -0.72692829934923        2.14236515256705
h            1.32950919504058       -2.06691199556436       -1.33854131248847
h            0.40361207118282       -2.88819009584604       -0.06750459429488
h           -4.05837554906077       -0.58988212127707       -1.62605899435494
h           -4.38063409206615        0.48545416957200       -0.17861053040586
h            3.27355035720769        1.74368721987544        0.88041423453101
h            1.53033619008612        1.69844106888704        1.41998797721006
h            2.45450804788979       -1.03241133861548        0.42971863461570
h            3.98197742227685        0.82632957370710       -1.14286359603784
h            2.96481759782227       -0.43001906522212       -1.86311952442746
h            2.80498214245343        1.23688168670202       -2.39305193289643
35
 energy: -46.160580947511 gnorm: 0.000203342491 xtb: 6.7.1 (edcfbbe)
c           -0.07434666226425       -0.78865151778358       -0.27889937475937
c            0.52459402920676        0.50145172759334       -0.90266063393464
c           -0.45695220440842        1.68711648277613       -0.77095928001341
c           -1.23766452412240        1.73377888704379        0.54082646401924
c           -1.80536795631974        0.35163893148781        0.88065722645588
c           -0.63510869177099       -0.59781157492251        1.14812180922304
c           -1.38359463693847       -1.11307942648248       -1.02618344772636
c           -2.43355893618604       -0.27640776008338       -0.33567830636500
o            0.24493721159353       -0.12363725971714        2.13511396478450
c            0.91842884528469       -1.95786639976802       -0.32586261171987
c           -3.68341439781804       -0.12003746349727       -0.73206489078205
c            1.93534672857955        0.87066526302361       -0.47831816709402
c            2.25362633442854        1.47249652110134        0.65959560381293
h            0.59946301154415        0.28235096098335       -1.97541894441568
o            1.96249299794582       -1.84724922905236        0.62186715763776
c            2.98759921159979        0.60418803673639       -1.52270704311096
h            0.09735089248339        2.61899959733874       -0.89788826453317
h           -1.18077291014242        1.62124509241366       -1.58609090395215
h           -0.60349770397690        2.05164438314514        1.36784359107913
h           -2.05322742726216        2.45246871175089        0.44207069288540
h           -2.48667663384772        0.42253788648875        1.72987187915548
h           -1.03490357161030       -1.57447419375856        1.47538371613084
h           -1.32480780987712       -0.90277097509315       -2.09371090604455
h           -1.62874556901470       -2.17228856488774       -0.91248483348732
h            1.00352130947457       -0.72694443256778        2.14195751629128
h            1.32944436350208       -2.06678288726890       -1.33871719364742
h            0.40336483962158       -2.88796651529064       -0.06784733312279
h           -4.05860348449749       -0.59031519403786       -1.62580696204263
h           -4.38111053453722        0.48424848810968       -0.17786665472961
h            3.27392429558819        1.74386490876611        0.88019025166211
h            1.53051735188019        1.70048254461773        1.41967747600108
h            2.45382887668510       -1.03203406249752        0.42985787137193
h            3.98234010175622        0.82477831303869       -1.14208420624622
h            2.96422485627614       -0.43046187580717       -1.86293026042064
h            2.80597368374532        1.23670269529188       -2.39245115403042
35
 energy: -46.160581565316 gnorm: 0.000161412239 xtb: 6.7.1 (edcfbbe)
c           -0.07445329673394       -0.78844262250857       -0.27934569307081
c            0.52480971094218        0.50165982906233       -0.90270608387189
c           -0.45685412498367        1.68726414925433       -0.77114903913446
c           -1.23760486790396        1.73363859735831        0.54070600798422
c           -1.80538890547463        0.35155087083303        0.88060883827092
c           -0.63484745386213       -0.59759092982013        1.14783337492933
c           -1.38369020460100       -1.11256635081671       -1.02679738869659
c           -2.43377545254556       -0.27670617487338       -0.33547060087102
o            0.24550188328069       -0.12305688004300        2.13449303215342
c            0.91808404337695       -1.95785679602665       -0.32636516543980
c           -3.68404063743201       -0.12137917584448       -0.73100665629128
c            1.93547426168632        0.87037000047427       -0.47783450683398
c            2.25372034509850        1.47335833515727        0.65950076255081
h            0.59995803615163        0.28260473353048       -1.97546709345683
o            1.96196351148632       -1.84725708332541        0.62171744210554
c            2.98795649506233        0.60316480262436       -1.52186432002272
h            0.09752341310468        2.61913263526498       -0.89777411301607
h           -1.18056106350078        1.62165950826124       -1.58639938070699
h           -0.60338215879350        2.05155162752306        1.36764088576513
h           -2.05326885989458        2.45216285648068        0.44196916911660
h           -2.48652461166680        0.42239319572654        1.72999500293322
h           -1.03430758458494       -1.57414209560036        1.47541549760142
h           -1.32496934920320       -0.90080777510166       -2.09410235163949
h           -1.62869070525082       -2.17197992366948       -0.91462688229670
h            1.00368027372399       -0.72686090684384        2.14166185559964
h            1.32950617636718       -2.06674083501694       -1.33906872273801
h            0.40286573158534       -2.88791879115504       -0.06856084822893
h           -4.05921281375908       -0.59158820023504       -1.62482570095977
h           -4.38184085867686        0.48249961217391       -0.17648990635261
h            3.27425698769494        1.74457139715635        0.87941622123202
h            1.53097489574895        1.70294176635152        1.41946368665919
h            2.45228876206377       -1.03121293766480        0.43044127646665
h            3.98273733119276        0.82234976068777       -1.14066469628536
h            2.96333992133745       -0.43124383216867       -1.86258046219382
h            2.80739645556471        1.23635773198469       -2.39135959292865
35
 energy: -46.160581911628 gnorm: 0.000170982444 xtb: 6.7.1 (edcfbbe)
c           -0.07446756350288       -0.78820844782480       -0.27984249167846
c            0.52494344299607        0.50203746155553       -0.90278618488857
c           -0.45678183930893        1.68757757162211       -0.77118359850588
c           -1.23771361927900        1.73380647086887        0.54059178876193
c           -1.80531417241196        0.35159923145666        0.88044846342088
c           -0.63467078131118       -0.59746794518508        1.14745674551212
c           -1.38372196411406       -1.11186881376016       -1.02745671176328
c           -2.43399785060401       -0.27689462239136       -0.33531544784325
o            0.24574510213803       -0.12259238399531        2.13391698866455
c            0.91796049531435       -1.95773425008549       -0.32688795202130
c           -3.68473681276629       -0.12280343202874       -0.72986967331633
c            1.93554200728387        0.87063710442117       -0.47770929953034
c            2.25371477378292        1.47430622006811        0.65922336263794
h            0.60027790349736        0.28324227938538       -1.97559358359824
o            1.96171970135834       -1.84737981399834        0.62136412311011
c            2.98845004300822        0.60182861103541       -1.52097426675385
h            0.09760459752092        2.61947805800529       -0.89753468932564
h           -1.18035212779271        1.62211466441675       -1.58657551348771
h           -0.60350595226911        2.05161388948744        1.36756968153243
h           -2.05336435975715        2.45235821787630        0.44189656510306
h           -2.48625650859273        0.42244877783978        1.72997972018304
h           -1.03377592900779       -1.57410216286705        1.47515288024126
h           -1.32503280178958       -0.89877643617314       -2.09453267762565
h           -1.62849579704256       -2.17148707272370       -0.91665863679813
h            1.00367899899672       -0.72667461667544        2.14162823206147
h            1.32950882448529       -2.06656326696168       -1.33957466957407
h            0.40257343614676       -2.88776966083180       -0.06931854628580
h           -4.06003347698956       -0.59342649593126       -1.62341326213830
h           -4.38274836027150        0.48030106419124       -0.17476586670483
h            3.27439952552134        1.74516040198270        0.87900222834452
h            1.53095604134879        1.70537187678471        1.41873814525245
h            2.45127903426144       -1.03065684719261        0.43086890117990
h            3.98333833801401        0.81911628223626       -1.13897098834173
h            2.96228836980378       -0.43239851755940       -1.86210537719831
h            2.80961456793404        1.23568670214257       -2.39036454029365
35
 energy: -46.160582106545 gnorm: 0.000111214907 xtb: 6.7.1 (edcfbbe)
c           -0.07439098343702       -0.78784707436442       -0.28019423688564
c            0.52513736380683        0.50239648464087       -0.90307382723481
c           -0.45669217771279        1.68784362580195       -0.77121757283649
c           -1.23787626676352        1.73389857678390        0.54042733168644
c           -1.80531036040385        0.35164776517115        0.88042113137127
c           -0.63453124810962       -0.59728906788195        1.14718951707279
c           -1.38365335957658       -1.11119154232134       -1.02795098920116
c           -2.43415017527293       -0.27700665066557       -0.33515564343430
o            0.24588870931839       -0.12222308945466        2.13353372363537
c            0.91781595873166       -1.95755500323171       -0.32743157407391
c           -3.68529250345455       -0.12394494852204       -0.72885180683967
c            1.93573359524179        0.87067859639380       -0.47764263948269
c            2.25364145433322        1.47533685957310        0.65890819981678
h            0.60060444152250        0.28379264194104       -1.97592356500061
o            1.96149022304139       -1.84751363596766        0.62089153595988
c            2.98898172530349        0.60065566665119       -1.52025653361150
h            0.09762315529323        2.61981693382382       -0.89740762942196
h           -1.18017838060915        1.62245140608238       -1.58669578439511
h           -0.60388105003537        2.05181515568801        1.36752146361551
h           -2.05364647475797        2.45231398993507        0.44165011621867
h           -2.48608616364154        0.42247498860241        1.73009198336014
h           -1.03348483767052       -1.57400185827344        1.47488965609004
h           -1.32502570074695       -0.89718406794553       -2.09486053826792
h           -1.62819280235262       -2.17096440052113       -0.91810348507810
h            1.00359844464801       -0.72654882690168        2.14191998618063
h            1.32941046476699       -2.06635514636182       -1.34012127231502
h            0.40222406996000       -2.88754792370005       -0.07006680835996
h           -4.06086311015985       -0.59498289143093       -1.62205276019871
h           -4.38340477618235        0.47855131923199       -0.17320919928849
h            3.27437927283654        1.74583288636884        0.87893322606765
h            1.53078693543894        1.70694637942706        1.41808278430422
h            2.45072904275858       -1.03048655412228        0.43101415369532
h            3.98388463160135        0.81666538628675       -1.13758288351029
h            2.96178137830673       -0.43346735218184       -1.86159985934051
h            2.81157479057879        1.23487147063561       -2.38967235196550
35
 energy: -46.160582071274 gnorm: 0.000232542237 xtb: 6.7.1 (edcfbbe)
c           -0.07431185025286       -0.78747624454340       -0.28056302240481
c            0.52533722001201        0.50276980555403       -0.90336558624647
c           -0.45659786262948        1.68812231742419       -0.77125421953950
c           -1.23804508350255        1.73399687839460        0.54025315101869
c           -1.80530273538907        0.35169966808268        0.88038945106188
c           -0.63438191822202       -0.59710149893359        1.14690878408258
c           -1.38358566973913       -1.11049142073007       -1.02846258436961
c           -2.43430957959593       -0.27712435954653       -0.33498889807822
o            0.24604333212035       -0.12183850288798        2.13313176589752
c            0.91766476993769       -1.95737339139013       -0.32799625098463
c           -3.68587151608613       -0.12513221101309       -0.72779062186242
c            1.93593119833282        0.87072524574525       -0.47757234737816
c            2.25356391503424        1.47639804149329        0.65858433935971
h            0.60094322070215        0.28436731264321       -1.97625921040172
o            1.96125381542028       -1.84765816960513        0.62039805426234
c            2.98953521676696        0.59944065183142       -1.51950703632937
h            0.09764289991603        2.62017169412001       -0.89727699363561
h           -1.17999525205839        1.62279937313525       -1.58682288840811
h           -0.60427233692087        2.05203180265808        1.36746779155148
h           -2.05394068137799        2.45226838131345        0.44138483088215
h           -2.48590347736769        0.42250436023367        1.73020670089861
h           -1.03317710526848       -1.57389642570017        1.47461265034872
h           -1.32502439481118       -0.89553761937879       -2.09519941954234
h           -1.62788248023248       -2.17042365538899       -0.91959643033531
h            1.00351882672832       -0.72641855002005        2.14222029871568
h            1.32930344250766       -2.06614103844423       -1.34069041556340
h            0.40186049348930       -2.88732204381745       -0.07084294298924
h           -4.06172818345516       -0.59659394111906       -1.62063902248387
h           -4.38408600313122        0.47673483469903       -0.17158810903396
h            3.27435298599086        1.74653116187795        0.87886663307400
h            1.53059915957705        1.70859159804004        1.41739446810360
h            2.45016705868218       -1.03032111446556        0.43115616364674
h            3.98445304895509        0.81412275640820       -1.13613410797538
h            2.96125858604992       -0.43457399849596       -1.86107195391115
h            2.81361222641895        1.23402840101675       -2.38894917309803
35
 energy: -46.160582198817 gnorm: 0.000057558773 xtb: 6.7.1 (edcfbbe)
c           -0.07428739383694       -0.78764807158799       -0.28051514559590
c            0.52523757125075        0.50270347718359       -0.90317806940813
c           -0.45659014710787        1.68813162286178       -0.77118544895276
c           -1.23811346149873        1.73402605055774        0.54023250561926
c           -1.80523504730928        0.35168612722696        0.88035484355362
c           -0.63430495440971       -0.59711092638996        1.14691909300565
c           -1.38363015669061       -1.11072221111398       -1.02825151515212
c           -2.43427114543838       -0.27711017599673       -0.33502448186740
o            0.24614610598065       -0.12189692326304        2.13313007144738
c            0.91768645103112       -1.95752961408521       -0.32786648808505
c           -3.68570599588290       -0.12475036159478       -0.72803812144875
c            1.93583959504405        0.87081038515333       -0.47759919273488
c            2.25350270519936        1.47603964779246        0.65867744452164
h            0.60081702487787        0.28432870104355       -1.97606379582352
o            1.96133485085853       -1.84783752282936        0.62046983670547
c            2.98942201611874        0.59974640043715       -1.51959314948325
h            0.09762740753082        2.62019143276716       -0.89721772352092
h           -1.17995084180666        1.62272088576379       -1.58676682014349
h           -0.60441822861774        2.05221988454636        1.36745498567293
h           -2.05406272107721        2.45221350373665        0.44117211620167
h           -2.48584404816087        0.42245743670302        1.73016044906496
h           -1.03312398420299       -1.57390623724293        1.47461205405818
h           -1.32513820499014       -0.89624420479314       -2.09505706888335
h           -1.62797597592328       -2.17057105315494       -0.91884914129398
h            1.00372967570718       -0.72634529893898        2.14198486661480
h            1.32921411451022       -2.06622598053295       -1.34059133527831
h            0.40188423134481       -2.88745837842313       -0.07066778389904
h           -4.06157606083273       -0.59596539090732       -1.62100982193936
h           -4.38382200288425        0.47733361662449       -0.17195252676441
h            3.27416401696397        1.74646729470399        0.87903970110006
h            1.53027669592091        1.70838825284123        1.41728861939447
h            2.45082000621191       -1.03095763112652        0.43079020056778
h            3.98431926404826        0.81480421382204       -1.13631783544298
h            2.96148466145209       -0.43430870227904       -1.86107514163587
h            2.81316926322029        1.23419984968561       -2.38906233184205
35
 energy: -46.160582203528 gnorm: 0.000032774765 xtb: 6.7.1 (edcfbbe)
c           -0.07430031651569       -0.78763820321052       -0.28051826262815
c            0.52524786342308        0.50270450296211       -0.90316883613549
c           -0.45659701532674        1.68812508323309       -0.77119654719540
c           -1.23810779636850        1.73402218825631        0.54023925216782
c           -1.80523662447901        0.35169128962524        0.88035321510835
c           -0.63429923383476       -0.59711029448799        1.14692259749486
c           -1.38363481575631       -1.11072962705454       -1.02825596538423
c           -2.43426446524802       -0.27711123368405       -0.33502439305082
o            0.24614765964544       -0.12190082802524        2.13312814955636
c            0.91768594415475       -1.95752600144016       -0.32787310335279
c           -3.68570551651082       -0.12475129045262       -0.72803856383262
c            1.93584044882968        0.87081071784495       -0.47759352897180
c            2.25350771647064        1.47604086520267        0.65867186073041
h            0.60081618380124        0.28432866783901       -1.97606283143102
o            1.96132693979846       -1.84785016028053        0.62047542644923
c            2.98942202762181        0.59974752725682       -1.51958864070606
h            0.09762866037644        2.62018770109061       -0.89721782692262
h           -1.17995240329489        1.62272317943427       -1.58677268910228
h           -0.60441694606662        2.05222636832797        1.36745958428566
h           -2.05406490342238        2.45221243481666        0.44116828557634
h           -2.48584092900050        0.42245851234817        1.73016239147149
h           -1.03312354732338       -1.57390401582355        1.47461142674106
h           -1.32513931725054       -0.89624623798355       -2.09505607071981
h           -1.62797714883825       -2.17057242688227       -0.91884747178755
h            1.00372693591324       -0.72634322928878        2.14198538696069
h            1.32921323655991       -2.06622586180870       -1.34059309468112
h            0.40188306911443       -2.88745852452944       -0.07066852180885
h           -4.06157918833967       -0.59596446084632       -1.62100849155951
h           -4.38382191596629        0.47733288086156       -0.17194895734823
h            3.27415934718282        1.74646573268085        0.87904535949657
h            1.53027220250815        1.70838574252023        1.41728336591926
h            2.45083300191302       -1.03094894390995        0.43078403578318
h            3.98431967031941        0.81480754965477       -1.13631600215448
h            2.96148783193077       -0.43431029301598       -1.86107283162057
h            2.81316863058035        1.23420078795982       -2.38906385901551
