  50
 Etot=         -75.2327739100
 C         -0.0106053819        0.4166189412        2.6568770396
 C          1.5095947292        0.6526599042        2.5031714791
 C         -2.1620164345       -3.2876760545       -0.3024205247
 C         -3.2423109467       -2.8920523873        0.4611221278
 C         -3.2651508007       -1.6352832942        1.0188579415
 C         -2.2121661645       -0.7435194669        0.8106319311
 C         -1.1382227457       -1.1258965658       -0.0148890819
 C         -1.1206623173       -2.4098257468       -0.5295339171
 N         -2.1803780107        0.4760214730        1.4890679967
 C         -0.9038012145        1.1849745986        1.6403874513
 C         -0.2632287330        1.3001340122        0.2204667021
 C         -0.0112108553       -0.1536814041       -0.3499933284
 C          1.1641657508        1.8683394725        0.3641521787
 C          1.9452480269        0.6838007420        1.0046754974
 C          1.3557625623       -0.5918760698        0.2979069870
 C          3.4278826805        0.8647374131        0.8418453572
 C          4.1938405148        0.0774165942        0.1068519386
 C          3.7021465467       -1.1273452859       -0.6030957122
 N          2.1935647752       -1.1740282730       -0.8558462369
 C          1.7549492643       -0.4051035811       -2.1001691983
 C          0.2762192177       -0.0967054064       -1.8856711622
 O          1.8456706439       -2.4522229715       -1.0133069633
 H          1.1993191233       -1.3977664416        1.0174502265
 C         -1.1338252202        2.1856828602       -0.6646712441
 O         -1.0321514172        3.3880921478       -0.5557719971
 O         -1.9942146174        1.5606458736       -1.5137382180
 C         -2.7429237394        2.5129054936       -2.2016783466
 H         -0.3284087549        0.6715377535        3.6750194189
 H         -0.2311116908       -0.6505165411        2.5593511854
 H          1.7945537540        1.5960215706        2.9793474622
 H          2.0793167398       -0.1268449150        3.0206806930
 H         -2.1313661804       -4.2815530982       -0.7186706372
 H         -4.0587404736       -3.5743761126        0.6335121625
 H         -4.0900930353       -1.3283281433        1.6388577779
 H         -0.2568702015       -2.7289611999       -1.0887354694
 H         -2.8429406335        0.6493610239        2.2442301319
 H         -1.0990003772        2.2050715504        2.0024047700
 H          1.1736820336        2.7593188172        0.9966160214
 H          1.5787862421        2.1458004271       -0.6076487776
 H          3.8507924649        1.7206990225        1.3432341024
 H          5.2470736787        0.2968950442        0.0154141490
 H          4.1989811845       -1.2386462643       -1.5696625935
 H          3.9436119665       -2.0241650956       -0.0281386001
 H          2.3607755653        0.4977413081       -2.1964502828
 H          1.9290869147       -1.0277255024       -2.9798030896
 H         -0.3571617393       -0.8213936549       -2.4049130210
 H          0.0094498037        0.8821768034       -2.2942074705
 H         -2.0679165607        3.1545510972       -2.7722604020
 H         -3.4378154613        2.0077467925       -2.8749412297
 H         -3.2956054224        3.1170560354       -1.4786732461
  50
 Etot=         -75.2455425940
 C         -0.0001700877        0.4123820110        2.6356184198
 C          1.5079116491        0.6508676225        2.4849566520
 C         -2.1593944505       -3.2810684073       -0.3047704820
 C         -3.2418415107       -2.8785955830        0.4575902340
 C         -3.2520395360       -1.6218045487        1.0274543507
 C         -2.1905443806       -0.7372296267        0.8246584038
 C         -1.1311801823       -1.1152837850       -0.0160656357
 C         -1.1205853321       -2.3990625516       -0.5416694139
 N         -2.1758942374        0.4926120109        1.4648947065
 C         -0.8986890575        1.1672028556        1.6245973016
 C         -0.2505136250        1.2666207161        0.2208437506
 C          0.0019630162       -0.1605070536       -0.3486111945
 C          1.1551430067        1.8607724134        0.3600855715
 C          1.9225782729        0.6843026537        0.9943901534
 C          1.3658055000       -0.5821213392        0.2832626616
 C          3.3995234194        0.8709940683        0.8431585152
 C          4.1648438246        0.0881825743        0.1018999970
 C          3.6712330115       -1.1188155060       -0.6096797616
 N          2.1803437023       -1.1877591990       -0.8505116037
 C          1.7723804472       -0.3981624254       -2.0685909819
 C          0.2909296681       -0.1059959751       -1.8745452623
 O          1.8490890098       -2.4635468046       -1.0138979589
 H          1.2375121484       -1.4037651993        0.9878198486
 C         -1.1289784165        2.1865772179       -0.6156295070
 O         -1.0224481300        3.3853537904       -0.5312910798
 O         -1.9901211621        1.5842969919       -1.4564048265
 C         -2.7516682274        2.5151780703       -2.1924007614
 H         -0.3103855559        0.6881734991        3.6493131205
 H         -0.2151939636       -0.6537715560        2.5301884180
 H          1.7858494601        1.6003960146        2.9508417843
 H          2.0586936390       -0.1363068457        3.0082976752
 H         -2.1250983352       -4.2791331497       -0.7141262999
 H         -4.0628104348       -3.5587418381        0.6332836700
 H         -4.0806932672       -1.3123315723        1.6476411336
 H         -0.2479403174       -2.7262089565       -1.0885659456
 H         -2.8324318929        0.6408300739        2.2192087181
 H         -1.0943123565        2.1846680434        1.9858192894
 H          1.1659677315        2.7480980356        0.9932069527
 H          1.5661627645        2.1342507999       -0.6121614499
 H          3.8232992209        1.7244178473        1.3524613471
 H          5.2256019975        0.2876133254        0.0194183092
 H          4.1611833931       -1.2352075349       -1.5798415527
 H          3.9017265918       -2.0194677223       -0.0313696658
 H          2.3735911293        0.5104611214       -2.1535581683
 H          1.9506354106       -1.0346226463       -2.9364016853
 H         -0.3310133574       -0.8396373219       -2.3890261643
 H          0.0483559234        0.8693753625       -2.2946971447
 H         -2.0918398193        3.1600938577       -2.7802579173
 H         -3.4256728584        1.9731214254       -2.8550432334
 H         -3.3242883898        3.1428180415       -1.5045513091
  50
 Etot=         -75.2488626904
 C         -0.0015696589        0.4005429710        2.6213674645
 C          1.4994191344        0.6433113219        2.4617478359
 C         -2.1558009052       -3.2726571144       -0.3045195001
 C         -3.2371566327       -2.8631210743        0.4582380639
 C         -3.2375424732       -1.6062828998        1.0313845026
 C         -2.1737256953       -0.7261429646        0.8254900369
 C         -1.1229377521       -1.1068192686       -0.0188214703
 C         -1.1146294366       -2.3934867486       -0.5432099107
 N         -2.1706189259        0.5141839965        1.4375699074
 C         -0.8913026269        1.1593124683        1.6108129476
 C         -0.2436148044        1.2529403082        0.2154817303
 C          0.0094944293       -0.1571102438       -0.3479400756
 C          1.1525646925        1.8463597831        0.3545520889
 C          1.9159636458        0.6770995946        0.9822147952
 C          1.3651866152       -0.5825131610        0.2829282340
 C          3.3886014364        0.8720157624        0.8438736666
 C          4.1510678255        0.0899328040        0.1014892785
 C          3.6475808336       -1.1174275037       -0.6055476958
 N          2.1726329007       -1.1814643521       -0.8398544156
 C          1.7876506101       -0.3897400358       -2.0416270299
 C          0.3014910540       -0.1063889574       -1.8680134483
 O          1.8451908594       -2.4514347766       -1.0088614644
 H          1.2559585930       -1.4129928041        0.9827816451
 C         -1.1085939037        2.1950501216       -0.6042084995
 O         -1.0271039694        3.3926836447       -0.5039100046
 O         -1.9866517277        1.6055862918       -1.4162946401
 C         -2.7707511853        2.5115304047       -2.1813484840
 H         -0.3056618063        0.6817029503        3.6335010639
 H         -0.2097962144       -0.6649102061        2.5046001381
 H          1.7762937980        1.5967332311        2.9178431916
 H          2.0432176112       -0.1443454814        2.9880396291
 H         -2.1236577309       -4.2710060607       -0.7139274678
 H         -4.0658113396       -3.5356329021        0.6329234534
 H         -4.0629088154       -1.2954623900        1.6584061256
 H         -0.2455159147       -2.7210424095       -1.0983938033
 H         -2.8212393141        0.6299371020        2.1989575146
 H         -1.0761977242        2.1782286776        1.9703693154
 H          1.1603252209        2.7350754009        0.9824994272
 H          1.5566970603        2.1188421088       -0.6198305640
 H          3.8074350694        1.7268491717        1.3562523455
 H          5.2138753063        0.2742004171        0.0132375262
 H          4.1273995361       -1.2393032090       -1.5800044682
 H          3.8745725333       -2.0195810555       -0.0251094845
 H          2.3848006007        0.5231937292       -2.0975316937
 H          1.9846432781       -1.0227157172       -2.9079695125
 H         -0.3011773217       -0.8554252244       -2.3788747001
 H          0.0606132736        0.8643755348       -2.2941570154
 H         -2.1231867787        3.1532224586       -2.7877700501
 H         -3.4235464567        1.9209361066       -2.8231880570
 H         -3.3574017500        3.1536734950       -1.5184064935
  50
 Etot=         -75.2496519561
 C         -0.0027350489        0.3926699839        2.6105128928
 C          1.4985389902        0.6396650330        2.4567132967
 C         -2.1587719839       -3.2653780165       -0.3059131186
 C         -3.2362544536       -2.8526685476        0.4607066975
 C         -3.2325376742       -1.5957576118        1.0315899291
 C         -2.1707778647       -0.7166609814        0.8179290829
 C         -1.1228919541       -1.1022849223       -0.0262146438
 C         -1.1159548579       -2.3900314522       -0.5472219370
 N         -2.1704800028        0.5290966606        1.4229196888
 C         -0.8876067093        1.1629023576        1.6055942691
 C         -0.2395157820        1.2558069563        0.2116724205
 C          0.0099865697       -0.1533081108       -0.3535862793
 C          1.1586014507        1.8439495749        0.3455619982
 C          1.9166563770        0.6743649005        0.9783364592
 C          1.3642088161       -0.5835324805        0.2803640196
 C          3.3889981504        0.8694515568        0.8441546302
 C          4.1509616945        0.0837697149        0.1055329576
 C          3.6408912927       -1.1250979700       -0.5959140383
 N          2.1723010645       -1.1791486419       -0.8379466595
 C          1.8028803399       -0.3768320914       -2.0309887233
 C          0.3116535171       -0.1064259633       -1.8722249621
 O          1.8366295135       -2.4467625463       -1.0172755794
 H          1.2542623136       -1.4137025302        0.9805432461
 C         -1.1214842291        2.2013357793       -0.5853236058
 O         -1.0220530595        3.3999720097       -0.4995664854
 O         -1.9996383012        1.6106129976       -1.3911272331
 C         -2.7909967507        2.5010542455       -2.1712033702
 H         -0.3080182886        0.6653594585        3.6231183924
 H         -0.2100631536       -0.6718595172        2.4833250982
 H          1.7715918486        1.5937396389        2.9129901750
 H          2.0433060372       -0.1475083213        2.9823657614
 H         -2.1287090628       -4.2640258429       -0.7139910315
 H         -4.0675749736       -3.5204771976        0.6378478324
 H         -4.0526353256       -1.2831414313        1.6645148400
 H         -0.2452241321       -2.7213804828       -1.0978224443
 H         -2.8170184683        0.6255790704        2.1922958360
 H         -1.0606206102        2.1833391816        1.9681162015
 H          1.1682430017        2.7352829597        0.9697090286
 H          1.5599993823        2.1134279902       -0.6314109938
 H          3.8024640864        1.7269614954        1.3554919476
 H          5.2134566925        0.2614868867        0.0124089120
 H          4.1200755714       -1.2535356399       -1.5695098031
 H          3.8637498804       -2.0254383760       -0.0111324386
 H          2.3941760543        0.5420863693       -2.0592261300
 H          2.0191708598       -0.9937010099       -2.9042541169
 H         -0.2749220900       -0.8677036721       -2.3833697813
 H          0.0634660647        0.8588614738       -2.3056259976
 H         -2.1473628768        3.1372732564       -2.7861261234
 H         -3.4306792632        1.8832263606       -2.7995221076
 H         -3.3871675986        3.1456007407       -1.5205760309
  50
 Etot=         -75.2504168952
 C         -0.0054881641        0.3822921263        2.5984179747
 C          1.4965673812        0.6363107275        2.4535795604
 C         -2.1664815755       -3.2539853975       -0.3070065173
 C         -3.2383209787       -2.8366362834        0.4648489627
 C         -3.2289214470       -1.5789474221        1.0314267338
 C         -2.1699812025       -0.7012439527        0.8049550090
 C         -1.1253385525       -1.0946971416       -0.0387965223
 C         -1.1209712734       -2.3843202615       -0.5534965565
 N         -2.1705527331        0.5513333301        1.4042424700
 C         -0.8803483543        1.1688097608        1.5984092876
 C         -0.2309886571        1.2622214659        0.2035222921
 C          0.0116029632       -0.1494465292       -0.3627563138
 C          1.1692340234        1.8451574363        0.3367298616
 C          1.9191072368        0.6717546624        0.9753761122
 C          1.3645185994       -0.5856661648        0.2764222251
 C          3.3924967777        0.8637288239        0.8440729834
 C          4.1544363727        0.0708819491        0.1129258183
 C          3.6360103092       -1.1404631958       -0.5810307314
 N          2.1736506745       -1.1746795070       -0.8394696905
 C          1.8240780873       -0.3484800991       -2.0182183842
 C          0.3249874192       -0.1027119118       -1.8796412488
 O          1.8226962690       -2.4389748617       -1.0413512358
 H          1.2489736601       -1.4149935304        0.9761463576
 C         -1.1148544142        2.2055551773       -0.5914350668
 O         -1.0179948360        3.4052812152       -0.5002453462
 O         -2.0067645583        1.6071732484       -1.3730548502
 C         -2.8237675665        2.4757328951       -2.1534282612
 H         -0.3154297936        0.6382429672        3.6131056526
 H         -0.2113051403       -0.6805861355        2.4534332561
 H          1.7621855143        1.5908947546        2.9125109997
 H          2.0440054376       -0.1497306828        2.9782785462
 H         -2.1400908874       -4.2535545197       -0.7123422963
 H         -4.0704753231       -3.5000671312        0.6502602546
 H         -4.0412384524       -1.2627828613        1.6722183820
 H         -0.2492890412       -2.7205525061       -1.0994834760
 H         -2.8094500830        0.6244341325        2.1854129459
 H         -1.0374133827        2.1902727645        1.9672164697
 H          1.1827347688        2.7403741391        0.9559279129
 H          1.5708798363        2.1086919696       -0.6422672465
 H          3.7991934172        1.7251615436        1.3530350720
 H          5.2170770564        0.2391517535        0.0167450442
 H          4.1213746563       -1.2824332266       -1.5495964178
 H          3.8459709806       -2.0372694951        0.0135883553
 H          2.4048563800        0.5796736722       -2.0039821059
 H          2.0684156304       -0.9347254111       -2.9061156904
 H         -0.2361316874       -0.8839619314       -2.3906845378
 H          0.0568880307        0.8545768479       -2.3198441400
 H         -2.1959604549        3.1118531596       -2.7832369486
 H         -3.4521915018        1.8273272644       -2.7593085034
 H         -3.4276163678        3.1145356681       -1.5087744733
  50
 Etot=         -75.2509228258
 C         -0.0066533445        0.3749089246        2.5886350925
 C          1.4956009204        0.6333890735        2.4510998655
 C         -2.1754936618       -3.2412200690       -0.3075934523
 C         -3.2430792976       -2.8205000040        0.4678202399
 C         -3.2291691432       -1.5611588201        1.0301180792
 C         -2.1708947414       -0.6852471399        0.7944537839
 C         -1.1278445247       -1.0840228364       -0.0494051955
 C         -1.1274748794       -2.3755931491       -0.5591538261
 N         -2.1693275118        0.5701874480        1.3945412980
 C         -0.8729948650        1.1753210011        1.5936052476
 C         -0.2242212425        1.2693592245        0.1966347711
 C          0.0153555024       -0.1446243906       -0.3712611933
 C          1.1781578576        1.8470541793        0.3336763349
 C          1.9245434945        0.6695058800        0.9732500115
 C          1.3661517236       -0.5874809795        0.2724046570
 C          3.4003210740        0.8552112903        0.8449235692
 C          4.1624360164        0.0547254214        0.1221565360
 C          3.6377101061       -1.1576886250       -0.5671335533
 N          2.1784052332       -1.1666934935       -0.8447102400
 C          1.8433026996       -0.3167574442       -2.0110248094
 C          0.3386458350       -0.0975313034       -1.8868927185
 O          1.8127579345       -2.4261889237       -1.0729794029
 H          1.2446919046       -1.4172814070        0.9703393226
 C         -1.1154946408        2.2056048160       -0.5987941903
 O         -1.0131357082        3.4059673925       -0.5194443687
 O         -2.0147330504        1.5937713288       -1.3606700608
 C         -2.8563760199        2.4422674785       -2.1362507156
 H         -0.3232317588        0.6150043458        3.6057846119
 H         -0.2111525719       -0.6860939701        2.4281844627
 H          1.7540373093        1.5885859421        2.9126077573
 H          2.0448935538       -0.1505624567        2.9773567374
 H         -2.1533924156       -4.2417342694       -0.7110027775
 H         -4.0738080849       -3.4827732558        0.6626811019
 H         -4.0363017216       -1.2412772762        1.6752621585
 H         -0.2587689912       -2.7140663868       -1.1080037687
 H         -2.8010277898        0.6315114520        2.1827165925
 H         -1.0203514378        2.1963538708        1.9674448041
 H          1.1951461678        2.7424508762        0.9527052306
 H          1.5832225414        2.1096302256       -0.6437971417
 H          3.8040854506        1.7200997852        1.3500810361
 H          5.2257541977        0.2163198396        0.0268068546
 H          4.1358601573       -1.3171821367       -1.5270302608
 H          3.8254153263       -2.0511733269        0.0403162906
 H          2.4130219100        0.6171004635       -1.9615517920
 H          2.1097348504       -0.8720399347       -2.9130668414
 H         -0.1982477730       -0.8972442387       -2.3966530612
 H          0.0499327991        0.8500728365       -2.3367698746
 H         -2.2473035603        3.0827777322       -2.7790942522
 H         -3.4788222451        1.7764475142       -2.7257784435
 H         -3.4653085309        3.0730207912       -1.4903025278
  50
 Etot=         -75.2512887760
 C         -0.0047172356        0.3715561592        2.5800666281
 C          1.4974301819        0.6308934670        2.4501751087
 C         -2.1848778794       -3.2284317462       -0.3106777963
 C         -3.2492931820       -2.8057321390        0.4674896949
 C         -3.2318548386       -1.5446298886        1.0264488757
 C         -2.1717209120       -0.6718016107        0.7873484765
 C         -1.1295425209       -1.0730112587       -0.0573957062
 C         -1.1353798319       -2.3650988377       -0.5666165920
 N         -2.1666430490        0.5829231364        1.3915133944
 C         -0.8664440582        1.1804250600        1.5892201310
 C         -0.2164672800        1.2746596962        0.1917795138
 C          0.0202875769       -0.1399582173       -0.3773339466
 C          1.1856537949        1.8509017884        0.3349295452
 C          1.9289850570        0.6685775506        0.9723624119
 C          1.3690107943       -0.5870828082        0.2673283571
 C          3.4068058419        0.8478510684        0.8466787522
 C          4.1689885329        0.0407976300        0.1311381402
 C          3.6396474226       -1.1713890371       -0.5554506111
 N          2.1831678337       -1.1592847638       -0.8519606949
 C          1.8579161403       -0.2898358615       -2.0071943048
 C          0.3504955976       -0.0919375351       -1.8915836609
 O          1.8065911838       -2.4127955935       -1.1025154635
 H          1.2455109927       -1.4193701568        0.9617829056
 C         -1.1108734093        2.2024044782       -0.6118007773
 O         -1.0099960278        3.4032389748       -0.5480782161
 O         -2.0171039912        1.5749005454       -1.3531978211
 C         -2.8841862118        2.4054420006       -2.1187083214
 H         -0.3265780865        0.6013832290        3.5986644281
 H         -0.2093051397       -0.6875357273        2.4098582909
 H          1.7519757836        1.5865898245        2.9128613889
 H          2.0464902365       -0.1517288886        2.9789832149
 H         -2.1663933085       -4.2298787762       -0.7124034209
 H         -4.0793020759       -3.4675455960        0.6677908550
 H         -4.0370021967       -1.2210891333        1.6720583125
 H         -0.2687846304       -2.7065798550       -1.1168436290
 H         -2.7931357319        0.6426845306        2.1824406293
 H         -1.0084742154        2.2007577208        1.9659316755
 H          1.2031102125        2.7425125446        0.9591480654
 H          1.5942352278        2.1191358918       -0.6389910398
 H          3.8124675606        1.7135468335        1.3492699842
 H          5.2335944956        0.1980943713        0.0401298317
 H          4.1500983206       -1.3488040062       -1.5060948709
 H          3.8023085773       -2.0620046986        0.0640711419
 H          2.4187008825        0.6453376833       -1.9342975192
 H          2.1382178519       -0.8221658414       -2.9174142442
 H         -0.1671894654       -0.9049126684       -2.3991702032
 H          0.0454781292        0.8469520041       -2.3493161677
 H         -2.2970336864        3.0544274315       -2.7740255575
 H         -3.5059785357        1.7296538736       -2.6964613871
 H         -3.4943156748        3.0274704473       -1.4646958228
  50
 Etot=         -75.2515513255
 C         -0.0017773368        0.3722701369        2.5741318058
 C          1.5001035091        0.6288309825        2.4485375463
 C         -2.1927303897       -3.2156756956       -0.3160231682
 C         -3.2558324972       -2.7908657853        0.4625794583
 C         -3.2350032941       -1.5286856617        1.0198915531
 C         -2.1709256978       -0.6601509172        0.7822250273
 C         -1.1290194851       -1.0625890046       -0.0630931307
 C         -1.1414944503       -2.3544351600       -0.5735835139
 N         -2.1619740034        0.5918512704        1.3910128614
 C         -0.8602788687        1.1857391343        1.5847418677
 C         -0.2090951389        1.2784439829        0.1878111660
 C          0.0263553482       -0.1354065055       -0.3817859054
 C          1.1916388896        1.8546661329        0.3387988904
 C          1.9335319981        0.6680915582        0.9714926690
 C          1.3718145328       -0.5858085668        0.2636462912
 C          3.4126469606        0.8411723547        0.8488324560
 C          4.1741885320        0.0284498253        0.1388632570
 C          3.6402429301       -1.1820005313       -0.5462254738
 N          2.1868457602       -1.1535916113       -0.8581083451
 C          1.8701239912       -0.2687970717       -2.0041173860
 C          0.3610143696       -0.0868377816       -1.8951043111
 O          1.8029645277       -2.3999960914       -1.1258358711
 H          1.2489212383       -1.4209644921        0.9546155250
 C         -1.1068683644        2.1971460814       -0.6246674299
 O         -1.0061530516        3.3986081932       -0.5860872687
 O         -2.0201479424        1.5532028188       -1.3447813855
 C         -2.9097079452        2.3672750808       -2.0995382420
 H         -0.3268425563        0.5975497725        3.5931131310
 H         -0.2075777095       -0.6852406858        2.3983206144
 H          1.7556137528        1.5836924637        2.9123952408
 H          2.0464359703       -0.1548178489        2.9785609688
 H         -2.1775543399       -4.2175333228       -0.7171386604
 H         -4.0861550392       -3.4519901011        0.6648820148
 H         -4.0399575834       -1.2018801034        1.6642022218
 H         -0.2786563163       -2.6978633456       -1.1284974803
 H         -2.7857419414        0.6565939246        2.1823461986
 H         -0.9996011298        2.2057861460        1.9623577996
 H          1.2068565677        2.7401513906        0.9717912833
 H          1.6039112544        2.1331444940       -0.6302621760
 H          3.8236098621        1.7054929321        1.3500651792
 H          5.2401565786        0.1828070610        0.0535933316
 H          4.1594894706       -1.3754930645       -1.4885103617
 H          3.7795677485       -2.0699692301        0.0824090255
 H          2.4235455330        0.6670212311       -1.9126345952
 H          2.1604295920       -0.7845494502       -2.9190279119
 H         -0.1418770036       -0.9087262431       -2.4008968350
 H          0.0459347918        0.8451725125       -2.3586852331
 H         -2.3448242338        3.0246804901       -2.7664677094
 H         -3.5335341080        1.6845421264       -2.6681383632
 H         -3.5180382289        2.9819994710       -1.4347646476
  50
 Etot=         -75.2516893095
 C          0.0012060258        0.3763162511        2.5710316975
 C          1.5036506688        0.6273892314        2.4475475619
 C         -2.1983032063       -3.2058841591       -0.3234094998
 C         -3.2612420038       -2.7791583932        0.4545694885
 C         -3.2374614376       -1.5172812391        1.0125989241
 C         -2.1694478453       -0.6525852239        0.7788492514
 C         -1.1277360938       -1.0558978075       -0.0666802522
 C         -1.1452825484       -2.3465954930       -0.5799109263
 N         -2.1579594799        0.5970657212        1.3897194334
 C         -0.8563891818        1.1904344474        1.5806970851
 C         -0.2032186959        1.2809525933        0.1851852600
 C          0.0309031373       -0.1321902391       -0.3836348508
 C          1.1963636174        1.8574555132        0.3413478410
 C          1.9368830472        0.6680314447        0.9709193285
 C          1.3738118933       -0.5843677144        0.2619333763
 C          3.4162983122        0.8367041975        0.8504851337
 C          4.1770488806        0.0199944398        0.1437916630
 C          3.6400746380       -1.1888063782       -0.5404451965
 N          2.1892622742       -1.1517060058       -0.8607848578
 C          1.8786861737       -0.2571957685       -2.0005192279
 C          0.3683896249       -0.0827009578       -1.8964620486
 O          1.8012346447       -2.3921056810       -1.1378951312
 H          1.2516725993       -1.4209048454        0.9511465276
 C         -1.1028772809        2.1918446062       -0.6344911794
 O         -1.0011896330        3.3934689672       -0.6205682235
 O         -2.0247511600        1.5357704140       -1.3343512143
 C         -2.9295832797        2.3374930751       -2.0814296377
 H         -0.3243351282        0.6031561365        3.5893003531
 H         -0.2071138240       -0.6804212577        2.3948648210
 H          1.7636555601        1.5803104893        2.9130134303
 H          2.0460694645       -0.1595400563        2.9766734187
 H         -2.1852484234       -4.2075905912       -0.7248452800
 H         -4.0938051711       -3.4382551540        0.6543812220
 H         -4.0432467063       -1.1879946382        1.6547719196
 H         -0.2836943481       -2.6925837477       -1.1353010568
 H         -2.7820192341        0.6682612090        2.1802034957
 H         -0.9944078935        2.2110252314        1.9574102518
 H          1.2085258802        2.7379544416        0.9816221786
 H          1.6110900630        2.1449705422       -0.6239581026
 H          3.8321148478        1.6993562808        1.3509400939
 H          5.2436582948        0.1728053548        0.0622727997
 H          4.1624755169       -1.3913498333       -1.4780534067
 H          3.7663644304       -2.0746993015        0.0923653125
 H          2.4277611994        0.6793944481       -1.8965102031
 H          2.1754733041       -0.7638134845       -2.9178786282
 H         -0.1262658025       -0.9089425683       -2.4018654513
 H          0.0496715526        0.8461948854       -2.3623656805
 H         -2.3812509852        2.9995908673       -2.7570597822
 H         -3.5554832634        1.6489185230       -2.6427770161
 H         -3.5354579715        2.9482245231       -1.4092030366
  50
 Etot=         -75.2517724138
 C          0.0030993136        0.3822228669        2.5715546646
 C          1.5065605918        0.6273376777        2.4470504159
 C         -2.2014723544       -3.1995438768       -0.3314121508
 C         -3.2654060274       -2.7709664958        0.4444895036
 C         -3.2390611510       -1.5105594967        1.0053804019
 C         -2.1676557534       -0.6487280797        0.7766733907
 C         -1.1257024420       -1.0529854444       -0.0682246548
 C         -1.1458203404       -2.3425133429       -0.5838041141
 N         -2.1545886572        0.5992765861        1.3881789105
 C         -0.8542864782        1.1944133842        1.5782679964
 C         -0.1995280659        1.2824701595        0.1838548168
 C          0.0342254064       -0.1305860719       -0.3836501189
 C          1.1994391411        1.8591508400        0.3427481013
 C          1.9394590713        0.6684097230        0.9706263637
 C          1.3753360769       -0.5836238237        0.2626084521
 C          3.4186618782        0.8348036236        0.8507046379
 C          4.1786859387        0.0155484201        0.1457875554
 C          3.6401384963       -1.1925475345       -0.5376259513
 N          2.1905587859       -1.1527290862       -0.8605172151
 C          1.8840533991       -0.2539732536       -1.9976170644
 C          0.3733411480       -0.0798257476       -1.8963850732
 O          1.8004378333       -2.3893919714       -1.1406063431
 H          1.2529139001       -1.4198865663        0.9520096120
 C         -1.1000952640        2.1875911459       -0.6402909074
 O         -0.9945547688        3.3887591797       -0.6476323092
 O         -2.0310889029        1.5244371439       -1.3224345281
 C         -2.9440158866        2.3179377564       -2.0658783389
 H         -0.3211958329        0.6142377720        3.5887381076
 H         -0.2082202659       -0.6745325879        2.3988029748
 H          1.7724628708        1.5777826750        2.9144383829
 H          2.0451859666       -0.1636882058        2.9739046066
 H         -2.1902175000       -4.2003087258       -0.7349660271
 H         -4.1010133198       -3.4275490348        0.6397043953
 H         -4.0457467140       -1.1799582851        1.6458739789
 H         -0.2851147680       -2.6896366698       -1.1398442636
 H         -2.7816188285        0.6766152305        2.1761443600
 H         -0.9930040177        2.2157183488        1.9531730278
 H          1.2094518043        2.7370300920        0.9868909979
 H          1.6152818552        2.1517642952       -0.6204756028
 H          3.8373734814        1.6963814447        1.3505984641
 H          5.2455611684        0.1671207719        0.0662770814
 H          4.1625729415       -1.3982776641       -1.4738496259
 H          3.7623425439       -2.0772242434        0.0964571985
 H          2.4322676731        0.6822626166       -1.8884107988
 H          2.1830053146       -0.7577619825       -2.9155723146
 H         -0.1194488943       -0.9062206043       -2.4026737667
 H          0.0558240831        0.8492547238       -2.3620161644
 H         -2.4054415660        2.9809325938       -2.7474021940
 H         -3.5708347361        1.6244810058       -2.6214390555
 H         -3.5485330946        2.9275920132       -1.3909678372
  50
 Etot=         -75.2518522426
 C          0.0049708624        0.3900900876        2.5739693636
 C          1.5099167546        0.6282324715        2.4472846498
 C         -2.2045274570       -3.1940910806       -0.3419740512
 C         -3.2698028808       -2.7638459123        0.4314100574
 C         -3.2407112834       -1.5058904013        0.9971834470
 C         -2.1659489754       -0.6465854687        0.7746961526
 C         -1.1235779515       -1.0517647260       -0.0692696944
 C         -1.1454145523       -2.3396894543       -0.5881526165
 N         -2.1515419373        0.5999251556        1.3866261317
 C         -0.8531491749        1.1982035987        1.5767018704
 C         -0.1964055322        1.2838252255        0.1833701262
 C          0.0370373174       -0.1297272015       -0.3824221608
 C          1.2024649483        1.8601624293        0.3430328269
 C          1.9420478961        0.6690265998        0.9707844490
 C          1.3769160774       -0.5831685076        0.2646528708
 C          3.4209987938        0.8340312947        0.8506197031
 C          4.1803151599        0.0128941990        0.1468983631
 C          3.6411040925       -1.1952731062       -0.5356112070
 N          2.1917440936       -1.1554217428       -0.8582256673
 C          1.8881040398       -0.2552364491       -1.9947618497
 C          0.3773512025       -0.0770536105       -1.8951297790
 O          1.8002597796       -2.3899128531       -1.1380131678
 H          1.2532966755       -1.4181545029        0.9553988841
 C         -1.0965905059        2.1838775045       -0.6449901281
 O         -0.9838569619        3.3839580744       -0.6744535809
 O         -2.0393456127        1.5159071247       -1.3067530474
 C         -2.9581745789        2.3016404211       -2.0493507171
 H         -0.3168300889        0.6302232881        3.5898089610
 H         -0.2101477210       -0.6671969771        2.4080035309
 H          1.7823565685        1.5760410883        2.9164785009
 H          2.0445827023       -0.1672034897        2.9715948559
 H         -2.1950921452       -4.1934138646       -0.7489178018
 H         -4.1094257170       -3.4172264829        0.6199832235
 H         -4.0485260086       -1.1744888036        1.6358913891
 H         -0.2838831553       -2.6881000512       -1.1420780116
 H         -2.7834772564        0.6829540575        2.1706772160
 H         -0.9940251179        2.2203324601        1.9490313301
 H          1.2115194187        2.7370928615        0.9885682537
 H          1.6186252343        2.1546979422       -0.6193868244
 H          3.8409791571        1.6956879107        1.3491394154
 H          5.2471158629        0.1635818108        0.0674398418
 H          4.1623909705       -1.4008739686       -1.4723617382
 H          3.7643168044       -2.0794928456        0.0984585471
 H          2.4378428823        0.6800497047       -1.8839618371
 H          2.1869879506       -0.7595610001       -2.9126608855
 H         -0.1176950433       -0.9006999139       -2.4037748323
 H          0.0637261560        0.8547332085       -2.3581745928
 H         -2.4267902743        2.9633189420       -2.7370435874
 H         -3.5849955623        1.6020537203       -2.5979622479
 H         -3.5624608532        2.9120445287       -1.3750319561
  50
 Etot=         -75.2519335294
 C          0.0069762197        0.3995869352        2.5781458436
 C          1.5134590265        0.6307293027        2.4481527222
 C         -2.2081218416       -3.1884001893       -0.3557323802
 C         -3.2751004995       -2.7565642724        0.4144715960
 C         -3.2428168293       -1.5019746191        0.9872345007
 C         -2.1642477965       -0.6453313767        0.7725066384
 C         -1.1210378386       -1.0514173637       -0.0699725869
 C         -1.1442453179       -2.3373807521       -0.5931414996
 N         -2.1481569758        0.5993454456        1.3859594988
 C         -0.8522250609        1.2019739286        1.5760980070
 C         -0.1934740748        1.2850955462        0.1835643377
 C          0.0401519784       -0.1294429189       -0.3803063058
 C          1.2056599088        1.8607333648        0.3426954294
 C          1.9449508116        0.6699326570        0.9714840394
 C          1.3790147460       -0.5831280955        0.2680427042
 C          3.4237953770        0.8344068554        0.8502325196
 C          4.1825393867        0.0117297162        0.1477007238
 C          3.6433558949       -1.1973363715       -0.5335425705
 N          2.1932716307       -1.1593001647       -0.8540387744
 C          1.8915839130       -0.2605334600       -1.9923511337
 C          0.3814852749       -0.0742764259       -1.8929485017
 O          1.8010652272       -2.3934536230       -1.1306182800
 H          1.2533542174       -1.4160874469        0.9609924860
 C         -1.0924727438        2.1803570441       -0.6497329205
 O         -0.9674435208        3.3785351406       -0.7049518569
 O         -2.0507912478        1.5090296281       -1.2858432157
 C         -2.9745487873        2.2861824555       -2.0303547122
 H         -0.3115793644        0.6497629897        3.5925635383
 H         -0.2122858076       -0.6586314491        2.4215345237
 H          1.7921790361        1.5762740160        2.9183422241
 H          2.0443767440       -0.1684582633        2.9705498675
 H         -2.2012426502       -4.1855481967       -0.7680062015
 H         -4.1194142724       -3.4062616216        0.5948346541
 H         -4.0519615340       -1.1702378772        1.6240838316
 H         -0.2817940525       -2.6861931146       -1.1452994007
 H         -2.7861646830        0.6871887433        2.1649678809
 H         -0.9967920257        2.2249070163        1.9452675827
 H          1.2152820541        2.7383492274        0.9873055876
 H          1.6215220717        2.1539948456       -0.6201751352
 H          3.8437594399        1.6967962814        1.3472785904
 H          5.2493321002        0.1612484849        0.0674471549
 H          4.1631636864       -1.4007317774       -1.4719938608
 H          3.7708006975       -2.0818631896        0.0997669433
 H          2.4452569990        0.6728262605       -1.8839492892
 H          2.1878413291       -0.7685646565       -2.9093114707
 H         -0.1196807075       -0.8921887861       -2.4054989004
 H          0.0744353828        0.8623650635       -2.3517055998
 H         -2.4485854858        2.9440668165       -2.7254492720
 H         -3.6007079477        1.5792177765       -2.5699422627
 H         -3.5791470346        2.8991837659       -1.3591153156
  50
 Etot=         -75.2519972390
 C          0.0093089549        0.4079114854        2.5819394311
 C          1.5167179757        0.6345948385        2.4493974802
 C         -2.2125668547       -3.1825527866       -0.3704864703
 C         -3.2806711246       -2.7497059345        0.3974154694
 C         -3.2452346073       -1.4985203398        0.9774752546
 C         -2.1629733709       -0.6445765309        0.7702929283
 C         -1.1189707888       -1.0511589956       -0.0709672398
 C         -1.1440579709       -2.3348685674       -0.5994537040
 N         -2.1450572526        0.5980775980        1.3867240379
 C         -0.8512437516        1.2046544655        1.5761522688
 C         -0.1909085369        1.2859539076        0.1840787624
 C          0.0431540621       -0.1295735906       -0.3781818925
 C          1.2086877884        1.8607805100        0.3414871860
 C          1.9477644213        0.6710613181        0.9725711930
 C          1.3813591467       -0.5831263824        0.2716056361
 C          3.4268258256        0.8353524102        0.8505696702
 C          4.1853067422        0.0115776486        0.1492850681
 C          3.6465469814       -1.1986084801       -0.5308504251
 N          2.1953389121       -1.1628535679       -0.8488150545
 C          1.8942920112       -0.2679007240       -1.9906961350
 C          0.3852819033       -0.0721315212       -1.8905882888
 O          1.8031415785       -2.3985719776       -1.1203864764
 H          1.2535963296       -1.4140328141        0.9667636869
 C         -1.0883937066        2.1773794769       -0.6546469718
 O         -0.9496466911        3.3726665227       -0.7337871143
 O         -2.0623772898        1.5047193851       -1.2643427057
 C         -2.9910362762        2.2733209498       -2.0120701904
 H         -0.3067113614        0.6662623302        3.5952254442
 H         -0.2127180820       -0.6511940198        2.4337529994
 H          1.7987672954        1.5795191774        2.9187349777
 H          2.0454910401       -0.1658010821        2.9719825103
 H         -2.2084653801       -4.1774557327       -0.7883357101
 H         -4.1292240791       -3.3960106999        0.5700463093
 H         -4.0557092763       -1.1666613167        1.6125288654
 H         -0.2800379052       -2.6841407885       -1.1488302288
 H         -2.7874572606        0.6878211047        2.1618176644
 H         -0.9994439995        2.2282056033        1.9425201455
 H          1.2201250020        2.7403944978        0.9832803142
 H          1.6238905539        2.1502563981       -0.6228523324
 H          3.8457236439        1.6992366918        1.3458282142
 H          5.2520804621        0.1602558464        0.0674444983
 H          4.1652577070       -1.3993611790       -1.4710663274
 H          3.7787596073       -2.0838911861        0.1013815908
 H          2.4530316007        0.6633233677       -1.8874497182
 H          2.1867253122       -0.7816340962       -2.9060348192
 H         -0.1235719979       -0.8831726140       -2.4074694298
 H          0.0853611163        0.8698345475       -2.3446949136
 H         -2.4690613937        2.9264795644       -2.7147911858
 H         -3.6164295340        1.5588332333       -2.5417437163
 H         -3.5959924282        2.8895453446       -1.3445185774
  50
 Etot=         -75.2520387598
 C          0.0116419723        0.4127958902        2.5841651536
 C          1.5189725427        0.6393145893        2.4504525330
 C         -2.2170557526       -3.1770990331       -0.3831574563
 C         -3.2856436578       -2.7436935532        0.3835192835
 C         -3.2474657358       -1.4952332343        0.9695004951
 C         -2.1620140099       -0.6438823500        0.7683412712
 C         -1.1174015666       -1.0506141353       -0.0720845420
 C         -1.1448109359       -2.3322977342       -0.6055349054
 N         -2.1424046507        0.5967967164        1.3888027906
 C         -0.8498357559        1.2059826462        1.5765787298
 C         -0.1890296997        1.2863826670        0.1845086468
 C          0.0458360693       -0.1298131835       -0.3766924341
 C          1.2108747370        1.8608713156        0.3398405944
 C          1.9499401577        0.6725220811        0.9735253425
 C          1.3836070020       -0.5829715605        0.2744943972
 C          3.4293141892        0.8368317682        0.8511400289
 C          4.1879364252        0.0120216687        0.1514781757
 C          3.6496173767       -1.1991981702       -0.5275692877
 N          2.1975576454       -1.1650618863       -0.8439819118
 C          1.8964344420       -0.2748251304       -1.9900396750
 C          0.3886662050       -0.0710206383       -1.8887874742
 O          1.8056796087       -2.4032341310       -1.1105051854
 H          1.2544054647       -1.4123396979        0.9712887266
 C         -1.0858885366        2.1749284695       -0.6591351407
 O         -0.9338924398        3.3671839702       -0.7589382816
 O         -2.0727242301        1.5020989042       -1.2458785625
 C         -3.0051195841        2.2636842979       -1.9969581634
 H         -0.3037027842        0.6744328940        3.5969277950
 H         -0.2105692358       -0.6468471249        2.4400840596
 H          1.8006119935        1.5854845401        2.9173579977
 H          2.0479679012       -0.1594477281        2.9751487841
 H         -2.2157841161       -4.1699867436       -0.8059600150
 H         -4.1371375970       -3.3875281489        0.5506198050
 H         -4.0588255186       -1.1633497638        1.6033550329
 H         -0.2804044941       -2.6814368151       -1.1542977057
 H         -2.7858131939        0.6853762334        2.1626874709
 H         -1.0003608035        2.2298492162        1.9412857869
 H          1.2242903097        2.7428551582        0.9782855232
 H          1.6254047402        2.1459750603       -0.6261805689
 H          3.8472523750        1.7016300012        1.3456380852
 H          5.2549639364        0.1597168454        0.0692951292
 H          4.1681323073       -1.3988549409       -1.4685196904
 H          3.7842585730       -2.0848985297        0.1042935968
 H          2.4597310979        0.6545348254       -1.8930592990
 H          2.1850876848       -0.7945887129       -2.9032832331
 H         -0.1266196607       -0.8762887993       -2.4089334638
 H          0.0944748309        0.8748486945       -2.3396185804
 H         -2.4857215192        2.9119644094       -2.7061629872
 H         -3.6303758915        1.5435980789       -2.5179018501
 H         -3.6094831639        2.8833440995       -1.3321928428
