35
 energy: -46.152222547881 gnorm: 0.049454364341 xtb: 6.7.1 (edcfbbe)
c            0.10224101388854       -0.69061791836268       -0.24778981153655
c            0.62978327427396        0.65698439028035       -0.90335629960239
c           -0.49078723020628        1.74681920418426       -0.87873944661677
c           -1.30979331018982        1.81095346413095        0.43087503808496
c           -1.72482008783784        0.39580818162769        0.90112286746144
c           -0.46331031529383       -0.46203714764250        1.18792427323145
c           -1.20759949321005       -1.11511698482917       -0.98421079061564
c           -2.34009645150432       -0.38821769956590       -0.25105005870443
o            0.43715374626691        0.01513074040249        2.18217006343575
c            1.17674467978453       -1.80070378877292       -0.28748755796033
c           -3.64059909797533       -0.44648744132388       -0.55804108619257
c            1.99651455495711        1.18200773865213       -0.42480259738721
c            2.15581576105648        2.15945099828243        0.48776604867165
h            0.78840579360595        0.40052266020190       -1.96660025538587
o            0.70469700666222       -3.08623568103561        0.13755989764226
c            3.21457045687084        0.65154284261945       -1.16296938373085
h           -0.04943938163986        2.72957034718157       -1.10286963158104
h           -1.18704579387384        1.53411583460919       -1.70491610951495
h           -0.74716926315763        2.30484451413780        1.23993838840646
h           -2.21094297159721        2.42290429736636        0.26327154192098
h           -2.39429057656219        0.46414425996269        1.77262824011612
h           -0.81593168295085       -1.43609028960939        1.57351189479303
h           -1.18041826583716       -0.87980973369115       -2.06030694007575
h           -1.33704294128319       -2.20522074007234       -0.89584349434451
h            1.06362038311687        0.65210462833762        1.78200319241704
h            2.04867048313627       -1.49705295195476        0.31805889940873
h            1.52080522606402       -1.94354596824099       -1.32449017443546
h           -4.00656957033483       -1.02984509786644       -1.40720329251183
h           -4.39246135146482        0.08550047612471        0.03025495062412
h            3.15116294958954        2.52346019395542        0.75125506132743
h            1.32389346458479        2.66535479612051        0.98030306160358
h            0.60467634181644       -3.07042114395884        1.11025343789255
h            4.14562851374730        1.07597718232134       -0.76033781134895
h            3.29759670487095       -0.44400355145731       -1.12982526260685
h            3.14749217686390        0.92750520022455       -2.23014267498435
35
 energy: -46.158567885788 gnorm: 0.014675123613 xtb: 6.7.1 (edcfbbe)
c            0.09667795304638       -0.67519244900279       -0.24825756838368
c            0.63033849359975        0.64859657073376       -0.89982424434830
c           -0.48257177376424        1.72690697753422       -0.86892611674143
c           -1.29689173966488        1.79652491539489        0.42736026966706
c           -1.71081581281802        0.39262822055145        0.88847065437128
c           -0.45657830994759       -0.45653059100347        1.17937388131237
c           -1.20065827868412       -1.10539000597207       -0.97704164124363
c           -2.32163003496435       -0.38342777071578       -0.25615738668336
o            0.44380431867677        0.02958716279167        2.15242809937916
c            1.16552500529896       -1.78246632295803       -0.28978915888923
c           -3.60831625070945       -0.44314314839851       -0.55691343473444
c            1.98332388199259        1.16797753622183       -0.41790843652747
c            2.14037884922846        2.13149233900438        0.48554994022191
h            0.78935790720807        0.39643718105013       -1.95781556370610
o            0.69406105119504       -3.05533135252739        0.13233214296254
c            3.19222892574205        0.65380799658130       -1.15933336828692
h           -0.03793086001104        2.70452106431800       -1.07796014505960
h           -1.18060544058229        1.51723027903971       -1.68529243254082
h           -0.73646369721983        2.27850063150876        1.23409119747659
h           -2.19403796128726        2.40027216479552        0.25329043343892
h           -2.37343913600211        0.46291020891605        1.75613389677035
h           -0.80005169789148       -1.42392797611070        1.57690897031023
h           -1.17883321935240       -0.87234499638708       -2.04416129127806
h           -1.32905147831751       -2.18875700593105       -0.88174246222284
h            1.03708341297072        0.68166920100516        1.74125556248838
h            2.02654451875132       -1.49190738052212        0.32709959912343
h            1.49993824757121       -1.93769372325101       -1.32184047654069
h           -3.97490129775648       -1.02269078833838       -1.39257329889166
h           -4.35405531403209        0.08254084564771        0.02274156154326
h            3.12420716214208        2.50346383562812        0.73746365094069
h            1.32141262870014        2.62608488421589        0.98413298064008
h            0.59060084695404       -3.04099133392045        1.09555738213377
h            4.10908955260329        1.08140476397970       -0.75274488827103
h            3.27751022063460       -0.43142014291414       -1.12402525724896
h            3.12590407292721        0.93795402137419       -2.21396887328037
35
 energy: -46.159527803474 gnorm: 0.005722770130 xtb: 6.7.1 (edcfbbe)
c            0.09973361860050       -0.67395338246957       -0.25049239715273
c            0.62400736534686        0.64098608592890       -0.89799810189997
c           -0.47787402111475        1.72194706439281       -0.86870762070313
c           -1.28505944473732        1.78723201257879        0.42735049228829
c           -1.70023286063184        0.38872767824803        0.88721915053257
c           -0.44361968194653       -0.45066833202941        1.17342917980011
c           -1.19188981675290       -1.10225389536318       -0.97450446561206
c           -2.30567220866320       -0.38472829847393       -0.25454820830828
o            0.45765277531522        0.04804937117332        2.12898557734217
c            1.16369493527469       -1.78204181060255       -0.29088492456682
c           -3.58889420950413       -0.44166771600236       -0.55570870052172
c            1.96875231647059        1.16288823477253       -0.41794862723645
c            2.12385531987439        2.11733178980988        0.49033963258565
h            0.78536405947030        0.38897485814101       -1.95311645912969
o            0.68488770442751       -3.04477231551959        0.13133271176870
c            3.17351043307060        0.65480028418937       -1.16045650350976
h           -0.02924662102929        2.69583352325863       -1.07378000631438
h           -1.17696602564966        1.51167740316050       -1.67971975270644
h           -0.72562551709352        2.26328929995105        1.23363766185517
h           -2.17952991442403        2.38836047913731        0.25157988507044
h           -2.36093532932399        0.45869985793908        1.75338304444072
h           -0.77684068014427       -1.41475339400321        1.58242266157578
h           -1.17218721548420       -0.87227060351460       -2.03895330588286
h           -1.31729494922967       -2.18296019059181       -0.87378567452351
h            1.01246258078205        0.72555020319753        1.70782691052560
h            2.01778195571502       -1.49006274897452        0.33037693694685
h            1.49325099232101       -1.93869107121487       -1.32094933348593
h           -3.95333705544918       -1.01449296784050       -1.39128280236896
h           -4.33078241663561        0.08838557010903        0.01664153419248
h            3.10394207799749        2.48239642001334        0.74862346033161
h            1.31083391341601        2.59757293209872        1.00444310632441
h            0.56359223081832       -3.02323627363872        1.08813145975210
h            4.08388016063957        1.08330184704108       -0.74889162631974
h            3.25631673861821       -0.42680759148288       -1.12778991919672
h            3.10362353589324        0.94665148892026       -2.20829079799190
35
 energy: -46.159666590825 gnorm: 0.004167431425 xtb: 6.7.1 (edcfbbe)
c            0.10149171002852       -0.67381334754765       -0.25133207839085
c            0.62463654806645        0.63826412665590       -0.90110620120349
c           -0.47873703707398        1.71765607333994       -0.86871998464388
c           -1.28418911728219        1.78613406747045        0.42886545111818
c           -1.69550704133430        0.38592539872967        0.88780052844612
c           -0.43720152354639       -0.45082550945890        1.17479080933103
c           -1.18905174033439       -1.10582108939924       -0.97296757958983
c           -2.30049205636404       -0.38445798999646       -0.25543281283346
o            0.46602443721941        0.05387159657703        2.12305154391896
c            1.16439221992022       -1.78362038573653       -0.29039784855597
c           -3.58378385623420       -0.43528535740802       -0.56075086556828
c            1.96689939879394        1.15854109414302       -0.41488181234103
c            2.12081621708320        2.10587313111196        0.50262124034063
h            0.78696205102363        0.38672594878641       -1.95658162057403
o            0.68082950702205       -3.04338707294206        0.13014922765676
c            3.16997057962438        0.65824687714548       -1.16416311884646
h           -0.02781611793270        2.69023756335068       -1.07287662363525
h           -1.17983932756861        1.51039153785349       -1.67859426589665
h           -0.72300554672924        2.26128317494621        1.23426324499795
h           -2.17862579449463        2.38767735884433        0.25505657020937
h           -2.35601851178466        0.45492454652784        1.75395867663352
h           -0.76561846651933       -1.41413259778220        1.58961685177811
h           -1.16912449382372       -0.87898290517670       -2.03822698061589
h           -1.31473430528343       -2.18647100757568       -0.86916486271135
h            0.99688783835399        0.74977519200770        1.69935093773953
h            2.01738174508329       -1.49168655199706        0.33251227656260
h            1.49516953074336       -1.94029013154980       -1.31977289760108
h           -3.94710675434472       -1.01092241952266       -1.39510616417831
h           -4.32512289317724        0.09150368345529        0.01524049427362
h            3.10034181160242        2.47583172396661        0.75609173699864
h            1.30800201912894        2.59416864943019        1.00891512293675
h            0.54130513529674       -3.01582899629155        1.08458610784136
h            4.08056198851718        1.08396664516204       -0.75067596746503
h            3.25006953410084       -0.42369708996118       -1.13858147286575
h            3.09538705845667        0.95751987518092       -2.20962348536489
35
 energy: -46.159765175253 gnorm: 0.004968577231 xtb: 6.7.1 (edcfbbe)
c            0.10487427387036       -0.67582569372470       -0.25085817454101
c            0.62487762342474        0.63645793223588       -0.90222836476716
c           -0.48024092734033        1.71492613219355       -0.86924512386310
c           -1.28366467777659        1.78410471183763        0.43078280543617
c           -1.69216082381066        0.38208446564380        0.89013017058430
c           -0.43136678788664       -0.45170635162094        1.17767871887713
c           -1.18598644183185       -1.11130362896272       -0.96955554139947
c           -2.29661819706658       -0.38766588342832       -0.25366266200450
o            0.47204676164960        0.05565683085996        2.12202607464727
c            1.16764535207179       -1.78738865891210       -0.28901609166153
c           -3.57975728217349       -0.43116383961490       -0.56475969007928
c            1.96601362026228        1.16181243292510       -0.41856536026947
c            2.12045277147114        2.10523175642397        0.50428386162488
h            0.78627949488645        0.38436400058397       -1.95818341880834
o            0.68008076576540       -3.04540125405534        0.12799874970022
c            3.16743612094496        0.66399432835818       -1.17132105218825
h           -0.02868138908172        2.68698281755900       -1.07472631384165
h           -1.18351179701834        1.50806175191546       -1.67754635441351
h           -0.72138078559966        2.26085825262051        1.23473092512981
h           -2.17906226041668        2.38493926488817        0.25895110469581
h           -2.35288625456445        0.44942200588238        1.75651269625509
h           -0.75626720143646       -1.41400127555423        1.59731342037485
h           -1.16636057354579       -0.88905296522494       -2.03640534794839
h           -1.31163404667704       -2.19207243652572       -0.86207623051608
h            0.97524859056692        0.77423102135435        1.70167182542681
h            2.01958298268410       -1.49599183851040        0.33650741155331
h            1.50163191000544       -1.94341308006116       -1.31756480018528
h           -3.93990393897227       -1.00087893200700       -1.40519982255448
h           -4.31969195200312        0.10192224573984        0.00800702966658
h            3.10172102861444        2.46263457715080        0.76981210466925
h            1.30887513973786        2.58991554552562        1.01814403465586
h            0.51160655287025       -3.00905413548627        1.07895050634821
h            4.07987784426377        1.08464826545476       -0.75666027254136
h            3.24311757654976       -0.41893638736910       -1.15344501002008
h            3.08896167379980        0.97090383424445       -2.21456763014102
35
 energy: -46.159820230541 gnorm: 0.003887465210 xtb: 6.7.1 (edcfbbe)
c            0.10774540128973       -0.67879237518205       -0.24879043555123
c            0.62421235428305        0.63591552858737       -0.90040417567205
c           -0.48142037985963        1.71483678181675       -0.86870597282856
c           -1.28420076031342        1.78234349486849        0.43232308077517
c           -1.69190193486492        0.37980564581495        0.89269721219581
c           -0.42983274843245       -0.45273718095025        1.18030834155052
c           -1.18401783033487       -1.11472623378601       -0.96645982380792
c           -2.29521973851636       -0.38859967793239       -0.25311498896714
o            0.47268588275443        0.05339640016501        2.12543993382162
c            1.17156489293728       -1.79033875890171       -0.28703470158426
c           -3.57724903001196       -0.42495046271098       -0.57052211614974
c            1.96640060398425        1.16108587405863       -0.41777297328788
c            2.12315817276841        2.10178869913483        0.50720821931548
h            0.78446501975437        0.38348172844995       -1.95666416295574
o            0.68408447723023       -3.04946281328279        0.12579031128522
c            3.16604593369250        0.66774026667803       -1.17696662626638
h           -0.03138004576249        2.68753878885921       -1.07604823775006
h           -1.18505958923949        1.50579204465542       -1.67637560117042
h           -0.72274541853090        2.26206303783699        1.23540425602605
h           -2.18103529107562        2.38131472803898        0.26068704986821
h           -2.35354384853956        0.44569217372381        1.75893065729329
h           -0.75481845672494       -1.41436173601332        1.60081882652140
h           -1.16420479104218       -0.89676377068414       -2.03456079430161
h           -1.30989833144225       -2.19539851371319       -0.85573150490518
h            0.96077321123942        0.78420244947997        1.71295958855465
h            2.02299913236194       -1.49973919573710        0.34052087926790
h            1.50838858381850       -1.94463625749207       -1.31520620640876
h           -3.93551205928313       -0.99310451612498       -1.41306260183848
h           -4.31704079420225        0.11089799945079        0.00018458874438
h            3.10545020646813        2.46097320142907        0.76773331193396
h            1.31311548267814        2.59067311217366        1.02007691125930
h            0.49249240604086       -3.00751809002667        1.07294860298023
h            4.08085323541049        1.08342148122935       -0.76224953592163
h            3.24011637218062       -0.41581233326994       -1.16848281235070
h            3.08568442552148        0.98327429169597       -2.21796432177402
35
 energy: -46.159856265390 gnorm: 0.002018715759 xtb: 6.7.1 (edcfbbe)
c            0.10876697970779       -0.68046117327265       -0.24566525624008
c            0.62436952955790        0.63496096360268       -0.89869682192874
c           -0.48242931955373        1.71279227603779       -0.86629343703293
c           -1.28558532349318        1.78101444660540        0.43419089400993
c           -1.69179971163319        0.37816749564598        0.89475410572243
c           -0.43055757245130       -0.45536322175609        1.18344821882483
c           -1.18284568893998       -1.11797994451413       -0.96338549150886
c           -2.29429861615210       -0.38857584994293       -0.25323944682856
o            0.47136693896214        0.04854098059057        2.13063885596633
c            1.17436917542586       -1.78999634608091       -0.28471445696521
c           -3.57471066029713       -0.41805316234292       -0.57670264565897
c            1.96749157466815        1.16153874543054       -0.41911987628405
c            2.12664549815239        2.10250850582921        0.50417887644458
h            0.78319516503352        0.38210280396619       -1.95498761085939
o            0.68933655288603       -3.05172900267984        0.12365116448933
c            3.16543797371152        0.66978314753224       -1.18229497308438
h           -0.03420338595828        2.68617403746858       -1.07497761296238
h           -1.18537312499201        1.50159441681270       -1.67408538162196
h           -0.72532294015053        2.26358749880518        1.23654838372339
h           -2.18373394550793        2.37798221039637        0.26144794647489
h           -2.35431434802691        0.44337214186678        1.76044763458442
h           -0.75680363368104       -1.41717403913627        1.60241637901807
h           -1.16253392750702       -0.90407503487600       -2.03223933635366
h           -1.30942373882409       -2.19824797877261       -0.84895265859393
h            0.94754467694641        0.79041276176815        1.72810758153353
h            2.02540377835715       -1.50015366141723        0.34432103587609
h            1.51288062819515       -1.94167834254890       -1.31287095358986
h           -3.93212675757188       -0.98435829307812       -1.42066635914621
h           -4.31477593538332        0.11988598990482       -0.00853699115574
h            3.10972935280329        2.46238414304398        0.76125026072221
h            1.31837169067161        2.58835300204033        1.02307416264631
h            0.48162550269241       -3.00790018557217        1.06641243084485
h            4.08209940891679        1.08020352286965       -0.76618263144615
h            3.23770649195752       -0.41397265765453       -1.18244181974551
h            3.08565245771540        0.99365561576788       -2.22091999197340
35
 energy: -46.159870908643 gnorm: 0.000925998806 xtb: 6.7.1 (edcfbbe)
c            0.10894821633131       -0.68203129248910       -0.24358760181320
c            0.62393770991262        0.63356265171957       -0.89656700403260
c           -0.48268378326444        1.71112419703767       -0.86398899766070
c           -1.28588506050672        1.77922947157895        0.43594973194641
c           -1.69183528698445        0.37658535898890        0.89629331066610
c           -0.43119547497578       -0.45740105081046        1.18487815704631
c           -1.18234249923241       -1.12069637944719       -0.96097734737000
c           -2.29371865208409       -0.38913429411407       -0.25301791198439
o            0.47127181591891        0.04482789800435        2.13303339085564
c            1.17647893199387       -1.78868667438189       -0.28304611046432
c           -3.57277186342288       -0.41352699527315       -0.58086105988237
c            1.96771222161365        1.16003949163703       -0.41923116216607
c            2.12861742298332        2.10135451939482        0.50288287077169
h            0.78189391185001        0.38051254067515       -1.95266477541961
o            0.69480066805657       -3.05282958545263        0.12293766469867
c            3.16410591003131        0.67056411267944       -1.18650161827953
h           -0.03504233090041        2.68473611082311       -1.07278696809373
h           -1.18535141851296        1.49919864820221       -1.67179471456309
h           -0.72660980981327        2.26348290548584        1.23795141929155
h           -2.18459881297013        2.37495604592567        0.26205667214649
h           -2.35486209558426        0.44138306879202        1.76152602847732
h           -0.75786473128514       -1.41964964647940        1.60261580260781
h           -1.16152201079318       -0.90973306255517       -2.03010345177447
h           -1.30954982372205       -2.20040663748095       -0.84331129835619
h            0.93694098442285        0.79753690118612        1.73815811862247
h            2.02612843304591       -1.49794076931693        0.34744196931469
h            1.51618507218900       -1.93810301429799       -1.31105373414104
h           -3.92974799171174       -0.97524988593850       -1.42790793193447
h           -4.31285766036583        0.12869571243545       -0.01694128330987
h            3.11175044689500        2.46449359865998        0.75478487049864
h            1.32160482598144        2.58622649979338        1.02395084697658
h            0.47773104765289       -3.00875147519637        1.06237803622134
h            4.08189671863970        1.07563874841605       -0.76745673780394
h            3.23389769808688       -0.41308775694720       -1.19440697448701
h            3.08569201676196        1.00237585108506       -2.22271802870402
35
 energy: -46.159854740993 gnorm: 0.003267290614 xtb: 6.7.1 (edcfbbe)
c            0.10921418653173       -0.68435115214707       -0.24051481443474
c            0.62330821125943        0.63150298252179       -0.89339874130624
c           -0.48305769260488        1.70865727646596       -0.86058489864634
c           -1.28633186869071        1.77658665316336        0.43853659466035
c           -1.69189292508998        0.37425030118984        0.89857207608173
c           -0.43213879177963       -0.46040871285488        1.18699231173134
c           -1.18160389160187       -1.12470505990700       -0.95741483229675
c           -2.29287404526552       -0.38999799968356       -0.25265568940473
o            0.47114105591060        0.03934536518153        2.13656893815735
c            1.17958640690822       -1.78675566022577       -0.28059356219845
c           -3.56992096208436       -0.40691966653839       -0.58693922871843
c            1.96805116659476        1.15780945691100       -0.41936078867421
c            2.13154748311837        2.09962891194671        0.50099693156273
h            0.77998553281888        0.37816994164642       -1.94920733824816
o            0.70285261884782       -3.05446106896625        0.12185514260396
c            3.16214707797142        0.67171847806009       -1.19270289349464
h           -0.03629566522979        2.68261551895069       -1.06955919365444
h           -1.18530531269800        1.49563188165993       -1.66841458379912
h           -0.72852521345659        2.26334611819913        1.24000511175217
h           -2.18588642740126        2.37046471620261        0.26292597277731
h           -2.35566849403641        0.43845609229599        1.76312873967831
h           -0.75943461197372       -1.42330989467718        1.60289648744529
h           -1.16004007736342       -0.91807459195055       -2.02693866291453
h           -1.30972952542869       -2.20359242511267       -0.83498511718515
h            0.92125381870982        0.80811996601448        1.75301226030549
h            2.02720234279024       -1.49470341800624        0.35203866649991
h            1.52104711181878       -1.93281082424357       -1.30838751746027
h           -3.92623500071212       -0.96176296716596       -1.43861875442049
h           -4.31002494015989        0.14173697000270       -0.02937508564597
h            3.11474968895982        2.46765574524146        0.74518341823106
h            1.32640331980981        2.58309470516893        1.02524369515282
h            0.47195891714588       -3.01002212526228        1.05637527098734
h            4.08160429299237        1.06893134901986       -0.76935395040220
h            3.22831997430181       -0.41177682121277       -1.21203894659089
h            3.08574698532456        1.01522577045153       -2.22537284023057
35
 energy: -46.159873277452 gnorm: 0.001520297834 xtb: 6.7.1 (edcfbbe)
c            0.10891033283871       -0.68348333294870       -0.24171415716654
c            0.62314440161247        0.63196015401166       -0.89501121065298
c           -0.48283649529156        1.70965625033470       -0.86160594389001
c           -1.28595170338343        1.77762254099631        0.43802856556785
c           -1.69192566071640        0.37507154738188        0.89747808644534
c           -0.43209080053766       -0.45939894965329        1.18593884321102
c           -1.18187448267787       -1.12326489900854       -0.95896838989755
c           -2.29294729439124       -0.38831630843300       -0.25407493161959
o            0.47067829523117        0.04118886439252        2.13521283699823
c            1.17869006659964       -1.78687639023240       -0.28106253709930
c           -3.57063082821419       -0.40676951259924       -0.58684886318473
c            1.96741937196296        1.15877959123142       -0.42031146279102
c            2.12985179264809        2.10095306970083        0.50050947151892
h            0.78013633297787        0.37873783371560       -1.95099277462009
o            0.70102756974488       -3.05346829391706        0.12343340576389
c            3.16244428005412        0.67088251070914       -1.19075916098559
h           -0.03503769023886        2.68321896249411       -1.06997348563079
h           -1.18556655042508        1.49803263209602       -1.66938887881640
h           -0.72736609366408        2.26246517575950        1.24009835111343
h           -2.18486404603266        2.37277192358009        0.26349495043505
h           -2.35573359030582        0.43923719514980        1.76204028002754
h           -0.75916316561785       -1.42195886399138        1.60285490246304
h           -1.16013647806079       -0.91533521708777       -2.02837755249529
h           -1.31013148153229       -2.20234322511413       -0.83786378372001
h            0.92856693533643        0.80155716173783        1.74719815930149
h            2.02639523837264       -1.49405673745533        0.35089040974663
h            1.51974853247780       -1.93447234317228       -1.30872987425432
h           -3.92782075252253       -0.96748923141271       -1.43429867037543
h           -4.31114513027840        0.13621139440210       -0.02445380310516
h            3.11298809068773        2.46569752857297        0.74946536035727
h            1.32381967698762        2.58389981524640        1.02433546918532
h            0.47673160754866       -3.00961750957122        1.06029774380028
h            4.08127466769953        1.06961373026028       -0.76773747445383
h            3.22848999882194       -0.41266805469796       -1.20691998162987
h            3.08605979852595        1.01125679986172       -2.22426972164582
35
 energy: -46.159876548410 gnorm: 0.001077400599 xtb: 6.7.1 (edcfbbe)
c            0.10860838296525       -0.68205071559859       -0.24387411772353
c            0.62268328096365        0.63311132666569       -0.89783223457550
c           -0.48308203935724        1.71151336187064       -0.86320329015689
c           -1.28577744860789        1.77911476473977        0.43751615377606
c           -1.69187516241451        0.37572370396705        0.89596827911237
c           -0.43140786237899       -0.45809308874468        1.18450468317513
c           -1.18219634175701       -1.12160533018062       -0.96133460755345
c           -2.29331833750715       -0.38880274823708       -0.25426821965640
o            0.47113715436168        0.04436915023284        2.13241044897148
c            1.17757151740285       -1.78736185444353       -0.28146284039435
c           -3.57215943055310       -0.41095101952704       -0.58368656927122
c            1.96648148781239        1.15925948734359       -0.42074000484096
c            2.12731317637052        2.10058961020848        0.50206814292835
h            0.77990386974212        0.38021177655623       -1.95428568284347
o            0.69793103972128       -3.05175092939939        0.12655967200212
c            3.16275577183232        0.66959728570126       -1.18795382536819
h           -0.03369761658211        2.68453246369419       -1.07046659439745
h           -1.18668099051090        1.50232674836671       -1.67090550029297
h           -0.72545835594403        2.26101296602032        1.24022872301034
h           -2.18376130610763        2.37638447193204        0.26528225195282
h           -2.35539835250117        0.43964628240507        1.76084265434275
h           -0.75725561988737       -1.42030628654201        1.60319053683410
h           -1.16104312581926       -0.91183335477943       -2.03078923183902
h           -1.30981600932517       -2.20110447915561       -0.84222882879714
h            0.93780659337668        0.79530053670107        1.73678035967541
h            2.02585899566461       -1.49344300241804        0.34909736851840
h            1.51797201661488       -1.93821669899967       -1.30886662794398
h           -3.92933360256810       -0.97188033548454       -1.43146992917670
h           -4.31214709006709        0.13208397195715       -0.02000236849468
h            3.11033992902466        2.46260325756932        0.75565014608464
h            1.31973186359474        2.58505381160568        1.02283008722145
h            0.48400715924944       -3.00827526055425        1.06744538442251
h            4.08102027857699        1.06911267023546       -0.76497177765646
h            3.22795588326607       -0.41422589330819       -1.20197156743352
h            3.08648503758604        1.00764916193993       -2.22214689571102
35
 energy: -46.159881136609 gnorm: 0.000486990390 xtb: 6.7.1 (edcfbbe)
c            0.10853213676243       -0.68276126103045       -0.24311669744785
c            0.62227472853695        0.63276678581101       -0.89661593131066
c           -0.48326645772082        1.71124846435509       -0.86209178536092
c           -1.28585887109433        1.77834502581057        0.43847984833973
c           -1.69238818324466        0.37511363987494        0.89644836953123
c           -0.43200773585670       -0.45868849741992        1.18487577928437
c           -1.18213813661572       -1.12275715815009       -0.96043959232218
c           -2.29319061382841       -0.38797925888742       -0.25522421366269
o            0.47067827950196        0.04307297257432        2.13332021899719
c            1.17833372085011       -1.78693415214130       -0.28067945425313
c           -3.57133310896899       -0.40725015305884       -0.58714147549411
c            1.96653681059050        1.15888910916702       -0.42100643812444
c            2.12819756403955        2.10042999072616        0.50110492168617
h            0.77885323780857        0.37986431086144       -1.95302762549157
o            0.69999573266464       -3.05186886675592        0.12757223420144
c            3.16207221196132        0.66978663870257       -1.18982345933785
h           -0.03415780267463        2.68442703023718       -1.06927119541415
h           -1.18676554890124        1.50183817681032       -1.66981046400121
h           -0.72583247983632        2.26044156123680        1.24124898065385
h           -2.18393343919603        2.37534649604399        0.26599832026688
h           -2.35643456635695        0.43867193418346        1.76094788734365
h           -0.75807884570361       -1.42115050104959        1.60272236409987
h           -1.16043102150144       -0.91436223959924       -2.03001500239065
h           -1.31025683317899       -2.20200814316447       -0.83987278855611
h            0.93481278611184        0.79679402708152        1.74005529583470
h            2.02637979030695       -1.49226031420107        0.34984711766086
h            1.51873843734093       -1.93762768345689       -1.30809149607830
h           -3.92858749760507       -0.96919360956029       -1.43398182020989
h           -4.31161995465992        0.13464378804423       -0.02311382069517
h            3.11133471476958        2.46272930313723        0.75360497294401
h            1.32109204784124        2.58429067428093        1.02295334412846
h            0.48605246310501       -3.00861907919827        1.06774392050120
h            4.08099035642053        1.06556758587528       -0.76461904638257
h            3.22520677161464       -0.41400590862729       -1.20841662507361
h            3.08735405295454        1.01249512382683       -2.22265046596555
35
 energy: -46.159885212746 gnorm: 0.000971283527 xtb: 6.7.1 (edcfbbe)
c            0.10850395650888       -0.68344446439912       -0.24205030564560
c            0.62166932660407        0.63226363694526       -0.89577155248666
c           -0.48376408590455        1.71070828261394       -0.86039286214751
c           -1.28633304253524        1.77752913662897        0.43994464904428
c           -1.69294687668565        0.37421207917984        0.89698679096338
c           -0.43283151629099       -0.45969788685578        1.18560687749803
c           -1.18179259159915       -1.12421931102743       -0.95934939206839
c           -2.29295403462073       -0.38805104349711       -0.25579665937983
o            0.46966953287421        0.04178288231006        2.13460700873533
c            1.17929215917955       -1.78637127297775       -0.27953314168548
c           -3.57024858267838       -0.40407192806688       -0.59070232308852
c            1.96641115428090        1.15814601937287       -0.42144736918169
c            2.12923282013323        2.09950726303617        0.50038373936872
h            0.77746309753635        0.37957708075821       -1.95223666983395
o            0.70275205058190       -3.05168396204574        0.13000175324266
c            3.16090863812435        0.67005379221191       -1.19256753354605
h           -0.03498980013123        2.68408241093115       -1.06738364976748
h           -1.18719526565034        1.50118967542589       -1.66811652507874
h           -0.72647240385606        2.25959942722931        1.24281608233312
h           -2.18448001201454        2.37438304433650        0.26741959498196
h           -2.35759518081887        0.43715703212113        1.76102727654376
h           -0.75916753478007       -1.42235229120864        1.60273949487317
h           -1.15969781989691       -0.91785167386314       -2.02919967078976
h           -1.31010234655555       -2.20316083517801       -0.83659176043908
h            0.93151499501398        0.79773957437202        1.74354533100876
h            2.02740054310011       -1.49031708123207        0.35022651644987
h            1.51916151526721       -1.93743440189994       -1.30707116099608
h           -3.92701038185105       -0.96381160937078       -1.43907083654516
h           -4.31049633506590        0.13995628754097       -0.02882597805215
h            3.11252245237366        2.46260978727845        0.75097565931749
h            1.32277869343211        2.58293620681508        1.02342485908761
h            0.49002619858866       -3.00822787631082        1.06998706163303
h            4.08090155166595        1.05916815321915       -0.76329164273213
h            3.22007675097761       -0.41373896935878       -1.21947006034638
h            3.08894712092998        1.02112864730500       -2.22290942336962
35
 energy: -46.159892404258 gnorm: 0.001140576064 xtb: 6.7.1 (edcfbbe)
c            0.10835394769581       -0.68462296364647       -0.24049761725198
c            0.61984501540359        0.63168191424837       -0.89441218356964
c           -0.48527061259292        1.71036977823771       -0.85720548327305
c           -1.28715865983284        1.77574687458968        0.44346993603395
c           -1.69425687181745        0.37179175619749        0.89774226046576
c           -0.43405610629702       -0.46168601379200        1.18683328550774
c           -1.18112474239825       -1.12753347479295       -0.95753907800669
c           -2.29231775723717       -0.38750456190018       -0.25822469383445
o            0.46806663052591        0.03966579567049        2.13640825612612
c            1.18107321288688       -1.78565434409973       -0.27676003642870
c           -3.56785177568122       -0.39582953597074       -0.60014741284647
c            1.96565859764455        1.15674634883870       -0.42264084702122
c            2.13089644032668        2.09681836311273        0.49985568929766
h            0.77369443566037        0.37944168943219       -1.95118235162810
o            0.70789911797561       -3.05036224690220        0.13861806135082
c            3.15787792570693        0.67068141629517       -1.19863375222563
h           -0.03647208046712        2.68390380432665       -1.06341558393251
h           -1.18914235774506        1.50159191096291       -1.66473599298021
h           -0.72687434931410        2.25631709735042        1.24694036736562
h           -2.18501383696605        2.37329392747164        0.27202180778912
h           -2.36045084709693        0.43279532467998        1.76072091907113
h           -0.75991757448445       -1.42487110485830        1.60283515908544
h           -1.15790638052452       -0.92583816596022       -2.02818732041561
h           -1.31006077551371       -2.20586321388730       -0.82986277009431
h            0.92572959606604        0.80010317456612        1.74718463820872
h            2.03040796979560       -1.48560821264126        0.34939969967223
h            1.51825769327919       -1.93987441226621       -1.30472684381400
h           -3.92338341587750       -0.95307757298922       -1.45054114416399
h           -4.30811325257996        0.15071884716469       -0.04092229840431
h            3.11475071227768        2.45983798077421        0.74823607323774
h            1.32562218287002        2.57947183565423        1.02540902932654
h            0.50312290725195       -3.00551187322245        1.08039860340850
h            4.08067126322060        1.04150742010894       -0.75856998167422
h            3.20538336969799       -0.41317957746881       -1.24775384926239
h            3.09321512437843        1.04382782705567       -2.22220036721887
35
 energy: -46.159898420891 gnorm: 0.001224705231 xtb: 6.7.1 (edcfbbe)
c            0.10769506368627       -0.68517389708883       -0.23949184372744
c            0.61814587490329        0.63141844774221       -0.89361747328175
c           -0.48643358357244        1.71069249702014       -0.85484430837983
c           -1.28799751866538        1.77504556732483        0.44611610183589
c           -1.69619096745159        0.37050767000945        0.89755175679457
c           -0.43593767817360       -0.46254577111859        1.18734589686923
c           -1.18103064927962       -1.12959925480513       -0.95674105900798
c           -2.29248870335873       -0.38725110144256       -0.26041235222587
o            0.46507580382551        0.03929312727166        2.13783729833105
c            1.18161531213237       -1.78515322522293       -0.27496515982400
c           -3.56667200611255       -0.39101677224288       -0.60710163775376
c            1.96473698986848        1.15548003817851       -0.42327390220157
c            2.13179628018026        2.09436404755761        0.50018147071706
h            0.77067242439606        0.37962502194666       -1.95071445948809
o            0.71117903538048       -3.04807062547839        0.14927323318956
c            3.15525278215277        0.67114240464668       -1.20302873203107
h           -0.03710423034189        2.68418770004262       -1.06005753652851
h           -1.19078369721223        1.50326537693381       -1.66232932268025
h           -0.72689386590419        2.25334114620150        1.25041596650648
h           -2.18518091080085        2.37395724325988        0.27599821287627
h           -2.36365525684856        0.43000532408168        1.75965842566418
h           -0.76174143595100       -1.42601268925333        1.60266726944927
h           -1.15672407188113       -0.93119148182839       -2.02797430375068
h           -1.31034154458890       -2.20747140752062       -0.82555663855401
h            0.92773402273208        0.79458779228362        1.74704333592222
h            2.03363688108821       -1.48096249905133        0.34536244370066
h            1.51391675514785       -1.94430403287065       -1.30384014473286
h           -3.92076658213888       -0.94522087259367       -1.46018291358353
h           -4.30705029770828        0.15837681178030       -0.05066875443495
h            3.11615078729645        2.45689697665097        0.74732494824194
h            1.32729181134284        2.57714325523866        1.02673760274960
h            0.52316337353980       -3.00233141642531        1.09457185580825
h            4.08028965748215        1.02420514723354       -0.75302416437653
h            3.19139442311832       -0.41202260664945       -1.27258630247987
h            3.09840046795424        1.06408787052774       -2.21976063171310
35
 energy: -46.159902332310 gnorm: 0.000396743056 xtb: 6.7.1 (edcfbbe)
c            0.10776988073086       -0.68520214721890       -0.23912896116474
c            0.61764825982020        0.63117060787575       -0.89411292134373
c           -0.48681355083895        1.71064001034138       -0.85458644674152
c           -1.28835825602849        1.77505617316576        0.44656024011755
c           -1.69645268868447        0.37014513645668        0.89742520765533
c           -0.43619809630089       -0.46303240242296        1.18776853168783
c           -1.18076535396946       -1.12997955353843       -0.95646830638105
c           -2.29230408718653       -0.38718865547865       -0.26095240105593
o            0.46435023716429        0.03938633997672        2.13813931767588
c            1.18142472941171       -1.78574862594648       -0.27485379817340
c           -3.56609189780630       -0.38969453440144       -0.60932400725000
c            1.96410301234281        1.15521887731191       -0.42345568354730
c            2.13181068063562        2.09240790032819        0.50182369284689
h            0.77017466877533        0.37949992601178       -1.95135517232022
o            0.71184884114780       -3.04695686746489        0.15497891676841
c            3.15400449299257        0.67218584161264       -1.20484255526797
h           -0.03715365961531        2.68400065055593       -1.05967981204785
h           -1.19134345481246        1.50359583309140       -1.66199996306432
h           -0.72674117872459        2.25251756763520        1.25098671941220
h           -2.18525582991924        2.37459677693990        0.27703554802145
h           -2.36425256070725        0.42933088892114        1.75928875285134
h           -0.76180539220587       -1.42646894148702        1.60332302904318
h           -1.15609292805995       -0.93281176775787       -2.02801035725741
h           -1.31010461944110       -2.20771812411707       -0.82404926805520
h            0.92793490960549        0.79409254827381        1.74567734751304
h            2.03596396307462       -1.48002544999636        0.34114446688374
h            1.50993779223608       -1.94816167377333       -1.30448379732798
h           -3.91915103391698       -0.94338089948041       -1.46325215640989
h           -4.30663070418714        0.16077598914031       -0.05405744031007
h            3.11654324633339        2.45400884633929        0.74899930478323
h            1.32788425821727        2.57450097641074        1.03015848038150
h            0.53018685768818       -2.99869621077146        1.10193769683740
h            4.07965891100218        1.01712370883776       -0.75115841650131
h            3.18512660638440       -0.40990973310482       -1.28390728198232
h            3.10029869107979        1.07401680007382       -2.21765432837619
35
 energy: -46.159904762367 gnorm: 0.000593727213 xtb: 6.7.1 (edcfbbe)
c            0.10764933542487       -0.68529057568837       -0.23907588347906
c            0.61765250311937        0.63105235693262       -0.89403101257128
c           -0.48689245603839        1.71047772470623       -0.85525708424770
c           -1.28828006368091        1.77521089494269        0.44606604721794
c           -1.69644011064769        0.37027314054378        0.89711075434222
c           -0.43617906335550       -0.46292463566150        1.18791872205482
c           -1.18092923434642       -1.13055890648430       -0.95625829763497
c           -2.29236094364723       -0.38722139942713       -0.26111324082922
o            0.46394150052467        0.03941467788539        2.13865655087632
c            1.18121941799418       -1.78607151113551       -0.27507208156213
c           -3.56610575111251       -0.38969454353250       -0.60989851787654
c            1.96402673995547        1.15505463312519       -0.42304886989183
c            2.13211148961651        2.09058844114573        0.50394299143364
h            0.77044427018376        0.37905091140255       -1.95119834836786
o            0.71263554728482       -3.04620582372916        0.15883775432338
c            3.15353965462587        0.67348532178620       -1.20609315584887
h           -0.03690300103204        2.68366600071722       -1.06046617194523
h           -1.19146253579175        1.50343011429769       -1.66268737558262
h           -0.72657232876074        2.25281371287775        1.25037349083389
h           -2.18516387016097        2.37476925833163        0.27648976207223
h           -2.36417887712235        0.42966568324943        1.75902511213624
h           -0.76213258782968       -1.42617159312738        1.60363805811544
h           -1.15611890161821       -0.93391617866343       -2.02795064881925
h           -1.31038705194999       -2.20826264020187       -0.82321489285956
h            0.92885945495516        0.79298168345832        1.74564152575015
h            2.03786355048076       -1.47934791736534        0.33750069366233
h            1.50658353890116       -1.95078658977223       -1.30535499265390
h           -3.91856523608888       -0.94344047016572       -1.46414129457587
h           -4.30687792270058        0.16096042575884       -0.05503957292047
h            3.11711969657935        2.45158836656097        0.75109310086875
h            1.32862120746712        2.57256717675368        1.03310586655141
h            0.53242691491564       -2.99520054091800        1.10615219697969
h            4.07966259206283        1.01251207978071       -0.74885980322365
h            3.18072204505977       -0.40825885894119       -1.29283536503597
h            3.10162522297018        1.08308539289704       -2.21604183939191
35
 energy: -46.159907802492 gnorm: 0.000493700066 xtb: 6.7.1 (edcfbbe)
c            0.10761700172309       -0.68533500009823       -0.23890349252540
c            0.61791198446314        0.63066840327838       -0.89426266144789
c           -0.48630632844685        1.71038734498168       -0.85669941502421
c           -1.28806843329261        1.77581851923234        0.44437121822626
c           -1.69651612930383        0.37126529627945        0.89654873141753
c           -0.43666993799840       -0.46261733864159        1.18782603139187
c           -1.18115232979175       -1.13039503065166       -0.95604086936537
c           -2.29269210244670       -0.38702862619663       -0.26094657827418
o            0.46297858957774        0.03883108067312        2.13943285044305
c            1.18091616396748       -1.78639215703202       -0.27583531339710
c           -3.56664633890926       -0.39112588074290       -0.60897475523052
c            1.96392250736272        1.15451585696656       -0.42214543199048
c            2.13224612826031        2.08794018002638        0.50691090260372
h            0.77165302648257        0.37813864170267       -1.95119674799218
o            0.71392317828639       -3.04502390288580        0.16404072911623
c            3.15324554781074        0.67566265288106       -1.20740016590917
h           -0.03597046460902        2.68335273127152       -1.06229097315494
h           -1.19063972710585        1.50302680913333       -1.66425480781386
h           -0.72641840974354        2.25397111513782        1.24835963794381
h           -2.18492727370638        2.37526322269841        0.27423506682551
h           -2.36404899291849        0.43156927522838        1.75858310923262
h           -0.76372536640102       -1.42562353627665        1.60328267993810
h           -1.15625409991705       -0.93370196546187       -2.02773059110585
h           -1.31063977366728       -2.20808701528244       -0.82300334214975
h            0.93109114976211        0.79011242236483        1.74600173415127
h            2.04054061748853       -1.47820903703998        0.33185668842102
h            1.50155580088209       -1.95440766975904       -1.30709551202741
h           -3.91872538078511       -0.94643503484926       -1.46239073556207
h           -4.30788743546319        0.15900165835365       -0.05420856223681
h            3.11754574401023        2.44783170244807        0.75472200250425
h            1.32922619737892        2.56919555915373        1.03741138802041
h            0.53387298642031       -2.98964751797186        1.11109074046213
h            4.07994587085419        1.00663682935639       -0.74542695683695
h            3.17579383878028       -0.40527181246675       -1.30464127482236
h            3.10445693723313        1.09540803652894       -2.21331114593071
35
 energy: -46.159909406028 gnorm: 0.000338325566 xtb: 6.7.1 (edcfbbe)
c            0.10720372779107       -0.68512088888999       -0.23900420082070
c            0.61817215997462        0.63058380090081       -0.89441202423398
c           -0.48581811236137        1.71038041627955       -0.85782433911504
c           -1.28780533198196        1.77645837405845        0.44293687887889
c           -1.69658297625059        0.37227693964340        0.89573229650149
c           -0.43734596582747       -0.46229242417399        1.18751947824170
c           -1.18148489297405       -1.13034695135046       -0.95622642351590
c           -2.29303653480776       -0.38703912174136       -0.26096906280806
o            0.46199249995632        0.03798304091666        2.14016272232893
c            1.18061025400562       -1.78593663120183       -0.27600096729338
c           -3.56731131954158       -0.39293672370851       -0.60768190909908
c            1.96411419100760        1.15413608481680       -0.42194172524659
c            2.13267676119042        2.08546897459559        0.50914492683114
h            0.77235872784757        0.37771931552340       -1.95113497260149
o            0.71551915600421       -3.04380220614125        0.16805066422090
c            3.15320536195329        0.67707784496662       -1.20854203543659
h           -0.03524268162178        2.68322219248489       -1.06346142360045
h           -1.18974286667990        1.50282757838813       -1.66568812404576
h           -0.72638481774117        2.25506554820005        1.24679491478158
h           -2.18463104515356        2.37575506314283        0.27214966704517
h           -2.36398461305213        0.43348135978234        1.75778398704712
h           -0.76583623801141       -1.42515425293711        1.60227160629498
h           -1.15666637239510       -0.93337566279404       -2.02782972848956
h           -1.31095205405698       -2.20804674574099       -0.82331868860748
h            0.93292615730091        0.78768371241332        1.74696010793455
h            2.04195662756004       -1.47617695713745        0.32847905024872
h            1.49846087910223       -1.95628220170374       -1.30770856455720
h           -3.91972339203641       -0.94952800446680       -1.46008330735688
h           -4.30872298557288        0.15654686903236       -0.05261457730976
h            3.11799855586065        2.44513810573029        0.75711593169694
h            1.32979357542429        2.56545217810753        1.04098799335249
h            0.53504286606259       -2.98536605730740        1.11461316397406
h            4.08044612057118        1.00016485804714       -0.74180768722824
h            3.17157005747038       -0.40309910912027       -1.31579780623851
h            3.10837926722074        1.10637749372502       -2.21074164387339
35
 energy: -46.159910195482 gnorm: 0.000218854403 xtb: 6.7.1 (edcfbbe)
c            0.10714779614490       -0.68498946732389       -0.23906189567212
c            0.61828012295100        0.63056876451819       -0.89462078754426
c           -0.48544514418237        1.71062139691535       -0.85821362310741
c           -1.28783891366235        1.77675610814213        0.44220785332155
c           -1.69683111412025        0.37281757378012        0.89534711655301
c           -0.43789853529773       -0.46209151222815        1.18724652592855
c           -1.18150610254816       -1.13010072996708       -0.95634257353589
c           -2.29326640346106       -0.38704589302943       -0.26102865127384
o            0.46138198922316        0.03738801256470        2.14037741221008
c            1.18089948640303       -1.78538389583232       -0.27573712544807
c           -3.56781800611336       -0.39417413726189       -0.60670797511167
c            1.96429718452336        1.15353977715718       -0.42183770174449
c            2.13300632311430        2.08424162179733        0.50975578573684
h            0.77256060031503        0.37759511923026       -1.95127817953554
o            0.71632224424536       -3.04306025018367        0.16925498862144
c            3.15318148339440        0.67749173421471       -1.20926779677430
h           -0.03473924923503        2.68343765251711       -1.06376335963156
h           -1.18923005854116        1.50314042485814       -1.66621238689414
h           -0.72656378108399        2.25542287923283        1.24610871147558
h           -2.18457001695479        2.37612299213105        0.27115971849408
h           -2.36432652092759        0.43433026792034        1.75730849417905
h           -0.76697196814218       -1.42498995463101        1.60150599106117
h           -1.15672690032981       -0.93283603144343       -2.02787343628594
h           -1.31084788741298       -2.20784413140244       -0.82376036977831
h            0.93346613692503        0.78659786558933        1.74748721563946
h            2.04222302601173       -1.47483155518602        0.32836442021066
h            1.49861584027419       -1.95632640974244       -1.30736339273522
h           -3.92073327080299       -0.95149826212788       -1.45838984387043
h           -4.30913677000760        0.15515475739786       -0.05136185604603
h            3.11829591019747        2.44343362605874        0.75840028474646
h            1.33004348990563        2.56397518036383        1.04156546101846
h            0.53519620554885       -2.98379778304659        1.11551239241947
h            4.08056193919968        0.99620684751426       -0.73981434388777
h            3.16925090126596       -0.40211450262199       -1.32154111407776
h            3.11087470941794        1.11153772646477       -2.20951178076047
35
 energy: -46.159910845913 gnorm: 0.000261470062 xtb: 6.7.1 (edcfbbe)
c            0.10710713957829       -0.68473545736780       -0.23912457069351
c            0.61815835204896        0.63076082364858       -0.89492258923845
c           -0.48528929194461        1.71105206710403       -0.85828595044459
c           -1.28789320556654        1.77700876180016        0.44197220101196
c           -1.69705601633725        0.37313056005175        0.89497959165835
c           -0.43832378253737       -0.46187681213893        1.18706603559732
c           -1.18133667062975       -1.12993779651478       -0.95662862177277
c           -2.29330431372371       -0.38719895083924       -0.26124390290263
o            0.46086249811798        0.03720427200463        2.14050995017999
c            1.18125261243284       -1.78470775241689       -0.27501600103864
c           -3.56806154744138       -0.39520633848619       -0.60608707456895
c            1.96437549696082        1.15323560317871       -0.42224531962853
c            2.13332480939385        2.08345155343929        0.50978029553096
h            0.77224525125013        0.37782863440413       -1.95160336675766
o            0.71693176360423       -3.04266037506894        0.16941299761351
c            3.15313686616093        0.67721301914969       -1.20983198487932
h           -0.03443843888191        2.68386155269878       -1.06356443322929
h           -1.18891072225006        1.50377891580091       -1.66647594001115
h           -0.72675325953117        2.25558974850353        1.24603965354682
h           -2.18455725674378        2.37644423687520        0.27079457577911
h           -2.36475452524951        0.43469231017806        1.75677746869615
h           -0.76767267416222       -1.42486184549327        1.60096066499634
h           -1.15656782247775       -0.93242713148770       -2.02811231285280
h           -1.31051469304902       -2.20772371349015       -0.82431558953451
h            0.93325183571839        0.78644403591241        1.74808622046956
h            2.04172432911939       -1.47353492702164        0.32999662822635
h            1.50020743794338       -1.95541672858781       -1.30629333093930
h           -3.92157762964396       -0.95304073486387       -1.45715064495833
h           -4.30916806941700        0.15395095370614       -0.05028237924014
h            3.11858513459484        2.44265524821401        0.75849824383154
h            1.33020475419359        2.56277818242670        1.04177506161999
h            0.53516730281393       -2.98367347752148        1.11546153976290
h            4.08078002751244        0.99137269076284       -0.73786909826615
h            3.16653929739408       -0.40188098268965       -1.32696726619493
h            3.11347975698656        1.11572566646875       -2.20817657346857
35
 energy: -46.159911090707 gnorm: 0.000091531035 xtb: 6.7.1 (edcfbbe)
c            0.10711711207377       -0.68464300164847       -0.23920334750693
c            0.61820952340478        0.63087586609796       -0.89489236461991
c           -0.48541550483238        1.71102010789600       -0.85825771501874
c           -1.28801524663702        1.77698983034744        0.44205285150825
c           -1.69697409859066        0.37299021225630        0.89501251756725
c           -0.43809501664905       -0.46184827120539        1.18711024807370
c           -1.18131965792666       -1.12997130472554       -0.95669218185569
c           -2.29327198865630       -0.38742028000663       -0.26112373406858
o            0.46106125666490        0.03752935687042        2.14037773734508
c            1.18122993209372       -1.78472141361769       -0.27500580303028
c           -3.56807617517621       -0.39562293303174       -0.60585294986004
c            1.96441164790467        1.15337335641508       -0.42219144512031
c            2.13340422345325        2.08372515639910        0.50974071541096
h            0.77227647858526        0.37796256141450       -1.95160447735242
o            0.71652179542099       -3.04276271360671        0.16880851874119
c            3.15315005420418        0.67708832701337       -1.20974429385737
h           -0.03452595506072        2.68382168787486       -1.06343311708225
h           -1.18907873771559        1.50389217664779       -1.66646316010752
h           -0.72685297076861        2.25555477673995        1.24612204492591
h           -2.18470002290550        2.37643109255792        0.27096035496290
h           -2.36462181656097        0.43449278173302        1.75685147390685
h           -0.76716082873047       -1.42482916961190        1.60119994875993
h           -1.15657578831496       -0.93232947494981       -2.02817419503681
h           -1.31044281008993       -2.20779349929214       -0.82451474889374
h            0.93283272417019        0.78705335354694        1.74785358732739
h            2.04160407286863       -1.47389512630792        0.33035033188915
h            1.50050441171088       -1.95515815550791       -1.30625923249874
h           -3.92143466152674       -0.95310240749682       -1.45724998936471
h           -4.30916082966320        0.15370911893878       -0.05014590920097
h            3.11872766773469        2.44275020808789        0.75847182624458
h            1.33033065171289        2.56359124897739        1.04135995030160
h            0.53493510677239       -2.98422036690926        1.11505782699213
h            4.08073643742796        0.99063918088338       -0.73754265855523
h            3.16601513953391       -0.40186524610592       -1.32720876238882
h            3.11380862030554        1.11598877566573       -2.20785567063719
35
 energy: -46.159911342766 gnorm: 0.000224882517 xtb: 6.7.1 (edcfbbe)
c            0.10727825508416       -0.68453911412328       -0.23927279405914
c            0.61820297252089        0.63105466698302       -0.89491017107698
c           -0.48554129719969        1.71111428691826       -0.85816700271219
c           -1.28814548283167        1.77690665813731        0.44221144243247
c           -1.69693760378088        0.37281153823226        0.89515931613851
c           -0.43774734352107       -0.46165974925763        1.18713981326472
c           -1.18118602552628       -1.12983278609349       -0.95674522431886
c           -2.29316440096400       -0.38748167234235       -0.26105344779601
o            0.46144078981188        0.03831330289464        2.14000489108708
c            1.18124041865169       -1.78485650974947       -0.27505990044321
c           -3.56799232173025       -0.39589720964964       -0.60574584896248
c            1.96436060592081        1.15363154028534       -0.42222735741854
c            2.13341110274808        2.08437693857858        0.50932025832414
h            0.77226632373418        0.37825056634449       -1.95167259283361
o            0.71583311630272       -3.04306727007314        0.16758829603362
c            3.15315911453495        0.67669641258294       -1.20941531274060
h           -0.03470175175626        2.68395848106698       -1.06325918934496
h           -1.18923722783932        1.50405103172998       -1.66636017251931
h           -0.72699776490570        2.25547301131795        1.24629493653775
h           -2.18489225307459        2.37628161219994        0.27121838748644
h           -2.36455901686353        0.43418436264591        1.75703973405985
h           -0.76630292989036       -1.42464088885879        1.60157526964609
h           -1.15643077392171       -0.93196183139981       -2.02820358406303
h           -1.31022209738490       -2.20770375053091       -0.82484437729719
h            0.93200427907470        0.78848432546491        1.74732925507271
h            2.04127982731082       -1.47462751102590        0.33107967602675
h            1.50120611462565       -1.95474145983011       -1.30622202317183
h           -3.92123827825530       -0.95378558195606       -1.45694198534347
h           -4.30923579179463        0.15284521031757       -0.04964724460263
h            3.11884740766740        2.44308757897934        0.75809161409051
h            1.33045736474963        2.56458445369260        1.04084102273963
h            0.53443964949225       -2.98538517479827        1.11404431687500
h            4.08070122470237        0.98899628414271       -0.73650336921701
h            3.16489948650454       -0.40209346357806       -1.32765264437930
h            3.11465905404106        1.11646752309212       -2.20711980961426
35
 energy: -46.159911552547 gnorm: 0.000175256868 xtb: 6.7.1 (edcfbbe)
c            0.10744042622749       -0.68443778078925       -0.23936017502446
c            0.61816178208072        0.63127255916751       -0.89491172237597
c           -0.48569542001134        1.71122042992945       -0.85794906752881
c           -1.28829872337884        1.77675655530765        0.44244129658143
c           -1.69686663931583        0.37257654347818        0.89536793624831
c           -0.43741343106358       -0.46156873918573        1.18714680217500
c           -1.18104174819051       -1.12966004685593       -0.95679968215542
c           -2.29310941440277       -0.38787509316912       -0.26069909274983
o            0.46186610059895        0.03891959635213        2.13963466721894
c            1.18126582765133       -1.78490427552740       -0.27525892056289
c           -3.56800319331231       -0.39677255811024       -0.60512536697923
c            1.96429322536473        1.15381293720476       -0.42216606279750
c            2.13340438501836        2.08512146503486        0.50877496997047
h            0.77222229534366        0.37867988327019       -1.95172660591511
o            0.71525030456543       -3.04336215966877        0.16606012775260
c            3.15318907084166        0.67631735554676       -1.20891833940575
h           -0.03504285117409        2.68417131052705       -1.06296404398691
h           -1.18936103432389        1.50410578605522       -1.66614251719511
h           -0.72721429297232        2.25543789574558        1.24650661413516
h           -2.18516824403552        2.37593928029695        0.27147341309306
h           -2.36437558083824        0.43378878897372        1.75734325224298
h           -0.76546552957848       -1.42460061533110        1.60183522803623
h           -1.15643548560953       -0.93142208834976       -2.02819187860820
h           -1.30983405972453       -2.20759403161142       -0.82528031689461
h            0.93119233588379        0.78988016496860        1.74696727423329
h            2.04084251974948       -1.47526034913084        0.33180584134481
h            1.50197749741672       -1.95410818003180       -1.30629430900351
h           -3.92104613909963       -0.95436308167523       -1.45657985421879
h           -4.30929421628842        0.15196766112786       -0.04912677029365
h            3.11890426614332        2.44389370521901        0.75721747721873
h            1.33055180204700        2.56611302585329        1.03972960490039
h            0.53389496802558       -2.98669450927845        1.11254015008077
h            4.08076090647592        0.98697284842164       -0.73489344047588
h            3.16362944339674       -0.40236349995757       -1.32838236606174
h            3.11597359272658        1.11733502853205       -2.20615994509815
35
 energy: -46.159911701578 gnorm: 0.000090511664 xtb: 6.7.1 (edcfbbe)
c            0.10746938676968       -0.68434649788189       -0.23952740469126
c            0.61818217611514        0.63146267571365       -0.89491577890415
c           -0.48588458931079        1.71118322496795       -0.85777965136360
c           -1.28843301966750        1.77663343234309        0.44261756415650
c           -1.69670550161635        0.37238785303904        0.89552364003738
c           -0.43714452996090       -0.46161362596276        1.18709449570367
c           -1.18103575157172       -1.12957392002943       -0.95690368974545
c           -2.29306670707812       -0.38803345733585       -0.26050487887560
o            0.46226024967455        0.03903291241658        2.13940916956410
c            1.18127465725367       -1.78478939949628       -0.27550567334773
c           -3.56803601850665       -0.39726744735594       -0.60462308586722
c            1.96429333895064        1.15412457534913       -0.42225729387159
c            2.13333241635862        2.08611320707413        0.50800770670998
h            0.77222874710009        0.37902739342828       -1.95175453434166
o            0.71499684880721       -3.04349706599812        0.16483685038995
c            3.15334871563346        0.67604844175192       -1.20837747270262
h           -0.03542330800984        2.68422279391005       -1.06276758669258
h           -1.18953340719595        1.50400463059566       -1.66597132083012
h           -0.72742287194787        2.25543543072867        1.24666720752819
h           -2.18542548598073        2.37563675641697        0.27165020242434
h           -2.36407973621033        0.43348731010996        1.75760301641197
h           -0.76493492555154       -1.42471075351202        1.60184408985353
h           -1.15662300323643       -0.93100286874059       -2.02822301915699
h           -1.30968976805825       -2.20756049276426       -0.82568946004096
h            0.93079483614960        0.79062438848553        1.74695679345285
h            2.04054585475363       -1.47550550538507        0.33216252495325
h            1.50243243412892       -1.95346532340379       -1.30645498447962
h           -3.92115197527929       -0.95513181753097       -1.45585366779922
h           -4.30943400833061        0.15095846324004       -0.04828515590943
h            3.11885366645516        2.44475746117343        0.75654513098346
h            1.33046863390719        2.56742371538641        1.03864296299029
h            0.53339350013970       -2.98755649229174        1.11121295889899
h            4.08091235302616        0.98510899363945       -0.73316689292125
h            3.16273757367464       -0.40253919279610       -1.32908482085613
h            3.11765396485246        1.11821601305471       -2.20521376376057
35
 energy: -46.159911813662 gnorm: 0.000072494319 xtb: 6.7.1 (edcfbbe)
c            0.10752411694924       -0.68434790260228       -0.23970578959299
c            0.61816855479465        0.63154882859609       -0.89501080710443
c           -0.48596358781657        1.71120022624908       -0.85781875781386
c           -1.28843895139408        1.77653490115848        0.44262508966654
c           -1.69659535312254        0.37232116193552        0.89567324680336
c           -0.43696520229550       -0.46161896632316        1.18695204770378
c           -1.18108038129195       -1.12946222459526       -0.95696951457805
c           -2.29310245817903       -0.38815305732296       -0.26026134187108
o            0.46261324612376        0.03893468037828        2.13918530911061
c            1.18132871153980       -1.78474878152404       -0.27583675285285
c           -3.56816192835130       -0.39765931831927       -0.60402540944490
c            1.96425353497850        1.15417546823254       -0.42223491712924
c            2.13306789670535        2.08666277065735        0.50758392437317
h            0.77228766991153        0.37921072725657       -1.95185818344361
o            0.71510733824283       -3.04358548847299        0.16421689482908
c            3.15353331974206        0.67582942787227       -1.20779325732480
h           -0.03564520104787        2.68429114296581       -1.06290299003784
h           -1.18965527165902        1.50390370605329       -1.66594467345046
h           -0.72747379038209        2.25546216585592        1.24663491816120
h           -2.18551999020758        2.37541740829802        0.27167860439259
h           -2.36383954318793        0.43338997203098        1.75786679959870
h           -0.76470352337248       -1.42473833454648        1.60169778241249
h           -1.15686559891758       -0.93065718969482       -2.02824531070546
h           -1.30964313797953       -2.20748441339522       -0.82598206830583
h            0.93089462186715        0.79080842767982        1.74695770504969
h            2.04051301967133       -1.47551419018064        0.33198119608586
h            1.50257158908336       -1.95322313087458       -1.30677615360520
h           -3.92143927286490       -0.95562941483839       -1.45512796309786
h           -4.30956285079758        0.15039940272745       -0.04751533147413
h            3.11848280937554        2.44572506968260        0.75594804255653
h            1.33002136812853        2.56806544086507        1.03785065994514
h            0.53301999762356       -2.98777961168037        1.11047227790796
h            4.08098343286722        0.98367195770441       -0.73153147210460
h            3.16227867034326       -0.40264251799662       -1.32961737447109
h            3.11916089115752        1.11898746850732       -2.20425225228774
35
 energy: -46.159911820892 gnorm: 0.000173910900 xtb: 6.7.1 (edcfbbe)
c            0.10757884712880       -0.68434930732267       -0.23988417449471
c            0.61815493347417        0.63163498147854       -0.89510583530472
c           -0.48604258632236        1.71121722753022       -0.85785786426411
c           -1.28844488312067        1.77643636997388        0.44263261517658
c           -1.69648520462872        0.37225447083201        0.89582285356935
c           -0.43678587463010       -0.46162430668356        1.18680959970389
c           -1.18112501101218       -1.12935052916109       -0.95703533941065
c           -2.29313820927994       -0.38827265731007       -0.26001780486657
o            0.46296624257297        0.03883644833998        2.13896144865711
c            1.18138276582593       -1.78470816355180       -0.27616783235798
c           -3.56828783819595       -0.39805118928260       -0.60342773302258
c            1.96421373100635        1.15422636111595       -0.42221254038689
c            2.13280337705208        2.08721233424058        0.50716014203637
h            0.77234659272297        0.37939406108487       -1.95196183254556
o            0.71521782767845       -3.04367391094786        0.16359693926821
c            3.15371792385065        0.67561041399263       -1.20720904194698
h           -0.03586709408590        2.68435949202156       -1.06303839338310
h           -1.18977713612208        1.50380278151092       -1.66591802607080
h           -0.72752470881631        2.25548890098318        1.24660262879421
h           -2.18561449443443        2.37519806017907        0.27170700636084
h           -2.36359935016553        0.43329263395200        1.75813058278543
h           -0.76447212119342       -1.42476591558094        1.60155147497146
h           -1.15710819459873       -0.93031151064906       -2.02826760225393
h           -1.30959650790082       -2.20740833402617       -0.82627467657071
h            0.93099440758470        0.79099246687411        1.74695861664653
h            2.04048018458903       -1.47552287497622        0.33179986721847
h            1.50271074403780       -1.95298093834538       -1.30709732273077
h           -3.92172657045052       -0.95612701214582       -1.45440225839651
h           -4.30969169326454        0.14984034221486       -0.04674550703883
h            3.11811195229591        2.44669267819178        0.75535095412961
h            1.32957410234987        2.56870716634372        1.03705835689999
h            0.53264649510741       -2.98800273106900        1.10973159691692
h            4.08105451270829        0.98223492176937       -0.72989605128794
h            3.16181976701189       -0.40274584319714       -1.33014992808606
h            3.12066781746258        1.11975892395994       -2.20329074081490
