35
 energy: -46.153552237734 gnorm: 0.051634857086 xtb: 6.7.1 (edcfbbe)
c            0.13099887716098       -0.57388086539496        0.41896451348883
c           -0.96390003028038        0.52360369209494        0.72626752829596
c           -0.35311269937699        1.95517199291649        0.56680316461095
c            0.59336505491215        2.14176669433268       -0.64327905734940
c            1.54877377078108        0.92993931691177       -0.81009538406079
c            0.68529532946564       -0.33326802234578       -1.01019189758078
c            1.38980303037467       -0.30262313686703        1.31367495143084
c            2.27130599530526        0.64196584188562        0.49851760045373
o            1.45903162709684       -1.48722702109683       -1.38832617803628
c           -0.36638955709200       -2.02364150755349        0.63497648763184
c            3.46319355804068        1.12701084488919        0.86338461940711
c           -2.30703187743701        0.34542976730776        0.00162871334619
c           -2.60012967396465        0.88377003452298       -1.19424859914254
h           -1.19075952608888        0.40643360095558        1.80115961637286
o           -1.20703605500769       -2.52843232108091       -0.40690596529142
c           -3.37547824873750       -0.41313732368978        0.76919023208660
h           -1.16608188709833        2.69571168241238        0.52379064534482
h            0.21664677564611        2.18405266333301        1.48156430650393
h            0.02478127592633        2.27424649030325       -1.57799675905679
h            1.18461028556952        3.06119107079984       -0.50417926271318
h            2.23893188131997        1.11253728330516       -1.65080435085579
h           -0.11865444187139       -0.16305404759299       -1.74560901022767
h            1.92997661457142       -1.24300225395291        1.51103395904784
h            1.12110094536108        0.11591095046937        2.29670105436293
h            1.89015542721262       -1.29228519917396       -2.24578567707660
h           -0.95630629475485       -2.07877165470964        1.56398419561166
h            0.50833143066017       -2.68379834178775        0.77292620644043
h            3.91175209392743        0.88765349947771        1.83104957542025
h            4.03907985298233        1.78423571268188        0.20681472126408
h           -3.58887697673383        0.75392515197615       -1.64093347529834
h           -1.89175732936467        1.47191441724014       -1.77708400246579
h           -0.63968408533260       -2.60939473545492       -1.20113543703981
h           -4.33040679827510       -0.42523952105617        0.22262834170123
h           -3.08276825204810       -1.45716669624046        0.95449417654730
h           -3.55093450991567        0.05400310503416        1.75378654518050
35
 energy: -46.159722275798 gnorm: 0.014858657721 xtb: 6.7.1 (edcfbbe)
c            0.13144836048016       -0.55895665272957        0.42143197339103
c           -0.95912381544279        0.51802793364528        0.72826535862451
c           -0.34966591207799        1.93423282412837        0.56050288632157
c            0.58883152264776        2.12424515632678       -0.63758083651143
c            1.53721181462167        0.92435531853953       -0.79929603205363
c            0.67966406352360       -0.33210758964381       -1.00162307206520
c            1.38020194771380       -0.29274367198392        1.30549183167870
c            2.24986897407592        0.64659553226181        0.50232809476531
o            1.44380174638342       -1.47469808796834       -1.39496195030477
c           -0.36647726774785       -2.00051632833547        0.63874421835047
c            3.43194515098965        1.12082214588594        0.85912170929199
c           -2.28785865915067        0.33885077608630        0.00285084337902
c           -2.57888870841070        0.86883203336843       -1.17882065539156
h           -1.19125447571212        0.40296483392946        1.79580196646730
o           -1.19712258363144       -2.49988144938269       -0.39648269749480
c           -3.35191908065053       -0.40591340691247        0.76566569002859
h           -1.16249811145543        2.66431443922633        0.50273098884790
h            0.21980381887227        2.16459066029620        1.46628887176448
h            0.02393770111894        2.25265670338553       -1.56541474695962
h            1.17755919781439        3.03544447788435       -0.48931439416744
h            2.22794206467607        1.10303941109723       -1.63092462031009
h           -0.12388777134098       -0.16778761499609       -1.73089991261773
h            1.92149213833900       -1.22660969553722        1.48761234901781
h            1.11540150210917        0.12349495420071        2.28023896837519
h            1.88271641352653       -1.27258183242916       -2.23535139276724
h           -0.95781993581319       -2.06091045527545        1.55865336996986
h            0.50226824581431       -2.66463909599381        0.75091023399094
h            3.88352849580472        0.87737396719523        1.81044302538835
h            4.00500529666014        1.76969600872545        0.21167826403081
h           -3.55851682157184        0.74429833101492       -1.61999126738046
h           -1.88301328497606        1.45308568200051       -1.75830394856397
h           -0.63853154489844       -2.58136715586391       -1.18531317788619
h           -4.29427882160167       -0.41072741636385        0.21683361792699
h           -3.05888206737361       -1.44234988965453        0.93539354212166
h           -3.52506401038156        0.06042031872444        1.74005699909631
35
 energy: -46.160567880963 gnorm: 0.004810498778 xtb: 6.7.1 (edcfbbe)
c            0.13032343413006       -0.55682250460469        0.42701691792755
c           -0.94831797812457        0.51743544466943        0.73180275021740
c           -0.35029732354437        1.93149293105810        0.56307685361299
c            0.58161706768885        2.11515491710258       -0.63573221373886
c            1.52609893603272        0.92005661898695       -0.79759985426643
c            0.66906302439245       -0.33255875302065       -0.99534686846757
c            1.37306063535696       -0.29107349837987        1.30431832781267
c            2.23502437673973        0.64272334694525        0.49992331475116
o            1.42369152880278       -1.46999813903620       -1.39919925943831
c           -0.37032134024665       -1.99400552956244        0.64073085745623
c            3.41555023084405        1.11457077827565        0.85269002328900
c           -2.26860747284440        0.33934029012492        0.00468487247138
c           -2.55487340087844        0.86287825305705       -1.17698919545565
h           -1.18346773419014        0.40171449811643        1.79598113148834
o           -1.20447404804595       -2.47588803956153       -0.39161204658842
c           -3.32838654921906       -0.40564297159445        0.76403091416209
h           -1.16572510146064        2.65436613643606        0.50020318416658
h            0.22015396573757        2.16255220328490        1.46410119795599
h            0.01725205010174        2.24148469507727       -1.56022086504005
h            1.17042839524117        3.02212281638160       -0.48481623387445
h            2.21802059369963        1.09467413421968       -1.62577824075076
h           -0.13940223560966       -0.16629652793734       -1.71692223157976
h            1.91488905335692       -1.22265321843018        1.47665065353045
h            1.11122384336810        0.12219243476946        2.27737996115495
h            1.87692215144953       -1.25682629488212       -2.22418129347070
h           -0.95603276761952       -2.05370351860528        1.56029472570080
h            0.49734727766772       -2.65849138680462        0.73893617992358
h            3.86089661456565        0.88097086167932        1.80445490641619
h            3.98184066706921        1.76833242191597        0.21145228235070
h           -3.52713070057682        0.72988705568267       -1.62188930874714
h           -1.85795771149939        1.43284722015041       -1.76229172339148
h           -0.65512623853473       -2.54976110954580       -1.18225103882444
h           -4.26609658029191       -0.40397475666926        0.21443213818851
h           -3.03347472766962       -1.43936323992966        0.92351343777443
h           -3.49588635295431        0.05781359548285        1.73592184163758
35
 energy: -46.160718533346 gnorm: 0.002700489165 xtb: 6.7.1 (edcfbbe)
c            0.12978280710161       -0.55579342327674        0.43103330954851
c           -0.94617815181584        0.51763010773557        0.73717670332045
c           -0.34786786008295        1.93078573513422        0.56544326327920
c            0.58104527849923        2.11595217574097       -0.63601155043421
c            1.52134226965502        0.91832247259738       -0.79745777184923
c            0.66320433857656       -0.33344011087695       -0.99339294450388
c            1.37395386849329       -0.29371056498099        1.30464728499634
c            2.22936019712499        0.64567607710320        0.50117222612553
o            1.41202975336836       -1.47049485716758       -1.40352181837657
c           -0.37519407820235       -1.99175080523876        0.64190394289506
c            3.40794564524407        1.12344989421154        0.85452851221851
c           -2.26056149388050        0.33452752649634        0.00322554620760
c           -2.53955143325221        0.84851823495273       -1.18522046728233
h           -1.18330794571171        0.40303728743708        1.80123527783784
o           -1.21721318996232       -2.46379285336236       -0.38690464761714
c           -3.32142895102908       -0.40713710814563        0.76317637150084
h           -1.16552149509223        2.65036911147019        0.50151670899242
h            0.22346758884108        2.16611837419082        1.46452868004847
h            0.01396468282111        2.24169522930131       -1.55854348843265
h            1.17105533188321        3.02230449682019       -0.48710645922740
h            2.21349426327077        1.09055274236381       -1.62574313328513
h           -0.15058492466787       -0.16443916527688       -1.70917068917475
h            1.91851542485387       -1.22464355126792        1.47228268774104
h            1.11336282502789        0.11569286063639        2.27958931304584
h            1.87922584940612       -1.24800714357316       -2.21822230745618
h           -0.95339431583361       -2.05365495508310        1.56583436443479
h            0.49212924410709       -2.65794523156485        0.73111316126291
h            3.85771806491724        0.88104481361721        1.80213631021915
h            3.97696397581212        1.76894283744765        0.20761289270223
h           -3.51189041943217        0.71794356699112       -1.63021567099196
h           -1.84408300795500        1.42499292664977       -1.76578418005285
h           -0.67551134446145       -2.52819376294640       -1.18338245453735
h           -4.25945339657565       -0.40218657886772        0.21473677544922
h           -3.02578438031089       -1.44107598396816        0.91781735271504
h           -3.48320943780315        0.05426078955220        1.73673299703518
35
 energy: -46.160843467854 gnorm: 0.003427750873 xtb: 6.7.1 (edcfbbe)
c            0.12916862558200       -0.55578254190487        0.43569862218491
c           -0.94363090779049        0.51961613911936        0.74242887023333
c           -0.34509052730597        1.93283170263963        0.56922650737780
c            0.58170385240520        2.11750553598475       -0.63546514818191
c            1.51762112071947        0.91610188632691       -0.79816492066999
c            0.65605640125196       -0.33376850755623       -0.99171693806634
c            1.37716380477070       -0.29898116491762        1.30415936221345
c            2.22865385955807        0.64300468399402        0.49927049085731
o            1.39651497704213       -1.47127429523328       -1.41136090267751
c           -0.38126573887783       -1.99083137328670        0.64406918799202
c            3.40609103111358        1.12639484308017        0.85232260223233
c           -2.25469510343003        0.33463932054952        0.00421844743027
c           -2.52508473833788        0.83612174130426       -1.19271731865454
h           -1.18212741134117        0.40702189114502        1.80680502607206
o           -1.23693929127932       -2.45054403762292       -0.37803297185746
c           -3.31617152331025       -0.40777290467113        0.76269564198047
h           -1.16455428050677        2.65042439958657        0.50616778109705
h            0.22817245189749        2.17090067447006        1.46658028684275
h            0.01122870738735        2.24568953347898       -1.55571462436630
h            1.17459193814765        3.02247330350952       -0.48852545879376
h            2.20898201177338        1.08497080164508       -1.62814583610032
h           -0.16460261343385       -0.15954643961649       -1.69965714372429
h            1.92314964569778       -1.23073235502860        1.46545802203666
h            1.12073229794442        0.10568221858655        2.28286832827326
h            1.88679315743238       -1.23443286626457       -2.20972954598312
h           -0.94788684706271       -2.05615184012083        1.57548364713153
h            0.48490833969608       -2.66092351553054        0.71973833143077
h            3.85163812167881        0.89046178428325        1.80404691777744
h            3.96813391280545        1.78027117998132        0.20705871262076
h           -3.49097631780356        0.68914655635113       -1.64804267188908
h           -1.82556660664056        1.40606238662492       -1.77590191234548
h           -0.70764667690738       -2.49962866324919       -1.18476634847810
h           -4.25645400248551       -0.39640332847102        0.21810430677971
h           -3.02125887173052       -1.44378506355082        0.90730752875299
h           -3.46952721572547        0.04678947921627        1.74099921882578
35
 energy: -46.160897885390 gnorm: 0.003240834020 xtb: 6.7.1 (edcfbbe)
c            0.12921727106263       -0.55705984005580        0.43630518375451
c           -0.94218850915407        0.52132004580230        0.74314273454839
c           -0.34389553411218        1.93538840408263        0.57080544900310
c            0.58331105749920        2.11827262748065       -0.63449155289789
c            1.51780194510213        0.91538356372886       -0.79926759077034
c            0.65404952227598       -0.33325005827446       -0.99215201982407
c            1.37961970206467       -0.30230425333860        1.30256794756930
c            2.22964028870774        0.64298849820452        0.49871016008185
o            1.39085923386305       -1.47111107244642       -1.41669470152312
c           -0.38326035280364       -1.99179774365767        0.64518043353044
c            3.40399905371824        1.13284380471115        0.85360488870751
c           -2.25279253897944        0.33253148277819        0.00381338655315
c           -2.51870795039182        0.82309647410209       -1.19861026327297
h           -1.18061161949561        0.41010502922765        1.80782920422498
o           -1.25042720239857       -2.44618139615453       -0.36979921920590
c           -3.31656117582653       -0.40640105760339        0.76340916035910
h           -1.16258945500323        2.65449168290613        0.50960374077634
h            0.23040869029790        2.17152502751622        1.46834257538294
h            0.01289400226247        2.25030509575434       -1.55446902087068
h            1.17873864143799        3.02163314045331       -0.48658031760107
h            2.20876519464212        1.08304389625488       -1.63032352145369
h           -0.16839037369078       -0.15630848783014       -1.69735273729835
h            1.92539378718257       -1.23544805933560        1.45882100199867
h            1.12673448668706        0.09836652185403        2.28429971670864
h            1.89657477332330       -1.22668161555253       -2.20322200132751
h           -0.94163703323655       -2.05826949239516        1.58206011578264
h            0.48126616917627       -2.66549858028252        0.71111547445513
h            3.85020093378346        0.89675017803022        1.80522188781532
h            3.96391522068897        1.78874878561739        0.20821456498096
h           -3.48326664912244        0.67223062991444       -1.65576508212383
h           -1.81865239284597        1.39176526477054       -1.78265411608018
h           -0.73160196513470       -2.48525897540301       -1.18435522485669
h           -4.25948510748866       -0.38711551619630        0.22313735507823
h           -3.02768092548487       -1.44542141394478        0.90103218647474
h           -3.46381560567210        0.04286857413387        1.74528629967480
35
 energy: -46.160939020129 gnorm: 0.001914388622 xtb: 6.7.1 (edcfbbe)
c            0.13001843664909       -0.55798701362112        0.43442383327097
c           -0.94200621461813        0.52100029390212        0.74321177889044
c           -0.34184385721194        1.93458174179702        0.57082164981128
c            0.58567705011690        2.11925234840763       -0.63381343556662
c            1.51876397456716        0.91517767809524       -0.80022476421315
c            0.65474635778511       -0.33304331197903       -0.99419896077850
c            1.38220141380745       -0.30596262981562        1.29982197984025
c            2.23107528652087        0.64287736380510        0.49816973649752
o            1.39065344495933       -1.47087422791210       -1.42118256088008
c           -0.38397962556565       -1.99171020654147        0.64512464681567
c            3.40153600174538        1.13958532628200        0.85572384289823
c           -2.25359094822456        0.33138148845563        0.00447144511443
c           -2.51649783895424        0.81222951833483       -1.20206794916378
h           -1.17935060256673        0.41000577554465        1.80810205388961
o           -1.26291438232626       -2.44367635802908       -0.36128411939601
c           -3.31976349444248       -0.40250769155227        0.76610376114690
h           -1.15902943144869        2.65586336577919        0.51149922297375
h            0.23273998453144        2.16780767712132        1.46919594149003
h            0.01607224430164        2.25529633730744       -1.55389408224750
h            1.18318036272102        3.02105322011394       -0.48317249541427
h            2.20918755796733        1.08318260931692       -1.63183181147057
h           -0.16686867606064       -0.15481845066190       -1.69936520910769
h            1.92751068896830       -1.24061418755776        1.44995859292055
h            1.13273626026042        0.09012269014701        2.28435089889495
h            1.91063051742050       -1.22146741814635       -2.19572465429303
h           -0.93395906613128       -2.05804016906527        1.58726437767921
h            0.47883403938493       -2.66840571066906        0.70134087936697
h            3.84764134068327        0.90659601034196        1.80812201508364
h            3.95865952485895        1.79949400023452        0.21191655183275
h           -3.47939020198228        0.65670728435769       -1.66116701271373
h           -1.81423319941742        1.37407299327209       -1.79023491052309
h           -0.75541620043402       -2.47534489108747       -1.18292131675042
h           -4.26577801071570       -0.37126227739374        0.23113431152082
h           -3.04047258381741       -1.44565781102370        0.89512051089618
h           -3.45894457039711        0.04063579729217        1.75197135003874
35
 energy: -46.160972248097 gnorm: 0.001586994389 xtb: 6.7.1 (edcfbbe)
c            0.13133439834690       -0.56047420691058        0.42955084416803
c           -0.94087953427990        0.51833972527929        0.74047924106399
c           -0.34107672711968        1.93200011869572        0.57011181858937
c            0.58649112287325        2.11788188916630       -0.63338739926029
c            1.52056889006645        0.91484559288270       -0.80161232729346
c            0.65835825614694       -0.33401442567731       -0.99773028813106
c            1.38438701570656       -0.31067446211227        1.29489541226662
c            2.23150125712449        0.64332471673316        0.49775079948716
o            1.39745507916149       -1.47098893586807       -1.42291910827278
c           -0.38332057448237       -1.99260638756510        0.64295071488535
c            3.39637813294797        1.14879944845492        0.85983518783354
c           -2.25435175371046        0.32877485108572        0.00457894471381
c           -2.51557237363996        0.79931542398794       -1.20583809012554
h           -1.17590036073855        0.40547395326507        1.80526374009845
o           -1.27547658342248       -2.44256685043562       -0.35333070941860
c           -3.32446192384957       -0.39321530322744        0.77230052490236
h           -1.15707097201803        2.65497444699262        0.51252367973185
h            0.23406144976037        2.16186339856002        1.46909680519600
h            0.01792590703734        2.25705126633030       -1.55363369047596
h            1.18458397930307        3.01864690046467       -0.47914235160917
h            2.21108199443607        1.08497627286272       -1.63267459806758
h           -0.15952292436702       -0.15710892994230       -1.70669792863977
h            1.93027561371222       -1.24612704838606        1.43694640483688
h            1.13699712679538        0.07887249391461        2.28206041624136
h            1.93523353155995       -1.21723239037429       -2.18261718037976
h           -0.92386339907492       -2.05746230896069        1.59041199359793
h            0.47751688126321       -2.67203401320723        0.68803899872744
h            3.84225211890647        0.92085746129803        1.81334562897247
h            3.95009585803126        1.81461352860357        0.21924738109321
h           -3.48009508155677        0.64722546829224       -1.66159662972462
h           -1.81125371056384        1.35332001353849       -1.79881314837788
h           -0.78125017704541       -2.46957022028827       -1.18186125175526
h           -4.27496159786429       -0.34348018477727        0.24598239660354
h           -3.06032342162451       -1.44182989854534        0.89057762376020
h           -3.44929191488715        0.04377976072242        1.76267224311673
35
 energy: -46.160992552741 gnorm: 0.001397014445 xtb: 6.7.1 (edcfbbe)
c            0.13221413770953       -0.56242913964673        0.42602343607061
c           -0.93958399757966        0.51511472883018        0.73923930181529
c           -0.34122380027894        1.92895778440126        0.56919693927628
c            0.58479858262267        2.11637110544547       -0.63507895833893
c            1.52073718275058        0.91477387991733       -0.80219749813405
c            0.66200627990747       -0.33619388590029       -0.99992141759898
c            1.38469830768870       -0.31341781431474        1.29236965783043
c            2.22906205183093        0.64551418880051        0.49875930336088
o            1.40595170227394       -1.47203922260287       -1.42047515925215
c           -0.38304877308936       -1.99399529824744        0.63936428705443
c            3.39060587230197        1.15613194679534        0.86423783441742
c           -2.25477572288016        0.32997609526708        0.00606376926411
c           -2.51640935465029        0.79810364778771       -1.20530967347382
h           -1.17291086453240        0.40010378553560        1.80409947270626
o           -1.28064498567907       -2.44159348472822       -0.35306021030533
c           -3.32617130694641       -0.38534168065998        0.77787417250355
h           -1.15831341514672        2.65048051872237        0.51186488613963
h            0.23403747930416        2.15953547185715        1.46776627695473
h            0.01530431420583        2.25312553068609       -1.55495124877930
h            1.18116143932137        3.01830841432961       -0.48188387297735
h            2.21215133296916        1.08683983970624       -1.63198293057302
h           -0.15347309595468       -0.16266771499071       -1.71275171170419
h            1.93273357346119       -1.24810066240753        1.43014085538276
h            1.13607930517724        0.07156052556949        2.28076345348668
h            1.95385769703143       -1.21573825827362       -2.17224510811886
h           -0.91935522623718       -2.05916204720460        1.58892347231535
h            0.47719795702170       -2.67420615352471        0.67933552159237
h            3.83761226649099        0.92696803746879        1.81689396163612
h            3.94465349639015        1.82156987258603        0.22367244241334
h           -3.48163986226240        0.64629281581443       -1.66035544541003
h           -1.80843226058179        1.34150611860745       -1.80406161573665
h           -0.79183425267371       -2.46850073225467       -1.18441804497610
h           -4.27920217569010       -0.32540645582789        0.25786484874619
h           -3.06968095919771       -1.43625880088019        0.89074633570403
h           -3.44033734214404        0.04936820818883        1.77025876506293
35
 energy: -46.161007158810 gnorm: 0.001370373775 xtb: 6.7.1 (edcfbbe)
c            0.13317872440467       -0.56458400791218        0.42273440627443
c           -0.93774459341263        0.51167094894898        0.73754465135457
c           -0.34182855926042        1.92629835133092        0.56776877936606
c            0.58172176109278        2.11429439907800       -0.63836762927410
c            1.52087570425858        0.91478820268624       -0.80250128485605
c            0.66687790542488       -0.33922020623185       -1.00163236613906
c            1.38461814105119       -0.31625930007049        1.29056221455662
c            2.22710004046531        0.64581884488880        0.49936746202469
o            1.41778474857921       -1.47322143028494       -1.41545553492986
c           -0.38347720643760       -1.99606663650380        0.63408633403292
c            3.38676782640129        1.15882216539357        0.86754334211513
c           -2.25373228435968        0.32858175427232        0.00604734485208
c           -2.51613431949178        0.79429769544501       -1.20655557217407
h           -1.16939401928439        0.39458537111301        1.80269871963030
o           -1.28463239241427       -2.43955172154992       -0.35656226066201
c           -3.32680895954498       -0.37675698034133        0.78458679650944
h           -1.16111189077288        2.64497534441059        0.51006322665996
h            0.23388271441247        2.15970134340057        1.46514944271993
h            0.00964944322834        2.24547359031883       -1.55733612690589
h            1.17486221224876        3.01888777765399       -0.48931565774099
h            2.21359780607834        1.08862670363209       -1.63072734526956
h           -0.14628068774493       -0.17090773623196       -1.71908424353082
h            1.93491556565820       -1.24992850345160        1.42491602272052
h            1.13406683181680        0.06455921057631        2.28005127963740
h            1.97343938207024       -1.21472808952736       -2.16067537238533
h           -0.91697617294385       -2.06289528200534        1.58489143121496
h            0.47644049033621       -2.67689722585496        0.67010896276835
h            3.82977886929673        0.93472885513813        1.82337163204670
h            3.93755485954698        1.83085026680985        0.23058272956594
h           -3.48606629278359        0.65293386454807       -1.65506075111918
h           -1.80777781965709        1.33473324421897       -1.80669838953292
h           -0.79854774670784       -2.46895284642946       -1.18944768063462
h           -4.28234052340200       -0.30827124523932        0.27152002368816
h           -3.07709936722535       -1.42917531122578        0.89477127174881
h           -3.42933460799337        0.05833975384893        1.77782024002223
35
 energy: -46.161014713620 gnorm: 0.000655816281 xtb: 6.7.1 (edcfbbe)
c            0.13364429877412       -0.56572694769624        0.42192639454366
c           -0.93669604513895        0.51157657315177        0.73628018643860
c           -0.34182883859142        1.92694054290920        0.56684650059634
c            0.58085585332005        2.11307481847287       -0.64023399134627
c            1.52170954207884        0.91463320630714       -0.80267763067920
c            0.66867516100473       -0.33998697243968       -1.00205468736883
c            1.38505957731477       -0.31792167162450        1.29003293965795
c            2.22640880478841        0.64723600603630        0.50070847162510
o            1.42161914425433       -1.47308551426884       -1.41428539670239
c           -0.38448162210693       -1.99731506099797        0.63155063196613
c            3.38447972204794        1.16282809559249        0.87094912225843
c           -2.25413055192763        0.32904032073946        0.00692038186580
c           -2.51707046088296        0.79327390112837       -1.20597262716388
h           -1.16717948862898        0.39492861450647        1.80177391660927
o           -1.28745891010334       -2.43739218622624       -0.35891421424421
c           -3.32718483751620       -0.37393164652457        0.78785454525536
h           -1.16125513873654        2.64568211371488        0.50994911817703
h            0.23497868613311        2.16031551940613        1.46362120863099
h            0.00794008141458        2.24175695021090       -1.55909657378504
h            1.17285013680394        3.01888236882312       -0.49363202698676
h            2.21560799960838        1.08840681716442       -1.63012992675449
h           -0.14390970734212       -0.17321086572010       -1.72045342862735
h            1.93616162704092       -1.25149158471312        1.42310996796750
h            1.13427101501119        0.06111752987273        2.28032975985346
h            1.97996685962698       -1.21289615076888       -2.15680256211342
h           -0.91718992552768       -2.06530691335283        1.58297839530938
h            0.47488317078701       -2.67928759067356        0.66566369714004
h            3.82744766166618        0.93607018150490        1.82611657593697
h            3.93574544712668        1.83433177297931        0.23404656267569
h           -3.48668247422874        0.65024714534097       -1.65453632615714
h           -1.80787893248799        1.32980941514603       -1.80886574095574
h           -0.80159925213554       -2.46801518885939       -1.19219633426942
h           -4.28399675734329       -0.30281472934471        0.27719344994025
h           -3.07975503745886       -1.42737304448809        0.89720407959609
h           -3.42618122571069        0.06115533954418        1.78156165946485
35
 energy: -46.161018657028 gnorm: 0.000479451431 xtb: 6.7.1 (edcfbbe)
c            0.13371861143703       -0.56576253747087        0.42133619803575
c           -0.93629912088350        0.51212552748880        0.73660310784804
c           -0.34059373415318        1.92708973353283        0.56543098964395
c            0.58143191200317        2.11305553369635       -0.64203552638894
c            1.52234530110439        0.91455757779038       -0.80265560117419
c            0.66950549407114       -0.34003619528237       -1.00258246509089
c            1.38490116520119       -0.31898143049039        1.28983992848198
c            2.22613436509244        0.64740115175088        0.50157042357794
o            1.42221421405674       -1.47307717299490       -1.41506135485099
c           -0.38579155379546       -1.99713594619055        0.62969012932410
c            3.38296806215116        1.16459497688293        0.87346278147548
c           -2.25447649288375        0.32924864012071        0.00828345035109
c           -2.51755298751541        0.79096629660272       -1.20547042900332
h           -1.16595275120059        0.39648825962400        1.80241515660727
o           -1.28930593272256       -2.43486538526108       -0.36117161747247
c           -3.32713589269637       -0.37292845881984        0.79039546100986
h           -1.15954367886010        2.64648404260910        0.50937496342600
h            0.23695144423996        2.15992399361798        1.46190880562061
h            0.00826606203313        2.23984470481701       -1.56103055277194
h            1.17279981997108        3.01963444184565       -0.49706879875887
h            2.21726169142417        1.08776952864334       -1.62941412264968
h           -0.14285851070566       -0.17287586833193       -1.72087799496460
h            1.93593380080162       -1.25287352567630        1.42172855828456
h            1.13470713283150        0.05897391667944        2.28080266724360
h            1.98292560470604       -1.21114045719353       -2.15553587727886
h           -0.91849570224599       -2.06584455328133        1.58119618448543
h            0.47289737957024       -2.67997717927808        0.66299755280804
h            3.82483010961289        0.93716731434992        1.82895581931996
h            3.93415413388472        1.83699755146245        0.23761731644293
h           -3.48674208592037        0.64591772863034       -1.65423157226646
h           -1.80825134955453        1.32531984724904       -1.81036325482293
h           -0.80269286590102       -2.46676912898127       -1.19409017139869
h           -4.28427995460455       -0.30203613624869        0.28026005397845
h           -3.08044824027006       -1.42653685301442        0.90071919224220
h           -3.42569986734522        0.06283122597464        1.78376669704040
35
 energy: -46.161021277307 gnorm: 0.000520935169 xtb: 6.7.1 (edcfbbe)
c            0.13375398855027       -0.56551917433714        0.42095917535235
c           -0.93595983918108        0.51276894776623        0.73612975559574
c           -0.33973687823232        1.92742251881528        0.56416686313796
c            0.58196832855800        2.11269019502991       -0.64345377901915
c            1.52329979329299        0.91444153606259       -0.80246711729213
c            0.67003815595082       -0.33972978835820       -1.00282001923291
c            1.38469280906668       -0.31971834429225        1.28975252253497
c            2.22597130756093        0.64737004050647        0.50246701664669
o            1.42230058778131       -1.47296024003144       -1.41550857280953
c           -0.38670341254151       -1.99662978345774        0.62804184176218
c            3.38185974878850        1.16533178560941        0.87595226067323
c           -2.25460152739993        0.32898091119632        0.00893779558095
c           -2.51855782756558        0.78919404421654       -1.20506232487933
h           -1.16482830887937        0.39777409518359        1.80211709346252
o           -1.28907933948383       -2.43329222101340       -0.36419903361603
c           -3.32665891114008       -0.37232061650810        0.79255598984238
h           -1.15827640486475        2.64730887986991        0.50837076287903
h            0.23847319819162        2.16008060623715        1.46028609016996
h            0.00881540851352        2.23786688407916       -1.56268951654787
h            1.17262052088042        3.01988714876569       -0.49951982006052
h            2.21918735519599        1.08707593727306       -1.62851772001458
h           -0.14220861767251       -0.17201912134091       -1.72105787039505
h            1.93565794080065       -1.25374091062010        1.42088601697507
h            1.13446530087770        0.05748380109207        2.28092021721260
h            1.98205261817926       -1.21142448245726       -2.15615890011645
h           -0.92055186094342       -2.06553592973081        1.57879983125181
h            0.47149388385922       -2.67982722608562        0.66204570498882
h            3.82238250513780        0.93793627903713        1.83208091827965
h            3.93344841221385        1.83838512868816        0.24128503319595
h           -3.48794384843765        0.64312437891989       -1.65315704850601
h           -1.81000349707662        1.32349557000025       -1.81074668232411
h           -0.80062988619333       -2.46688608434514       -1.19598712077684
h           -4.28369702018337       -0.30365369509322        0.28201058501555
h           -3.07925590808546       -1.42536275577253        0.90543071407560
h           -3.42596319258446        0.06555284994800        1.78491543531236
35
 energy: -46.161023277119 gnorm: 0.000407774789 xtb: 6.7.1 (edcfbbe)
c            0.13358412755054       -0.56552148943932        0.42041994629586
c           -0.93543409691431        0.51328427287771        0.73579721505015
c           -0.33910473773876        1.92776647271642        0.56316819496883
c            0.58263680130145        2.11231883946529       -0.64449906301645
c            1.52410955928358        0.91402990207328       -0.80244911600158
c            0.67001560586966       -0.33951047130913       -1.00325456504155
c            1.38447547268307       -0.32066337977875        1.28932335351626
c            2.22568406416570        0.64720494568131        0.50309460709177
o            1.42084667151631       -1.47341507739868       -1.41674290487717
c           -0.38761702770243       -1.99630204327712        0.62686450957518
c            3.38047413843369        1.16636505282529        0.87833265190212
c           -2.25416537244356        0.32844124449124        0.00931385690391
c           -2.51867946516123        0.78664092751634       -1.20535878317996
h           -1.16372269975411        0.39878738650069        1.80192927485535
o           -1.28966229241247       -2.43210173018861       -0.36621089597911
c           -3.32578614279084       -0.37165694069040        0.79463079150954
h           -1.15740005557515        2.64793028372347        0.50726112696496
h            0.23951438584922        2.16051920770840        1.45900938972498
h            0.00950618855996        2.23659304488113       -1.56388312428560
h            1.17293121836116        3.01979298179989       -0.50108244067473
h            2.22076112660635        1.08615095273341       -1.62792972772539
h           -0.14209311940024       -0.17057265882465       -1.72139179318543
h            1.93550722576607       -1.25482672134286        1.41901924044249
h            1.13435003569389        0.05523416337580        2.28097707437002
h            1.98270168346897       -1.21129947998493       -2.15624950927045
h           -0.92198468202801       -2.06511532846657        1.57732874024260
h            0.47025946468886       -2.67990039405444        0.66099481983914
h            3.81969341821965        0.93962186038847        1.83526024489778
h            3.93219667867509        1.84064871480539        0.24502703076345
h           -3.48858227745673        0.64042238847537       -1.65226789477393
h           -1.81076350289247        1.32104319322212       -1.81166701887900
h           -0.80051858870659       -2.46592909288941       -1.19774065609518
h           -4.28291294624092       -0.30496438460140        0.28371020852454
h           -3.07757200209449       -1.42426584686738        0.91006363322558
h           -3.42542327444664        0.06880036870559        1.78596768067591
35
 energy: -46.161024808435 gnorm: 0.000284397571 xtb: 6.7.1 (edcfbbe)
c            0.13368234987059       -0.56585768073581        0.41959463740149
c           -0.93498647762897        0.51312696458212        0.73543014155860
c           -0.33887272328592        1.92764778574038        0.56237970457067
c            0.58304053569330        2.11211847625206       -0.64530246725168
c            1.52482139257505        0.91383804789914       -0.80253757685741
c            0.67075382116783       -0.33970514196412       -1.00376430531863
c            1.38448551423564       -0.32147803185886        1.28885693205883
c            2.22545451469805        0.64735474696778        0.50356353465336
o            1.42144607197259       -1.47384576152067       -1.41718380681067
c           -0.38799671186636       -1.99650161478667        0.62576844791932
c            3.37923389373424        1.16767960634672        0.88035999817009
c           -2.25408088251945        0.32844576148375        0.00962736324534
c           -2.51917473373439        0.78573978174377       -1.20530086356999
h           -1.16284272303594        0.39869515723832        1.80170476020556
o           -1.28979181510558       -2.43209221526565       -0.36781807878294
c           -3.32552109793683       -0.37041634696927        0.79641505490201
h           -1.15731562908563        2.64761125044537        0.50603956591766
h            0.23949394427457        2.16085013312673        1.45826643246628
h            0.00988660905002        2.23579539831043       -1.56477498511432
h            1.17308598262336        3.01980025945522       -0.50219435756336
h            2.22188712544165        1.08597521585259       -1.62764541312035
h           -0.14105579333464       -0.17056062905914       -1.72225920779962
h            1.93577769150203       -1.25566905992670        1.41719165936580
h            1.13421276506469        0.05296683938080        2.28104529379461
h            1.98305217542238       -1.21260850531619       -2.15675711516904
h           -0.92288737751556       -2.06529101391045        1.57593110309123
h            0.46960036891895       -2.68049316087376        0.66028939772777
h            3.81746468301502        0.94160706144105        1.83794141961230
h            3.93100486714727        1.84303006298012        0.24809050333043
h           -3.48956923487871        0.63987151692689       -1.65120190750486
h           -1.81130555720764        1.31937302556686       -1.81243049638321
h           -0.80029525270654       -2.46590423048850       -1.19914084524255
h           -4.28270938088251       -0.30551126261277        0.28538642649035
h           -3.07670853785579       -1.42259787412204        0.91457800521542
h           -3.42544479489253        0.07255660252348        1.78661714314641
35
 energy: -46.161026275798 gnorm: 0.000265834620 xtb: 6.7.1 (edcfbbe)
c            0.13400755461395       -0.56641782355229        0.41876739042710
c           -0.93444516682193        0.51259679540094        0.73478754527448
c           -0.33862841854553        1.92723085132854        0.56166612532962
c            0.58335664594484        2.11166673421791       -0.64600719153049
c            1.52536749086702        0.91344226524948       -0.80262807063136
c            0.67145101787974       -0.34013979511739       -1.00435941344380
c            1.38489718890448       -0.32279900835768        1.28818720511833
c            2.22511207193168        0.64755026180950        0.50403256336883
o            1.42227382679083       -1.47426488164887       -1.41750271617204
c           -0.38826013639717       -1.99689978684107        0.62462544750105
c            3.37745875139492        1.16978507054218        0.88248171527699
c           -2.25404904046560        0.32832102145327        0.00981676450095
c           -2.51955115099774        0.78487569125521       -1.20525562501205
h           -1.16171691775408        0.39800866227685        1.80117307704122
o           -1.29039917880774       -2.43201883454626       -0.36892707743842
c           -3.32553289079821       -0.36851636789441        0.79834145145095
h           -1.15743206022390        2.64669398959471        0.50467362863703
h            0.23933619264705        2.16115805284376        1.45761159066859
h            0.01022042842406        2.23511383851532       -1.56550003511673
h            1.17333644091137        3.01936744329707       -0.50295867465978
h            2.22281121323654        1.08569604588869       -1.62737406637158
h           -0.13998077829502       -0.17093812404465       -1.72331044020386
h            1.93674148029163       -1.25691370935770        1.41473153027599
h            1.13466665515500        0.04987820711191        2.28101435595349
h            1.98467581461958       -1.21322934253423       -2.15659566409729
h           -0.92316551319353       -2.06568554927618        1.57475966774502
h            0.46898898797693       -2.68138533103251        0.65908292950309
h            3.81477969915672        0.94438768632692        1.84061455998853
h            3.92905598997417        1.84599443165606        0.25099002735623
h           -3.49020672775433        0.63916772008558       -1.65057255780316
h           -1.81152365640466        1.31726513265094       -1.81323248068667
h           -0.80129335056185       -2.46510984217810       -1.20043149961850
h           -4.28263290040522       -0.30555161376696        0.28710560757837
h           -3.07627088452854       -1.42017421967358        0.91978558838829
h           -3.42562309583124        0.07739549317004        1.78717283975653
35
 energy: -46.161027813570 gnorm: 0.000289016409 xtb: 6.7.1 (edcfbbe)
c            0.13435795951112       -0.56740444888063        0.41768354012802
c           -0.93363326890994        0.51180178586727        0.73443388109385
c           -0.33844508530700        1.92666726037948        0.56082392829599
c            0.58375509318549        2.11101925328854       -0.64669566516756
c            1.52598101522900        0.91292819894930       -0.80290802459706
c            0.67246421618963       -0.34085302368302       -1.00511574493714
c            1.38528445846684       -0.32447103026742        1.28713584610014
c            2.22462431067173        0.64782195228230        0.50450178212975
o            1.42379634058463       -1.47467975510564       -1.41790221385210
c           -0.38857218333966       -1.99767535744605        0.62323706299713
c            3.37499214091249        1.17294350307352        0.88502623377793
c           -2.25376811282305        0.32794504944182        0.01026880801392
c           -2.51934957041126        0.78320250009945       -1.20531713898060
h           -1.16031599629944        0.39712891774716        1.80092902510274
o           -1.29198223442679       -2.43155419518607       -0.36969338506502
c           -3.32556896994377       -0.36603747816606        0.80077010646261
h           -1.15762446459127        2.64565228726610        0.50332781159503
h            0.23919490612453        2.16117708218377        1.45680091753311
h            0.01075044463247        2.23434673227923       -1.56626066300567
h            1.17368668038458        3.01872525279534       -0.50357837572094
h            2.22398508896643        1.08524496647252       -1.62718863908814
h           -0.13862378846556       -0.17174614311811       -1.72448015521340
h            1.93770789093158       -1.25854956314842        1.41137972320200
h            1.13524671977248        0.04599331282733        2.28079546544270
h            1.98686953648967       -1.21350849758651       -2.15637684174061
h           -0.92268370355042       -2.06657231716843        1.57384388714453
h            0.46833171330668       -2.68275051957900        0.65660579556110
h            3.81145446797233        0.94797377802238        1.84362510089367
h            3.92595391288839        1.85055574558256        0.25450506377299
h           -3.49047126135150        0.63828989656481       -1.64991375294870
h           -1.81069578965535        1.31325636809172       -1.81468216518809
h           -0.80419103506068       -2.46309962562355       -1.20201611628069
h           -4.28237960022894       -0.30514779823960        0.28874602675869
h           -3.07620652338453       -1.41717192324270        0.92679788575124
h           -3.42609972553670        0.08409899807964        1.78765708838355
35
 energy: -46.161029165604 gnorm: 0.000222169726 xtb: 6.7.1 (edcfbbe)
c            0.13501960043330       -0.56845486288392        0.41664038283362
c           -0.93274616967226        0.51083597941134        0.73382954094036
c           -0.33794843516351        1.92587952239411        0.56015169531057
c            0.58404052238994        2.11044082623187       -0.64749542499016
c            1.52653180179256        0.91250114520326       -0.80303920952106
c            0.67359418985477       -0.34157395469625       -1.00595816313681
c            1.38598716746270       -0.32643647102655        1.28624937903402
c            2.22421938977343        0.64804010083636        0.50512466498757
o            1.42558106598324       -1.47507268722850       -1.41834223477939
c           -0.38875925305020       -1.99849759591937        0.62156769133316
c            3.37247520960351        1.17636567580751        0.88765308264678
c           -2.25351033476959        0.32735398635732        0.01063093488999
c           -2.51892103513643        0.78071410846164       -1.20570152147170
h           -1.15877226252265        0.39607416879867        1.80043660299902
o           -1.29449664679413       -2.43054327206809       -0.36999931720674
c           -3.32596921336603       -0.36300809454461        0.80337964085670
h           -1.15742132161864        2.64451640618135        0.50251970559016
h            0.23955844202220        2.16068702052669        1.45616215252629
h            0.01104132136100        2.23359260105276       -1.56713006859064
h            1.17380163526286        3.01827693665723       -0.50439038093097
h            2.22509146980086        1.08488378210519       -1.62684556464885
h           -0.13706524492317       -0.17264034063973       -1.72583690618178
h            1.93903378662314       -1.26050389948085        1.40809773611551
h            1.13624165123338        0.04178818738390        2.28082575654728
h            1.98952476986885       -1.21327750485678       -2.15603472272362
h           -0.92122008021683       -2.06784325150635        1.57310907560580
h            0.46764373340158       -2.68438034300891        0.65278796989653
h            3.80800273084746        0.95230656133342        1.84690397845501
h            3.92252681517973        1.85555145858735        0.25804895325438
h           -3.49032556872017        0.63616941713147       -1.64985943151514
h           -1.80968867438488        1.30855207311726       -1.81632920599525
h           -0.80877934946895       -2.46062420442136       -1.20356188690784
h           -4.28239388604848       -0.30458206145872        0.29027799080270
h           -3.07670895957519       -1.41354157460801        0.93487959786565
h           -3.42736328452927        0.09200132562239        1.78801360446386
35
 energy: -46.161030335694 gnorm: 0.000155919420 xtb: 6.7.1 (edcfbbe)
c            0.13548614266656       -0.56939081030121        0.41559256743415
c           -0.93204914989824        0.50994106193795        0.73343973317123
c           -0.33753526533858        1.92510471615271        0.55965265502409
c            0.58418962870568        2.10976519944625       -0.64812792884123
c            1.52722666404075        0.91225761074707       -0.80314440851770
c            0.67487544314662       -0.34212373408488       -1.00664974107760
c            1.38648901295122       -0.32816812052178        1.28528770958139
c            2.22385508807505        0.64833143933712        0.50577550449793
o            1.42779651222123       -1.47512656790779       -1.41865416848918
c           -0.38885710053373       -1.99930406239910        0.61977573269513
c            3.37017086087286        1.17943070139060        0.89015221044831
c           -2.25322122459914        0.32669883964937        0.01090470536936
c           -2.51837008225090        0.77772950940783       -1.20630558745353
h           -1.15749224305280        0.39493993835594        1.80014303516232
o           -1.29751944628271       -2.42909294384258       -0.36997210969913
c           -3.32639053836411       -0.35978347646591        0.80594513027706
h           -1.15713494003206        2.64362858260870        0.50240802849333
h            0.24033410766183        2.15988379451966        1.45543561806295
h            0.01098201959773        2.23235950500920       -1.56769917092095
h            1.17351330673128        3.01795015347993       -0.50543790461362
h            2.22647512800275        1.08477906274798       -1.62635489709330
h           -0.13530571085235       -0.17356978471925       -1.72709322579452
h            1.94013915222508       -1.26214484263757        1.40514543831813
h            1.13684724020467        0.03801675712494        2.28062919650315
h            1.99218933144470       -1.21264257024235       -2.15582138381749
h           -0.91898605733254       -2.06958433201039        1.57256168992415
h            0.46709920897696       -2.68587383770642        0.64789614292112
h            3.80490536653724        0.95604784277926        1.84989097041248
h            3.91928449925725        1.86026861298910        0.26156477192814
h           -3.49008837291130        0.63366042924221       -1.64988376970076
h           -1.80847533068558        1.30297082829147       -1.81841910250927
h           -0.81426719228665       -2.45818135653128       -1.20493799867250
h           -4.28218669592012       -0.30440386195041        0.29143309448053
h           -3.07704416887179       -1.40945032863192        0.94368606779360
h           -3.42910961117274        0.10062720958866        1.78794749305727
35
 energy: -46.161031430327 gnorm: 0.000177249567 xtb: 6.7.1 (edcfbbe)
c            0.13621310043302       -0.57033460014104        0.41434862057736
c           -0.93119674079244        0.50894310916950        0.73282293786001
c           -0.33701427242382        1.92427232129133        0.55937471046704
c            0.58401359138472        2.10922805830969       -0.64879248869002
c            1.52781316174885        0.91226840189731       -0.80298440164763
c            0.67639798484603       -0.34256959498248       -1.00751491890995
c            1.38687715507526       -0.32979000048528        1.28459961112977
c            2.22340885506643        0.64865801314544        0.50666115338418
o            1.43052036871717       -1.47502866683878       -1.41885734824225
c           -0.38864030861609       -2.00012814358366        0.61758316502350
c            3.36790042171277        1.18230484028345        0.89292248190787
c           -2.25283478082879        0.32596561445667        0.01107453740654
c           -2.51768430494513        0.77377866952902       -1.20739427556857
h           -1.15616947687847        0.39359879237763        1.79957021053815
o           -1.30140385974817       -2.42710759945482       -0.36955202465586
c           -3.32683306636401       -0.35598556756507        0.80881762206028
h           -1.15664454537001        2.64282439453467        0.50278716707049
h            0.24135294731037        2.15862380337878        1.45495888865125
h            0.01046481941289        2.23078672940699       -1.56829387214518
h            1.17257095204779        3.01800372955849       -0.50668087694254
h            2.22781797371042        1.08513184217803       -1.62546474317909
h           -0.13316076422065       -0.17451518615588       -1.72871592952714
h            1.94103950505632       -1.26372157866934        1.40251333111274
h            1.13714703238912        0.03441275476534        2.28064706067573
h            1.99491623746286       -1.21201797748487       -2.15578579794573
h           -0.91538651001450       -2.07170582818444        1.57217675272364
h            0.46692862903058       -2.68730440216417        0.64125678903179
h            3.80190163345744        0.95943835435368        1.85310511791135
h            3.91623299720367        1.86468858951105        0.26537369734082
h           -3.48983045688680        0.63010452973671       -1.65015459678855
h           -1.80719517197219        1.29611866113662       -1.82129202332930
h           -0.82149858228138       -2.45544909010553       -1.20648133783295
h           -4.28186770049557       -0.30455888905955        0.29241600235051
h           -3.07701841311310       -1.40453522073410        0.95418386635206
h           -3.43131282818051        0.11115230144173        1.78753701018472
35
 energy: -46.161032225273 gnorm: 0.000131586338 xtb: 6.7.1 (edcfbbe)
c            0.13665773544489       -0.57089948510600        0.41330897605667
c           -0.93082459320194        0.50813895579019        0.73229993407559
c           -0.33680565469777        1.92356903537319        0.55929672877251
c            0.58374616087780        2.10894726793755       -0.64909994395876
c            1.52851931418394        0.91267648998490       -0.80280079371444
c            0.67791539754105       -0.34261792001921       -1.00805926003249
c            1.38714351410858       -0.33095520264398        1.28394434342171
c            2.22321469623325        0.64900394575352        0.50736170715066
o            1.43309879146183       -1.47458134438377       -1.41890441791652
c           -0.38828555140247       -2.00070867935628        0.61567949829999
c            3.36665361705365        1.18385543209193        0.89503040575053
c           -2.25263315296178        0.32525335302085        0.01091407661262
c           -2.51721827404127        0.76998075456321       -1.20871214419834
h           -1.15550133846418        0.39228349230668        1.79904604368644
o           -1.30508231779089       -2.42529106634225       -0.36870773010899
c           -3.32732457017657       -0.35254103072144        0.81126207228486
h           -1.15646471591751        2.64216561333244        0.50350495870067
h            0.24205173928997        2.15745968662273        1.45469145735948
h            0.00973460271675        2.22940481181838       -1.56845212993642
h            1.17143808079724        3.01838958759228       -0.50768466603415
h            2.22913661087526        1.08604022181824       -1.62466398134953
h           -0.13102201917800       -0.17501577661327       -1.73000438482315
h            1.94173631194934       -1.26478554010396        1.40071561507978
h            1.13704237525317        0.03184197846516        2.28040022744366
h            1.99734405724372       -1.21121432890257       -2.15588827065505
h           -0.91150279081414       -2.07376668023937        1.57208901336322
h            0.46699796428459       -2.68829807542048        0.63479389393744
h            3.79995199217469        0.96119707344345        1.85560321653758
h            3.91460647311445        1.86752764977121        0.26850532783095
h           -3.48969537258582        0.62629480427381       -1.65076436998062
h           -1.80626894801899        1.28970511322060       -1.82429939226907
h           -0.82847756025938       -2.45323364684676       -1.20750090082930
h           -4.28160719448076       -0.30547610424220        0.29305799768218
h           -3.07664633654251       -1.39981131903916        0.96409084785511
h           -3.43380346113614        0.12101209765353        1.78671214226030
35
 energy: -46.161032485417 gnorm: 0.000085698009 xtb: 6.7.1 (edcfbbe)
c            0.13668617852042       -0.57075109732821        0.41325843455114
c           -0.93088423069643        0.50815767420839        0.73226402444798
c           -0.33704029986781        1.92367470480260        0.55947006042974
c            0.58355698163602        2.10914106284381       -0.64887988706951
c            1.52839751223388        0.91288987608204       -0.80263762893742
c            0.67784053857155       -0.34241453704697       -1.00812939108325
c            1.38701819050193       -0.33065725325081        1.28410621409662
c            2.22324350064884        0.64904808017817        0.50738059410934
o            1.43308826504721       -1.47433174575449       -1.41893684537508
c           -0.38809018865150       -2.00061265109059        0.61571617842671
c            3.36708544119207        1.18326496048288        0.89488153234154
c           -2.25263054425783        0.32522155138139        0.01077855515128
c           -2.51713224589536        0.76959623637683       -1.20897927880127
h           -1.15566325926122        0.39221491404248        1.79898401266303
o           -1.30511863043841       -2.42529694854095       -0.36841220008736
c           -3.32734007553844       -0.35247957975425        0.81116443291871
h           -1.15675653658840        2.64218928770169        0.50355337966864
h            0.24168723569298        2.15761138808486        1.45493633484379
h            0.00955635897313        2.22960828288529       -1.56823239023572
h            1.17116903125189        3.01860668341807       -0.50736219957852
h            2.22892352243331        1.08643203946206       -1.62452538493855
h           -0.13108420804639       -0.17481721145576       -1.73013125280927
h            1.94154735109595       -1.26451219387973        1.40102264972283
h            1.13686997023361        0.03229310174263        2.28051529260628
h            1.99722668032487       -1.21111044640489       -2.15603976368030
h           -0.91103640670442       -2.07375193248514        1.57222662848981
h            0.46722324893063       -2.68810841207026        0.63458314398107
h            3.80060187165138        0.96004867590668        1.85522286712850
h            3.91542326424643        1.86657769648456        0.26828946611047
h           -3.48961207958529        0.62582838749668       -1.65098092849048
h           -1.80615508682151        1.28911909352376       -1.82468305573641
h           -0.82881817599731       -2.45314678862071       -1.20733150237995
h           -4.28157653936302       -0.30592706519604        0.29283811626708
h           -3.07636449150926       -1.39958044534472        0.96451734785342
h           -3.43401656102944        0.12152577597183        1.78631854175020
35
 energy: -46.161033027817 gnorm: 0.000206581554 xtb: 6.7.1 (edcfbbe)
c            0.13664442967116       -0.57030356618254        0.41325573234896
c           -0.93130457547136        0.50816029240704        0.73220252508093
c           -0.33784172397789        1.92387927503947        0.55992485317565
c            0.58306529253803        2.10975071010485       -0.64814238672236
c            1.52824285041788        0.91371811560624       -0.80228518786507
c            0.67792328055213       -0.34175592050493       -1.00802608691291
c            1.38672401303140       -0.32980242161681        1.28439218489137
c            2.22357096546496        0.64902575173831        0.50720423151264
o            1.43337700054439       -1.47348162290468       -1.41884129150225
c           -0.38749833809133       -2.00037282494316        0.61588120196104
c            3.36880194263339        1.18086751464485        0.89399831117733
c           -2.25278159171790        0.32501298654584        0.01029262734372
c           -2.51702595002108        0.76845475487110       -1.20985107753035
h           -1.15640148417383        0.39186158901494        1.79882354947922
o           -1.30530951123979       -2.42528978162153       -0.36743241736651
c           -3.32753432434553       -0.35227102411982        0.81095087748925
h           -1.15775610328485        2.64213668442892        0.50369848667439
h            0.24044085592261        2.15795228218989        1.45563366516846
h            0.00911953704661        2.23026714375745       -1.56750961832991
h            1.17043667820058        3.01930478984225       -0.50633816319632
h            2.22847824317453        1.08783674403775       -1.62429040420096
h           -0.13093338833826       -0.17421957239271       -1.73013929207707
h            1.94100370282304       -1.26370492638446        1.40219796882375
h            1.13624204088438        0.03387638229751        2.28046259816657
h            1.99698697166657       -1.21061982854249       -2.15646097955523
h           -0.90952641258999       -2.07381915940859        1.57281328890370
h            0.46805037692694       -2.68751201866979        0.63381333133264
h            3.80239099062482        0.95667189183639        1.85407818010590
h            3.91796061227641        1.86365578291977        0.26753640173428
h           -3.48946386768682        0.62432574982080       -1.65179994163801
h           -1.80606717972458        1.28773623081543       -1.82576100391122
h           -0.82997116924792       -2.45275831908310       -1.20682911807739
h           -4.28150279934540       -0.30743809591159        0.29200576164519
h           -3.07561361276278       -1.39885019547111        0.96610925252548
h           -3.43510216944644        0.12325577069166        1.78519803770018
35
 energy: -46.161033342494 gnorm: 0.000174548801 xtb: 6.7.1 (edcfbbe)
c            0.13664972063822       -0.56987823453768        0.41333817701754
c           -0.93180332729907        0.50809780676937        0.73217786982681
c           -0.33861980383479        1.92398110111239        0.56037585444829
c            0.58261052207628        2.11028653967511       -0.64736221217860
c            1.52808522412610        0.91453732579307       -0.80195672417971
c            0.67805541947744       -0.34114098519760       -1.00787707490189
c            1.38647858275707       -0.32891272617765        1.28473814409918
c            2.22376433503574        0.64929668743332        0.50718905409845
o            1.43391512517379       -1.47259543251118       -1.41858069224818
c           -0.38686075458478       -2.00016775537980        0.61594173506749
c            3.37026853471738        1.17892329578689        0.89312546497727
c           -2.25302938569330        0.32467977327829        0.00987522770284
c           -2.51696644784930        0.76744595352948       -1.21059153775898
h           -1.15717461653496        0.39144955636930        1.79869296345684
o           -1.30555732984501       -2.42508882515011       -0.36654751659464
c           -3.32794643608732       -0.35209121423475        0.81077450525081
h           -1.15871337211035        2.64203521746207        0.50396419752604
h            0.23923854468045        2.15808831968662        1.45634758967059
h            0.00881497516088        2.23094772683223       -1.56681166870219
h            1.16979087858231        3.01991740688555       -0.50520858080193
h            2.22809224876841        1.08917330053301       -1.62405608967840
h           -0.13070140387484       -0.17377485843828       -1.73011241014589
h            1.94059418482658       -1.26273692809675        1.40384817583020
h            1.13550249522188        0.03578825993788        2.28029399667357
h            1.99685147692123       -1.20982717174218       -2.15676055936945
h           -0.90792171546698       -2.07401572327853        1.57340946956908
h            0.46898094546975       -2.68700931237878        0.63279966759556
h            3.80461678648580        0.95286919794392        1.85244525172542
h            3.92058425917914        1.86037252281689        0.26622610841284
h           -3.48921769929009        0.62271760620701       -1.65277898685469
h           -1.80587984141261        1.28632571359322       -1.82672395891081
h           -0.83114011579744       -2.45212096574656       -1.20650686548970
h           -4.28146495622599       -0.30906939324331        0.29084957836334
h           -3.07521470086649       -1.39815982648561        0.96817383020821
h           -3.43685676959109        0.12520720580630        1.78405411464980
35
 energy: -46.161033522645 gnorm: 0.000105219430 xtb: 6.7.1 (edcfbbe)
c            0.13671468523308       -0.56967806332774        0.41342874101150
c           -0.93208268543032        0.50799430217848        0.73221757729926
c           -0.33908989647476        1.92399575429745        0.56072510541232
c            0.58232146349821        2.11059049058402       -0.64679332008706
c            1.52791009583531        0.91499531937461       -0.80173365887708
c            0.67810550267116       -0.34080513201609       -1.00780319889704
c            1.38630988836990       -0.32832640092403        1.28506589215119
c            2.22414780986317        0.64902981827906        0.50698895305587
o            1.43434037571423       -1.47203577884279       -1.41842421356773
c           -0.38643292327019       -2.00009460193584        0.61590866505558
c            3.37162794034142        1.17712983359679        0.89205763422672
c           -2.25312551043402        0.32426536150775        0.00964822790646
c           -2.51674657832163        0.76659813762172       -1.21104399696014
h           -1.15763811009254        0.39116360666945        1.79866500624890
o           -1.30575327836097       -2.42482160873157       -0.36605679085569
c           -3.32833335494428       -0.35197187439405        0.81061120511378
h           -1.15926451127708        2.64196901886505        0.50426631788352
h            0.23854235965287        2.15804943789786        1.45686062771706
h            0.00861941374337        2.23153478870885       -1.56628808603868
h            1.16943411654851        3.02023008287830       -0.50431316747187
h            2.22771500356002        1.08988763024321       -1.62394701065595
h           -0.13060237071160       -0.17358548195714       -1.73009662797905
h            1.94017296584735       -1.26211992379905        1.40530515868291
h            1.13504174887067        0.03738564286001        2.28019034684824
h            1.99679356151257       -1.20908468569335       -2.15692013687054
h           -0.90682169142618       -2.07433045037936        1.57375716186834
h            0.46957570905636       -2.68679755501131        0.63197294365270
h            3.80594686920753        0.95102178865130        1.85138249491067
h            3.92184429875795        1.85870046544502        0.26522670756371
h           -3.48895289779469        0.62190911341801       -1.65337323405073
h           -1.80555357051850        1.28538696808888       -1.82715025332614
h           -0.83191413764905       -2.45152418650349       -1.20639621146981
h           -4.28140367392784       -0.31034124392876        0.28973800587375
h           -3.07513550178669       -1.39763439071000        0.97003924127224
h           -3.43848753292926        0.12686498184188        1.78304999170788
35
 energy: -46.161033611143 gnorm: 0.000051115218 xtb: 6.7.1 (edcfbbe)
c            0.13670726434508       -0.56977119188941        0.41351487635226
c           -0.93214583812559        0.50786482025080        0.73231173563714
c           -0.33915041352944        1.92387513787532        0.56083656197619
c            0.58228808393390        2.11060482543131       -0.64664349107526
c            1.52785833108428        0.91504371857663       -0.80173535801717
c            0.67815308363254       -0.34081863730727       -1.00769050078509
c            1.38630639852730       -0.32830499874262        1.28509846030675
c            2.22417953058796        0.64897919954645        0.50694131541432
o            1.43449997210370       -1.47197374117658       -1.41838995729860
c           -0.38638872013064       -2.00020852043719        0.61587840525655
c            3.37172635575246        1.17713279187683        0.89177079202364
c           -2.25315458154152        0.32421086630556        0.00968043127044
c           -2.51661977568764        0.76653945771860       -1.21104490541983
h           -1.15774517397829        0.39100608459930        1.79875082962933
o           -1.30579257507687       -2.42475053041167       -0.36606338272334
c           -3.32849668782886       -0.35185382493578        0.81056034094626
h           -1.15931813861257        2.64185756060782        0.50445700360277
h            0.23850050592519        2.15787388366859        1.45697377679320
h            0.00861050318041        2.23170832084326       -1.56613243306967
h            1.16942076068281        3.02022049092415       -0.50405076499178
h            2.22764261410792        1.08995538730821       -1.62397210317683
h           -0.13059465275617       -0.17371846472514       -1.72994190546185
h            1.94011342903146       -1.26207914038737        1.40568829050450
h            1.13492428201487        0.03770173115982        2.28009162806374
h            1.99688013731567       -1.20879773173006       -2.15686073960467
h           -0.90666017894154       -2.07464249652925        1.57376705570662
h            0.46963083305575       -2.68689558024952        0.63174376520507
h            3.80631958967045        0.95102363368779        1.85096571823435
h            3.92186580188277        1.85848942116236        0.26464059298226
h           -3.48872926327142        0.62185115925198       -1.65357981568388
h           -1.80529348666449        1.28525447722629       -1.82704851014094
h           -0.83202612994300       -2.45131584230641       -1.20643582720290
h           -4.28133827542703       -0.31077064838857        0.28923393762552
h           -3.07514781379117       -1.39733567732845        0.97082114301571
h           -3.43920018859421        0.12759522337733        1.78262913246024
