35
 energy: -46.149826072727 gnorm: 0.050878253384 xtb: 6.7.1 (edcfbbe)
c            0.03227238599266       -0.79587398754520       -0.03515850375335
c            0.68410512869939        0.41743454093807       -0.81464669119243
c           -0.37053959396754        1.54799594695424       -1.02436492208867
c           -1.25977605877990        1.83394183940583        0.20762907753234
c           -1.79146345355924        0.51736626127098        0.83727607984231
c           -0.61565683590239       -0.36076766465567        1.31605754006518
c           -1.26087765844616       -1.24895474196958       -0.79839653688995
c           -2.38875455991278       -0.37538048035664       -0.24073650569666
o            0.20154923875457        0.33214179283089        2.25496615688056
c            0.99979878994834       -1.97827684314703        0.15796800640162
c           -3.66959514699532       -0.40104626086933       -0.62337845602281
c            2.04256241485015        0.92921600880503       -0.29438533577167
c            3.17570360356869        0.32044313396949       -0.68842434981961
h            0.90383214164464        0.00685263621420       -1.81321859941258
o            1.50926156701802       -2.53045673317677       -1.06404701902033
c            2.12789932607097        2.16933756794587        0.57825057988096
h            0.12798178993587        2.47224708122108       -1.35486418468777
h           -1.02440549509678        1.25485973238380       -1.86114212485121
h           -0.71150050254586        2.40415978901486        0.97187053099668
h           -2.11766505540421        2.45426279885600       -0.09987920864620
h           -2.50673219886871        0.74295718940019        1.64336466400999
h           -1.03181246385672       -1.27167442297074        1.79549229017270
h           -1.16299764512846       -1.15695367077211       -1.89162753591932
h           -1.47645767922970       -2.31175844498370       -0.58684840757102
h            0.93897168151206       -0.25387378666788        2.52050903481791
h            0.48397743613880       -2.75861056014655        0.75311590397011
h            1.88806768072782       -1.66303362161414        0.72475046548669
h           -4.02148911318096       -1.06549473969390       -1.41665210928747
h           -4.41868311787592        0.24291037957022       -0.15623744627597
h            4.15634751946901        0.67165512448594       -0.35772433039823
h            3.16526511994700       -0.55346478088349       -1.34192546726976
h            0.75476234585008       -2.89298691363885       -1.57110892224205
h            1.55683090949730        2.04883345659433        1.50711915599205
h            3.17497791527923        2.38940787070371        0.83448727248263
h            1.72390710353315        3.05487014703718        0.06011838901680
35
 energy: -46.156107920485 gnorm: 0.014657344848 xtb: 6.7.1 (edcfbbe)
c            0.02538810268004       -0.77787921142731       -0.03911917477685
c            0.67821464772231        0.41699258125672       -0.81225012335067
c           -0.37305360602059        1.53156790413198       -1.01549254825638
c           -1.25079051173611        1.81909916340045        0.20649498507833
c           -1.78224228375977        0.51468715454191        0.82257011794666
c           -0.60715784884789       -0.34504695985948        1.30707884314537
c           -1.25396595569063       -1.23417335889451       -0.79630420987036
c           -2.37236868397455       -0.36874058832695       -0.25035725873980
o            0.21364898154707        0.33898543013506        2.23237647487444
c            0.99591904673460       -1.95229469541626        0.15783724680214
c           -3.64009746961003       -0.39967824464182       -0.62501758345679
c            2.02380159966317        0.91935629775081       -0.28893723083726
c            3.14383094114125        0.31741335055874       -0.67843640238178
h            0.90649768038961        0.00810384981743       -1.80566049087800
o            1.49285218628866       -2.50628824258021       -1.05236403084112
c            2.10687339288545        2.14814274380293        0.57630937668030
h            0.13032607478412        2.44923883244060       -1.33177875439135
h           -1.02858063731539        1.23896932452321       -1.84214784418986
h           -0.69795198027357        2.36810178164350        0.97170466837745
h           -2.10129990485271        2.43652002776505       -0.10162660134531
h           -2.48712767750780        0.74107332677664        1.62734382838734
h           -1.01550623190129       -1.24879255350919        1.79563029636455
h           -1.15942979349402       -1.13945493692370       -1.88089090582877
h           -1.46994049054022       -2.28703510684622       -0.57474739161124
h            0.93802882480809       -0.24737660473088        2.49663676391622
h            0.49195144560725       -2.74128096564114        0.74082295285844
h            1.88815377521424       -1.63600626290396        0.70752945658527
h           -3.99297540410586       -1.06106766266207       -1.40376821459051
h           -4.38331183484034        0.23571725316058       -0.16496451206336
h            4.11638213054727        0.66491522308105       -0.35669953648464
h            3.14028441156861       -0.54944041151227       -1.32284561748897
h            0.74438563950087       -2.86546428911164       -1.55352160512966
h            1.53812916360106        2.02282126538973        1.49659817207581
h            3.14714016880497        2.35659310538287        0.83145131506173
h            1.71365962066917        3.02400712393867        0.05475402909014
35
 energy: -46.157057423769 gnorm: 0.004654971858 xtb: 6.7.1 (edcfbbe)
c            0.02630455447959       -0.77214681114910       -0.03831463037453
c            0.66647517283521        0.41440571614808       -0.81456481000361
c           -0.37575733427048        1.52821744352290       -1.01868335121376
c           -1.24132612028187        1.81390289000033        0.20686817828745
c           -1.77553557336091        0.51640631956193        0.82110959776850
c           -0.59931802654730       -0.33648585937375        1.30379877283250
c           -1.24469129883370       -1.22948414209598       -0.79110105081841
c           -2.35808546932181       -0.36821498440331       -0.24701310355111
o            0.22522400756801        0.34977800549260        2.21371892611533
c            1.00316189378182       -1.93873205946493        0.15542171530536
c           -3.62168586934951       -0.39981175564810       -0.62440852610697
c            2.00482167312792        0.91181998547787       -0.28994048410008
c            3.12013167935692        0.30517414477390       -0.67300783440417
h            0.89859937298156        0.00406042795635       -1.80530663370423
o            1.48567526857769       -2.48835185937970       -1.05418327026580
c            2.08257687102528        2.13122927195215        0.57958630754255
h            0.12753522972824        2.44163074210852       -1.33642412095714
h           -1.03633758172926        1.23207349744204       -1.83587495059730
h           -0.68011449990016        2.34779370313375        0.97208478289577
h           -2.08504466269593        2.43723111529051       -0.09630842691509
h           -2.47853189120238        0.74338299253809        1.62382947648464
h           -0.99978514892075       -1.23777490689638        1.80002431866057
h           -1.14974904744143       -1.13370014499807       -1.87244728119230
h           -1.45929070945656       -2.27801618578335       -0.56494880739299
h            0.94659750659491       -0.23383045891678        2.47418325689648
h            0.50807989970371       -2.72478101075459        0.74549796410083
h            1.89604679848082       -1.60918174817385        0.69181734526173
h           -3.96944968372231       -1.05303542391911       -1.40658525387321
h           -4.36200961968448        0.23859934587919       -0.17428439716989
h            4.08932080159457        0.64074640846297       -0.34205900731774
h            3.11812279942294       -0.55918280680033       -1.31473852428951
h            0.73501043682701       -2.83672892857169       -1.55164369423119
h            1.50666468438441        2.00021402913976        1.49105545502599
h            3.11881086795559        2.33031353420054        0.84383876535228
h            1.69722053797959        3.00476515775776        0.05721178668063
35
 energy: -46.157209079504 gnorm: 0.002553174227 xtb: 6.7.1 (edcfbbe)
c            0.02645686814421       -0.76966406991319       -0.03896100493486
c            0.66339981907026        0.41369039307850       -0.81956165383014
c           -0.38100281526311        1.52522760731388       -1.02193643356320
c           -1.23849680758492        1.81564924386266        0.20884349402383
c           -1.77243509730164        0.51685288377556        0.82134403129666
c           -0.59496760048352       -0.33420034908599        1.30490819265398
c           -1.24309303454149       -1.23301597654923       -0.78745187173877
c           -2.35350334836696       -0.36540158550299       -0.24894690446930
o            0.23071555041263        0.35289096986263        2.21124673064050
c            1.01017291908467       -1.93092970318347        0.15303638846787
c           -3.61591159765887       -0.39250795468104       -0.63317602097817
c            1.99950253788138        0.90837209014768       -0.29021438097389
c            3.11390730247135        0.29418002425534       -0.66575748614736
h            0.89497477819328        0.00132832385608       -1.80990755025061
o            1.48311026039363       -2.48158077470926       -1.05782397001244
c            2.07353232043545        2.12576444096150        0.58183529210919
h            0.12141131448265        2.43697213282406       -1.34454698279137
h           -1.04721402531214        1.22832389473620       -1.83431892694430
h           -0.66878984310485        2.34251679477969        0.97244198708751
h           -2.07998524810984        2.44526152566891       -0.08707912793847
h           -2.47621517775607        0.74360773281620        1.62322418266283
h           -0.99314132002530       -1.23560824178754        1.80312425812062
h           -1.14762367585975       -1.14085346537489       -1.86915097103192
h           -1.45903551506551       -2.28035032064335       -0.55689232140861
h            0.95659825092791       -0.22745366346381        2.46531937516322
h            0.52292910736152       -2.71499501762761        0.75242137467064
h            1.90514813863269       -1.59347235436135        0.68119641242037
h           -3.96244339202049       -1.05348461486498       -1.40967219025766
h           -4.35769257915010        0.24166871198423       -0.17959555953161
h            4.08314368687440        0.62487700471276       -0.32983410686545
h            3.11006422041657       -0.56598017289842       -1.31356433073227
h            0.72693520047627       -2.81923557835040       -1.55427524181890
h            1.48826600570193        1.99297564454822        1.48695742847078
h            3.10752907099248        2.32049501309158        0.85726570420147
h            1.69342124533821        3.00036505523206        0.05771067496146
35
 energy: -46.157298054231 gnorm: 0.002517207094 xtb: 6.7.1 (edcfbbe)
c            0.02823718958644       -0.76925458150012       -0.03905452910577
c            0.65956518083779        0.41459996003712       -0.82394676712503
c           -0.38696783881515        1.52443951927125       -1.02603408498663
c           -1.23551469054047        1.81701549200904        0.21152414063321
c           -1.77050507651087        0.51664105094730        0.82322251213972
c           -0.59106977764885       -0.33338566573532        1.30634151378583
c           -1.24186604107064       -1.23865897130015       -0.78158696346921
c           -2.35142182300275       -0.36763255710677       -0.24580069318116
o            0.23418505328714        0.35322157283576        2.21233683457282
c            1.01914538066872       -1.92559605492174        0.15022513762071
c           -3.61265590815205       -0.39113891879345       -0.63707077158229
c            1.99484858814843        0.90841131957194       -0.29287521813814
c            3.10830304464794        0.28622232407571       -0.66077477438411
h            0.88941541385541        0.00110620677195       -1.81459399647458
o            1.47944537116565       -2.47978480923099       -1.06253474755779
c            2.06616057258462        2.12349895303206        0.58258627777147
h            0.11234964011905        2.43519082752919       -1.35732640184424
h           -1.06014796955148        1.22338731055638       -1.83168687241090
h           -0.65641230198177        2.33756847874157        0.97233260673440
h           -2.07507891251523        2.45352764082666       -0.07527338913728
h           -2.47518103553915        0.74265866357942        1.62485268333814
h           -0.98763599593919       -1.23552702034019        1.80503143615524
h           -1.14850609930375       -1.15332354338751       -1.86471469644456
h           -1.45760490337703       -2.28475683402934       -0.54371645522803
h            0.96909913207845       -0.22162983016844        2.45503748150116
h            0.54280384914596       -2.70759986953878        0.76214355276514
h            1.91794751827180       -1.57925687905750        0.66682639906963
h           -3.95290712708981       -1.04645321089026       -1.42178488546819
h           -4.35256665126439        0.25460207028024       -0.19548348511121
h            4.07743931479487        0.60558829679079       -0.31159238112397
h            3.10115061039101       -0.57564783196665       -1.30723575996626
h            0.71437057647194       -2.79898814597617       -1.55919983442829
h            1.46986627379815        1.99029849090941        1.48065933184682
h            3.09767391503047        2.31271965867377        0.87145414373429
h            1.69370304710563        3.00022253201404        0.05592114623072
35
 energy: -46.157331886138 gnorm: 0.002137727135 xtb: 6.7.1 (edcfbbe)
c            0.02956064832877       -0.77080022172345       -0.03797488533311
c            0.65824431751391        0.41528880554010       -0.82402296047015
c           -0.38939372764195        1.52450379807811       -1.02597430912955
c           -1.23498201051568        1.81690312496621        0.21362093771914
c           -1.77037905975442        0.51597697901415        0.82485106307136
c           -0.59098452804861       -0.33522470728706        1.30742512825389
c           -1.24162126698736       -1.24176492401883       -0.77829716919096
c           -2.35052979635306       -0.36602776841515       -0.24701947470904
o            0.23315881497338        0.34977431395891        2.21602678215262
c            1.02216862955622       -1.92612524655831        0.14960191301321
c           -3.60974327261127       -0.38383784176719       -0.64527212473436
c            1.99380958890651        0.90839471757653       -0.29173122834597
c            3.10684330853694        0.28292047952387       -0.65545157211291
h            0.88777048970858        0.00270669284070       -1.81522627138455
o            1.47669540318573       -2.48378222838584       -1.06388193457119
c            2.06546611028801        2.12564877678642        0.58071802482113
h            0.10718701719018        2.43551003132060       -1.36193882696323
h           -1.06472361638856        1.21983717115201       -1.82866730516237
h           -0.65371066918595        2.33557383291370        0.97370549738229
h           -2.07419557163352        2.45530432253392       -0.06981398337704
h           -2.47602774726807        0.74089256974640        1.62622697557985
h           -0.98819676541430       -1.23819353590700        1.80430702941553
h           -1.14961245232787       -1.16283920156140       -1.86232207029281
h           -1.45786093599110       -2.28661730813896       -0.53411607711039
h            0.97492104028406       -0.22101998612831        2.44963912663767
h            0.55080568105763       -2.70728737068065        0.76672797649396
h            1.92337553020460       -1.57738748081285        0.66027411675112
h           -3.94907278869765       -1.04326282464696       -1.42709811246180
h           -4.35078015119967        0.26035799377817       -0.20343589806595
h            4.07596700508101        0.60270108069723       -0.30742398261242
h            3.09893728594424       -0.57748688525156       -1.30406735039392
h            0.70699187041807       -2.79002803879103       -1.56243984007645
h            1.46480459331209        1.99658807490527        1.47639924986013
h            3.09602881254965        2.31210329490046        0.87440208878660
h            1.69874573266636        3.00298515435204        0.05045795729135
35
 energy: -46.157354858444 gnorm: 0.001430376254 xtb: 6.7.1 (edcfbbe)
c            0.02987542881641       -0.77254870516720       -0.03699534379649
c            0.65813151310770        0.41507071097120       -0.82300806799734
c           -0.39141830526337        1.52280366068407       -1.02325507139463
c           -1.23569943169836        1.81592895968870        0.21644047918499
c           -1.77017139620015        0.51420166038205        0.82633614611098
c           -0.59103982398336       -0.33774091232558        1.30855856867857
c           -1.24205496812002       -1.24503131442615       -0.77580765038724
c           -2.35024204880758       -0.36618120324574       -0.24741057508572
o            0.23296118296012        0.34668768632664        2.21853019992270
c            1.02263409806377       -1.92750507893332        0.14963715730488
c           -3.60739582324196       -0.37846860320498       -0.65150893900140
c            1.99393472166849        0.90950909571032       -0.29128097357483
c            3.10716489514429        0.28402862763539       -0.65337066874736
h            0.88751868316006        0.00411407583993       -1.81486744370490
o            1.47282506200834       -2.48895840491355       -1.06425397850837
c            2.06593525637018        2.12900021448297        0.57811381304492
h            0.10310588573751        2.43418179040458       -1.36150337232482
h           -1.06714849878057        1.21574304322806       -1.82460627032815
h           -0.65443125865636        2.33430257314860        0.97644721152022
h           -2.07527906499998        2.45415544888090       -0.06590852735619
h           -2.47578857644799        0.73788817240552        1.62806993976131
h           -0.98921466520099       -1.24108636380563        1.80433234993262
h           -1.15175073181457       -1.17247477967109       -1.86041226586636
h           -1.45870433415627       -2.28832269729247       -0.52479546845853
h            0.98095167660372       -0.21996630784405        2.44305459628691
h            0.55379572564735       -2.70772268083422        0.76956747030558
h            1.92608543576848       -1.57883868618952        0.65584129747498
h           -3.94542320266506       -1.03544854748285       -1.43585389363648
h           -4.34828945425471        0.26816480726372       -0.21322658291112
h            4.07585057596558        0.60439355516800       -0.30548339392411
h            3.09976099496102       -0.57864876169994       -1.29882903565610
h            0.70020892631049       -2.78386049729060       -1.56490213137837
h            1.46267379891967        2.00499904511084        1.47271519136452
h            3.09603531812780        2.31375305666283        0.87390752124297
h            1.70426992463720        3.00616300484286        0.04393620263401
35
 energy: -46.157370181524 gnorm: 0.001265751608 xtb: 6.7.1 (edcfbbe)
c            0.02999231519251       -0.77587693105405       -0.03513234131455
c            0.65713651779499        0.41367387102359       -0.81965766686886
c           -0.39317678938432        1.52064344750093       -1.01870178152091
c           -1.23707082524428        1.81229219742021        0.22084408269908
c           -1.77039684844311        0.51014906948221        0.82942393705519
c           -0.59014894803828       -0.34080331540071        1.31002515306710
c           -1.24270132604202       -1.24917776487979       -0.77228738874272
c           -2.34977873938818       -0.36710886188733       -0.24746673634491
o            0.23564701901787        0.34485620062025        2.21822392181660
c            1.02174805816039       -1.93093299998846        0.15073558429033
c           -3.60367618728944       -0.37009393538190       -0.66075295854424
c            1.99302782667199        0.90962526010610       -0.28886374063056
c            3.10725036910982        0.28571948127285       -0.64992545638715
h            0.88683250580559        0.00453834160965       -1.81196733691426
o            1.46698604862638       -2.49588631126886       -1.06421790537599
c            2.06553544741311        2.13353952120974        0.57442737241691
h            0.09997318075120        2.43247259249287       -1.35736495046866
h           -1.06887074682854        1.21200013509715       -1.81922662641451
h           -0.65761036446958        2.33182672800453        0.98139787514874
h           -2.07769691112026        2.44863465069605       -0.06221149601612
h           -2.47562178947696        0.73132384450351        1.63206690383978
h           -0.98766566993568       -1.24391713173107        1.80705646971947
h           -1.15365312209546       -1.18430822641828       -1.85707888175910
h           -1.46040803924227       -2.29004713823382       -0.51275280068328
h            0.99144112310280       -0.21585504421248        2.43001891882717
h            0.55406519747889       -2.71000536776062        0.77248291304389
h            1.92801757266849       -1.58383350554277        0.65226530201423
h           -3.94012751819823       -1.02049302927478       -1.45110921451645
h           -4.34375259301463        0.28118431754620       -0.22831560592939
h            4.07554117810502        0.61105689603529       -0.30619246163698
h            3.10222013425494       -0.57799551281440       -1.29380863284511
h            0.69203467469156       -2.77795246385855       -1.56719388916677
h            1.45900800392244        2.01749596559764        1.46791526835791
h            3.09549192092247        2.31644816084006        0.87203274255922
h            1.71007484420766        3.00909250315945        0.03351991795652
35
 energy: -46.157375358376 gnorm: 0.000971810592 xtb: 6.7.1 (edcfbbe)
c            0.02982750502672       -0.77675195848198       -0.03408470924816
c            0.65649683674242        0.41222944642255       -0.81887556591634
c           -0.39376070183616        1.51948487860543       -1.01682359718111
c           -1.23854359656395        1.81103803231216        0.22261303176692
c           -1.77045443758362        0.50825485930893        0.83105915966603
c           -0.58931425118684       -0.34167822588930        1.31120330885006
c           -1.24262840307149       -1.25025985333471       -0.77118698356411
c           -2.34898164515714       -0.36692097020206       -0.24776640507526
o            0.23766067578484        0.34594394897955        2.21653127249340
c            1.02136941388974       -1.93210497573147        0.15108561912404
c           -3.60161362407934       -0.36538168678393       -0.66517962611333
c            1.99218637545776        0.91010751193615       -0.28992686318473
c            3.10692683617856        0.28747829008868       -0.65203216614661
h            0.88577401481122        0.00301641460604       -1.81128766443965
o            1.46636853673700       -2.49627580071428       -1.06431364810762
c            2.06447350742487        2.13439054937248        0.57310308135196
h            0.10011648927032        2.43131169852544       -1.35391334263617
h           -1.06927033326640        1.21234932773344       -1.81808009856695
h           -0.65969846015837        2.33139537595472        0.98331867621414
h           -2.07969566298586        2.44662357573665       -0.06119920100306
h           -2.47599330755528        0.72839881806530        1.63363570550450
h           -0.98449407093427       -1.24445444544177        1.81067090356668
h           -1.15269879134227       -1.18582313378846       -1.85578657882665
h           -1.46118457007683       -2.29072211015785       -0.51125252326038
h            0.99577301125326       -0.21254771082825        2.42448364423277
h            0.55289222885138       -2.71121931819475        0.77238212610107
h            1.92776737092206       -1.58583348421830        0.65302649509350
h           -3.93812450244222       -1.01472279291814       -1.45642265662490
h           -4.34159466319805        0.28525876342888       -0.23177243633500
h            4.07497583614602        0.61131174379545       -0.30483486746667
h            3.10260765041307       -0.57958763480430       -1.29151020347693
h            0.69154686718442       -2.77812372558525       -1.56710861088817
h            1.45711627693233        2.01970806731735        1.46612514607970
h            3.09432110056460        2.31731795420742        0.87152820935519
h            1.70951800753438        3.00907421518862        0.03079985939342
35
 energy: -46.157378963922 gnorm: 0.000804242248 xtb: 6.7.1 (edcfbbe)
c            0.02952413983806       -0.77712414198236       -0.03327369769829
c            0.65575467365459        0.41117792880617       -0.81831291461722
c           -0.39439697097835        1.51888032394137       -1.01582217916435
c           -1.24006878859971        1.81013636754319        0.22383143432837
c           -1.77064189862735        0.50661302554919        0.83244308274605
c           -0.58838564413043       -0.34192142497579        1.31243669537105
c           -1.24254288953123       -1.25084424066425       -0.77066264512366
c           -2.34864891312364       -0.36781139729174       -0.24702284388122
o            0.23920599629675        0.34788384019965        2.21514602656373
c            1.02141775808164       -1.93268638323050        0.15130663037898
c           -3.60055029115168       -0.36332146909586       -0.66682878023685
c            1.99129658820291        0.90851009246995       -0.28888692527822
c            3.10604022263466        0.28511991124381       -0.65047167598979
h            0.88469857742953        0.00134919635382       -1.81066834293285
o            1.46772102971338       -2.49473667448429       -1.06426294395026
c            2.06344423686027        2.13415825009095        0.57240544970578
h            0.10044650529900        2.43080253686675       -1.35087731957059
h           -1.06969851411037        1.21389363045955       -1.81818207733141
h           -0.66166571682281        2.33158228571131        0.98430990695201
h           -2.08184583995105        2.44484937895210       -0.06049096230093
h           -2.47650247961762        0.72609577774588        1.63489300344744
h           -0.98110107392364       -1.24438201880535        1.81422687228526
h           -1.15177392407366       -1.18509162624127       -1.85518766953943
h           -1.46133313213620       -2.29156427533544       -0.51217685389761
h            0.99932042530078       -0.20864603354047        2.42045930823507
h            0.55192156280717       -2.71246843203781        0.77133599984198
h            1.92704576385673       -1.58702026215227        0.65532331605771
h           -3.93640899549097       -1.00914048817038       -1.46136941265506
h           -4.33951387256331        0.28949948874989       -0.23448522784625
h            4.07435847073049        0.61203857844955       -0.30676079154457
h            3.10201791779213       -0.57961855207684       -1.29313758033814
h            0.69356116808121       -2.77983812136386       -1.56638642232037
h            1.45511367652656        2.02069109248727        1.46482989432298
h            3.09307323252010        2.31707481728265        0.87176207187839
h            1.70878451889290        3.00814466305591        0.02876606483387
35
 energy: -46.157380647192 gnorm: 0.000381518831 xtb: 6.7.1 (edcfbbe)
c            0.02966460113677       -0.77753480669837       -0.03326715315734
c            0.65532946678268        0.41170265103149       -0.81785444245408
c           -0.39476346203927        1.51944220200876       -1.01559020352643
c           -1.24025386322624        1.80959622681020        0.22433594764902
c           -1.77094426132506        0.50607805470993        0.83287620253028
c           -0.58820033176858       -0.34199957338388        1.31247656634682
c           -1.24269075254501       -1.25117003133896       -0.77040389885444
c           -2.34883759240588       -0.36777870137765       -0.24720312643734
o            0.23903680985369        0.34793238212539        2.21561332555252
c            1.02177172706702       -1.93306293610915        0.15142854020907
c           -3.60037301860496       -0.36201298316564       -0.66802056720479
c            1.99135061917127        0.90878689236649       -0.28913084559090
c            3.10571681036952        0.28491874083961       -0.65063091516636
h            0.88378472411400        0.00223456902965       -1.81043769276112
o            1.46877452435866       -2.49432623119378       -1.06411590774404
c            2.06376219559240        2.13441127394967        0.57204037009786
h            0.09958373893412        2.43168606928245       -1.35079376491853
h           -1.07000869232079        1.21400536045478       -1.81785166193702
h           -0.66225083900843        2.33144876316308        0.98467780193251
h           -2.08240574493505        2.44363229781643       -0.05987861895187
h           -2.47685697286355        0.72523484860895        1.63544586332479
h           -0.98107006837343       -1.24453604167203        1.81386866585662
h           -1.15205985037638       -1.18573040364357       -1.85509468630128
h           -1.46134935854708       -2.29199031255310       -0.51168230549187
h            1.00075843974462       -0.20742485814994        2.41918630632336
h            0.55233818020050       -2.71331926734628        0.77086932304344
h            1.92703816318427       -1.58731903416252        0.65613438315715
h           -3.93623898856954       -1.00797835319505       -1.46231702504185
h           -4.33912018943476        0.29090720038244       -0.23552982708449
h            4.07406195354625        0.61102556094618       -0.30653473434536
h            3.10107666584834       -0.58054454060827       -1.29226380354634
h            0.69478697126240       -2.78092481232624       -1.56609078814607
h            1.45490400337180        2.02139867452049        1.46421377034479
h            3.09329707701854        2.31680522817889        0.87166015072925
h            1.71005483447398        3.00869153520999        0.02807324229562
35
 energy: -46.157381429922 gnorm: 0.000265669322 xtb: 6.7.1 (edcfbbe)
c            0.02971272420025       -0.77757836566532       -0.03318286863949
c            0.65513536029791        0.41193814700344       -0.81801287989124
c           -0.39528411107098        1.51953434513078       -1.01475987310677
c           -1.24092800730933        1.80957029889389        0.22487717007462
c           -1.77108340459090        0.50578273439770        0.83318689367383
c           -0.58846705721414       -0.34253482192689        1.31261957471856
c           -1.24269744623511       -1.25136913737996       -0.77013713260795
c           -2.34888678133490       -0.36781854751670       -0.24720345451545
o            0.23853263429445        0.34739591106712        2.21607578931313
c            1.02196829984115       -1.93299636689250        0.15139068950015
c           -3.60007834533845       -0.36101273047421       -0.66887020830610
c            1.99134784803671        0.90893535833563       -0.28943582238409
c            3.10543151783007        0.28456226906951       -0.65060439921794
h            0.88333610264208        0.00303820090684       -1.81088490544755
o            1.46996165052897       -2.49367116344664       -1.06403667527566
c            2.06420856905168        2.13473793954197        0.57137873573253
h            0.09866740993889        2.43199960972694       -1.35002896999289
h           -1.07040243030312        1.21385183460866       -1.81698715435640
h           -0.66307723601926        2.33137735628785        0.98529768253214
h           -2.08330153605935        2.44333104826227       -0.05921641495633
h           -2.47692327296822        0.72460854032824        1.63590226333869
h           -0.98136634937392       -1.24529143228582        1.81366860584796
h           -1.15230632555879       -1.18659283792224       -1.85492152616167
h           -1.46115782786751       -2.29213874257318       -0.51083474709926
h            1.00177838110487       -0.20664086184624        2.41773682150212
h            0.55248451994518       -2.71361977176387        0.77022193000897
h            1.92680320013823       -1.58716604125565        0.65683426325684
h           -3.93584341015762       -1.00644424192997       -1.46356496680150
h           -4.33859161172444        0.29225895864343       -0.23665022332640
h            4.07382671336998        0.60996322863161       -0.30622418681448
h            3.10026223541173       -0.58142183576964       -1.29147064947551
h            0.69653909098597       -2.78258222603138       -1.56566641540480
h            1.45467566772478        2.02258118111692        1.46320175816842
h            3.09367233849493        2.31643905206480        0.87156460655778
h            1.71171840897506        3.00925875517308        0.02694518028731
35
 energy: -46.157381778035 gnorm: 0.000119262916 xtb: 6.7.1 (edcfbbe)
c            0.02953947878523       -0.77752826101113       -0.03330268744372
c            0.65480759936345        0.41213975273600       -0.81794075365862
c           -0.39577804865932        1.51963039810234       -1.01432129698216
c           -1.24116284622347        1.80949946195757        0.22552661255726
c           -1.77119032990324        0.50547005130742        0.83337558498162
c           -0.58836799854484       -0.34262332157468        1.31259818554160
c           -1.24280028919618       -1.25161885186162       -0.77008984843390
c           -2.34885910199536       -0.36785674593972       -0.24733831657120
o            0.23868127158129        0.34731850739410        2.21598675022678
c            1.02209198259624       -1.93266148266843        0.15134064335214
c           -3.59984558165162       -0.36036908187105       -0.66959417267856
c            1.99115414227627        0.90887026457819       -0.28949939128204
c            3.10506922732624        0.28389159729450       -0.65030398426719
h            0.88274805113739        0.00339508066045       -1.81090638994665
o            1.47098283021271       -2.49280143879732       -1.06401500709214
c            2.06426047443459        2.13488189250227        0.57097841648582
h            0.09813456788627        2.43215099819785       -1.34944293754771
h           -1.07103081027542        1.21410062532069       -1.81651041007347
h           -0.66332568764858        2.33115083173056        0.98612888092193
h           -2.08358963449764        2.44330753248128       -0.05839311545611
h           -2.47699246252693        0.72394781682064        1.63620417864776
h           -0.98102733739889       -1.24551129735290        1.81368216429126
h           -1.15243148248215       -1.18732873257917       -1.85485199351394
h           -1.46129128732437       -2.29224151788273       -0.51032718674918
h            1.00282218599880       -0.20579404867893        2.41619874559808
h            0.55252070122021       -2.71355968903322        0.76972086502076
h            1.92656298555849       -1.58669950618214        0.65739401688353
h           -3.93554498436582       -1.00531278567492       -1.46472656067966
h           -4.33824340402951        0.29308173972430       -0.23747669851258
h            4.07361259409617        0.60891144939917       -0.30594068992263
h            3.09952387035679       -0.58218782731049       -1.29104357770150
h            0.69820412182298       -2.78421413822586       -1.56517298996484
h            1.45394238516581        2.02350946312899        1.46235451153757
h            3.09365801557842        2.31587825189930        0.87193176433955
h            1.71283232101287        3.00945865591917        0.02598517882370
35
 energy: -46.157381690257 gnorm: 0.000273858533 xtb: 6.7.1 (edcfbbe)
c            0.02936691433282       -0.77747677154862       -0.03342149835661
c            0.65449380397677        0.41233709994185       -0.81786800551465
c           -0.39626134736993        1.51971492491356       -1.01390007981399
c           -1.24138749680906        1.80943257797986        0.22615378802226
c           -1.77129089940252        0.50516879054286        0.83355427964150
c           -0.58827096933032       -0.34270591038591        1.31257698950188
c           -1.24290272673552       -1.25186459341026       -0.77004683614291
c           -2.34883239885904       -0.36789723483205       -0.24746803599553
o            0.23882317511219        0.34724230261526        2.21590700280826
c            1.02221106106599       -1.93233031918261        0.15128960992546
c           -3.59962082011402       -0.35974931901188       -0.67029067066100
c            1.99097255791870        0.90881216168932       -0.28956570961738
c            3.10472429395693        0.28324410458918       -0.65001711319761
h            0.88218048233500        0.00373878287476       -1.81092217127141
o            1.47196743268862       -2.49195481748476       -1.06399573624874
c            2.06431403433393        2.13502098735915        0.57059236973613
h            0.09761453924404        2.43228828294444       -1.34887891467786
h           -1.07164116256105        1.21433057148973       -1.81605452407491
h           -0.66356462277511        2.33093704734020        0.98693187721165
h           -2.08386904685414        2.44328063598147       -0.05760166182769
h           -2.47705181613741        0.72331325831864        1.63649510993526
h           -0.98070173390577       -1.24572220466622        1.81368969422895
h           -1.15255816779929       -1.18804258546120       -1.85478714197044
h           -1.46142193856979       -2.29234595946780       -0.50984049944287
h            1.00381971264204       -0.20498091566823        2.41473241729606
h            0.55255735818645       -2.71349339636879        0.76923669303935
h            1.92633066475940       -1.58623943418860        0.65793208346802
h           -3.93525724898320       -1.00421568115124       -1.46585024184642
h           -4.33790444718749        0.29387378824460       -0.23826910912348
h            4.07341184844663        0.60788777572764       -0.30566464726473
h            3.09881156421159       -0.58292963249984       -1.29063110601513
h            0.69981152207850       -2.78577973083580       -1.56469866236142
h            1.45324253999679        2.02439803603503        1.46153961754741
h            3.09364933857193        2.31534035272552        0.87228245935386
h            1.71390151922221        3.00965266936119        0.02506686444032
35
 energy: -46.157381858544 gnorm: 0.000080067482 xtb: 6.7.1 (edcfbbe)
c            0.02954154219786       -0.77753501704703       -0.03333461837564
c            0.65454439297764        0.41216756594421       -0.81803032190380
c           -0.39590569222578        1.51987576189714       -1.01406889127499
c           -1.24130012282624        1.80944710619167        0.22588945980024
c           -1.77129857740881        0.50529957028393        0.83354016549930
c           -0.58831142160909       -0.34269838128900        1.31257426160064
c           -1.24279828019249       -1.25163827581968       -0.77002141642206
c           -2.34883989474341       -0.36777592197334       -0.24743376471062
o            0.23889359678550        0.34736301691829        2.21569141353567
c            1.02218549208932       -1.93257134606460        0.15137209424136
c           -3.59974918684898       -0.36005047860073       -0.66998431545885
c            1.99086942915344        0.90868322070064       -0.28942820011936
c            3.10472157449752        0.28346800017156       -0.65004962387498
h            0.88239299066552        0.00355232669666       -1.81107880725394
o            1.47164416544107       -2.49237081071703       -1.06397762060843
c            2.06413510972839        2.13489813059938        0.57078305024092
h            0.09799488438854        2.43242522885776       -1.34910674080816
h           -1.07135539977631        1.21453605037191       -1.81616218313116
h           -0.66337949447087        2.33087862718108        0.98658885821068
h           -2.08364517844082        2.44350268475593       -0.05779740375252
h           -2.47719718613772        0.72352021327600        1.63635582771631
h           -0.98073033321344       -1.24561666392288        1.81385577304920
h           -1.15234137086564       -1.18765015956192       -1.85476198571026
h           -1.46136351956753       -2.29214504244648       -0.50997000421694
h            1.00364703053278       -0.20522554897842        2.41486560222658
h            0.55252970231614       -2.71364805431152        0.76944025929282
h            1.92644331562746       -1.58655300609620        0.65775772582777
h           -3.93539797721211       -1.00485435393378       -1.46528270550721
h           -4.33816310794673        0.29354884730097       -0.23804040686818
h            4.07332559936130        0.60843534160887       -0.30575027640390
h            3.09908729190045       -0.58261347402131       -1.29080534532530
h            0.69925327652338       -2.78537601766254       -1.56484485770807
h            1.45324082274065        2.02412979251028        1.46182583651019
h            3.09345361517274        2.31539922859764        0.87231405890745
h            1.71354043107314        3.00947748309301        0.02528359350680
35
 energy: -46.157381880783 gnorm: 0.000040160058 xtb: 6.7.1 (edcfbbe)
c            0.02948702424502       -0.77754822303814       -0.03334724207049
c            0.65462007423726        0.41216018578419       -0.81794127668798
c           -0.39585213501803        1.51982067960329       -1.01414399937797
c           -1.24119845140761        1.80951460380642        0.22582976114694
c           -1.77128202551936        0.50538788380704        0.83344586572557
c           -0.58836034014325       -0.34267021599954        1.31257071235293
c           -1.24284632273461       -1.25164796962104       -0.77008252660814
c           -2.34886344863691       -0.36777174653055       -0.24743796998291
o            0.23884012158322        0.34737842517038        2.21570654045178
c            1.02209393023351       -1.93263043146160        0.15134582578252
c           -3.59982703573809       -0.36026309062012       -0.66980547256020
c            1.99095355460060        0.90874348973807       -0.28939457779633
c            3.10483613142966        0.28362330077079       -0.65004101554382
h            0.88251002931734        0.00350831963191       -1.81097020340225
o            1.47144446705549       -2.49254885645110       -1.06400206492812
c            2.06419000899794        2.13494542174074        0.57084731530077
h            0.09809494580460        2.43234464048436       -1.34916864501237
h           -1.07125468386552        1.21448364278836       -1.81627883658100
h           -0.66324074622148        2.33091237366519        0.98650414490404
h           -2.08350020210077        2.44359984392300       -0.05785167833404
h           -2.47721633811394        0.72367577185686        1.63620923680372
h           -0.98082285538120       -1.24554945806274        1.81384920909987
h           -1.15236974548961       -1.18758491957059       -1.85483095112560
h           -1.46145052467540       -2.29216626605405       -0.51007918630783
h            1.00351355160810       -0.20536128997740        2.41496327195918
h            0.55246036098781       -2.71367300802003        0.76946810006571
h            1.92641293906084       -1.58664772370849        0.65762468978320
h           -3.93546289464554       -1.00514383937837       -1.46504436789996
h           -4.33831547976026        0.29321050335673       -0.23780558040141
h            4.07339278730625        0.60865696594545       -0.30569482144438
h            3.09930692977745       -0.58237547075835       -1.29090256371355
h            0.69896655341451       -2.78523662052667       -1.56492465285334
h            1.45329649587556        2.02420221970289        1.46188655083799
h            3.09349251793944        2.31542393001969        0.87239231853457
h            1.71361832566381        3.00951257249389        0.02531258061447
