35
 energy: -46.150667326595 gnorm: 0.049843917448 xtb: 6.7.1 (edcfbbe)
c            0.01875063493607       -0.76396471402722       -0.07734477752513
c            0.64618836892044        0.51038648573009       -0.78778250343765
c           -0.43803328397568        1.62718242066139       -0.92714084951491
c           -1.32788144789214        1.83487563626301        0.32102912561392
c           -1.81708829783392        0.48012241762677        0.89015277959548
c           -0.60265601641150       -0.39395465397083        1.30765666489999
c           -1.27456617417886       -1.18347333406074       -0.85110107816398
c           -2.41115761802517       -0.37068631392015       -0.22252279264632
o            0.26869475045260        0.14276865004319        2.29719683872356
c            0.98222432236138       -1.95592484559257        0.06615986477881
c           -3.69999507757588       -0.41720708645973       -0.57717539288241
c            1.98757615356333        1.03346047024407       -0.23695240248840
c            2.11052353216154        2.15266947101054        0.50219998758969
h            0.87727469314260        0.18194584853665       -1.81778516023611
o            1.43077868091273       -2.50945079482022       -1.17909076323056
c            3.25048306099094        0.31350717465266       -0.68564545364831
h            0.04442917784995        2.57283741159057       -1.21596567339142
h           -1.09346048348601        1.35772042335774       -1.76973345070183
h           -0.79894655899682        2.38751822154181        1.11468424691649
h           -2.19838737605944        2.45167339315495        0.04484726479733
h           -2.52106435980813        0.64629662777357        1.72028691393356
h           -0.99567308612414       -1.32345681924996        1.75890468718846
h           -1.19128124926380       -1.02458376198809       -1.93734525073414
h           -1.46069701585790       -2.26132550064019       -0.70692196193368
h            0.88791809849121        0.77710638307499        1.88143235570204
h            0.43719764951825       -2.77534107346410        0.56257490597553
h            1.82862408832741       -1.69713791391833        0.72693255188778
h           -4.04961470300442       -1.05095816917097       -1.39661278569443
h           -4.45733415112471        0.17967079407295       -0.06284627966993
h            3.09286380257750        2.50906279334985        0.81948627063230
h            1.26541015241562        2.77268014734522        0.80302358424559
h            2.03642306433023       -1.87339514350149       -1.60786877564649
h            3.35581933792588       -0.69340747615988       -0.25409959457884
h            3.25977990347445        0.20398004595122       -1.78415972165942
h            4.14903071455262        0.87815900170768       -0.39964301336597
35
 energy: -46.156987536082 gnorm: 0.014962103537 xtb: 6.7.1 (edcfbbe)
c            0.01142293504384       -0.75066681251809       -0.07999735540880
c            0.64606062511173        0.50096760252732       -0.78284464494525
c           -0.43095621610601        1.60757364063901       -0.91659384352383
c           -1.31427193844132        1.82020604097112        0.31841743114865
c           -1.80317572373066        0.47686291605907        0.87759005516254
c           -0.59691101772079       -0.38849274748970        1.29716450228913
c           -1.26966761254243       -1.17044108758356       -0.84691967315391
c           -2.39405017761266       -0.36445822662239       -0.22857677585839
o            0.27733141456261        0.15473833043600        2.26230044496157
c            0.96768135407024       -1.94276953957449        0.06769998616939
c           -3.66909996685361       -0.41174228640431       -0.57687891727934
c            1.97288782722467        1.01942857152507       -0.22735771970070
c            2.09386218252689        2.12288937724748        0.50609758233475
h            0.87416255575769        0.17453299982895       -1.80840197637380
o            1.42183551038375       -2.48846051543287       -1.16295002779182
c            3.22805236854204        0.31694771948702       -0.68749928202641
h            0.05449883749750        2.54900038952459       -1.19054100439942
h           -1.08900095958663        1.34187632699786       -1.74957782016367
h           -0.78610591813337        2.35876404932885        1.11105222721032
h           -2.17996365573327        2.42949703833804        0.03702728776560
h           -2.49917717710546        0.64436136164115        1.70459046057985
h           -0.98083736750174       -1.30849743170733        1.76259546112152
h           -1.18732279515386       -1.01033820746278       -1.92400026583792
h           -1.45464595845658       -2.23976208604557       -0.69928069929605
h            0.86729834685372        0.79819734402407        1.83245094996622
h            0.43234679059591       -2.76641235824651        0.55433805204368
h            1.81437022341664       -1.68179961229389        0.71625877739834
h           -4.02016072000755       -1.04391052542857       -1.38050264103960
h           -4.42085920391318        0.17454937852093       -0.06758289132881
h            3.06680113200947        2.48626259754222        0.80795082229590
h            1.26121392277793        2.73638839154740        0.81078618662168
h            2.01561477809132       -1.85034810026526       -1.58721018450036
h            3.33495149907493       -0.67847224263639       -0.25409773284326
h            3.23609930175275        0.21526580018832       -1.77681469770308
h            4.11186809059165        0.88761812008168       -0.39986171256381
35
 energy: -46.157949112420 gnorm: 0.005971810646 xtb: 6.7.1 (edcfbbe)
c            0.01041785988931       -0.75175709909172       -0.07774927259689
c            0.63959037920947        0.48918387517605       -0.77995065811632
c           -0.42576169253359        1.59878795146188       -0.91614114065925
c           -1.30181249249997        1.81071033130755        0.31876749139441
c           -1.79501617482018        0.47436950762550        0.87682795109621
c           -0.58844784705193       -0.38335248874575        1.29391484522394
c           -1.26320187735755       -1.16565111887759       -0.84473358865890
c           -2.38070602925515       -0.36507534528357       -0.22603647131957
o            0.28881030299212        0.17193165183727        2.23836382086727
c            0.96629016133551       -1.94150273623727        0.06971093994422
c           -3.65209003142064       -0.41043818165974       -0.57471692747436
c            1.95934448819888        1.01389576827873       -0.23281804532037
c            2.07684578007971        2.10902484530108        0.50735802591716
h            0.86756488231590        0.16137894038580       -1.80274503236592
o            1.42340564022447       -2.47461328696159       -1.15623649832233
c            3.21113354333228        0.31676438182011       -0.69465434458269
h            0.06505672726363        2.53544315717198       -1.18712796781555
h           -1.08543690416385        1.33334345651610       -1.74364109757209
h           -0.77294586071282        2.34164317766540        1.11124224902736
h           -2.16276401769586        2.41985251036364        0.03548126472084
h           -2.48941154578286        0.64318261756581        1.70149057040366
h           -0.96237892772086       -1.29835715725096        1.77194312931370
h           -1.17981580079453       -1.00268227006651       -1.91835237995866
h           -1.44789538469161       -2.23151022117012       -0.69820367640703
h            0.84542921543328        0.83267355665922        1.79378452408235
h            0.43018085930225       -2.76417886114653        0.55056691730407
h            1.80549714524557       -1.67356732095976        0.72145172235057
h           -3.99974109051948       -1.03270725306972       -1.38148460815261
h           -4.39946764581015        0.18108166799405       -0.07468289660073
h            3.04417543323325        2.46329231847594        0.82224255171685
h            1.24639305124456        2.70446882799316        0.84039456774620
h            1.99852921439632       -1.82430741331557       -1.57992663661683
h            3.31911644021557       -0.67359271976117       -0.25920139067595
h            3.21404621294720        0.21855118838253       -1.77975418453887
h            4.08721927325780        0.89306995836018       -0.40655339202265
35
 energy: -46.158095694608 gnorm: 0.004003127044 xtb: 6.7.1 (edcfbbe)
c            0.01007963503797       -0.75328194307893       -0.07653604195335
c            0.63909865854090        0.48385159655875       -0.78153512735060
c           -0.42594677346664        1.59383632643592       -0.91679756391024
c           -1.30012349968233        1.80949520662615        0.31928228619865
c           -1.79217873779876        0.47250917532252        0.87721449706882
c           -0.58433545371183       -0.38267792219534        1.29616508605243
c           -1.26184737004746       -1.16863350021507       -0.84302347727942
c           -2.37661926668028       -0.36323659725405       -0.22806619814018
o            0.29617589258188        0.18036930813088        2.23073665578057
c            0.96759671457887       -1.94197131067081        0.07153755178200
c           -3.64753674630611       -0.40195288748361       -0.58221711740158
c            1.95583544302216        1.00442934028067       -0.22620659038757
c            2.07025441727712        2.09060501460114        0.52954439121419
h            0.86765034187910        0.15483962932133       -1.80416882988247
o            1.43007105323219       -2.46814960054659       -1.15296596575522
c            3.20790511526801        0.31799516085540       -0.70209155425604
h            0.06867609085158        2.52831643472514       -1.18681026010675
h           -1.08750392601092        1.33168367215154       -1.74355085991691
h           -0.76902752432181        2.33805723507752        1.11149162158119
h           -2.15953684734551        2.42107624186373        0.03754605233089
h           -2.48738006342872        0.64187678220966        1.70083740917357
h           -0.95324996469307       -1.29601371501066        1.78132706399687
h           -1.17592560834045       -1.00511249763616       -1.91650581250588
h           -1.44901048370281       -2.23427444370438       -0.69753759491818
h            0.83083308977572        0.85513865104758        1.77891783772413
h            0.43042419610706       -2.76574098224989        0.54903701946187
h            1.80118165451179       -1.67138898284408        0.73009493787992
h           -3.99464672657971       -1.02966727033137       -1.38517055618595
h           -4.39513909932377        0.18442615183656       -0.07664548052853
h            3.03892324617365        2.45568916924777        0.82787249657312
h            1.24189908449931        2.69465465996070        0.84987637130244
h            1.98969094844159       -1.80558903867326       -1.57906715291210
h            3.31993836409868       -0.67346063225945       -0.27079432212046
h            3.20342999438257        0.22483804719954       -1.78761778499986
h            4.08249743846609        0.89681973744553       -0.41534262627807
35
 energy: -46.158210558426 gnorm: 0.003823277593 xtb: 6.7.1 (edcfbbe)
c            0.01041625117377       -0.75520908216543       -0.07426053652894
c            0.63922931834032        0.48103175759849       -0.78232033079707
c           -0.42659453841959        1.59115390725105       -0.91742704102175
c           -1.30006489048285        1.80869415350734        0.31999540798209
c           -1.79196345896977        0.47052411988242        0.87830420820383
c           -0.58341340017419       -0.38378313910606        1.29983190454255
c           -1.26133255159025       -1.17290199089807       -0.84017665581248
c           -2.37585055564713       -0.36491048618905       -0.22755578603474
o            0.29609279063890        0.18148259024569        2.23264158147403
c            0.97048432404950       -1.94269807967884        0.07417110608355
c           -3.64638794938762       -0.39809000820864       -0.58693651767246
c            1.95696076353021        1.00449313485505       -0.23185090765256
c            2.07140151527498        2.08632866323797        0.53168782060362
h            0.86530094934924        0.14962489727934       -1.80516987867591
o            1.44013473834673       -2.46302675858651       -1.14901199410820
c            3.20828545371288        0.32028296633571       -0.71245540339121
h            0.06982254866994        2.52453978756586       -1.18836219443720
h           -1.08979174217961        1.33013070084490       -1.74351711363702
h           -0.76766337166504        2.33738244830020        1.11155498799106
h           -2.15909871852585        2.42170023767146        0.03953931318244
h           -2.48852018414809        0.64008217311111        1.70103498270432
h           -0.95029472007068       -1.29640166309508        1.78779828014161
h           -1.17383810875063       -1.00999696693800       -1.91426533106704
h           -1.45023923450205       -2.23877788932591       -0.69504330225692
h            0.81255747363281        0.87093971133000        1.78171659077141
h            0.43314270950570       -2.76908855303261        0.54780701920619
h            1.79916708848049       -1.67035979397755        0.73966965983382
h           -3.99078455651965       -1.02196012623314       -1.39479636462315
h           -4.39271954037137        0.19360993722200       -0.08463176773020
h            3.03958463662033        2.44144520431520        0.84383499879822
h            1.24224004304485        2.68415452181980        0.86502217251124
h            1.98201242415591       -1.78694044581408       -1.57918751159181
h            3.32284366776659       -0.67148690795919       -0.28113094721937
h            3.19765373626374        0.22703681459067       -1.79824712611621
h            4.08338037613353        0.90035038098834       -0.42943296232461
35
 energy: -46.158284811416 gnorm: 0.003733569233 xtb: 6.7.1 (edcfbbe)
c            0.01173575236668       -0.75847318623020       -0.07098344414202
c            0.63786214694604        0.47967099319266       -0.78093800942324
c           -0.42696343554109        1.59157520976517       -0.91701089784093
c           -1.30096024681664        1.80736156986944        0.32108058151340
c           -1.79403712765733        0.46869328680415        0.87987850278080
c           -0.58484269053918       -0.38517609310944        1.30301855061495
c           -1.26057842556722       -1.17703159412998       -0.83667498967904
c           -2.37619498325058       -0.36673044690335       -0.22739249130072
o            0.29218998122670        0.17860629435290        2.23829419996718
c            0.97576395202961       -1.94341360356007        0.07850234468490
c           -3.64516902830834       -0.39310920618080       -0.59404503163579
c            1.95813548468504        1.00225092695328       -0.23417679716911
c            2.07512047393366        2.07754669205526        0.53804502761671
h            0.86058236676338        0.14695981499832       -1.80438208265280
o            1.45470109424705       -2.45841469371527       -1.14290910125709
c            3.20835917677091        0.32264304773804       -0.72532108483742
h            0.06941230337620        2.52511759622718       -1.18887857227868
h           -1.09046561596825        1.32974155241231       -1.74293674191756
h           -0.76954824607047        2.33838625051500        1.11210729872813
h           -2.16063303342394        2.41971512760280        0.04060389847899
h           -2.49259442575426        0.63771786927412        1.70156577765199
h           -0.95195714308832       -1.29763188349688        1.79040577758005
h           -1.17233946114528       -1.01777031508948       -1.91182354984110
h           -1.45029670698641       -2.24272538302828       -0.68878145999817
h            0.79203592923579        0.88303156393347        1.79458142917437
h            0.43942233850088       -2.77377917939531        0.54726696363781
h            1.80002475767440       -1.66904715562542        0.75029548990159
h           -3.98658014237107       -1.01212156284649       -1.40737171556749
h           -4.39024718406063        0.20631147219660       -0.09822280168786
h            3.04475799479498        2.42783599153219        0.85268943947735
h            1.24720618182545        2.67393959767210        0.87879266152751
h            1.97388218601066       -1.76748435532338       -1.57959038742286
h            3.32956456802127       -0.67000570921890       -0.29623740344532
h            3.19011004240736        0.23071332038451       -1.81155308035877
h            4.08469445301913        0.90445240711826       -0.44906793954895
35
 energy: -46.158329728643 gnorm: 0.002692435067 xtb: 6.7.1 (edcfbbe)
c            0.01211453391424       -0.75938441631636       -0.06842047184581
c            0.63738275729310        0.47904559370523       -0.78007536653106
c           -0.42745947264050        1.59120209251416       -0.91439005102030
c           -1.30283544215817        1.80684906767810        0.32255198008823
c           -1.79521397692744        0.46747954633710        0.88033979929792
c           -0.58737410737567       -0.38748779290446        1.30531983671440
c           -1.25973150023378       -1.18074950650003       -0.83388075013913
c           -2.37536881017170       -0.36585628698950       -0.23003625580796
o            0.28781331808675        0.17344420319262        2.24409193880858
c            0.97963861673750       -1.94103005144690        0.08281107971769
c           -3.64215091286064       -0.38524889039629       -0.60413686362656
c            1.95959654846972        1.00022121317931       -0.23603414238480
c            2.07942796614911        2.07002714120932        0.54231565408253
h            0.85726081233478        0.14657881056183       -1.80418505185710
o            1.46502617879654       -2.45397864100035       -1.13692017081126
c            3.20819620065644        0.32418528497868       -0.73664660250350
h            0.06859269659153        2.52524240167114       -1.18546400976815
h           -1.08999698540714        1.32935090026817       -1.74121175098148
h           -0.77323390707623        2.34001431109282        1.11348760706720
h           -2.16342023919252        2.41755396150787        0.04075801456453
h           -2.49541332775234        0.63567916340342        1.70088752030858
h           -0.95609354205301       -1.30072121285952        1.78972882380866
h           -1.17107046032796       -1.02722942619367       -1.90986980152519
h           -1.45034211225861       -2.24555000330128       -0.68003785051051
h            0.77582970386644        0.89000923823981        1.80924026932540
h            0.44527528640126       -2.77427349904202        0.54880547224096
h            1.80153623289296       -1.66429500357997        0.75714521242298
h           -3.98292221451586       -1.00513220899582       -1.41688173281092
h           -4.38754919195313        0.21467487498767       -0.10973412038210
h            3.05028587931055        2.41773124979302        0.85631672370696
h            1.25265387864581        2.66312323277865        0.89216133839124
h            1.96705999084082       -1.75501935715632       -1.57968530568869
h            3.33612835742992       -0.66891101765786       -0.31000917696273
h            3.18329772574431        0.23375266481542       -1.82298716344519
h            4.08521280602922        0.90805857917065       -0.46652427061295
35
 energy: -46.158363098376 gnorm: 0.001237168074 xtb: 6.7.1 (edcfbbe)
c            0.01233792105642       -0.75999229685340       -0.06620300243038
c            0.63634646156098        0.47872376021451       -0.77813206589083
c           -0.42765377777469        1.59152699345849       -0.91059331368267
c           -1.30485498836914        1.80597478158012        0.32460163647183
c           -1.79642805093527        0.46600916655647        0.88057886550243
c           -0.59012266415579       -0.38979234693953        1.30653156309370
c           -1.25857536233827       -1.18500714562397       -0.83088845258063
c           -2.37436322662539       -0.36668366472748       -0.23191936687370
o            0.28395391633190        0.16773789869903        2.24896607079622
c            0.98346757148712       -1.93738015438464        0.08797560538185
c           -3.63870673277782       -0.38028810983786       -0.61304889991785
c            1.96037689380794        0.99665694312953       -0.23568631692283
c            2.08329288965376        2.06032513247074        0.54957757043276
h            0.85375268369931        0.14748332666708       -1.80290010732115
o            1.47285552588691       -2.45091821675298       -1.13027652411719
c            3.20705590111004        0.32603448051831       -0.74887660642200
h            0.06875554911651        2.52610765960992       -1.17922067088481
h           -1.08887204659054        1.33082099186971       -1.73889379689731
h           -0.77770100258422        2.34147852366665        1.11565645273067
h           -2.16635410954155        2.41448167563375        0.04067997484091
h           -2.49798711712908        0.63286203592601        1.70012350794412
h           -0.96071581007737       -1.30426484143628        1.78729458373286
h           -1.16987582080133       -1.03918504485545       -1.90770873003273
h           -1.44958809280925       -2.24838211154667       -0.66836039463336
h            0.76179655475962        0.89572840146862        1.82372203940076
h            0.45291637993589       -2.77247096213170        0.55440775464278
h            1.80429842294996       -1.65576372869383        0.76144578562287
h           -3.97788705290505       -0.99435822016286       -1.43065981890948
h           -4.38371030218105        0.22587361759969       -0.12581395821956
h            3.05565032842012        2.40911567137277        0.85723497740680
h            1.25819934010940        2.65141681108187        0.90553329969479
h            1.95919197390445       -1.74747012972312       -1.58052876356543
h            3.34266125132739       -0.66739152156953       -0.32567935834174
h            3.17429116485065        0.23788614615017       -1.83520542713061
h            4.08434871491379        0.91246069431058       -0.48490375159100
35
 energy: -46.158381037362 gnorm: 0.001818553451 xtb: 6.7.1 (edcfbbe)
c            0.01276355367089       -0.76090032385781       -0.06339697641085
c            0.63454604567270        0.47792918823074       -0.77534197295461
c           -0.42712137932601        1.59271963391158       -0.90594697697174
c           -1.30619599138284        1.80469289757357        0.32787973945359
c           -1.79804915890455        0.46425820140450        0.88078025971120
c           -0.59323941709897       -0.39190865230511        1.30733057565242
c           -1.25660761553103       -1.18901571229382       -0.82785766642920
c           -2.37210161186594       -0.36423913515620       -0.23730343284209
o            0.27949839780560        0.16165462302328        2.25385853291191
c            0.98783380123610       -1.93346015127768        0.09450000158362
c           -3.63322671001269       -0.36956494425725       -0.62876303300307
c            1.96041755547331        0.99385206739601       -0.23649388465678
c            2.08624900710648        2.05209490713848        0.55521846359488
h            0.84942521559736        0.14796751471395       -1.80076432018529
o            1.47612087001556       -2.45207805638375       -1.12269998044838
c            3.20494856362974        0.32896367237908       -0.76208020397761
h            0.07113785514613        2.52737266476416       -1.17084880170807
h           -1.08723837889827        1.33488037086300       -1.73602025153274
h           -0.78160869150179        2.34081613185362        1.12016866158059
h           -2.16787454548690        2.41196017912132        0.04210091295737
h           -2.50213383629725        0.62879452304771        1.69850886375734
h           -0.96554572990145       -1.30761899344247        1.78471885522555
h           -1.16605494365654       -1.05234130059921       -1.90531832520357
h           -1.44927175447796       -2.25047003702068       -0.65551454333071
h            0.75154035781624        0.89745386905698        1.83723759717255
h            0.46332723090666       -2.76829726495535        0.56723586904159
h            1.80968304514314       -1.64326784977652        0.76242832940813
h           -3.97204081049121       -0.98635759896072       -1.44415540326226
h           -4.37998011612371        0.23434083217762       -0.14208443017660
h            3.05954516787525        2.40095360749360        0.85925397232724
h            1.26213382528477        2.63873745957124        0.92005379919680
h            1.94829312346114       -1.74695882940438       -1.58363724725641
h            3.34749701386992       -0.66458183371357       -0.34232044268052
h            3.16337066626485        0.24293702668812       -1.84807381932282
h            4.08211268226773        0.91803752974077       -0.50382235989177
35
 energy: -46.158396802385 gnorm: 0.001559245998 xtb: 6.7.1 (edcfbbe)
c            0.01277401722162       -0.76077180504277       -0.06144648489797
c            0.63392908276738        0.47738156521809       -0.77460458510081
c           -0.42732067383810        1.59292559969700       -0.90327748330231
c           -1.30718179927923        1.80458091667571        0.33027369716455
c           -1.79890254706881        0.46302791941888        0.88068668270620
c           -0.59474444226326       -0.39301223207312        1.30875985965143
c           -1.25521250724307       -1.19119307193434       -0.82655447724419
c           -2.37104839316550       -0.36522059832572       -0.23867887314133
o            0.27701133551441        0.16050612035606        2.25623127612129
c            0.99009571302041       -1.93120204662176        0.09805533135932
c           -3.63071690179729       -0.36778888466935       -0.63470805683624
c            1.96029456187873        0.99305517808258       -0.23694259953815
c            2.08666590805664        2.04877133093733        0.55838120000764
h            0.84756474266449        0.14736818604283       -1.80040019399764
o            1.47300749156094       -2.45608448259543       -1.11889278973614
c            3.20391178798559        0.33127784330366       -0.76820854708083
h            0.07259930830199        2.52724608167893       -1.16581575381350
h           -1.08719163880220        1.33778781020497       -1.73437614623055
h           -0.78262284540776        2.33925530123065        1.12358805201196
h           -2.16834027759168        2.41276406476552        0.04491566972060
h           -2.50445033074708        0.62634169303477        1.69732064484240
h           -0.96704352793944       -1.30890743775926        1.78607914107341
h           -1.16351265085415       -1.05798784156373       -1.90428431880264
h           -1.44836233749788       -2.25196403345961       -0.65082694468654
h            0.75037394000113        0.89558294979291        1.84015630800487
h            0.46920377398091       -2.76412054340051        0.57816572507324
h            1.81454798251613       -1.63599240200991        0.76037301985386
h           -3.96717970920420       -0.97970542610981       -1.45504263110049
h           -4.37748064129338        0.24085662941314       -0.15328111500632
h            3.06018181991763        2.39855229651416        0.86068350348607
h            1.26244015540858        2.63311205712079        0.92667825932649
h            1.94093234552701       -1.75246530872951       -1.58692570888678
h            3.34907222632008       -0.66302223207945       -0.35119370051104
h            3.15792271486184        0.24718286383444       -1.85405649151303
h            4.08093560377397        0.92121815579672       -0.51200110764733
35
 energy: -46.158415420944 gnorm: 0.001153367222 xtb: 6.7.1 (edcfbbe)
c            0.01310034039965       -0.76096446145133       -0.05809352048231
c            0.63263114777760        0.47782222070527       -0.77164455216908
c           -0.42795883617064        1.59451980061567       -0.89998429020884
c           -1.30799683429036        1.80403662682334        0.33423142154309
c           -1.80140462899182        0.46113230320272        0.88066454639862
c           -0.59666562772835       -0.39332617081287        1.31113197488420
c           -1.25302236172190       -1.19399486312374       -0.82465435667541
c           -2.36978207336920       -0.36593359240624       -0.24155651649697
o            0.27306134537552        0.16205554735103        2.25926367351075
c            0.99247802920336       -1.92991348349537        0.10295480233756
c           -3.62716028357699       -0.36427358576505       -0.64511459108864
c            1.96019121546448        0.99364348573137       -0.23699390836833
c            2.08699915489764        2.04666904583798        0.56197456124699
h            0.84439202208500        0.14661867665200       -1.79762550870714
o            1.46306005904086       -2.46530426856967       -1.11449126312019
c            3.20252555194552        0.33580468560015       -0.77603273776816
h            0.07345159288194        2.52864245108064       -1.16005761144150
h           -1.08791928174971        1.34204218132329       -1.73181067262058
h           -0.78244866738368        2.33493932046134        1.12947109959534
h           -2.16785073094277        2.41481684901912        0.05077524818907
h           -2.50974553260841        0.62252481842343        1.69537694303752
h           -0.96833590555536       -1.30910692445568        1.78904988966905
h           -1.15858647933589       -1.06357903785790       -1.90256546605233
h           -1.44670602494529       -2.25436334914142       -0.64684872448618
h            0.75468762514221        0.88984741369119        1.83896995929579
h            0.47607057089235       -2.75846341621511        0.59614211621162
h            1.82319594507549       -1.62901950420540        0.75480420587029
h           -3.95960014655687       -0.97290436027174       -1.46977339622104
h           -4.37461351825631        0.24770811391839       -0.16858414144729
h            3.06050643714275        2.39660780024121        0.86409721901203
h            1.26236712161487        2.62815754032092        0.93411555729226
h            1.93184630833358       -1.76779818066503       -1.59077154343906
h            3.35022228101340       -0.66055302221593       -0.36436886654943
h            3.15128552069024        0.25569578079870       -1.86191567223359
h            4.07987795149360        0.92556977559963       -0.52130551718885
35
 energy: -46.158424175739 gnorm: 0.000825674479 xtb: 6.7.1 (edcfbbe)
c            0.01359088830528       -0.76102456320498       -0.05430169078428
c            0.63193399812746        0.47756900179711       -0.76987276498724
c           -0.42866157961975        1.59461466857145       -0.89645748944122
c           -1.30924910315335        1.80367684906872        0.33735659528213
c           -1.80377618773259        0.46001075820793        0.88079801026003
c           -0.59892067379704       -0.39348737517428        1.31383233601319
c           -1.25079742610885       -1.19556516012716       -0.82261859279330
c           -2.36856438342785       -0.36563984722201       -0.24424029480067
o            0.26834512322201        0.16426960422747        2.26266029892892
c            0.99424707671986       -1.92904754089702        0.10713674030150
c           -3.62370411060522       -0.35974513899100       -0.65514608671608
c            1.96025975461592        0.99382142734666       -0.23760941341232
c            2.08809873544862        2.04361395111580        0.56561225675966
h            0.84217454688092        0.14585659631074       -1.79598733302642
o            1.45738354200523       -2.47052678953487       -1.11032137902111
c            3.20118388335546        0.33935678904314       -0.78379242170371
h            0.07253473212750        2.52902157776553       -1.15585847608795
h           -1.08842733532132        1.34244470080868       -1.72846465129274
h           -0.78310529704281        2.33172599313019        1.13402577806825
h           -2.16816427188891        2.41626392775795        0.05497273509517
h           -2.51442665460908        0.62001551315055        1.69376418291154
h           -0.97065140384529       -1.30912331177354        1.79178514938293
h           -1.15408044979429       -1.06756449019138       -1.90078848946015
h           -1.44445379365292       -2.25568683345446       -0.64278711339063
h            0.75755533087142        0.88505240814033        1.83831504340399
h            0.48061290149343       -2.75489346032217        0.60773582656555
h            1.82920126903611       -1.62530474271427        0.75217871159143
h           -3.95291867335418       -0.96841514394604       -1.48085136597847
h           -4.37206894919544        0.25322933256169       -0.18179404351139
h            3.06208413668157        2.39375054273472        0.86612919152292
h            1.26368416832869        2.62259610738014        0.94274234979031
h            1.92537852175657       -1.77533573001427       -1.59204854511470
h            3.35098016149511       -0.65918132250892       -0.37788711433586
h            3.14576169010433        0.26451320481739       -1.86993613419729
h            4.07911311985992        0.92849471288515       -0.52945144449295
35
 energy: -46.158429110991 gnorm: 0.000443417724 xtb: 6.7.1 (edcfbbe)
c            0.01341990265980       -0.76095807829999       -0.05212538362943
c            0.63135648776291        0.47806135533965       -0.76747871385121
c           -0.42939884257634        1.59479928920958       -0.89477021696100
c           -1.30990467744889        1.80325719255326        0.33890697191120
c           -1.80544351465188        0.45941629768615        0.88066982559413
c           -0.60048802881043       -0.39338655271702        1.31527726224384
c           -1.25009629715656       -1.19715856683537       -0.82098124087563
c           -2.36819041217496       -0.36563709548583       -0.24581571813986
o            0.26491299572224        0.16559442450490        2.26517649484437
c            0.99463559272940       -1.92835476208430        0.10984245240655
c           -3.62173768489797       -0.35744022278265       -0.66111208531793
c            1.96063840664840        0.99378883555435       -0.23722378070243
c            2.09005093404869        2.04133447427572        0.56828056325569
h            0.84051615898695        0.14584271113397       -1.79345997549491
o            1.45548744250414       -2.47104895048947       -1.10776930598405
c            3.20031029445234        0.34192022925330       -0.78946213817027
h            0.07132768240226        2.52949298314331       -1.15432981623387
h           -1.08910459014997        1.34192664673080       -1.72669772068025
h           -0.78386446718755        2.33017607247631        1.13636540527311
h           -2.16822868381312        2.41661970559987        0.05649334192177
h           -2.51719308411390        0.61861428506495        1.69278583327482
h           -0.97255133559253       -1.30916609432297        1.79264432239133
h           -1.15217104361976       -1.07106614880200       -1.89925225960481
h           -1.44394518833552       -2.25699422246955       -0.63936276294704
h            0.76059512950501        0.88057017441638        1.83848810668485
h            0.48192379205751       -2.75352863590690        0.61208055904959
h            1.83099172167092       -1.62416168580045        0.75274000412817
h           -3.94887429625900       -0.96558666820903       -1.48796514063168
h           -4.37076270255171        0.25628550427077       -0.19008007963716
h            3.06464996319975        2.39105657821404        0.86728555914776
h            1.26645705004322        2.61914067991659        0.94877174444488
h            1.92437444139257       -1.77735348203174       -1.58990321365463
h            3.35105409512240       -0.65846718557711       -0.38864731372652
h            3.14231868344245        0.27202341049645       -1.87584788084522
h            4.07908736227574        0.92974371871904       -0.53469333815529
35
 energy: -46.158432202366 gnorm: 0.000387379815 xtb: 6.7.1 (edcfbbe)
c            0.01332925658617       -0.76130203265429       -0.05065555406012
c            0.63079537545041        0.47754247751963       -0.76672904570154
c           -0.42953380159216        1.59465523175431       -0.89395050665416
c           -1.31021754028856        1.80306927065353        0.33950030513586
c           -1.80653139267814        0.45932609753941        0.88076017784403
c           -0.60163419800889       -0.39338092295316        1.31606180647985
c           -1.24990842173379       -1.19806737667285       -0.81959098441465
c           -2.36819869812917       -0.36537121091720       -0.24653034441680
o            0.26297972179129        0.16596056228799        2.26653418486748
c            0.99534066688421       -1.92792881186610        0.11181459931678
c           -3.62076611415630       -0.35563905932759       -0.66469248401447
c            1.96049123119354        0.99305163834680       -0.23740545844392
c            2.09108640083085        2.03853348601753        0.57058067670086
h            0.83933162855860        0.14499072400444       -1.79266853072117
o            1.45836074924405       -2.46907470392086       -1.10559048269652
c            3.19933193592599        0.34319346244275       -0.79379708028913
h            0.07108946217858        2.52936068708091       -1.15396598752455
h           -1.08936875582244        1.34133458532699       -1.72569186863158
h           -0.78411813399905        2.32958578307249        1.13717525115687
h           -2.16819163375774        2.41686600005044        0.05691007989216
h           -2.51885937051313        0.61837587587135        1.69240210970343
h           -0.97395176897329       -1.30925529672983        1.79313145421589
h           -1.15118937637722       -1.07386768527711       -1.89797231877042
h           -1.44412910975540       -2.25751800903994       -0.63628254594765
h            0.76167964172204        0.87850837982157        1.83879433642510
h            0.48289165994244       -2.75403665977413        0.61264830605420
h            1.83064396597448       -1.62305581715300        0.75592802171279
h           -3.94679833141452       -0.96403327559401       -1.49180159499479
h           -4.37028771016950        0.25873374014610       -0.19531646069993
h            3.06628881287124        2.38804048932127        0.86796263517384
h            1.26822255135687        2.61514613068438        0.95442594269680
h            1.92493142236432       -1.77330458963219       -1.58763117805524
h            3.35037561727298       -0.65887186656727       -0.39738456686860
h            3.14001135677609        0.27807835984014       -1.88038917003559
h            4.07865618773175        0.92971055304252       -0.53775336310633
35
 energy: -46.158433754702 gnorm: 0.000270317636 xtb: 6.7.1 (edcfbbe)
c            0.01284085223787       -0.76135661283664       -0.04982304861889
c            0.63038650142485        0.47698359332449       -0.76661830884140
c           -0.42963363616163        1.59437438587919       -0.89360976659727
c           -1.31041465484157        1.80336535986790        0.33966855391567
c           -1.80700779242418        0.45958264271170        0.88051903548893
c           -0.60270725808190       -0.39355337440796        1.31655926025681
c           -1.25007954572003       -1.19880187880663       -0.81890871597259
c           -2.36826651735873       -0.36496353392943       -0.24716601915049
o            0.26134690643095        0.16533385243832        2.26792584342013
c            0.99576941317485       -1.92706318393190        0.11326917690357
c           -3.62031142911952       -0.35453070814945       -0.66675385434618
c            1.96039958304125        0.99243663571859       -0.23790573290240
c            2.09163401123446        2.03643053312253        0.57187454565340
h            0.83847684555996        0.14425165344376       -1.79260889234649
o            1.46139326389506       -2.46704127643239       -1.10380806138336
c            3.19883803334654        0.34435702086883       -0.79712158085793
h            0.07146622500038        2.52889568854367       -1.15332775126984
h           -1.08936889042439        1.34147058234027       -1.72558480665320
h           -0.78419302619427        2.32952339247003        1.13750926066985
h           -2.16817387792917        2.41746557179873        0.05702539590340
h           -2.51968040030376        0.61875872902795        1.69181424880386
h           -0.97574939965390       -1.30935474519474        1.79331678033522
h           -1.15104750172721       -1.07648631756770       -1.89744981421269
h           -1.44479010647866       -2.25782481908950       -0.63364597278009
h            0.76365737266507        0.87506513402144        1.84003503856117
h            0.48352322859065       -2.75422360477415        0.61271297896245
h            1.82972641944007       -1.62147845250187        0.75898812412936
h           -3.94593725294689       -0.96323195419576       -1.49379411435069
h           -4.37018103279261        0.26009626663103       -0.19830136921091
h            3.06708505655185        2.38533954858715        0.86909145121415
h            1.26919044979856        2.61201865732960        0.95793383218734
h            1.92683679112001       -1.77042866165853       -1.58521923311624
h            3.34961704054809       -0.65937275032947       -0.40487723584241
h            3.13902150198885        0.28385944083967       -1.88394014233631
h            4.07848611339570        0.92945940158633       -0.53894874428725
35
 energy: -46.158434322881 gnorm: 0.000213949248 xtb: 6.7.1 (edcfbbe)
c            0.01266304648584       -0.76145853657867       -0.04979211610622
c            0.63016353593456        0.47678275637821       -0.76665796138331
c           -0.42947550388963        1.59450550882803       -0.89382741664841
c           -1.31023272232687        1.80340711880317        0.33948583583381
c           -1.80708551659679        0.45970064851631        0.88028247940784
c           -0.60299550373570       -0.39359641935041        1.31647532942788
c           -1.25025761628159       -1.19933714279747       -0.81853884245966
c           -2.36832222148058       -0.36494170696802       -0.24732660625468
o            0.26110178176515        0.16499515687432        2.26798675701750
c            0.99608945225054       -1.92665740380061        0.11403740589807
c           -3.62032538549897       -0.35439638377200       -0.66706882291915
c            1.96026973111129        0.99195385831753       -0.23790063105309
c            2.09134662814672        2.03514172119596        0.57298029823559
h            0.83805816069699        0.14375364070106       -1.79259694054843
o            1.46275182120994       -2.46675123915914       -1.10255519829266
c            3.19870073174982        0.34495049179790       -0.79841760838346
h            0.07214394427973        2.52883650209880       -1.15309759388568
h           -1.08920671367406        1.34214008929257       -1.72593508480398
h           -0.78385614792272        2.32931899219705        1.13735798581103
h           -2.16782942103236        2.41772488923916        0.05692772722656
h           -2.51990402949002        0.61902127271347        1.69142082954189
h           -0.97629363596610       -1.30933749602162        1.79317059563340
h           -1.15118068415704       -1.07772780132652       -1.89711208465543
h           -1.44529131195649       -2.25815746047319       -0.63249477391316
h            0.76454819287121        0.87409277464952        1.83995941258542
h            0.48427958840277       -2.75410303146763        0.61349401230119
h            1.82951724037146       -1.62018282501028        0.76006724203559
h           -3.94588120526254       -0.96278838361571       -1.49439950996250
h           -4.37012778585839        0.26077986561909       -0.19914727859255
h            3.06681611094910        2.38427586202154        0.86987761593276
h            1.26877910294141        2.61009402624110        0.95974274836727
h            1.92663373616681       -1.76936125311644       -1.58482762764304
h            3.34923540127757       -0.65978873441000       -0.40866576750681
h            3.13892832313276        0.28720686461605       -1.88539818480663
h            4.07839216267281        0.92925999451193       -0.53867586410828
35
 energy: -46.158434671994 gnorm: 0.000150496465 xtb: 6.7.1 (edcfbbe)
c            0.01266048559246       -0.76151923777670       -0.04975953568476
c            0.63014582895737        0.47658772876484       -0.76686796659575
c           -0.42919076453116        1.59463003994655       -0.89403007251348
c           -1.31012636656934        1.80351027246163        0.33919800386718
c           -1.80713873775622        0.45990251726872        0.88009382455553
c           -0.60318175121012       -0.39349320051776        1.31639613603116
c           -1.25023425159457       -1.19942232680214       -0.81848323192397
c           -2.36834148656145       -0.36499530098515       -0.24734762272364
o            0.26091457869153        0.16472252712882        2.26810527305734
c            0.99632217548988       -1.92644546088124        0.11443202531732
c           -3.62044680834049       -0.35461198582250       -0.66682878153109
c            1.96020160369603        0.99175801429541       -0.23793598386770
c            2.09099412399652        2.03450410181875        0.57358687750824
h            0.83805312221393        0.14343257024829       -1.79278204066400
o            1.46280230660214       -2.46721392704883       -1.10190320970998
c            3.19873116475567        0.34550639754447       -0.79902230587729
h            0.07273548428923        2.52885571986806       -1.15303451303874
h           -1.08884435813348        1.34260465999409       -1.72627813115654
h           -0.78374663167460        2.32937428652082        1.13708322174302
h           -2.16764762999939        2.41790939529253        0.05661159082668
h           -2.52004530182607        0.61937081836663        1.69113703558900
h           -0.97670375568186       -1.30922186013388        1.79294286970485
h           -1.15120173441688       -1.07812407257823       -1.89709368452852
h           -1.44531526016752       -2.25815966201383       -0.63214545807241
h            0.76529700119326        0.87320771833718        1.84013072179004
h            0.48480173444555       -2.75362782462047        0.61456774364832
h            1.82977744631048       -1.61929472475250        0.76008046549114
h           -3.94616029075585       -0.96303279036317       -1.49409424790591
h           -4.37007171111988        0.26100794742224       -0.19911747246919
h            3.06631374453206        2.38363505503080        0.87095696772745
h            1.26820615353283        2.60907475540216        0.96043985371821
h            1.92593935295117       -1.77007047994637       -1.58510154855263
h            3.34886010632678       -0.66001981869582       -0.41121916176337
h            3.13939446947635        0.28985646436721       -1.88612054241798
h            4.07839924457225        0.92915789960442       -0.53776673824984
35
 energy: -46.158435117825 gnorm: 0.000183299707 xtb: 6.7.1 (edcfbbe)
c            0.01265335004096       -0.76145936840336       -0.04973609254610
c            0.63032958834334        0.47646998245062       -0.76701990578777
c           -0.42887347966784        1.59461140531350       -0.89453459676149
c           -1.30997893006411        1.80374125259872        0.33856535908950
c           -1.80702870649477        0.46024388736202        0.87968529891827
c           -0.60334749255801       -0.39332113172357        1.31636549512014
c           -1.25014241466042       -1.19957738854489       -0.81850502124897
c           -2.36826458065904       -0.36507406292567       -0.24745164198547
o            0.26056382833610        0.16450619628049        2.26840964734843
c            0.99653953122998       -1.92613940882305        0.11493973856572
c           -3.62059807389923       -0.35504371775821       -0.66634512517896
c            1.96032043600887        0.99162696284343       -0.23784744172152
c            2.09067970884185        2.03365629594116        0.57469909693376
h            0.83837162175053        0.14309047672373       -1.79284303876974
o            1.46221268102588       -2.46826839329633       -1.10105189624008
c            3.19897190374475        0.34638333046878       -0.79970569990612
h            0.07340006303955        2.52871420580044       -1.15325271092076
h           -1.08832726626875        1.34285191766216       -1.72702535060883
h           -0.78373628262800        2.32973178277943        1.13645976275066
h           -2.16744401233769        2.41811401705996        0.05573914140946
h           -2.52000583194406        0.62001557449340        1.69060692841264
h           -0.97727040536367       -1.30901394497014        1.79269902888237
h           -1.15114295265358       -1.07836621916687       -1.89714142448504
h           -1.44518734010719       -2.25830800623666       -0.63206075109437
h            0.76593201950820        0.87238165646683        1.84058336829114
h            0.48556745827864       -2.75278411841191        0.61651021566446
h            1.83038898048079       -1.61799617707621        0.75959507820233
h           -3.94670309407111       -0.96372704127673       -1.49326672487306
h           -4.36995489743970        0.26064285872144       -0.19832006523019
h            3.06577163040392        2.38282812133634        0.87274647883035
h            1.26753086169326        2.60766877756299        0.96169528088859
h            1.92362410977415       -1.77132609072660       -1.58625686726283
h            3.34817485824246       -0.66054145287528       -0.41523345587178
h            3.14040301722596        0.29429459580872       -1.88704396332687
h            4.07872340013459        0.92872944128641       -0.53582778415915
35
 energy: -46.158435528695 gnorm: 0.000145696119 xtb: 6.7.1 (edcfbbe)
c            0.01279472638637       -0.76128812853729       -0.04954601461050
c            0.63070732259976        0.47641464870517       -0.76701731256794
c           -0.42841986614322        1.59454814127161       -0.89503007810096
c           -1.30994335706348        1.80390364573283        0.33771512457477
c           -1.80702662423974        0.46062769112361        0.87932781576696
c           -0.60352077561432       -0.39299501892061        1.31639159942312
c           -1.24991403106950       -1.19951405442349       -0.81843911294854
c           -2.36821847630102       -0.36520469665762       -0.24745451986004
o            0.26007988491156        0.16465981800419        2.26876596703838
c            0.99670616122524       -1.92590442137846        0.11542868123289
c           -3.62076577811775       -0.35584306999270       -0.66571243969540
c            1.96053938599233        0.99155360111686       -0.23745242458632
c            2.09065608573506        2.03283242871379        0.57604697293274
h            0.83908290790959        0.14281142857774       -1.79270105667896
o            1.46107994542177       -2.46935236063876       -1.10046894374912
c            3.19919369194842        0.34734238093600       -0.80044747846775
h            0.07390161228308        2.52861582236402       -1.15381523329245
h           -1.08763029378681        1.34258112831346       -1.72764888644465
h           -0.78397170418501        2.33027821692501        1.13552297775852
h           -2.16742168578132        2.41806866503665        0.05445107472653
h           -2.52004590775216        0.62074848225322        1.69014561185519
h           -0.97784135838577       -1.30862860166206        1.79255961395815
h           -1.15085322969031       -1.07808804487317       -1.89705888443483
h           -1.44477665015912       -2.25832905171849       -0.63221449258773
h            0.76615767393987        0.87209748444929        1.84104286158368
h            0.48616963708065       -2.75197408180500        0.61839484035409
h            1.83127150750468       -1.61722379680352        0.75890100284068
h           -3.94719355153413       -0.96499108003673       -1.49214580781036
h           -4.36998050055409        0.25987341916054       -0.19748089287592
h            3.06561100975157        2.38197918002344        0.87456315747281
h            1.26729392036833        2.60630171844489        0.96345836922193
h            1.92059851569089       -1.77268804289480       -1.58766243738146
h            3.34702896252180       -0.66136941110514       -0.42016571116830
h            3.14156847565082        0.29972567409829       -1.88808451253765
h            4.07923565074256        0.92778650294226       -0.53333906961281
35
 energy: -46.158435835388 gnorm: 0.000112682928 xtb: 6.7.1 (edcfbbe)
c            0.01292612697312       -0.76117646903372       -0.04917419319526
c            0.63104204847212        0.47637343388844       -0.76671343919864
c           -0.42812019965519        1.59436546940439       -0.89538361878289
c           -1.30994176268129        1.80407727167798        0.33705053276622
c           -1.80706359067938        0.46096606350348        0.87904019721803
c           -0.60364927143853       -0.39259098712359        1.31655153695641
c           -1.24962610592977       -1.19941413306513       -0.81838244891006
c           -2.36814973473254       -0.36540250419872       -0.24739659694404
o            0.25957038609011        0.16515704166227        2.26920499907414
c            0.99671579064509       -1.92585772278651        0.11585580293066
c           -3.62081374336088       -0.35673739915960       -0.66532273827645
c            1.96081207145648        0.99159519771917       -0.23708451407292
c            2.09100490415203        2.03220534420751        0.57725393072329
h            0.83973393035801        0.14261140810251       -1.79226989366905
o            1.45999826800001       -2.47013188798515       -1.10015875645100
c            3.19933140281560        0.34811012270059       -0.80113422737551
h            0.07411820254274        2.52845131683809       -1.15435452677989
h           -1.08705551789260        1.34198828553294       -1.72812200151129
h           -0.78430866843866        2.33093339226206        1.13477556052788
h           -2.16745832055001        2.41794251211900        0.05322801806359
h           -2.52010370402425        0.62141431992687        1.68976762627567
h           -0.97815235011824       -1.30818135118349        1.79265105017852
h           -1.15042187128615       -1.07764055042108       -1.89696473770178
h           -1.44426068533913       -2.25833436241084       -0.63253535600674
h            0.76589548790531        0.87239222094720        1.84153921568598
h            0.48646430900836       -2.75153311815834        0.61974621265440
h            1.83197141163835       -1.61696134559866        0.75835335181224
h           -3.94729209798841       -0.96635698194662       -1.49137767703250
h           -4.37016367084428        0.25870855004353       -0.19696391154364
h            3.06598383195987        2.38116331866689        0.87590353451857
h            1.26774863379315        2.60548018724964        0.96509757321128
h            1.91743612811629       -1.77320493119878       -1.58903140213709
h            3.34556129082171       -0.66229186771800       -0.42483387283365
h            3.14259965024393        0.30477484728677       -1.88899629527279
h            4.07982070725365        0.92646152499393       -0.53098857357293
35
 energy: -46.158435841945 gnorm: 0.000187969105 xtb: 6.7.1 (edcfbbe)
c            0.01305752755986       -0.76106480953014       -0.04880237178001
c            0.63137677434447        0.47633221907170       -0.76640956582934
c           -0.42782053316715        1.59418279753717       -0.89573715946483
c           -1.30994016829910        1.80425089762313        0.33638594095767
c           -1.80710055711902        0.46130443588335        0.87875257866909
c           -0.60377776726274       -0.39218695532658        1.31671147448969
c           -1.24933818079004       -1.19931421170677       -0.81832578487158
c           -2.36808099316407       -0.36560031173982       -0.24733867402803
o            0.25906088726866        0.16565426532035        2.26964403110989
c            0.99672542006494       -1.92581102419457        0.11628292462844
c           -3.62086170860402       -0.35763172832649       -0.66493303685751
c            1.96108475692063        0.99163679432148       -0.23671660355953
c            2.09135372256900        2.03157825970124        0.57846088851383
h            0.84038495280643        0.14241138762727       -1.79183873065915
o            1.45891659057825       -2.47091141533153       -1.09984856915288
c            3.19946911368279        0.34887786446519       -0.80182097628326
h            0.07433479280240        2.52828681131216       -1.15489382026732
h           -1.08648074199839        1.34139544275242       -1.72859511657792
h           -0.78464563269232        2.33158856759911        1.13402814329724
h           -2.16749495531869        2.41781635920135        0.05200496140065
h           -2.52016150029633        0.62208015760052        1.68938964069614
h           -0.97846334185072       -1.30773410070492        1.79274248639890
h           -1.14999051288198       -1.07719305596898       -1.89687059096873
h           -1.44374472051915       -2.25833967310319       -0.63285621942575
h            0.76563330187076        0.87268695744512        1.84203556978827
h            0.48675898093607       -2.75109215451167        0.62109758495472
h            1.83267131577202       -1.61669889439379        0.75780570078381
h           -3.94739064444270       -0.96772288385652       -1.49060954625464
h           -4.37034684113447        0.25754368092652       -0.19644693021136
h            3.06635665416817        2.38034745731034        0.87724391156433
h            1.26820334721796        2.60465865605440        0.96673677720062
h            1.91427374054168       -1.77372181950276       -1.59040036689271
h            3.34409361912163       -0.66321432433087       -0.42950203449901
h            3.14363082483705        0.30982402047525       -1.88990807800793
h            4.08040576376473        0.92513654704559       -0.52863807753304
