35
 energy: -46.152709761361 gnorm: 0.051915826115 xtb: 6.7.1 (edcfbbe)
c           -0.06729814373078       -0.79475326747692       -0.26164572037641
c            0.55238351161067        0.52052862882390       -0.87680068090674
c           -0.43891094969568        1.72819280485942       -0.75961679213783
c           -1.27576882972328        1.76698243545291        0.53753230520033
c           -1.84067223195031        0.36503954525042        0.88743911205332
c           -0.67475642146173       -0.60376708320441        1.16466521917529
c           -1.38424367308688       -1.10841664808509       -1.04606423332107
c           -2.47091214188637       -0.29109193106067       -0.33613386503040
o            0.18254680780453       -0.13100393217308        2.19391836297107
c            0.91082970014881       -1.98537241332292       -0.30398321351484
c           -3.74755203838598       -0.18279481762576       -0.71971433726861
c            1.99520004213359        0.88879305779777       -0.48414159564749
c            2.36434850701925        1.45275482660877        0.67923624427252
h            0.61612543866331        0.29463335023081       -1.95548094032807
o            1.93494670190033       -1.93702614156535        0.71231290347370
c            3.01924186500267        0.66573843649613       -1.58638709675427
h            0.11922553656842        2.66958708851428       -0.87724566402904
h           -1.13537696417631        1.67838926465564       -1.61208532123498
h           -0.67884141149304        2.13427123172054        1.38625697728015
h           -2.11122113842467        2.47361146570767        0.40387610178163
h           -2.54259254029839        0.43684727808491        1.73302567018939
h           -1.10098833403528       -1.58717588473382        1.46140412258076
h           -1.30733843462859       -0.86946214157022       -2.11837137765120
h           -1.62163910942095       -2.18474467294423       -0.97929220281673
h            0.97413176612661       -0.71275391932326        2.16496341640471
h            1.36008954304823       -2.08515244877316       -1.31053025945603
h            0.35465970515646       -2.91446140921295       -0.10119661040602
h           -4.12181341343501       -0.67470632883069       -1.62144920585804
h           -4.46874104499220        0.40590222163550       -0.14741613955329
h            3.40325635777785        1.74549117464913        0.85289984984401
h            1.66094032122422        1.63756189010975        1.48875581410230
h            2.51503133393114       -1.17021581777898        0.52182135912959
h            4.03565257561506        0.93673133879517       -1.26580895323435
h            3.03325190273056       -0.38535077765706       -1.92295699727318
h            2.76543087855097        1.26907842508505       -2.47538182065738
35
 energy: -46.159192355307 gnorm: 0.015557894349 xtb: 6.7.1 (edcfbbe)
c           -0.07432904798087       -0.77970461076495       -0.26343338225606
c            0.54917816744300        0.51150120065485       -0.88378905553145
c           -0.43369971147661        1.70631951376556       -0.75448283941403
c           -1.26367822778421        1.75143911025368        0.53119203798676
c           -1.83053808126852        0.36468158367375        0.87142220555734
c           -0.66596795564564       -0.59032268018390        1.15637410687745
c           -1.37984439760044       -1.09435654586336       -1.04068426474175
c           -2.45450619158654       -0.27999052928951       -0.34562203751997
o            0.20085765457132       -0.12452501908126        2.16733284201575
c            0.90026836994817       -1.96618897235776       -0.30202673602689
c           -3.71817687056705       -0.17740102495248       -0.72144855927170
c            1.97731304478786        0.87363395970610       -0.48281629169141
c            2.33673281755191        1.43319483712815        0.66700663419290
h            0.61611451437500        0.29096602429350       -1.95798277652530
o            1.91787184840662       -1.90222621846801        0.69663287448724
c            2.99780367677979        0.65929575395510       -1.57521602731428
h            0.12810870145654        2.64000078307888       -0.85547185512448
h           -1.13115066637039        1.65889653236575       -1.59734752927737
h           -0.66453833998400        2.09797149532120        1.37718091107337
h           -2.09126887295055        2.45602674627787        0.39692012503579
h           -2.52179095043413        0.43939089842917        1.71570199404649
h           -1.08146238476281       -1.56720311696821        1.46917751768280
h           -1.30706294753949       -0.85523434295878       -2.10393897830029
h           -1.61978506638917       -2.16112539043829       -0.96447752072663
h            0.97202360787690       -0.71932515155255        2.15476488688556
h            1.35710492584728       -2.06387213418710       -1.29716128816686
h            0.36132567542873       -2.89595199383950       -0.08566221680564
h           -4.09539980743803       -0.67419037889334       -1.60439750612018
h           -4.43459746802370        0.39955200722282       -0.15439911015666
h            3.36556705649301        1.71665350794345        0.84987162521238
h            1.63971421647682        1.62406326271059        1.46584248333350
h            2.48811520221106       -1.13958475025106        0.49850729230924
h            4.00044859624283        0.93367322176366       -1.24575207578020
h            3.01779690670907       -0.38290719707184       -1.90587254549879
h            2.75007767938347        1.26873444771702       -2.44954050944371
35
 energy: -46.160169352587 gnorm: 0.005683461562 xtb: 6.7.1 (edcfbbe)
c           -0.07599179273700       -0.77980052358238       -0.26959262327833
c            0.53797635231156        0.50434926075473       -0.88909278252636
c           -0.43208672724424        1.70097453685831       -0.76168767564680
c           -1.24824542051313        1.74294552811084        0.52777415481140
c           -1.82066493897361        0.36445723224999        0.86822045902823
c           -0.65506874251256       -0.58520434466318        1.14853442792507
c           -1.37710769160332       -1.09153039332439       -1.03900216929160
c           -2.44264966612611       -0.28165354818533       -0.34130560741280
o            0.21570409631799       -0.11376062986830        2.14589160136114
c            0.90505482034461       -1.95793006567232       -0.30317713130597
c           -3.70357998123362       -0.17847280974019       -0.71475174706092
c            1.95647640215204        0.86602508987429       -0.48190944094156
c            2.30526504634382        1.42257733874513        0.66827906225903
h            0.60704836711759        0.28283721099820       -1.96073481766500
o            1.92008722012787       -1.87272842663083        0.68363217035562
c            2.98070857279911        0.64852818780448       -1.56447757020270
h            0.13454343823862        2.62897044388970       -0.85938282739868
h           -1.13373333578274        1.65400518078647       -1.59703196978698
h           -0.64068765556597        2.07412319015619        1.37012128330535
h           -2.06703470313930        2.45343703415923        0.39888789491717
h           -2.50700975781312        0.44182927489839        1.71275502777641
h           -1.06148417487998       -1.56006132395598        1.47229396098419
h           -1.30687234888086       -0.85160374153835       -2.09897821907029
h           -1.61690123619279       -2.15408831105392       -0.95782410423717
h            0.97523921672698       -0.71709739917662        2.14823477170193
h            1.35322658314856       -2.05495988297509       -1.29920496389026
h            0.37345530098899       -2.88626204380564       -0.07476022340243
h           -4.07602337924753       -0.65960184234845       -1.60296305371721
h           -4.41253344685562        0.41091296731802       -0.15979175469794
h            3.33068399178085        1.69392398064574        0.86512827906101
h            1.60634533017045        1.61165238322648        1.46077001086975
h            2.47140305847802       -1.10086522034176        0.48238280604859
h            3.97660377688109        0.92240524137078       -1.22417286177351
h            2.99975064843816       -0.38919881812603       -1.89528434607422
h            2.73672845112240        1.26275007228097       -2.43137559002112
35
 energy: -46.160332362074 gnorm: 0.003147953190 xtb: 6.7.1 (edcfbbe)
c           -0.07690866901047       -0.78024866345380       -0.27249536015786
c            0.53461185998971        0.50101217230874       -0.89656848049163
c           -0.43502725057049        1.69683444170423       -0.76696983379185
c           -1.24141034182789        1.74277875035872        0.52892627428251
c           -1.81519786729329        0.36447090971448        0.86840515846096
c           -0.65021897991219       -0.58617726566596        1.14799237372097
c           -1.37818023189819       -1.09564070536245       -1.03715065978972
c           -2.43738571421370       -0.27484793332381       -0.34366163971358
o            0.22214920902396       -0.11240533231264        2.14144523776563
c            0.90996544688486       -1.95417251477411       -0.30579385182196
c           -3.69697856606704       -0.16160844903812       -0.72181918914907
c            1.94968226467702        0.86083364900137       -0.48120149887391
c            2.28975732968533        1.41667125028569        0.67297206424190
h            0.60496327084204        0.27808270553178       -1.96816441409798
o            1.92948602271584       -1.85736428693325        0.67185205898078
c            2.97868964905098        0.64219029465802       -1.55820245168983
h            0.13384270602579        2.62251433903464       -0.86812614718569
h           -1.14204447618053        1.65181359592825       -1.59765490666519
h           -0.62349645057163        2.06527699608605        1.36694676482333
h           -2.05605686032986        2.45946454152928        0.40958133470097
h           -2.50089111145822        0.44292247497640        1.71302910846760
h           -1.05436851458153       -1.56112563352239        1.47416017683527
h           -1.30835854129203       -0.85930909355542       -2.09801587392042
h           -1.62140821835874       -2.15720572498598       -0.95186497788914
h            0.97816686716868       -0.71918048656442        2.15053638510362
h            1.34920514864644       -2.05380726783989       -1.30596537930040
h            0.38322009315614       -2.88328726063798       -0.06963299640388
h           -4.07358671781336       -0.65894191322094       -1.59971791764254
h           -4.40812250501889        0.41536372461240       -0.15694393004982
h            3.31312839852047        1.68842646962770        0.87819791809273
h            1.58254171067026        1.61409243588999        1.45635999411190
h            2.46358558039866       -1.07243205029609        0.47136413299170
h            3.97307814149876        0.91221446921848       -1.21084374926555
h            2.99387896298738       -0.39476184305267       -1.89071929465613
h            2.73831402864296        1.25943803321291       -2.42385199902052
35
 energy: -46.160441838263 gnorm: 0.002503882193 xtb: 6.7.1 (edcfbbe)
c           -0.07644885874652       -0.78159633225253       -0.27463955830331
c            0.53178530979853        0.50035764322659       -0.90169773958146
c           -0.43943395480703        1.69499128509736       -0.77256109331438
c           -1.23589648081414        1.74268601267850        0.53029078762461
c           -1.81159012628612        0.36383984248838        0.87004327769194
c           -0.64644068880203       -0.58788417151216        1.14826309587100
c           -1.37962948324700       -1.10080477910312       -1.03419822650609
c           -2.43682383406275       -0.27694886662815       -0.33990890555100
o            0.22610407005420       -0.11418159803036        2.14114248942458
c            0.91468522023016       -1.95332332251715       -0.30986450675186
c           -3.69640841989344       -0.15856696025578       -0.71972097912601
c            1.94470096828131        0.86327390593996       -0.48252686547100
c            2.27705589642797        1.42210606656446        0.67352622733186
h            0.60306159839132        0.27587734127099       -1.97344085414929
o            1.94000409381762       -1.85004285577721        0.65899320772659
c            2.97992247536610        0.63713711422295       -1.55218337984834
h            0.12874700524727        2.62042927383643       -0.88081639326504
h           -1.15253606418767        1.64766008142901       -1.59824097670460
h           -0.60772396732968        2.05947654989561        1.36305688756735
h           -2.04776013813196        2.46440958890607        0.42147104531441
h           -2.49600434725454        0.44294382139671        1.71585832691888
h           -1.04987000700258       -1.56321187891260        1.47432758016494
h           -1.31298076259347       -0.86908819274184       -2.09700545774591
h           -1.62376288656939       -2.16223152183346       -0.94430792455043
h            0.98048784359128       -0.72277170645256        2.15533762618031
h            1.34551801725416       -2.05560711554772       -1.31451284955635
h            0.39213749621579       -2.88352205808978       -0.06764388806466
h           -4.06991702231661       -0.64726101553374       -1.60426389273038
h           -4.40283201912749        0.43175459180595       -0.16161644566965
h            3.30073834050134        1.68600170025692        0.88949010136466
h            1.56387188376416        1.61890784329790        1.45200889994339
h            2.45529778157670       -1.04929564225444        0.46407610758618
h            3.97390228545538        0.90082547674971       -1.19828870317881
h            2.98973102607134       -0.40029395186240       -1.88474499257077
h            2.74693342331502        1.25583865938075       -2.41929759706806
35
 energy: -46.160502849872 gnorm: 0.002882665699 xtb: 6.7.1 (edcfbbe)
c           -0.07502323362827       -0.78394289466430       -0.27593988861534
c            0.52946399335957        0.50112047281027       -0.90315030968194
c           -0.44430825443677        1.69421594833332       -0.77674844086815
c           -1.23168847143558        1.74162981426713        0.53179696469953
c           -1.80911350514498        0.36290841890093        0.87274427891809
c           -0.64392931454198       -0.59046501880158        1.14837278866513
c           -1.38081273454113       -1.10470204210301       -1.03094950252495
c           -2.43630196467317       -0.27621451610310       -0.33769298960913
o            0.22824556436999       -0.12032585100158        2.14340369489297
c            0.91780612305153       -1.95495923266403       -0.31483523923443
c           -3.69425068283208       -0.14979174501686       -0.72088453399732
c            1.94209577945337        0.86540030048948       -0.48238506367952
c            2.26960234821329        1.42889799528345        0.67292190216016
h            0.60168078631201        0.27590309519095       -1.97496176691064
o            1.94951277940933       -1.84834727584361        0.64584980042308
c            2.98261493062450        0.63243476121902       -1.54582984380310
h            0.11930804281259        2.62175162419411       -0.89479049426419
h           -1.16304306877778        1.63917451202938       -1.59741651454357
h           -0.59669920866121        2.05513882186606        1.36028066288494
h           -2.04206682347098        2.46605692651699        0.43147304829494
h           -2.49299882992366        0.44181193335057        1.71938321400283
h           -1.04866286915516       -1.56611991480110        1.47156819467361
h           -1.31711068272228       -0.87983244888179       -2.09588012487654
h           -1.62547011433422       -2.16581255249055       -0.93436093131436
h            0.98187727594264       -0.72970092285494        2.16063691434089
h            1.34125773493035       -2.05948902853091       -1.32336238258246
h            0.39849455653473       -2.88579363567695       -0.06750685951707
h           -4.06751321364437       -0.63635866054935       -1.60702679882857
h           -4.39797786044897        0.44664838659805       -0.16529322824484
h            3.29114643117085        1.69673721523375        0.89200436786251
h            1.55179060190767        1.63077198264661        1.44583799364222
h            2.44661611143014       -1.03289994952913        0.45900295304369
h            3.97655211671808        0.88845260113130       -1.18595704722682
h            2.98729460223967       -0.40523056850469       -1.87886475740363
h            2.76023672807945        1.25281627709541       -2.41503562977463
35
 energy: -46.160537154906 gnorm: 0.002158287815 xtb: 6.7.1 (edcfbbe)
c           -0.07440459341070       -0.78543469949962       -0.27677800548978
c            0.52870073633845        0.50090913482105       -0.90466336102736
c           -0.44913775859783        1.69048274936376       -0.77812970367111
c           -1.22975243711889        1.74028709675636        0.53378310552666
c           -1.80647324090037        0.36141701496229        0.87507980058868
c           -0.64198480908203       -0.59377151927750        1.14862363208851
c           -1.38192243552957       -1.10771228062472       -1.02848976384270
c           -2.43526604192919       -0.27502856591546       -0.33645581318056
o            0.23103658162174       -0.12664612835432        2.14474477661147
c            0.91846918267541       -1.95587469948949       -0.31911082216814
c           -3.69104939696046       -0.14008714421160       -0.72296087264491
c            1.94042495351783        0.86951493962361       -0.48269808203311
c            2.26426372342992        1.44148217339646        0.66938144249442
h            0.60234093512533        0.27596733524742       -1.97648761994910
o            1.95550802607628       -1.84797322856570        0.63543303471623
c            2.98532123417716        0.62872205733847       -1.54018315378602
h            0.10892435189876        2.62048664857799       -0.90502533861336
h           -1.17200710369888        1.62709136373884       -1.59464505033727
h           -0.59096998031160        2.05235520206818        1.35941531203848
h           -2.03976086362482        2.46550682041353        0.43824874076155
h           -2.48946805608163        0.43969988499415        1.72251037876047
h           -1.04867730478877       -1.56946204923088        1.46963586950679
h           -1.32056369241490       -0.88966678305769       -2.09493827084337
h           -1.62689813118867       -2.16818531038773       -0.92443450530657
h            0.98379213116612       -0.73687479371475        2.16341730957919
h            1.33633456088397       -2.06237884536981       -1.33015054662368
h            0.40087108589187       -2.88653597968128       -0.06770838674853
h           -4.06511357994005       -0.62322781451197       -1.61053017004476
h           -4.39264239943975        0.45968512444610       -0.16850669780562
h            3.28515534438457        1.70921790285452        0.89132960345920
h            1.54498559805185        1.64342282280090        1.44038169517683
h            2.44031751037014       -1.02427025154926        0.45510794014617
h            3.97891107247791        0.87795607775591       -1.17449944217473
h            2.98557156911588       -0.40915989891347       -1.87271945345245
h            2.77378890200211        1.24997047233513       -2.41157315070809
35
 energy: -46.160554492498 gnorm: 0.001131237704 xtb: 6.7.1 (edcfbbe)
c           -0.07426995101281       -0.78703342466304       -0.27752107551459
c            0.52826489663473        0.50004502193090       -0.90455660440736
c           -0.45222729043986        1.68717815238739       -0.77811994677567
c           -1.22935218856647        1.73822797482722        0.53510221528785
c           -1.80482953136463        0.35939701933009        0.87691107745656
c           -0.64003318214336       -0.59585231764824        1.14834406077232
c           -1.38291696950740       -1.10951395057808       -1.02713428633963
c           -2.43456228366319       -0.27477561006539       -0.33556359402703
o            0.23511839017530       -0.12945350182270        2.14331552765880
c            0.91778341546304       -1.95712231484035       -0.32208541260916
c           -3.68848125285604       -0.13278595365856       -0.72457811635228
c            1.93960068763445        0.86906863141208       -0.48079000181505
c            2.26175826910860        1.44806444227688        0.66804637736076
h            0.60350864021878        0.27619526478930       -1.97633968851795
o            1.95851216429547       -1.84765155713909        0.62881627386504
c            2.98667345145512        0.62546950499829       -1.53532021572238
h            0.10183202459409        2.61881150725778       -0.91031018381392
h           -1.17752740218876        1.61794805139090       -1.59187906648986
h           -0.58983421074788        2.05103464360513        1.35962346514492
h           -2.03997244680575        2.46264939461779        0.44029162960677
h           -2.48672659795023        0.43647299739452        1.72522750987303
h           -1.04727887850255       -1.57142567000191        1.46947452906843
h           -1.32296584731569       -0.89592782118369       -2.09418975431490
h           -1.62819035307693       -2.16925006809775       -0.91770396416748
h            0.98667959509967       -0.74106286974441        2.16211203282340
h            1.33257865425265       -2.06466835457914       -1.33408867938158
h            0.40133773591040       -2.88757204022303       -0.06768078245203
h           -4.06344373471161       -0.61074349368630       -1.61437903782396
h           -4.38810635374813        0.47000524289907       -0.17121695789036
h            3.28103064415308        1.72319900470000        0.88740025142611
h            1.54100933193633        1.65797919910489        1.43574824935743
h            2.43756448543343       -1.02172385473185        0.45080505615281
h            3.97990980281453        0.86986414072615       -1.16542085707530
h            2.98375443790006       -0.41182886007657       -1.86904019743384
h            2.78242752170875        1.24866629823117       -2.40689540192644
35
 energy: -46.160563055328 gnorm: 0.001722421669 xtb: 6.7.1 (edcfbbe)
c           -0.07422359800629       -0.78934053494699       -0.27800091004213
c            0.52735973544223        0.49861455038498       -0.90340344482859
c           -0.45439047530739        1.68427928271225       -0.77738962196282
c           -1.23040513468884        1.73547160013784        0.53614404218876
c           -1.80377064273858        0.35646530246485        0.87877553687627
c           -0.63764520976016       -0.59741868189815        1.14795162411210
c           -1.38381216603346       -1.11116055652665       -1.02615268176048
c           -2.43344564045973       -0.27375995589131       -0.33574396129289
o            0.24046269607585       -0.12923922658416        2.13962248012718
c            0.91683709947584       -1.95930568774901       -0.32436809464853
c           -3.68518385742737       -0.12315214381863       -0.72811385132329
c            1.93746164428427        0.87162416269116       -0.47950401591014
c            2.25821959684858        1.46032125172896        0.66466863675537
h            0.60418437694337        0.27603028796874       -1.97511176578324
o            1.96021666717464       -1.84945727115025        0.62447146643198
c            2.98689092061782        0.62184533871565       -1.53040683363893
h            0.09758068264930        2.61649364082350       -0.91195558876273
h           -1.18059995336576        1.61157633815559       -1.58966242834955
h           -0.59213819359022        2.05059289643725        1.36081236179495
h           -2.04253452637808        2.45802397439797        0.43941199333689
h           -2.48480198150259        0.43167219524704        1.72780240407234
h           -1.04317914333167       -1.57296390939813        1.47152530440800
h           -1.32420730902488       -0.90022047548384       -2.09325247663214
h           -1.63022726954516       -2.17003543668375       -0.91331174113106
h            0.99129875048849       -0.74159299442184        2.15671220727286
h            1.33003871206021       -2.06680271582983       -1.33648835894864
h            0.40136524859442       -2.88967304550770       -0.06819089990054
h           -4.06254214336110       -0.59942463808929       -1.61766590015405
h           -4.38388318468576        0.47838370615383       -0.17260145417243
h            3.27864401992653        1.73288567061456        0.88394313966800
h            1.53882179026727        1.67131562929767        1.43298081229539
h            2.43739866813422       -1.02374310032517        0.44652674178117
h            3.97986044701902        0.86175952104746       -1.15697344522369
h            2.98040278592350       -0.41495249624766       -1.86495248907630
h            2.78857226146865        1.24677235071256       -2.40169435657559
35
 energy: -46.160570944887 gnorm: 0.000923131800 xtb: 6.7.1 (edcfbbe)
c           -0.07453626249381       -0.78982066354276       -0.27802119376831
c            0.52712464792585        0.49789008873679       -0.90353320704686
c           -0.45459946292764        1.68360345546007       -0.77635693785096
c           -1.23227499358144        1.73494748727165        0.53668038377933
c           -1.80368019067557        0.35498886197129        0.87928430906124
c           -0.63674978560807       -0.59796345089323        1.14831571696160
c           -1.38405127140235       -1.11194540157602       -1.02625874687668
c           -2.43345787808604       -0.27499411476794       -0.33519604113582
o            0.24238194036018       -0.12724359829438        2.13784212170948
c            0.91678614757302       -1.95974348366002       -0.32492106803247
c           -3.68479705672231       -0.12226486277042       -0.72818299097046
c            1.93692098993716        0.87020779119592       -0.47838926507794
c            2.25718511656227        1.46145292880055        0.66461443603214
h            0.60409860495814        0.27574100323117       -1.97543268786732
o            1.96016628207115       -1.85026310882993        0.62426281339247
c            2.98677121804043        0.61951362837031       -1.52881658089083
h            0.09870682837851        2.61513290210303       -0.90872823329661
h           -1.17993223537565        1.61320509647119       -1.58951138310487
h           -0.59501967642784        2.05166738808061        1.36176760994370
h           -2.04553699178447        2.45638906591551        0.43862912637677
h           -2.48450943430341        0.42947342349902        1.72848616156818
h           -1.04022984698590       -1.57358266430573        1.47412422630463
h           -1.32444687997929       -0.90015229552256       -2.09330006543509
h           -1.63052040617657       -2.17088739401611       -0.91422030786797
h            0.99408922550578       -0.73852602887698        2.15317999840447
h            1.33002804556348       -2.06701551615691       -1.33699056908543
h            0.40145982114404       -2.89018869563660       -0.06890082566518
h           -4.06190090518751       -0.59499311688128       -1.61987030727833
h           -4.38238227125509        0.48155947926775       -0.17327214993820
h            3.27733264661394        1.73650227844924        0.88207917967810
h            1.53734681198381        1.67774308958487        1.43134483958556
h            2.43918520598428       -1.02534125397319        0.44429970937169
h            3.97988093833866        0.85761945592571       -1.15464101203303
h            2.97858042551416       -0.41681040863407       -1.86471884046426
h            2.78920632670526        1.24598346314298       -2.39924378747925
35
 energy: -46.160575478228 gnorm: 0.000471993118 xtb: 6.7.1 (edcfbbe)
c           -0.07455563289625       -0.79013461413048       -0.27830362294290
c            0.52642887233083        0.49832126397137       -0.90304136961213
c           -0.45470573242217        1.68474675278672       -0.77525581081464
c           -1.23416071346511        1.73415239595617        0.53734245507404
c           -1.80419257140012        0.35340237418067        0.87985794258060
c           -0.63579710183787       -0.59797937161470        1.14848841197745
c           -1.38417497734380       -1.11274243690790       -1.02623955089520
c           -2.43377299598110       -0.27608931167583       -0.33491076809031
o            0.24368795806219       -0.12521851362659        2.13677505447894
c            0.91723908194019       -1.96013807832459       -0.32525672747096
c           -3.68468882388971       -0.12144280499747       -0.72873666022285
c            1.93637788630788        0.86966852835232       -0.47787727233939
c            2.25594177864063        1.46359825564623        0.66393174189769
h            0.60281646936160        0.27650583830374       -1.97515444038287
o            1.95997206115426       -1.85032544517096        0.62453421226998
c            2.98679168284587        0.61637648332237       -1.52739823527811
h            0.09995990723585        2.61602732531562       -0.90466199236794
h           -1.17903887762969        1.61710859554449       -1.58974859906910
h           -0.59831929463944        2.05262482776712        1.36287183783651
h           -2.04879777905005        2.45392642203852        0.43835645910345
h           -2.48511269763466        0.42703109883052        1.72916465546593
h           -1.03751036781500       -1.57368966320142        1.47562925788649
h           -1.32466651440317       -0.90004165915471       -2.09339823914096
h           -1.63031221692150       -2.17202527040109       -0.91534062606007
h            0.99741004639842       -0.73421775081838        2.15014974362123
h            1.33057974876913       -2.06763366188290       -1.33743426000535
h            0.40170866567227       -2.89057381547152       -0.06939152888539
h           -4.06140747177867       -0.59248531961231       -1.62149648781593
h           -4.38146411109274        0.48349934775757       -0.17384085445703
h            3.27619611942857        1.73824157637846        0.88129683257365
h            1.53559998145843        1.68349622529865        1.42914208895612
h            2.44307417406406       -1.02804770790903        0.44066066585179
h            3.98033377451416        0.85139757794026       -1.15240770986382
h            2.97584186557032       -0.41964204618356       -1.86425698456653
h            2.79134348063354        1.24418741083214       -2.39764518828890
35
 energy: -46.160578344497 gnorm: 0.000396577055 xtb: 6.7.1 (edcfbbe)
c           -0.07446629782073       -0.79003710971109       -0.27853377151540
c            0.52570921779509        0.49899520416548       -0.90309347607281
c           -0.45559578995884        1.68517503129927       -0.77359255532721
c           -1.23622872536266        1.73364473136385        0.53842090986510
c           -1.80441316742404        0.35207530613191        0.88053786572267
c           -0.63516974494803       -0.59845283968349        1.14855865219011
c           -1.38408476938613       -1.11311273665328       -1.02607039070241
c           -2.43374010310884       -0.27665760233575       -0.33471663798037
o            0.24458043561325       -0.12438274104226        2.13595520212482
c            0.91772989830947       -1.95987005140395       -0.32564828550862
c           -3.68403099915285       -0.11983926975770       -0.72966578629246
c            1.93575068756957        0.87005197876557       -0.47798341295050
c            2.25439528225939        1.46737152602378        0.66228351746501
h            0.60160739896159        0.27814231247622       -1.97548342358686
o            1.96072100228776       -1.85010368842201        0.62354618115496
c            2.98716047682435        0.61225315266173       -1.52547607456371
h            0.09935834336133        2.61660285791830       -0.90119666902736
h           -1.17915447966430        1.61904220351865       -1.58895980433487
h           -0.60136647593671        2.05292382669538        1.36434751847595
h           -2.05186482845606        2.45217933668796        0.43887976244026
h           -2.48523866224087        0.42468503620759        1.73002132160913
h           -1.03553609669200       -1.57451281947902        1.47617439982006
h           -1.32506117999652       -0.90079566925365       -2.09341088717219
h           -1.62969785835893       -2.17252941100590       -0.91477440378300
h            1.00044507562386       -0.73088285451861        2.14725438993769
h            1.33041491286658       -2.06769210614487       -1.33809766462652
h            0.40213304641662       -2.89021166313290       -0.06951111624662
h           -4.06049614341972       -0.58955394512003       -1.62316130818439
h           -4.38022991129884        0.48563664791703       -0.17476079074538
h            3.27461571914403        1.74137376430447        0.88043008871563
h            1.53323443231286        1.69016402484694        1.42573749590255
h            2.44760833206346       -1.03088158008514        0.43605660421091
h            3.98102186418386        0.84293639190974       -1.14858090361761
h            2.97243377198637       -0.42337845284342       -1.86336789399127
h            2.79608100983379        1.24152603683870       -2.39571422240179
35
 energy: -46.160580109900 gnorm: 0.000253598932 xtb: 6.7.1 (edcfbbe)
c           -0.07443623340615       -0.78952920307360       -0.27888979374318
c            0.52515962511824        0.50006355942745       -0.90288580715183
c           -0.45633845760417        1.68593604077423       -0.77236740141049
c           -1.23706289805499        1.73325293551187        0.53953258765166
c           -1.80472577223931        0.35139198180908        0.88088503827586
c           -0.63475893217271       -0.59829485543694        1.14835356506244
c           -1.38400401642898       -1.11336620154273       -1.02601648923096
c           -2.43363812073907       -0.27679514768120       -0.33490347482985
o            0.24514289450380       -0.12400822497347        2.13544873146770
c            0.91804399382556       -1.95911462903932       -0.32613785107916
c           -3.68359378696373       -0.11924050614334       -0.73053342101859
c            1.93549874301323        0.87026011403630       -0.47805516963615
c            2.25351032866029        1.47013852437574        0.66096871944741
h            0.60054008917016        0.28005217911129       -1.97544465255451
o            1.96151828410735       -1.84903430854826        0.62221610163448
c            2.98747263499895        0.60864655387589       -1.52389708372345
h            0.09835049975743        2.61762649833264       -0.89928549907064
h           -1.17981765305801        1.62022789277082       -1.58786764800225
h           -0.60277815682702        2.05248292377387        1.36590344681225
h           -2.05308396954034        2.45127579419070        0.44000681157468
h           -2.48548120335017        0.42311920816182        1.73049810066819
h           -1.03466271775859       -1.57466817886889        1.47577682766629
h           -1.32538730258053       -0.90180346381305       -2.09342994669072
h           -1.62933757877441       -2.17275319159020       -0.91378515645546
h            1.00247027182251       -0.72879066366921        2.14500956182643
h            1.32980601885875       -2.06730897954486       -1.33889289256706
h            0.40257143475469       -2.88936599917946       -0.06928959721492
h           -4.05976212535120       -0.58860871768867       -1.62430244499288
h           -4.37997462930401        0.48571420916768       -0.17542273517142
h            3.27370260968084        1.74310807464097        0.88044559001417
h            1.53111965444252        1.69570230486913        1.42247697682800
h            2.45104063815198       -1.03208057043259        0.43216229112410
h            3.98157913762589        0.83511700478308       -1.14509537834186
h            2.96915367351849       -0.42660466092336       -1.86264596021925
h            2.80078869632984        1.23913653167606       -2.39413151594554
35
 energy: -46.160580893840 gnorm: 0.000183394440 xtb: 6.7.1 (edcfbbe)
c           -0.07423632279039       -0.78909174749574       -0.27909855698641
c            0.52481047914015        0.50089343200146       -0.90292129027956
c           -0.45675503834509        1.68662374556261       -0.77162531614105
c           -1.23749947653158        1.73340857812177        0.54019297033435
c           -1.80489858052675        0.35132474987644        0.88095163843883
c           -0.63468197789334       -0.59819803860778        1.14810095782262
c           -1.38377738017454       -1.11293763954659       -1.02619422840053
c           -2.43364058768142       -0.27668100443947       -0.33505811832143
o            0.24537463131700       -0.12399208582233        2.13506380894148
c            0.91827912899862       -1.95857224397991       -0.32651339879345
c           -3.68364889467503       -0.11976293626099       -0.73073349888696
c            1.93530998862295        0.87064707778557       -0.47817477717685
c            2.25325062547369        1.47183136022321        0.66016853263210
h            0.60003841342970        0.28143314007087       -1.97559685097415
o            1.96212275187905       -1.84835156057551        0.62143508502400
c            2.98768635527263        0.60624362578997       -1.52293335711471
h            0.09755790413313        2.61852479212070       -0.89859220914777
h           -1.18047397091973        1.62071484237701       -1.58686641137548
h           -0.60331564543712        2.05207702940077        1.36685786707863
h           -2.05341663538395        2.45163750967039        0.44108346104417
h           -2.48575887022728        0.42255118795628        1.73051061152109
h           -1.03442569748054       -1.57479875128256        1.47537074171970
h           -1.32524395289222       -0.90174959488166       -2.09361539273885
h           -1.62889178822924       -2.17227776523221       -0.91346443240187
h            1.00323703887688       -0.72813862874062        2.14347205814483
h            1.32949386801466       -2.06697657791354       -1.33941212458831
h            0.40296216998769       -2.88875795517573       -0.06915992879128
h           -4.05957782433301       -0.58956080088660       -1.62439443808980
h           -4.38051406835306        0.48488686697324       -0.17585828751833
h            3.27342237380361        1.74414747875714        0.88031898305809
h            1.53046830187531        1.69840218255872        1.42089721871278
h            2.45256958929541       -1.03226845774258        0.43052940989723
h            3.98202194694268        0.82974843484648       -1.14296520606582
h            2.96689020861569       -0.42875033130202       -1.86231119953347
h            2.80388661038259        1.23765491493267       -2.39305989004032
35
 energy: -46.160580871149 gnorm: 0.000404326281 xtb: 6.7.1 (edcfbbe)
c           -0.07403618736557       -0.78866461152609       -0.27929999720540
c            0.52446505261440        0.50170660438705       -0.90295775051781
c           -0.45716395649973        1.68729971554055       -0.77089674823652
c           -1.23793070207801        1.73356176592342        0.54083875339507
c           -1.80506785588637        0.35125882653515        0.88101820543513
c           -0.63460754416318       -0.59810487764364        1.14785433796111
c           -1.38355181216949       -1.11251516356967       -1.02636485985345
c           -2.43364194527760       -0.27656705709282       -0.33520993790264
o            0.24559922839996       -0.12398006149909        2.13468916574601
c            0.91851300980860       -1.95804242849949       -0.32687914671721
c           -3.68369998544134       -0.12026865106207       -0.73093348064057
c            1.93512171271701        0.87103104269100       -0.47829631678513
c            2.25299343921500        1.47349177080610        0.65938161889023
h            0.59954329064597        0.28278487395662       -1.97574732893574
o            1.96271957938792       -1.84768261939560        0.62067019499241
c            2.98789321089917        0.60389041979782       -1.52199174298187
h            0.09677759791888        2.61940890647490       -0.89791400333556
h           -1.18111901428770        1.62119048312261       -1.58588237244750
h           -0.60384678454202        2.05167920911684        1.36779255181957
h           -2.05374547099968        2.45199368066384        0.44213725263846
h           -2.48603178903553        0.42199457675428        1.73052332555339
h           -1.03419573033679       -1.57492961110056        1.47497108664518
h           -1.32509960414784       -0.90170019018657       -2.09379414255497
h           -1.62845062775054       -2.17180854285108       -0.91314080145196
h            1.00398705878786       -0.72750199654092        2.14196840013468
h            1.32918848880816       -2.06665267395781       -1.33991976312503
h            0.40334792866123       -2.88816318635661       -0.06902886396036
h           -4.05939562716781       -0.59049128354473       -1.62448576725726
h           -4.38103794210427        0.48408879692623       -0.17629319444134
h            3.27314445361103        1.74516582518345        0.88019607613734
h            1.52983067748459        1.70102644582793        1.41935304025590
h            2.45407755186555       -1.03245797142472        0.42892610614744
h            3.98245264560590        0.82449639039262       -1.14088272689709
h            2.96467577619188       -0.43085328307690       -1.86198154140945
h            2.80691755081753        1.23619970436741       -2.39201519809154
35
 energy: -46.160581399995 gnorm: 0.000155512509 xtb: 6.7.1 (edcfbbe)
c           -0.07431057157353       -0.78856269185306       -0.27946286858769
c            0.52468875931967        0.50168310414230       -0.90281951830270
c           -0.45707613996507        1.68715281984598       -0.77103249257423
c           -1.23765395408635        1.73356870305313        0.54087201594446
c           -1.80507629598280        0.35134755777963        0.88088699451622
c           -0.63462563405966       -0.59799531618515        1.14778656061730
c           -1.38374849980530       -1.11260104901204       -1.02662580066126
c           -2.43369954707792       -0.27665358663713       -0.33522162155262
o            0.24565302174030       -0.12380192458817        2.13457144241631
c            0.91828849192207       -1.95790333563112       -0.32695012192152
c           -3.68390743184443       -0.12076922226263       -0.73066815673056
c            1.93530356797386        0.87093711427858       -0.47809066506411
c            2.25327226102670        1.47341335005731        0.65955216131041
h            0.59981519971872        0.28280163360859       -1.97561234698677
o            1.96240737912748       -1.84772177187867        0.62078530562998
c            2.98797293625527        0.60399836905222       -1.52196588506049
h            0.09704820263440        2.61913652829946       -0.89793112307000
h           -1.18093805833376        1.62121827942060       -1.58611271491771
h           -0.60346869733488        2.05166811802285        1.36777267697933
h           -2.05344333378996        2.45199856690875        0.44217777408503
h           -2.48602168449786        0.42214733259518        1.73040501936239
h           -1.03416917283687       -1.57472523543602        1.47503220222851
h           -1.32523547528715       -0.90125822447832       -2.09397964339942
h           -1.62868802530713       -2.17196143214850       -0.91393119742367
h            1.00384062913350       -0.72756325117180        2.14191071063051
h            1.32926818946832       -2.06648606637937       -1.33986128391481
h            0.40313086051287       -2.88804634724026       -0.06928199889227
h           -4.05953940878931       -0.59092503637493       -1.62428664134006
h           -4.38143836829073        0.48301931498052       -0.17572191063412
h            3.27360126719433        1.74473139659850        0.88014348466292
h            1.53013713560650        1.70194256877021        1.41941361837767
h            2.45326612010007       -1.03205214509847        0.42948340839850
h            3.98257350573707        0.82438665376975       -1.14089964722684
h            2.96450397935480       -0.43068393484844       -1.86205505870327
h            2.80689446622395        1.23644398917998       -2.39187824719190
35
 energy: -46.160581347787 gnorm: 0.000359671114 xtb: 6.7.1 (edcfbbe)
c           -0.07460487428255       -0.78844562264203       -0.27965369057131
c            0.52494251526531        0.50166317184176       -0.90267719847065
c           -0.45696109822325        1.68700899958328       -0.77119383799241
c           -1.23735002845691        1.73357801716536        0.54088916537842
c           -1.80508668903085        0.35144798428413        0.88073740891283
c           -0.63464044163334       -0.59786743069701        1.14770071769783
c           -1.38395667938202       -1.11265157811766       -1.02694170955511
c           -2.43377450384531       -0.27676432436545       -0.33522043385515
o            0.24572462936033       -0.12357940197039        2.13441966076926
c            0.91803106406923       -1.95776195665385       -0.32704450901269
c           -3.68417288456226       -0.12140725014401       -0.73031351251446
c            1.93550656056288        0.87081516727173       -0.47784522318436
c            2.25359274238008        1.47332623843168        0.65974847955875
h            0.60013754092360        0.28282035789454       -1.97547299066617
o            1.96203139808165       -1.84778046679485        0.62092680464116
c            2.98806730771665        0.60409110633914       -1.52191811528787
h            0.09737152877730        2.61885311275933       -0.89794884445096
h           -1.18071440766026        1.62128024842798       -1.58638438964606
h           -0.60304637549284        2.05165168906095        1.36772667395643
h           -2.05310760583489        2.45200952151378        0.44220589529322
h           -2.48600779635844        0.42232144132012        1.73027376836762
h           -1.03412145212830       -1.57448771081522        1.47510148415784
h           -1.32537742186611       -0.90064972013377       -2.09420178357130
h           -1.62893368188613       -2.17209681385445       -0.91491679482945
h            1.00367092790210       -0.72763009627528        2.14185237252709
h            1.32937705967863       -2.06630130337409       -1.33980424820584
h            0.40286762953367       -2.88792886761025       -0.06960391236822
h           -4.05973070904659       -0.59150142437715       -1.62400136404460
h           -4.38191880886194        0.48175968624216       -0.17503357015684
h            3.27412275765718        1.74427970318062        0.88003987125273
h            1.53052189347717        1.70298487255596        1.41950645014021
h            2.45227081618923       -1.03155728028044        0.43017482715563
h            3.98271739665156        0.82420320997369       -1.14089072025796
h            2.96428466076570       -0.43051443174822       -1.86213769225823
h            2.80689270374689        1.23671598114740       -2.39169460790585
35
 energy: -46.160581721131 gnorm: 0.000111798259 xtb: 6.7.1 (edcfbbe)
c           -0.07438115131080       -0.78841318377192       -0.27965194488031
c            0.52488720239246        0.50175859916734       -0.90285918992386
c           -0.45685389968258        1.68726924940484       -0.77117192345801
c           -1.23750769083584        1.73356670177761        0.54073911044765
c           -1.80512408592351        0.35141888314535        0.88076021836471
c           -0.63460612774734       -0.59783036898469        1.14765053216665
c           -1.38375462175901       -1.11222390492248       -1.02702237074025
c           -2.43382650736428       -0.27678983030306       -0.33515664594755
o            0.24575202924865       -0.12345079317126        2.13433965569286
c            0.91809078365275       -1.95788635939219       -0.32710611203800
c           -3.68435446937577       -0.12182810288788       -0.73001354641258
c            1.93546360953010        0.87063069251390       -0.47781975765288
c            2.25355852648060        1.47328418133531        0.65970666463534
h            0.60014369246124        0.28285918596169       -1.97565140597213
o            1.96196153162363       -1.84771485369145        0.62097465548820
c            2.98806954493161        0.60375621567851       -1.52179838797034
h            0.09741093778480        2.61919752639178       -0.89784901969798
h           -1.18062056013406        1.62158643363171       -1.58635866946395
h           -0.60321286652067        2.05154615438373        1.36759201992616
h           -2.05324017008931        2.45203939093068        0.44209421518135
h           -2.48602165695008        0.42227113016265        1.73032787726259
h           -1.03403869082359       -1.57446963248001        1.47504088217629
h           -1.32521088147175       -0.89988260184552       -2.09422375012783
h           -1.62866166556462       -2.17171845113748       -0.91541871249838
h            1.00367718989068       -0.72753777628289        2.14197972579266
h            1.32948211466404       -2.06635424298571       -1.33989086873044
h            0.40282047513909       -2.88804687486091       -0.06971732969086
h           -4.05991761067205       -0.59218442468910       -1.62356235720431
h           -4.38204689041833        0.48163087227758       -0.17490759179742
h            3.27401788220356        1.74467319328854        0.87974163362867
h            1.53069513060514        1.70263001344712        1.41963701596548
h            2.45200119987973       -1.03131101618946        0.43033673781379
h            3.98271697073679        0.82374134314621       -1.14069368993281
h            2.96417527829356       -0.43081422179031       -1.86209813439972
h            2.80708112131233        1.23648170188123       -2.39154510499928
35
 energy: -46.160581924878 gnorm: 0.000074115518 xtb: 6.7.1 (edcfbbe)
c           -0.07430591219058       -0.78823253165699       -0.27986475078815
c            0.52489865480117        0.50206443102222       -0.90293242294941
c           -0.45680948693067        1.68759741173457       -0.77105104250315
c           -1.23766920489121        1.73373739247843        0.54072703772639
c           -1.80515296118683        0.35149697645011        0.88065622789225
c           -0.63459275048161       -0.59774497680057        1.14744539819497
c           -1.38366760214878       -1.11171126062764       -1.02737575425287
c           -2.43396345558767       -0.27686209116962       -0.33511442477969
o            0.24576458214382       -0.12324131948858        2.13408454042176
c            0.91809602177689       -1.95776483340149       -0.32729916976865
c           -3.68476554875024       -0.12277882523437       -0.72945638214037
c            1.93549925393823        0.87083737973220       -0.47787332549619
c            2.25363381568369        1.47378386034057        0.65947682751416
h            0.60019432475517        0.28331815075039       -1.97575354927289
o            1.96186334522114       -1.84770375593972        0.62091214134621
c            2.98829979225749        0.60294181240226       -1.52143746885535
h            0.09741639097277        2.61958606862115       -0.89755875197192
h           -1.18051758031732        1.62198909775372       -1.58630467017594
h           -0.60342063652107        2.05152737840003        1.36767771899123
h           -2.05333701738089        2.45230741052248        0.44215731960358
h           -2.48600591267875        0.42232587206388        1.73025864713066
h           -1.03387952046128       -1.57446243396190        1.47482709626256
h           -1.32510454884565       -0.89873589572193       -2.09445888465976
h           -1.62839206074291       -2.17131440828439       -0.91642856734476
h            1.00366845684523       -0.72736072803242        2.14186960504074
h            1.32953358924573       -2.06625744902875       -1.34007514859303
h            0.40269087834952       -2.88788080519507       -0.07000311908692
h           -4.06031394168811       -0.59349914664634       -1.62283173862881
h           -4.38264662069908        0.48036659718248       -0.17421013503823
h            3.27416005583474        1.74492950404812        0.87952396938878
h            1.53084944475799        1.70343723158243        1.41930953783135
h            2.45174727483503       -1.03116439317224        0.43054654058119
h            3.98304967452510        0.82180514655920       -1.13992968980014
h            2.96347841793550       -0.43152498773897       -1.86199957971625
h            2.80832646181060        1.23607294959621       -2.39110960109982
35
 energy: -46.160582091639 gnorm: 0.000094139618 xtb: 6.7.1 (edcfbbe)
c           -0.07427472831449       -0.78791726511668       -0.28017935531234
c            0.52504625162708        0.50241492851254       -0.90309117411074
c           -0.45671847315826        1.68789625369277       -0.77103491916479
c           -1.23779285536093        1.73380500435032        0.54064309981768
c           -1.80519216527610        0.35152875494931        0.88060183039312
c           -0.63448455399630       -0.59756481706800        1.14720209388314
c           -1.38361871769947       -1.11113443089791       -1.02784459016282
c           -2.43412110652592       -0.27700730588331       -0.33499594535972
o            0.24591254880336       -0.12286577329592        2.13371506139547
c            0.91793705767003       -1.95760155655019       -0.32769310605809
c           -3.68528818379378       -0.12393488588712       -0.72860597629073
c            1.93566374157513        0.87082275292003       -0.47776778339095
c            2.25367067054910        1.47453318949628        0.65924227370311
h            0.60043745547902        0.28386223368209       -1.97595360055087
o            1.96164917967184       -1.84769988794799        0.62059779477662
c            2.98871295148651        0.60188247710416       -1.52082803891383
h            0.09749222676972        2.61993079072204       -0.89732665668427
h           -1.18033791447267        1.62242496388084       -1.58638812359751
h           -0.60369256877260        2.05161469769820        1.36769740799426
h           -2.05353127170230        2.45229260307724        0.44203989487001
h           -2.48592673862898        0.42229874764378        1.73031088711919
h           -1.03359006433338       -1.57433647772571        1.47463675834612
h           -1.32509998568580       -0.89729710376535       -2.09477790121558
h           -1.62814474828653       -2.17087990136320       -0.91779910906925
h            1.00369418887443       -0.72711835466721        2.14185236546855
h            1.32945031274450       -2.06609529401774       -1.34044703322971
h            0.40238295621093       -2.88768028781931       -0.07051000559418
h           -4.06095530080940       -0.59498018144873       -1.62176245169097
h           -4.38332477543511        0.47870622251274       -0.17300101585094
h            3.27427711903456        1.74537111045215        0.87935680638132
h            1.53081868653382        1.70501815484860        1.41875254489364
h            2.45122474459615       -1.03090240337521        0.43063390677627
h            3.98353738485329        0.81931141238033       -1.13868479619778
h            2.96273041094756       -0.43240675691101       -1.86182121347143
h            2.81008193901218        1.23559321495664       -2.39036549889848
35
 energy: -46.160582191772 gnorm: 0.000057602365 xtb: 6.7.1 (edcfbbe)
c           -0.07427311334008       -0.78772986451773       -0.28051746198130
c            0.52517234550609        0.50268397249049       -0.90310454188617
c           -0.45665701475590        1.68810318369234       -0.77104604295559
c           -1.23795117149613        1.73391729176126        0.54050307815130
c           -1.80513048029772        0.35156381473328        0.88049661510444
c           -0.63429212802457       -0.59739526164142        1.14694323906721
c           -1.38366055099493       -1.11075253225700       -1.02820311960428
c           -2.43425314795423       -0.27713954451914       -0.33489266742093
o            0.24614037538481       -0.12252497303540        2.13333233451205
c            0.91780563369013       -1.95751619624479       -0.32809469737736
c           -3.68571740479102       -0.12479709545813       -0.72782654710354
c            1.93578209661301        0.87093394208362       -0.47766410408835
c            2.25363273700555        1.47519876340270        0.65906056433844
h            0.60067391398660        0.28430416344663       -1.97599201073852
o            1.96149736442717       -1.84789677166257        0.62023018355295
c            2.98911593194973        0.60101642198490       -1.52020054380763
h            0.09753091222823        2.62017794865713       -0.89711020539546
h           -1.18012958328483        1.62271283665474       -1.58653427576215
h           -0.60405190229935        2.05192150733086        1.36764410449325
h           -2.05382637503420        2.45222441493175        0.44169023607173
h           -2.48570929467607        0.42231140001515        1.73032687125613
h           -1.03320909216224       -1.57422739866468        1.47440216337609
h           -1.32522323383773       -0.89625108020864       -2.09500654390065
h           -1.62801670062713       -2.17060176035450       -0.91880809800541
h            1.00377056791226       -0.72693230157768        2.14187169210960
h            1.32930367501240       -2.06598027342432       -1.34085917037201
h            0.40209251480814       -2.88753171476499       -0.07102587772842
h           -4.06159212842701       -0.59594662584677       -1.62083735684053
h           -4.38381818862976        0.47730060759111       -0.17172684388502
h            3.27425383385645        1.74583833852166        0.87931356284948
h            1.53057376377474        1.70658313391412        1.41811889476243
h            2.45097213354087       -1.03097933169401        0.43057945455476
h            3.98397583840516        0.81724937891959       -1.13748103002619
h            2.96219743799573       -0.43312704327142       -1.86153529930622
h            2.81164610872301        1.23517347815128       -2.38964212501059
35
 energy: -46.160582195232 gnorm: 0.000036986200 xtb: 6.7.1 (edcfbbe)
c           -0.07428385130911       -0.78771267465088       -0.28051337476836
c            0.52518199997146        0.50268355126815       -0.90310779869782
c           -0.45666177210721        1.68809816749736       -0.77105295113499
c           -1.23794322468081        1.73390908457749        0.54050714865841
c           -1.80513747245859        0.35156640345918        0.88050089192777
c           -0.63428755300752       -0.59739320135957        1.14694594374615
c           -1.38366307683937       -1.11076215752479       -1.02820965982236
c           -2.43424735019525       -0.27714002143412       -0.33489271114033
o            0.24614479027614       -0.12253048691886        2.13332724481571
c            0.91780498668959       -1.95751444747077       -0.32809742496344
c           -3.68571468942290       -0.12479283411113       -0.72783056486348
c            1.93578602498181        0.87092234247414       -0.47766305774549
c            2.25363708006877        1.47521014792448        0.65906047556110
h            0.60067390969917        0.28430672124668       -1.97599394827125
o            1.96148909248348       -1.84789964574100        0.62022561055096
c            2.98911395604202        0.60102155166863       -1.52020096950684
h            0.09753293406076        2.62017373875684       -0.89711153670960
h           -1.18012905359471        1.62271388027248       -1.58653810482786
h           -0.60405197839057        2.05192829587170        1.36764859056689
h           -2.05382941048163        2.45222010938937        0.44168724005411
h           -2.48570708417473        0.42231092809830        1.73033032296790
h           -1.03321209286988       -1.57422518051974        1.47440300561217
h           -1.32522415899834       -0.89625297286009       -2.09500578046058
h           -1.62801768691596       -2.17060245258712       -0.91880735907304
h            1.00376647714462       -0.72692892723350        2.14187454861896
h            1.32930341410290       -2.06598053754663       -1.34085824145839
h            0.40209255215929       -2.88753209753992       -0.07102778851976
h           -4.06159568176542       -0.59594623338935       -1.62083259743712
h           -4.38381586643992        0.47729702977848       -0.17172327590093
h            3.27425342178206        1.74583618978454        0.87931948125338
h            1.53056788815948        1.70658417959936        1.41811626704770
h            2.45097938385636       -1.03097928380537        0.43057731886591
h            3.98397312584930        0.81725036743100       -1.13747810619555
h            2.96219779281110       -0.43312631390424       -1.86153198785027
h            2.81164884770078        1.23517160863833       -2.38964241989609
