35
 energy: -46.149022133755 gnorm: 0.051396762024 xtb: 6.7.1 (edcfbbe)
c           -0.05857640582633       -0.77950341357551       -0.31649483763353
c            0.56656638934002        0.55412259453709       -0.88830967741941
c           -0.45324904831699        1.73430116888150       -0.75460422120768
c           -1.28055784782095        1.75533415926786        0.55080228054437
c           -1.80726475516039        0.34198706112318        0.90857000900501
c           -0.61454405490219       -0.61111105307529        1.13239432009128
c           -1.39506926537270       -1.05890982504425       -1.08256724777745
c           -2.47187110473395       -0.29876192482091       -0.30194035101700
o            0.28102461340755       -0.12225797134689        2.11829327968295
c            0.87190588022961       -1.99557917839501       -0.42290099857236
c           -3.76711654828669       -0.21943761088691       -0.62628532118527
c            1.99183706096701        0.92626088054928       -0.44632837417122
c            2.28317889522513        1.72241226782484        0.59379557702653
h            0.65803438035021        0.35926952064479       -1.97283868763809
o            1.93313622355469       -1.87667996309581        0.54316596532370
c            3.10031252972964        0.45105104968102       -1.37088295462794
h            0.08097372162473        2.68837201109253       -0.87680202981586
h           -1.15776278604716        1.67153817155772       -1.59970614037744
h           -0.68875218244089        2.13928445125522        1.39456516761161
h           -2.13582763043144        2.43864101639605        0.42166360326271
h           -2.47997674306868        0.39446564496894        1.77901522952205
h           -1.01323039851093       -1.60291208868915        1.44224425014856
h           -1.34469753798202       -0.75557613512725       -2.14038891167511
h           -1.62296580236434       -2.13908392113902       -1.07625715503170
h            1.12084917994938       -0.61168536263257        1.98913694213275
h            1.27669909604424       -2.08523647354277       -1.44943973557774
h            0.28060129262245       -2.90874571721284       -0.22016121061744
h           -4.16657327664093       -0.69756744695118       -1.52470217400650
h           -4.48084539841443        0.32689254480466       -0.00440827417057
h            3.31629765475571        2.00707793968243        0.80864835251418
h            1.52459242916846        2.11463223899471        1.26917498668276
h            2.44061158816182       -2.71336686411136        0.54918429613685
h            3.10409444623714       -0.64435629185298       -1.48061130036703
h            2.96569927220832        0.87313874380904       -2.38330574628242
h            4.09108233643734        0.75777892265936       -1.00435110990026
35
 energy: -46.155182266571 gnorm: 0.014297696730 xtb: 6.7.1 (edcfbbe)
c           -0.06768630069428       -0.76483252908053       -0.31806376657292
c            0.56118013321989        0.54524441340462       -0.89425744567001
c           -0.44902515152278        1.71401501214045       -0.75084630213004
c           -1.26922510439976        1.74026308816238        0.54324375260863
c           -1.79961148217855        0.34206321380518        0.89156594589525
c           -0.60799810869202       -0.59605493583433        1.12338294641714
c           -1.39241230992244       -1.04437565096741       -1.07821404149501
c           -2.45855110710338       -0.28807899040465       -0.31207587695334
o            0.29033229801033       -0.11371208196297        2.09626652844025
c            0.86691668446990       -1.97505088180941       -0.41558960313650
c           -3.74042789111256       -0.21560743976522       -0.62840522683617
c            1.97235502526906        0.91165221845524       -0.44455503972026
c            2.25815349352692        1.69835276936395        0.58429565206799
h            0.65821789452678        0.35487767322438       -1.97321666341828
o            1.92416375776374       -1.86673266823572        0.53746116405065
c            3.07607324610650        0.45098533177237       -1.36378047993107
h            0.09041567078475        2.65989035139651       -0.85642016873016
h           -1.15394869602814        1.65332792853686       -1.58666607476245
h           -0.67398405983283        2.10184982573305        1.38505327681329
h           -2.11622082955454        2.42278023594992        0.41457901454458
h           -2.46032627688820        0.39643356542688        1.76145205470186
h           -0.99402779841003       -1.58192521258949        1.44947446374915
h           -1.34551828553318       -0.74100369078897       -2.12651621515342
h           -1.62161304163876       -2.11604270791294       -1.06241746663311
h            1.12381973164261       -0.59567191721473        1.96373548456586
h            1.27797678358401       -2.06236575907645       -1.43260362849571
h            0.28861334524034       -2.88804077016741       -0.20584551328613
h           -4.14084889800935       -0.69566514445530       -1.51033096130676
h           -4.44782581032066        0.32251386099508       -0.01390608759122
h            3.28041413607341        1.97552224609780        0.80643982229341
h            1.51048235439983        2.08150412030531        1.25807851548495
h            2.42910503134985       -2.69387683808636        0.53622456144715
h            3.08400401551471       -0.63450082260167       -1.46652343475026
h            2.94330295546053        0.87691126754582       -2.36359107303273
h            4.05234079859075        0.76114006486826       -0.99006031286124
35
 energy: -46.156157578845 gnorm: 0.004843730168 xtb: 6.7.1 (edcfbbe)
c           -0.06921957527416       -0.76350388862613       -0.32119792704358
c            0.54943515979883        0.53836859946136       -0.89869363676232
c           -0.44843032469039        1.70954148384262       -0.75829813090491
c           -1.25621855929067        1.73355133491775        0.53833752498828
c           -1.79202830614019        0.34329602639579        0.88704779402424
c           -0.59923600456053       -0.58777532007694        1.11658090722027
c           -1.38790194089627       -1.04271720947045       -1.07536815673865
c           -2.44647314748876       -0.28909739882154       -0.31014814370597
o            0.30207436255512       -0.09624330230035        2.07485237611130
c            0.86965884348238       -1.96904586002817       -0.41483834077716
c           -3.72523271697873       -0.21600253847988       -0.62564497870349
c            1.95181686356208        0.89975590011606       -0.44153587753150
c            2.23116436654280        1.67184758837790        0.59555946324047
h            0.65003256838555        0.34700560388150       -1.97467213517298
o            1.92154704968851       -1.85005991094514        0.53289908770811
c            3.05487313001614        0.44669523010204       -1.35820600957123
h            0.09647544377369        2.64955041172215       -0.86037599673379
h           -1.15641170830494        1.64948844260933       -1.58742989399428
h           -0.65237900646667        2.07876607628500        1.37725368014596
h           -2.09425485024688        2.42281922488820        0.41535276667303
h           -2.44815143164610        0.40059844847993        1.75675018003216
h           -0.97460717421760       -1.57156561957096        1.45605676431590
h           -1.34190958982992       -0.73842488485467       -2.12001286844192
h           -1.61766196911135       -2.11050194659053       -1.05544684028155
h            1.13693677194681       -0.56539624884024        1.93505493473945
h            1.27766851085514       -2.05127000848494       -1.43076381422890
h            0.29304188864199       -2.87929593627122       -0.19972532111062
h           -4.12216487536848       -0.68473776205487       -1.50989175175015
h           -4.42723039166264        0.33075912268726       -0.02060179348719
h            3.24814519364316        1.94526332797110        0.82589148315822
h            1.48437702536233        2.04755197289144        1.26822378598055
h            2.43372593379097       -2.66693186326347        0.53051601536131
h            3.06347539499907       -0.63442776712390       -1.46298538881566
h            2.92011974056122        0.87881183546227       -2.35023585140219
h            4.02355952826090        0.75911598194217       -0.97693610592779
35
 energy: -46.156353658616 gnorm: 0.002871522359 xtb: 6.7.1 (edcfbbe)
c           -0.07145460995119       -0.76342953245080       -0.32299048110299
c            0.54552406950054        0.53454532951476       -0.90540788462461
c           -0.45152543435816        1.70542034746740       -0.76423356979515
c           -1.25196890709755        1.73454586554736        0.53712098225046
c           -1.78865127570292        0.34446027556418        0.88560062429593
c           -0.59462792752348       -0.58490729675479        1.11634667473101
c           -1.38933194126855       -1.04738010862598       -1.07351845187934
c           -2.44315994877988       -0.28442401066303       -0.31233280207574
o            0.30920899635547       -0.08625512523169        2.06752494025061
c            0.87292957237221       -1.96533213197659       -0.41424145344516
c           -3.72127643404220       -0.20356403262814       -0.63194495889317
c            1.94426496166362        0.89481740827214       -0.44105019116272
c            2.21801923990441        1.65506803912773        0.60725756857733
h            0.64745929981332        0.34134637036352       -1.98108907984590
o            1.92488414173934       -1.83681760049653        0.52947549411527
c            3.04905977392136        0.44696972787681       -1.35710193955234
h            0.09620818373626        2.64289541396442       -0.86932452867264
h           -1.16347384247268        1.64695113602692       -1.58978070673625
h           -0.63897488050448        2.07163172116758        1.37237649186074
h           -2.08574750709285        2.42998862571919        0.42229354861495
h           -2.44419874657655        0.40343900431615        1.75523238393713
h           -0.96542860705787       -1.56828607708834        1.46246126449340
h           -1.34292956351505       -0.74659385326031       -2.11923151864994
h           -1.62178720224285       -2.11445165015427       -1.04944922078682
h            1.14971885657777       -0.54189046578697        1.91707131945854
h            1.27672285879380       -2.04877004907223       -1.43165918680754
h            0.29915646242161       -2.87635044345240       -0.19538555210094
h           -4.11984709048385       -0.68479124261799       -1.50897696578860
h           -4.42360747465223        0.33625940867435       -0.02139060983235
h            3.23457030627163        1.91809673242446        0.85154363970385
h            1.46768652154119        2.02148710713336        1.28134230661149
h            2.44618813222371       -2.64742481504786        0.52506446214926
h            3.05650654264677       -0.63357173618865       -1.46619895120375
h            2.91253305868715        0.88363011603382       -2.34656430936978
h            4.01596661884459        0.75847668853282       -0.97147153811072
35
 energy: -46.156471753299 gnorm: 0.002859839889 xtb: 6.7.1 (edcfbbe)
c           -0.07309853635790       -0.76520513581120       -0.32358577492429
c            0.54162085719520        0.53212340640620       -0.90953833601827
c           -0.45534283613339        1.70385560957355       -0.77103685717026
c           -1.24871069656767        1.73585414873026        0.53552828005462
c           -1.78784339884461        0.34557873381698        0.88559276291540
c           -0.59229443474337       -0.58302899269680        1.11732048375905
c           -1.39192681873448       -1.05409410199295       -1.06974629734121
c           -2.44416879586529       -0.28696295617785       -0.30952586197841
o            0.31268991305380       -0.07998183583693        2.06479252329197
c            0.87699700464359       -1.96383553207565       -0.41331891427438
c           -3.72222635473635       -0.20103778029390       -0.63218645885516
c            1.93910680241212        0.88887797023508       -0.43897727741622
c            2.20937851506119        1.63287615884957        0.62306397662045
h            0.64436544860143        0.33671717804737       -1.98521172607508
o            1.93077233908249       -1.82364894416861        0.52524201351360
c            3.04545926855763        0.45037817012397       -1.35788649606391
h            0.09290097970542        2.64049731146560       -0.88261091798950
h           -1.17197676813762        1.64316539333088       -1.59277501666946
h           -0.62712938978215        2.06792469203642        1.36636459317065
h           -2.07909588122560        2.43662410718634        0.42907801610146
h           -2.44312556819340        0.40613507668816        1.75558165903328
h           -0.96008154541238       -1.56580687709887        1.46839497721003
h           -1.34728158205346       -0.75909872809501       -2.11802898049811
h           -1.62495903316602       -2.12127621632050       -1.03985952628279
h            1.16148254282427       -0.51701350477341        1.89862465550416
h            1.27591276599984       -2.04999491375461       -1.43294316920205
h            0.30811611643937       -2.87710430064089       -0.18924853452907
h           -4.11720617089601       -0.67372736872924       -1.51604341518860
h           -4.42063800270809        0.35473593241814       -0.03017963036371
h            3.22534908823671        1.89073518590072        0.87611865782796
h            1.45506119930639        1.99474172049941        1.29569451280600
h            2.46469774407347       -2.62668760671162        0.51723930483229
h            3.05281635211694       -0.62988569306734       -1.47480525662124
h            2.90708323517479        0.89361446550028       -2.34459315667267
h            4.01191184476558        0.75974437366680       -0.96916701189298
35
 energy: -46.156538257793 gnorm: 0.002962851048 xtb: 6.7.1 (edcfbbe)
c           -0.07366965934544       -0.76751866580830       -0.32141261092252
c            0.54002955892249        0.53099912441934       -0.90906579289755
c           -0.45743241291783        1.70328970185117       -0.77420089137372
c           -1.24772874629747        1.73684583664565        0.53448115512762
c           -1.78913348918608        0.34700875788880        0.88625116966127
c           -0.59471514140021       -0.58398459056133        1.11929077791464
c           -1.39358803640738       -1.05882992473878       -1.06561580475356
c           -2.44526516120184       -0.28454936094972       -0.31008052513992
o            0.30896364095940       -0.08416719348672        2.06971743242491
c            0.87931616250992       -1.96434115608784       -0.41135429667475
c           -3.72177446996049       -0.19130860331933       -0.63776563219732
c            1.93835089519790        0.88765247898969       -0.43865547563453
c            2.20953708961029        1.62106792946257        0.63034559519099
h            0.64265375712602        0.33383821413603       -1.98465003930084
o            1.93653458213331       -1.81586892087306        0.52208194590558
c            3.04473750646309        0.45619449809149       -1.36133185921626
h            0.08858698048944        2.64094560200743       -0.89215051117296
h           -1.17610943854480        1.63715578911452       -1.59415303329096
h           -0.62377136353444        2.06835623371170        1.36345960998993
h           -2.07694728238230        2.43924001870742        0.43060604294212
h           -2.44593268619484        0.40866549607776        1.75541909215740
h           -0.96445785459129       -1.56596024467658        1.46950365449784
h           -1.34938872862854       -0.77105052340256       -2.11641744209902
h           -1.62748865513250       -2.12606165164911       -1.02888677642670
h            1.16317129655469       -0.50709921232787        1.89101487683112
h            1.27418036339321       -2.05287309755940       -1.43287198110533
h            0.31492192224206       -2.87955942782452       -0.18201294255570
h           -4.11693413705842       -0.66869694973733       -1.51940069389429
h           -4.42014246286321        0.36514765252226       -0.03600992990155
h            3.22590205605962        1.87349329949269        0.88747698170807
h            1.45530749737231        1.97552746206402        1.30732068189587
h            2.48022871125624       -2.61298498292627        0.50968737452397
h            3.05352650325173       -0.62378565912240       -1.48572327517828
h            2.90551392603197        0.90520572224948       -2.34564662577047
h            4.01163347976584        0.76379549384946       -0.97188245065162
35
 energy: -46.156610758725 gnorm: 0.002766639697 xtb: 6.7.1 (edcfbbe)
c           -0.07517697303182       -0.77029713079298       -0.31647880105238
c            0.53935481853864        0.52782353553119       -0.90785737519178
c           -0.45955725135932        1.69936973401588       -0.77647517569986
c           -1.24710461726557        1.73816456966648        0.53327612222355
c           -1.79079550703055        0.34927847042561        0.88643345717729
c           -0.60023271792069       -0.58682901810601        1.12310897336800
c           -1.39547426051340       -1.06551781172695       -1.05950568148513
c           -2.44648351734728       -0.28222908774159       -0.31094245797831
o            0.30150564971628       -0.09520955408230        2.08012315952415
c            0.88147882678808       -1.96402277669946       -0.40666242615556
c           -3.72042682633590       -0.17962981719872       -0.64515084490775
c            1.93872022733410        0.88452239383101       -0.43744808053432
c            2.21286825588729        1.60317947677804        0.64039856557984
h            0.64208331670341        0.32786874217876       -1.98298827778139
o            1.94549989660634       -1.80483135094909        0.51765002725412
c            3.04367002312463        0.46727686733691       -1.36884153924643
h            0.08308890751821        2.63837735108692       -0.90238999840615
h           -1.17992523953688        1.62563696020770       -1.59462914985285
h           -0.62158025926632        2.07054484754108        1.36045992473714
h           -2.07548946078260        2.44149332911363        0.42976664504315
h           -2.44937101072728        0.41324028154297        1.75429429590325
h           -0.97675866858259       -1.56719353475727        1.46979443923419
h           -1.35175226110350       -0.78991125371749       -2.11384130897649
h           -1.63029461761050       -2.13245655383988       -1.01021307288658
h            1.16043246163636       -0.50112544408632        1.88610611002886
h            1.26919765467031       -2.05643561663301       -1.43097936887255
h            0.32368722558250       -2.88128802882368       -0.16795729510342
h           -4.11536621512508       -0.65667436257598       -1.52709231122836
h           -4.41758487094028        0.38342059791940       -0.04796612349896
h            3.22911431409285        1.85545869454965        0.89591505049848
h            1.46029893858575        1.94869889425276        1.32383561902099
h            2.50208532470661       -2.59329483480221        0.49688457605270
h            3.05552037619809       -0.61156519754790       -1.50689962673902
h            2.90222082099507        0.92755973322707       -2.34795254473780
h            4.01116343948751        0.77238604110620       -0.97840770469725
35
 energy: -46.156661501046 gnorm: 0.001815699639 xtb: 6.7.1 (edcfbbe)
c           -0.07645760527762       -0.77368148593141       -0.31111861314936
c            0.53837657543428        0.52339739523739       -0.90504019962220
c           -0.45969093709711        1.69543608783300       -0.77792907203427
c           -1.24538980903072        1.73779956826258        0.53199849702819
c           -1.79228345231073        0.35092501318087        0.88631615194626
c           -0.60555872920175       -0.58935127903108        1.12631242329603
c           -1.39637959923317       -1.07171712422125       -1.05367228312080
c           -2.44642113569512       -0.28012089678245       -0.31249725554523
o            0.29507248355341       -0.10632731729604        2.08944969810091
c            0.88291078589804       -1.96458101783262       -0.40054190562296
c           -3.71759509632523       -0.16878888183383       -0.65310268788036
c            1.93809328175957        0.88251641061041       -0.43702297604449
c            2.21539574915678        1.59020140788285        0.64681605048404
h            0.64125255684811        0.32010581051968       -1.97921089805930
o            1.95365312963762       -1.79570428777618        0.51452610003404
c            3.04067321752638        0.47970894512604       -1.37769040884566
h            0.08153965380088        2.63463547826340       -0.90894085396780
h           -1.18106110894145        1.61649891702723       -1.59465542051461
h           -0.61949653036890        2.07145947492218        1.35847174931601
h           -2.07309695392504        2.44168987338356        0.42674069168304
h           -2.45236327177086        0.41716747535704        1.75282512283548
h           -0.98959556767013       -1.56835582346202        1.46904505681068
h           -1.35165335223412       -0.80750991476450       -2.11053844433645
h           -1.63291022852600       -2.13765666156523       -0.99222709449293
h            1.15537074581155       -0.50158783454614        1.88628056178492
h            1.26339779007005       -2.06100809303480       -1.42708362006161
h            0.33106145706359       -2.88275759695901       -0.15172679875879
h           -4.11254337511194       -0.64348236340015       -1.53604193313389
h           -4.41332600767903        0.40151720535230       -0.06134191060010
h            3.23234024283097        1.84162944451820        0.90055669135191
h            1.46595014828888        1.92310349542344        1.34023647229640
h            2.52023967316647       -2.57637435127725        0.48508607142036
h            3.05465887749087       -0.59732384109960       -1.52992542397895
h            2.89557614946004        0.95235530244187       -2.35035179573746
h            4.00887644629391        0.78197061170196       -0.98663394226782
35
 energy: -46.156698979376 gnorm: 0.002403491701 xtb: 6.7.1 (edcfbbe)
c           -0.07771341457652       -0.77804816436941       -0.30419130377107
c            0.53726000126340        0.51631526175839       -0.90190464720986
c           -0.45813384853829        1.69002976321689       -0.77834206488119
c           -1.24319091431173        1.73664863799589        0.53115557307425
c           -1.79332801928533        0.35199683439329        0.88600058426186
c           -0.61141202351421       -0.59282504949651        1.13026491530842
c           -1.39617039682466       -1.07888039095618       -1.04744183700867
c           -2.44445801760737       -0.27723437219086       -0.31554651528256
o            0.28824735580545       -0.11794282791310        2.09892206637851
c            0.88388228515495       -1.96642586212427       -0.39138105887023
c           -3.71198340395061       -0.15465985083006       -0.66493569718443
c            1.93659953126430        0.87680233323027       -0.43491044703318
c            2.21716448772030        1.57216946233360        0.65617258512035
h            0.64039751168620        0.30900059396662       -1.97492591006079
o            1.96164834388944       -1.78723932038911        0.51342303715996
c            3.03488251372636        0.49558354605574       -1.38969777347261
h            0.08513397772302        2.62741004917073       -0.91098949754224
h           -1.17969093321565        1.61045281838382       -1.59440565439244
h           -0.61688255374708        2.07095923634608        1.35742078410367
h           -2.06958055758347        2.44212074096281        0.42351709833408
h           -2.45560240338543        0.42078838272332        1.75034952378046
h           -1.00268666653412       -1.57087924290037        1.46937528472504
h           -1.34835152186025       -0.82655030076563       -2.10633005879655
h           -1.63593269589743       -2.14295605999845       -0.97341193590081
h            1.14903326047878       -0.50600790952341        1.89065697774336
h            1.25628678889249       -2.06865248488032       -1.41980882134794
h            0.33768518775402       -2.88423518096038       -0.13037717628569
h           -4.10711199962560       -0.62737782898300       -1.54862602569581
h           -4.40635784533965        0.42210556944953       -0.07838443209598
h            3.23375885126849        1.83443633699176        0.89950976302472
h            1.47101092023001        1.89695786173625        1.35596734498022
h            2.53750334414029       -2.55964831840704        0.47311847623535
h            3.04936489922883       -0.57823855434608       -1.56274714851334
h            2.88291433083104        0.98715527618193       -2.35195775518482
h            4.00442982843253        0.79265816036780       -0.99817045308697
35
 energy: -46.156718672040 gnorm: 0.002039089560 xtb: 6.7.1 (edcfbbe)
c           -0.07808712092841       -0.77976994756684       -0.30173769039717
c            0.53687333550241        0.51343340270176       -0.90083887784564
c           -0.45701814693782        1.68825496016121       -0.77754727494456
c           -1.24261661187221        1.73572039428407        0.53172159672237
c           -1.79372200115455        0.35140206417093        0.88591067688010
c           -0.61281139770163       -0.59392332128395        1.13192485729119
c           -1.39570924729261       -1.08152368378654       -1.04588075864017
c           -2.44354494040358       -0.27763033586649       -0.31649300297628
o            0.28617467309206       -0.11949933506790        2.10127525160418
c            0.88400860693481       -1.96782274016195       -0.38725066030425
c           -3.70977127074069       -0.15164157221214       -0.66920770698669
c            1.93579338363245        0.87760958823477       -0.43651397303424
c            2.21698974853981        1.57200963569153        0.65480145753021
h            0.63925011144060        0.30463506714195       -1.97358853343374
o            1.96307480382746       -1.78601515339850        0.51522508382212
c            3.03202920001644        0.50133921815411       -1.39484291251531
h            0.08865847831997        2.62427771807972       -0.90853547623507
h           -1.17801153369582        1.61118101362070       -1.59418746070715
h           -0.61613439848526        2.06970556188364        1.35814120901209
h           -2.06837803236277        2.44199397318709        0.42370176603243
h           -2.45705343422020        0.42072804418277        1.74927129101792
h           -1.00489079589157       -1.57189422479875        1.47094396401905
h           -1.34630416022790       -0.83158153521907       -2.10504029920535
h           -1.63673645149224       -2.14488712365581       -0.96949340976764
h            1.14725160423394       -0.50804678896306        1.89448785416001
h            1.25461336323370       -2.07258250756615       -1.41582118477416
h            0.33861836177412       -2.88487397976873       -0.12279541367139
h           -4.10368207226440       -0.62065153350178       -1.55544467417680
h           -4.40328097972402        0.42972582829849       -0.08592498726640
h            3.23455147398054        1.83127150427770        0.89991280095501
h            1.47276072187489        1.88699177165147        1.36188386658238
h            2.54121591701917       -2.55618519882347        0.47121284340963
h            3.04448764060785       -0.57099724983313       -1.57563457631580
h            2.87741878208855        0.99996379514478       -2.35271309979412
h            4.00259859296941        0.79507183683811       -1.00355474543378
35
 energy: -46.156735691821 gnorm: 0.001332593107 xtb: 6.7.1 (edcfbbe)
c           -0.07808408216912       -0.78125912883379       -0.30030765621551
c            0.53639662774683        0.51176823867346       -0.89963411509303
c           -0.45598719249859        1.68819215127612       -0.77611456386828
c           -1.24251122712264        1.73462053803932        0.53297243586489
c           -1.79452558703799        0.35019473762268        0.88596352723778
c           -0.61313121131130       -0.59408440911792        1.13313522935916
c           -1.39514800495047       -1.08322983610172       -1.04535585608165
c           -2.44295010432054       -0.27776436750974       -0.31781644181191
o            0.28523124239780       -0.11740035700213        2.10159241689420
c            0.88424135022025       -1.96963835440098       -0.38384027049923
c           -3.70805624552937       -0.14892765614834       -0.67378557823857
c            1.93557241432152        0.87676860127266       -0.43711225452904
c            2.21727067748042        1.57055170773166        0.65458542323222
h            0.63754323931284        0.30250951883411       -1.97247995827009
o            1.96303807770794       -1.78643788774268        0.51845729344534
c            3.02950350560276        0.50473691945181       -1.39929462771906
h            0.09212897620587        2.62319270822350       -0.90433751127055
h           -1.17624656726488        1.61453064667691       -1.59380308083962
h           -0.61599379669319        2.06763450901535        1.35974147415439
h           -2.06774351935804        2.44145032586714        0.42538978878894
h           -2.45918018285482        0.41921190281460        1.74835581340621
h           -1.00410488437185       -1.57200073206392        1.47341229218330
h           -1.34420075192625       -0.83348801978311       -2.10457677391594
h           -1.63703647583568       -2.14633804498193       -0.96915621811268
h            1.14613987300871       -0.51006348649669        1.89925252351840
h            1.25485027889502       -2.07634573496545       -1.41214031987633
h            0.33842445847555       -2.88600477365368       -0.11801973906147
h           -4.10048840462433       -0.61716291314443       -1.56118486362081
h           -4.40157477502156        0.43356955340720       -0.09164169684739
h            3.23491790186043        1.83119370761397        0.89858428884504
h            1.47377789938160        1.88291619232678        1.36322918259117
h            2.54285365845768       -2.55535266809329        0.47244016979098
h            3.03879752628060       -0.56619524429289       -1.58799208046237
h            2.87342639946331        1.01058338074024       -2.35300351410170
h            4.00146510976400        0.79385742097573       -1.00814693826387
35
 energy: -46.156757093817 gnorm: 0.001146083356 xtb: 6.7.1 (edcfbbe)
c           -0.07757259723213       -0.78302000558278       -0.29747109010868
c            0.53567405897455        0.51009590583406       -0.89795201187271
c           -0.45497518066074        1.68867337747621       -0.77173248301806
c           -1.24426937940416        1.73310679427495        0.53627981176765
c           -1.79673208580419        0.34769957914182        0.88630163894541
c           -0.61406009026667       -0.59440741585414        1.13582945223637
c           -1.39339114268446       -1.08595275048466       -1.04442610567039
c           -2.44199100588932       -0.27835786899007       -0.32025404038425
o            0.28285106790577       -0.11103617156975        2.10165777871669
c            0.88517125860732       -1.97206808754484       -0.37738468856231
c           -3.70477472476663       -0.14427949651993       -0.68316488925030
c            1.93631038468171        0.87465075055116       -0.43908167412155
c            2.21989179403882        1.56671748435701        0.65351339540496
h            0.63364804984169        0.30103015629976       -1.97135235716575
o            1.96232185113578       -1.78723111364076        0.52632473846811
c            3.02532767751531        0.50958748009342       -1.40902185458024
h            0.09675328312481        2.62244663101607       -0.89439703885391
h           -1.17330925705307        1.62122776916125       -1.59192909562716
h           -0.61800376645935        2.06349162507783        1.36411794911426
h           -2.06863303174809        2.44078531923436        0.42961148036289
h           -2.46430199049506        0.41524165362101        1.74670393800007
h           -1.00163004781909       -1.57240668481146        1.47907869148678
h           -1.34002489467861       -0.83602251111305       -2.10397368350374
h           -1.63599964946848       -2.14919538279204       -0.96926349890837
h            1.14166001327786       -0.51728742657251        1.91228108758710
h            1.25726194040062       -2.08201839709672       -1.40492200664008
h            0.33778446017007       -2.88750409708529       -0.11038228801601
h           -4.09330541398469       -0.61164891082434       -1.57286364438406
h           -4.39920223372770        0.43958341001929       -0.10344710126455
h            3.23732872395239        1.83155748297272        0.89364903232403
h            1.47730512149023        1.87615605533365        1.36388802316312
h            2.54559595924820       -2.55383381464077        0.47769479965795
h            3.02560487873534       -0.55826725203576       -1.61636143809526
h            2.86955185282176        1.03277246783092       -2.35365399429499
h            4.00075031991272        0.78550259109397       -1.01652903230027
35
 energy: -46.156766614553 gnorm: 0.000879716852 xtb: 6.7.1 (edcfbbe)
c           -0.07768003571866       -0.78307084012145       -0.29622312521993
c            0.53495441599023        0.51024977604042       -0.89701353041719
c           -0.45571211195098        1.68868762747798       -0.77042015285676
c           -1.24486356954494        1.73265970662120        0.53744276301307
c           -1.79799611371990        0.34726815794971        0.88632583753629
c           -0.61502571787812       -0.59417995671405        1.13679715351186
c           -1.39293933922532       -1.08749138422718       -1.04328317411295
c           -2.44185194665586       -0.27840765987596       -0.32118085494972
o            0.28092450687597       -0.11031445577223        2.10337709332639
c            0.88636178393776       -1.97098687989061       -0.37498672770245
c           -3.70347803571558       -0.14196709646604       -0.68711869958604
c            1.93654449855880        0.87387409426026       -0.44019522170091
c            2.22236880163630        1.56248421293470        0.65392420170010
h            0.63161794120579        0.30120761222177       -1.97044284652523
o            1.96301791362217       -1.78452335234711        0.52896687330785
c            3.02367097825972        0.51159727296428       -1.41354806796487
h            0.09531051057807        2.62281235317508       -0.89338455626675
h           -1.17410022211814        1.62051746735235       -1.59046712857466
h           -0.61874146553489        2.06240564920282        1.36559507395632
h           -2.06903896091612        2.44044303993990        0.43067318641153
h           -2.46636056405340        0.41422331786114        1.74617176079742
h           -1.00237124814229       -1.57225427462663        1.47960313411747
h           -1.33945659566180       -0.84001707510609       -2.10344082663064
h           -1.63535708800297       -2.15076601610841       -0.96565698271444
h            1.13860123545173       -0.52022248454795        1.91711774289458
h            1.25881068978246       -2.08116117995607       -1.40235973471155
h            0.33992660425717       -2.88707909609949       -0.10759244349922
h           -4.09050703540323       -0.60878436825789       -1.57766186187461
h           -4.39849235606481        0.44310730956390       -0.10939830087804
h            3.24016432099201        1.82580806414544        0.89358724782548
h            1.48055402751519        1.87013831410506        1.36611699191628
h            2.54952863219387       -2.54868940696028        0.47898473574423
h            3.01920875945660       -0.55448864729167       -1.62961611810439
h            2.87051635919295        1.04291204656427       -2.35410111702820
h            4.00050663049275        0.77979729821945       -1.01922452412762
35
 energy: -46.156777028902 gnorm: 0.000637226506 xtb: 6.7.1 (edcfbbe)
c           -0.07723020677412       -0.78230480154281       -0.29442837554242
c            0.53358724113832        0.51120401854545       -0.89723703969019
c           -0.45750330278387        1.68885286373910       -0.76894805785184
c           -1.24599839155961        1.73278661383308        0.53902694125806
c           -1.79951673261024        0.34719175115400        0.88641714947269
c           -0.61693614686719       -0.59443561905720        1.13793928133677
c           -1.39183955966028       -1.08946247632418       -1.04101608131326
c           -2.44137991174773       -0.27814669281336       -0.32232215761820
o            0.27722177467030       -0.11085517909094        2.10651096634894
c            0.88919488189360       -1.96798026230788       -0.37213564855241
c           -3.70137473144374       -0.13905137293616       -0.69246389084080
c            1.93622329691404        0.87260044391075       -0.44211074324090
c            2.22602283893354        1.55472783394686        0.65479349624366
h            0.62867370305541        0.30243684215557       -1.97079774294049
o            1.96404764129752       -1.77887096756618        0.53323544764234
c            3.02082752066599        0.51301379045306       -1.41943776928222
h            0.09180099665301        2.62377342872483       -0.89353467928214
h           -1.17694498097854        1.61868649902089       -1.58783314846337
h           -0.61945083320345        2.06114790747012        1.36745726048245
h           -2.06976397740337        2.44133006229282        0.43295129005591
h           -2.46890584153182        0.41342878292266        1.74549151325463
h           -1.00433587408894       -1.57293402264955        1.47938107118056
h           -1.33843974462430       -0.84691293085854       -2.10215814239086
h           -1.63386352662577       -2.15249780081174       -0.95844971395109
h            1.13406634511790       -0.52335431519829        1.92278001308081
h            1.26317234040711       -2.07707773720611       -1.39897949140514
h            0.34498365134229       -2.88569739101689       -0.10553221429090
h           -4.08630730651053       -0.60530987640706       -1.58417141389245
h           -4.39746537049673        0.44789422579935       -0.11804200895367
h            3.24457625849812        1.81525963740638        0.89340779557399
h            1.48583148570480        1.85942405885587        1.37026055073792
h            2.55551592589738       -2.53884279440184        0.48148435132436
h            3.00769385569683       -0.55007171038945       -1.64942011670353
h            2.87276002921561        1.05759649898729       -2.35327950399546
h            3.99967285550099        0.76823983759066       -1.02147138717915
35
 energy: -46.156780421390 gnorm: 0.000460000730 xtb: 6.7.1 (edcfbbe)
c           -0.07761163386320       -0.78244764466284       -0.29343620394159
c            0.53247931875955        0.51130186485730       -0.89622409017971
c           -0.45826910798903        1.68910926535135       -0.76796434299962
c           -1.24596220790486        1.73259475236480        0.54043405639580
c           -1.80045445344038        0.34694793180362        0.88608747075666
c           -0.61793647897797       -0.59431113325072        1.13864348992517
c           -1.39165030263423       -1.09150459853806       -1.04018107139549
c           -2.44102881049241       -0.27792861561638       -0.32376681957783
o            0.27490648955389       -0.11125431116147        2.10884903350538
c            0.89112253424871       -1.96630584966587       -0.36982890321638
c           -3.70000239722991       -0.13711565678187       -0.69667382068157
c            1.93581194451811        0.87146101857251       -0.44276179323463
c            2.22816140781398        1.54983502429465        0.65561069404908
h            0.62630338444823        0.30260053743063       -1.96986687736290
o            1.96427868850002       -1.77528742813011        0.53718839273312
c            3.01830441239500        0.51438716269457       -1.42374756105801
h            0.09104633481066        2.62402653351304       -0.89265469289339
h           -1.17817080392280        1.61903653402201       -1.58648462007221
h           -0.61893866946001        2.05987944621814        1.36900871757604
h           -2.06929766342035        2.44176640801403        0.43517643946543
h           -2.47067358010394        0.41286735601084        1.74452631672826
h           -1.00575199422459       -1.57305384094601        1.47903718997479
h           -1.33774676200898       -0.85218419507649       -2.10192711266566
h           -1.63394219094795       -2.15414860970184       -0.95409062870447
h            1.13164795975764       -0.52446813887554        1.92668638668015
h            1.26689644703014       -2.07422594307752       -1.39610486902867
h            0.34848336387321       -2.88523867910163       -0.10444969523322
h           -4.08372480575582       -0.60333738713052       -1.58897546345006
h           -4.39667827367880        0.45078374757258       -0.12399326770222
h            3.24752069024064        1.80817005806605        0.89335070146385
h            1.48937235977837        1.85386714726884        1.37252317833751
h            2.55950808451826       -2.53215133490438        0.48347575335900
h            2.99857126209931       -0.54627404985743       -1.66397954513531
h            2.87326964986681        1.06860151344538       -2.35238284106632
h            3.99877200753527        0.75979026120888       -1.02373580073845
35
 energy: -46.156781632971 gnorm: 0.000244846378 xtb: 6.7.1 (edcfbbe)
c           -0.07743943636461       -0.78265385531974       -0.29260865724417
c            0.53198495729850        0.51108178122825       -0.89613854808543
c           -0.45805255356652        1.68942420894506       -0.76712961214711
c           -1.24609002472086        1.73238541211017        0.54104208270046
c           -1.80111493195836        0.34678548106097        0.88601513549847
c           -0.61878414199081       -0.59457391165478        1.13910231325845
c           -1.39121385995050       -1.09224474972422       -1.03951464539593
c           -2.44085692774797       -0.27784225189814       -0.32441161992649
o            0.27352385867720       -0.11148993182034        2.10968334267194
c            0.89196421472758       -1.96606999680650       -0.36847426370980
c           -3.69939237439092       -0.13643854190409       -0.69865089569956
c            1.93557205222695        0.87096671184214       -0.44339298329549
c            2.22881508585394        1.54821291082417        0.65551220774409
h            0.62517095718977        0.30234555120027       -1.96985148355117
o            1.96435750312976       -1.77435317089574        0.53939716234118
c            3.01702164348851        0.51516758522144       -1.42599899551005
h            0.09187710491832        2.62405824924002       -0.89118322820648
h           -1.17779115262957        1.62025899397461       -1.58582816099339
h           -0.61889009524001        2.05880370013202        1.36979086475869
h           -2.06904062141465        2.44201544211708        0.43624407098413
h           -2.47206755964609        0.41250537885928        1.74390705380853
h           -1.00680749137069       -1.57333680802213        1.47937797651348
h           -1.33675445511044       -0.85405495115855       -2.10146822612228
h           -1.63371638519999       -2.15469656674968       -0.95233366485377
h            1.13051684171558       -0.52433370529378        1.92801106135676
h            1.26865564468418       -2.07357772086253       -1.39446781606936
h            0.34976084515042       -2.88542408092851       -0.10357751224479
h           -4.08244276230938       -0.60269278917819       -1.59121282069430
h           -4.39625484093480        0.45232724124895       -0.12700267520497
h            3.24847295318222        1.80631597804197        0.89233195232779
h            1.49086044533222        1.85075898251195        1.37421392985411
h            2.56121197993787       -2.52980717435225        0.48444146679531
h            2.99392177560990       -0.54407312942954       -1.67153602916578
h            2.87339140050238        1.07434629314955       -2.35172413345141
h            3.99824655461345        0.75569258052134       -1.02519684842915
35
 energy: -46.156781477610 gnorm: 0.000456469070 xtb: 6.7.1 (edcfbbe)
c           -0.07727193413979       -0.78287864961674       -0.29172469340148
c            0.53146612883781        0.51083918784750       -0.89602429186874
c           -0.45782222767561        1.68974848671863       -0.76623372904583
c           -1.24622652184162        1.73216573383116        0.54169770394024
c           -1.80181756697166        0.34661084925355        0.88592808554369
c           -0.61968792776226       -0.59485540839429        1.13959836980934
c           -1.39075597560892       -1.09304472059862       -1.03881808380963
c           -2.44067265955015       -0.27775505949100       -0.32510899316314
o            0.27204516784327       -0.11174102763295        2.11058456589769
c            0.89284694931142       -1.96582252730916       -0.36701834286153
c           -3.69874033631383       -0.13571976586256       -0.70076812558619
c            1.93533084981551        0.87042310917367       -0.44405031295122
c            2.22953075019848        1.54646848011287        0.65541711528123
h            0.62396707372491        0.30206376373948       -1.96981149551574
o            1.96442993513235       -1.77336661413793        0.54176068722605
c            3.01565854951907        0.51601175588342       -1.42840536792173
h            0.09277474133185        2.62407628593966       -0.88958593825248
h           -1.17737890376717        1.62156963261535       -1.58513411499974
h           -0.61884038064388        2.05765447055478        1.37063761598735
h           -2.06876378907667        2.44228862656317        0.43738486909367
h           -2.47355433342864        0.41212132680104        1.74323442590522
h           -1.00793056724085       -1.57364033009157        1.47974427507639
h           -1.33570175114083       -0.85605530625411       -2.10099265241259
h           -1.63348627026028       -2.15529296955145       -0.95047889087465
h            1.12931723912841       -0.52416126318355        1.92941148141117
h            1.27051383288759       -2.07290014769967       -1.39270924224150
h            0.35110627244007       -2.88562302953943       -0.10263273833249
h           -4.08107515865112       -0.60200555602450       -1.59360963920210
h           -4.39580324015847        0.45394513356245       -0.13020437288821
h            3.24950483441392        1.80434168817964        0.89124441420405
h            1.49246435221309        1.84749923423296        1.37596766905268
h            2.56301951093810       -2.52731362185990        0.48547159635478
h            2.98894574587744       -0.54170657846167       -1.67965581189733
h            2.87352600735141        1.08054212662151       -2.35100138169962
h            3.99769780695960        0.75130183030878       -1.02674685524514
35
 energy: -46.156782189214 gnorm: 0.000202543756 xtb: 6.7.1 (edcfbbe)
c           -0.07754570006632       -0.78296376436764       -0.29190663964536
c            0.53179063663134        0.51069040131872       -0.89569940359700
c           -0.45779485495664        1.68946577693160       -0.76631084568998
c           -1.24625900847686        1.73232142799345        0.54163152972276
c           -1.80156887505182        0.34663101136688        0.88578760074730
c           -0.61948849444886       -0.59493815536361        1.13959443061683
c           -1.39095370454583       -1.09294554576483       -1.03929636703184
c           -2.44068104639633       -0.27794142192669       -0.32502489670978
o            0.27231408562897       -0.11169453682197        2.11045943510080
c            0.89223620282006       -1.96615049624880       -0.36728414574648
c           -3.69892469668783       -0.13618520941973       -0.70014063243534
c            1.93568290715633        0.87038148709335       -0.44370044191317
c            2.22957554778570        1.54714735904221        0.65532424692223
h            0.62440251329562        0.30185603513733       -1.96945042467727
o            1.96416954361884       -1.77405142280902        0.54113150058706
c            3.01622243726211        0.51594249623621       -1.42770035518454
h            0.09298315166102        2.62373599317062       -0.88926510201850
h           -1.17716605563289        1.62160054696532       -1.58547681617390
h           -0.61903900293258        2.05794595689482        1.37068178883782
h           -2.06882812470893        2.44241220852359        0.43705253677519
h           -2.47315175339685        0.41227071150744        1.74318800271114
h           -1.00757302700119       -1.57370855935557        1.47983058298255
h           -1.33599996637257       -0.85526650059216       -2.10135525885621
h           -1.63369611140556       -2.15529717630906       -0.95170283393642
h            1.12987978566956       -0.52327244702511        1.92847615930407
h            1.26952482713007       -2.07364710152575       -1.39303846427728
h            0.35020355349491       -2.88567397940807       -0.10258805442362
h           -4.08147504289703       -0.60223287748583       -1.59303165251206
h           -4.39589133772096        0.45288858645170       -0.12897561859676
h            3.24944212947920        1.80529593457966        0.89142100008239
h            1.49225619619940        1.84952431895638        1.37455388201297
h            2.56206869351112       -2.52851508054655        0.48519471364901
h            2.99036073467808       -0.54209818890719       -1.67797677777669
h            2.87347861455407        1.07966099573137       -2.35082572757828
h            3.99806144581524        0.75260036220746       -1.02620915065913
35
 energy: -46.156782358671 gnorm: 0.000119892477 xtb: 6.7.1 (edcfbbe)
c           -0.07765843315855       -0.78303064530854       -0.29208050259591
c            0.53200142310444        0.51060084877035       -0.89559645405071
c           -0.45754612009063        1.68942895632785       -0.76636310614658
c           -1.24616329908891        1.73218348382348        0.54152115347373
c           -1.80158078336702        0.34657001684242        0.88576375328191
c           -0.61929543560864       -0.59477524230042        1.13949490569102
c           -1.39108434590383       -1.09264522683139       -1.03961114372106
c           -2.44082227301932       -0.27800048004685       -0.32498267066144
o            0.27273643191845       -0.11150382400238        2.11020029537480
c            0.89185698803860       -1.96641570436828       -0.36743270690754
c           -3.69922444927926       -0.13656066689226       -0.69968656656307
c            1.93583368512337        0.87032973810803       -0.44342192041810
c            2.22946583554094        1.54757969862448        0.65539909219887
h            0.62474646945072        0.30179965518039       -1.96933386659901
o            1.96411315330620       -1.77440989044020        0.54061002937804
c            3.01652138661616        0.51578036109583       -1.42720127913655
h            0.09325786998516        2.62371388255337       -0.88920488386600
h           -1.17683240028900        1.62158848369591       -1.58562177011294
h           -0.61913918476705        2.05801262797471        1.37065459162144
h           -2.06880971863005        2.44215510318940        0.43673239931994
h           -2.47302858714106        0.41226859949948        1.74327287090777
h           -1.00742741603324       -1.57344251079213        1.47987282536727
h           -1.33609659688002       -0.85441164741357       -2.10155673619557
h           -1.63380748618226       -2.15507226394604       -0.95262528738325
h            1.13046948502233       -0.52220303615085        1.92735687324842
h            1.26877155435669       -2.07426906453235       -1.39327285565445
h            0.34962522719605       -2.88571262932413       -0.10237026259463
h           -4.08199779720187       -0.60289566059127       -1.59233669806387
h           -4.39614204535931        0.45228259076613       -0.12822145007099
h            3.24919515589251        1.80626386284985        0.89143637471639
h            1.49193671003897        1.85019253354352        1.37433012653113
h            2.56161587872313       -2.52923071891498        0.48495975897585
h            2.99125227593258       -0.54239338255555       -1.67692083018913
h            2.87362576972057        1.07889483140464       -2.35065616902546
h            3.99824727572573        0.75311646639186       -1.02574008951783
35
 energy: -46.156782487781 gnorm: 0.000082374616 xtb: 6.7.1 (edcfbbe)
c           -0.07769015737317       -0.78311151145822       -0.29200564017627
c            0.53208941118114        0.51051935279461       -0.89542093552304
c           -0.45734143401102        1.68945471162818       -0.76620370989195
c           -1.24622154865548        1.73216927218162        0.54152224743527
c           -1.80169675480025        0.34657239231233        0.88570502558547
c           -0.61946112924752       -0.59485245386301        1.13950053189355
c           -1.39106160525721       -1.09256887326383       -1.03968595361449
c           -2.44088456518508       -0.27806478227186       -0.32501995600707
o            0.27261547888126       -0.11156372576515        2.11016928945200
c            0.89170631241261       -1.96659400395943       -0.36726948675414
c           -3.69935860387331       -0.13689370418821       -0.69961094764679
c            1.93595719137864        0.87022834300213       -0.44335282163980
c            2.22963555562901        1.54764150858898        0.65537964986214
h            0.62484315815327        0.30174244045354       -1.96915823275452
o            1.96412222250515       -1.77441010245519        0.54054325921375
c            3.01655765895159        0.51583437761941       -1.42728053373742
h            0.09360130487976        2.62368755898925       -0.88879263017714
h           -1.17646912928686        1.62183371209460       -1.58561283479310
h           -0.61933348657062        2.05795570643378        1.37078164693294
h           -2.06880760699813        2.44218823712105        0.43658423398623
h           -2.47320662804342        0.41228933565864        1.74316233909164
h           -1.00758085322787       -1.57348776691029        1.47996506037395
h           -1.33593199375863       -0.85398519294105       -2.10155052870719
h           -1.63377885917727       -2.15503905354772       -0.95309780742022
h            1.13065377394950       -0.52111355125840        1.92641919556286
h            1.26845061941150       -2.07474308723965       -1.39314238582780
h            0.34940946571415       -2.88576608291710       -0.10186025449852
h           -4.08210884831492       -0.60326276989899       -1.59225561691480
h           -4.39636125460517        0.45172977758427       -0.12803650625980
h            3.24937808669330        1.80628876705854        0.89145070707939
h            1.49211327781045        1.85041376170120        1.37424902949604
h            2.56157552484941       -2.52927923488359        0.48500074420996
h            2.99067472598127       -0.54208340098474       -1.67791661722569
h            2.87411661894779        1.07981672625624       -2.35026048244108
h            3.99841027474871        0.75224246255857       -1.02553127755182
35
 energy: -46.156782584090 gnorm: 0.000092895935 xtb: 6.7.1 (edcfbbe)
c           -0.07770607479671       -0.78304412827119       -0.29195530270682
c            0.53218187906046        0.51055654105071       -0.89537411164379
c           -0.45721758599840        1.68951558815302       -0.76609495938268
c           -1.24630271206759        1.73218746810310        0.54151434942839
c           -1.80179619696359        0.34659381965676        0.88565622953124
c           -0.61957953854378       -0.59484714528037        1.13950630347136
c           -1.39098647364966       -1.09236173634538       -1.03986581759036
c           -2.44094027133910       -0.27815088965612       -0.32503470256681
o            0.27252642125136       -0.11161980116068        2.11020882176887
c            0.89158403591199       -1.96662661102286       -0.36711856313250
c           -3.69952579806573       -0.13744021086457       -0.69942543451573
c            1.93608338097041        0.87014908127461       -0.44330978058855
c            2.22984076033452        1.54762584804198        0.65538073469661
h            0.62494625233383        0.30179308512349       -1.96911999762967
o            1.96427456043641       -1.77413956011919        0.54028589360541
c            3.01661922932346        0.51567195440768       -1.42725032216092
h            0.09381484273501        2.62371256854223       -0.88849650796647
h           -1.17620860831513        1.62204820596417       -1.58562912030830
h           -0.61955698179421        2.05797011871415        1.37088895638591
h           -2.06888100371556        2.44219223063808        0.43645658549067
h           -2.47335099516946        0.41230120511371        1.74308036706154
h           -1.00771844582968       -1.57345290214697        1.48002058862828
h           -1.33578661453303       -0.85338991915007       -2.10165794983476
h           -1.63365527748328       -2.15488162204861       -0.95370473082577
h            1.13087116903424       -0.52004525877762        1.92552502824952
h            1.26802909280711       -2.07521645168311       -1.39306707163614
h            0.34928470213204       -2.88565878535895       -0.10119670759479
h           -4.08223557833961       -0.60394861901911       -1.59201297820780
h           -4.39665428274721        0.45105857448446       -0.12783556620600
h            3.24957880439738        1.80630975079225        0.89136793442619
h            1.49232204581878        1.85041667774176        1.37431853610283
h            2.56151272415451       -2.52919422397439        0.48509190336795
h            2.98965554154250       -0.54193501850246       -1.67923053118312
h            2.87497863122477        1.08101473878350       -2.34956688034239
h            3.99861456957553        0.75062457302651       -1.02498739557889
