35
 energy: -657.275609489823 gnorm: 0.001098715687 xtb: 6.7.1 (edcfbbe)
c           -0.07075450316276       -0.80510573164820       -0.33337353286800
c            0.54805300102912        0.52630022075108       -0.92704644103901
c           -0.45187630427144        1.71757542580994       -0.77635975583494
c           -1.22859467565968        1.74314826418590        0.55918196641349
c           -1.78538676979369        0.33792728798828        0.91226467917345
c           -0.62448660546643       -0.65604939935342        1.11619370000127
c           -1.41748777582410       -1.07752018224446       -1.08245294215812
c           -2.47224402687991       -0.28452283605494       -0.29935509473073
o            0.28983224081249       -0.25065295922755        2.12732187049456
c            0.88800229649758       -2.00603265930415       -0.44833670190078
c           -3.76459628603442       -0.16466348207200       -0.62153027783869
c            1.98471600359409        0.89394036617669       -0.51804433060446
c            3.01365362495785        0.49380310907769       -1.29270440408631
h            0.62019031805359        0.31564667704696       -2.00792442035811
o            1.95377231796475       -1.98810430465847        0.52533291344984
c            2.24655582493408        1.78448660157386        0.68202528525199
h            0.07435798959847        2.67272313866902       -0.92931338890736
h           -1.18300764584626        1.65090569581472       -1.59749775413143
h           -0.59269065715330        2.09596167072611        1.38508456693343
h           -2.06703777878061        2.45369230110745        0.47421734236992
h           -2.45109289276721        0.40009044362091        1.78726787416750
h           -1.06008819369983       -1.64040368030524        1.39416607516779
h           -1.37788427159808       -0.79509716417772       -2.14619204628203
h           -1.65844897213416       -2.15455469959812       -1.05126080135490
h            1.06668644654346       -0.84587857146377        2.02293760441602
h            1.29564490674634       -2.08339631570157       -1.47362178526743
h            0.32656467493780       -2.93252603908082       -0.24742575218168
h           -4.17974740796229       -0.62864512528150       -1.52008081689308
h           -4.45846213035482        0.40665642698680        0.00004407127238
h            4.04708813660426        0.75612501582008       -1.05329839843606
h            2.85962061525876       -0.09544612967089       -2.20045866860736
h            2.60115633978534       -1.31375026171331        0.22477217966367
h            1.77503915740808        1.38933428604066        1.58964547500312
h            3.32619697464851        1.90031935597936        0.85656562467303
h            1.82829551123764        2.79160105016444        0.51619530390922
35
 energy: -657.275611297056 gnorm: 0.000737519256 xtb: 6.7.1 (edcfbbe)
c           -0.07076824865450       -0.80551567757166       -0.33346127016158
c            0.54842855176896        0.52619524047889       -0.92678144414092
c           -0.45102914052868        1.71798317061972       -0.77683337308623
c           -1.22742432698569        1.74315973907999        0.55867966080152
c           -1.78541162649401        0.33854946658503        0.91194917289692
c           -0.62521273954376       -0.65597912022730        1.11571422069118
c           -1.41792868970392       -1.07716435755485       -1.08274862292566
c           -2.47231507251873       -0.28304812378487       -0.30014398103647
o            0.28870060197405       -0.25142735737706        2.12731764366678
c            0.88784093491072       -2.00635997531829       -0.44868027848726
c           -3.76453303356589       -0.16365736799017       -0.62202530030631
c            1.98516729264548        0.89329697745870       -0.51722713779845
c            3.01407522209673        0.49265499994915       -1.29130577869528
h            0.62092110640717        0.31549973150391       -2.00750136904069
o            1.95364379098850       -1.98820695656368        0.52508361183622
c            2.24694283045472        1.78461745705181        0.68221091593324
h            0.07490856566070        2.67316852678058       -0.93048043502595
h           -1.18241089494627        1.64997510281775       -1.59762130611742
h           -0.59107429241260        2.09494967791450        1.38474684339774
h           -2.06538961035686        2.45435268046421        0.47390197718517
h           -2.45121226233962        0.40130649731494        1.78670086493694
h           -1.06147779188885       -1.63997398785198        1.39298655833969
h           -1.37825713396642       -0.79479119765891       -2.14631618665408
h           -1.65929305722640       -2.15391745195449       -1.05079014521256
h            1.06454110831453       -0.84872280910036        2.02490181710483
h            1.29617742492195       -2.08244085787422       -1.47353476470666
h            0.32677511108394       -2.93302598925964       -0.24845028929691
h           -4.18106557079273       -0.63212145182740       -1.51747168764194
h           -4.45962919448426        0.40374148142187        0.00165980434343
h            4.04726613662494        0.75774659844802       -1.05435091630874
h            2.86010189190656       -0.09373404202478       -2.20076060271716
h            2.59913398444464       -1.31106951160563        0.22562762670412
h            1.77634686831032        1.38939320179110        1.59024133475172
h            3.32668625717112        1.90119548932862        0.85582290228330
h            1.82831439439445        2.79125827374355        0.51587928065386
35
 energy: -657.275611297056 gnorm: 0.000737519256 xtb: 6.7.1 (edcfbbe)
c           -0.07076824865450       -0.80551567757166       -0.33346127016158
c            0.54842855176896        0.52619524047889       -0.92678144414092
c           -0.45102914052868        1.71798317061972       -0.77683337308623
c           -1.22742432698569        1.74315973907999        0.55867966080152
c           -1.78541162649401        0.33854946658503        0.91194917289692
c           -0.62521273954376       -0.65597912022730        1.11571422069118
c           -1.41792868970392       -1.07716435755485       -1.08274862292566
c           -2.47231507251873       -0.28304812378487       -0.30014398103647
o            0.28870060197405       -0.25142735737706        2.12731764366678
c            0.88784093491072       -2.00635997531829       -0.44868027848726
c           -3.76453303356589       -0.16365736799017       -0.62202530030631
c            1.98516729264548        0.89329697745870       -0.51722713779845
c            3.01407522209673        0.49265499994915       -1.29130577869528
h            0.62092110640717        0.31549973150391       -2.00750136904069
o            1.95364379098850       -1.98820695656368        0.52508361183622
c            2.24694283045472        1.78461745705181        0.68221091593324
h            0.07490856566070        2.67316852678058       -0.93048043502595
h           -1.18241089494627        1.64997510281775       -1.59762130611742
h           -0.59107429241260        2.09494967791450        1.38474684339774
h           -2.06538961035686        2.45435268046421        0.47390197718517
h           -2.45121226233962        0.40130649731494        1.78670086493694
h           -1.06147779188885       -1.63997398785198        1.39298655833969
h           -1.37825713396642       -0.79479119765891       -2.14631618665408
h           -1.65929305722640       -2.15391745195449       -1.05079014521256
h            1.06454110831453       -0.84872280910036        2.02490181710483
h            1.29617742492195       -2.08244085787422       -1.47353476470666
h            0.32677511108394       -2.93302598925964       -0.24845028929691
h           -4.18106557079273       -0.63212145182740       -1.51747168764194
h           -4.45962919448426        0.40374148142187        0.00165980434343
h            4.04726613662494        0.75774659844802       -1.05435091630874
h            2.86010189190656       -0.09373404202478       -2.20076060271716
h            2.59913398444464       -1.31106951160563        0.22562762670412
h            1.77634686831032        1.38939320179110        1.59024133475172
h            3.32668625717112        1.90119548932862        0.85582290228330
h            1.82831439439445        2.79125827374355        0.51587928065386
