35
 energy: -46.160580633454 gnorm: 0.010684572028 xtb: 6.7.1 (edcfbbe)
c            0.14448315346402       -0.59684604586448        0.38358552186998
c           -0.91621594800600        0.48700590551580        0.71961344451888
c           -0.33798878244977        1.90793643174545        0.54443370864125
c            0.56626396255093        2.09334035792762       -0.67334174099838
c            1.53070691817830        0.91303321040459       -0.81052793175917
c            0.72097840361948       -0.37178588456475       -1.03184787045724
c            1.38224516831251       -0.35295157355640        1.27231318166380
c            2.21026512677943        0.65132157538862        0.50954853692580
o            1.51674676957211       -1.42926631843335       -1.49869028786411
c           -0.41111204868218       -2.01532563599304        0.58363812675863
c            3.33794146947913        1.19992750423172        0.92231287580870
c           -2.25400881189881        0.32067899974210        0.02598800801152
c           -2.50834537781152        0.64586232938620       -1.23428028964694
h           -1.12425523999819        0.36969329576382        1.79129018099377
o           -1.31978958948484       -2.44304087188257       -0.39286854107409
c           -3.35977113748881       -0.17409623757715        0.91892916260720
h           -1.16474219481613        2.61958065576081        0.49760593862050
h            0.24807387140993        2.14843623775203        1.43386094273538
h           -0.01908397710846        2.18540720456841       -1.58854991800393
h            1.13410351100255        3.01834877373751       -0.55179009414451
h            2.24041848079279        1.09252176868412       -1.62105447881833
h           -0.05787304232565       -0.26558446801769       -1.78657867259168
h            1.94435689386160       -1.28086376066759        1.41309942422618
h            1.11605570709456        0.00823157390365        2.26647100670433
h            2.25762933270042       -1.54877742788630       -0.89398335669615
h           -0.86147923228174       -2.07897518042125        1.58965502350442
h            0.40803822598081       -2.73873718141361        0.53869420633871
h            3.76110832836665        0.97308638193120        1.88663537303602
h            3.88159988612004        1.90151629454261        0.31301463213871
h           -3.49559928104899        0.52402005583221       -1.64940259553089
h           -1.77210167768527        1.04661293796378       -1.90517655704423
h           -1.95686774926714       -1.73738219946988       -0.56246834704924
h           -4.27385431689386       -0.34504556185290        0.35555381395756
h           -3.08252133476595       -1.09814493128662        1.42386579363095
h           -3.56583806098012        0.57031307345272        1.68898223574843
35
 energy: -46.160665110848 gnorm: 0.005478546461 xtb: 6.7.1 (edcfbbe)
c            0.14517339050309       -0.59546216429352        0.38475673253050
c           -0.91740692646511        0.48732816909407        0.71897483016352
c           -0.33839889823908        1.90831619023568        0.54460281181372
c            0.56632531936419        2.09403966862548       -0.67309727847163
c            1.53183060102119        0.91410739798173       -0.80975657931414
c            0.72066229176069       -0.36948677477807       -1.03069633537763
c            1.38364536932561       -0.35298887560640        1.27295751530981
c            2.21196550243152        0.65104140052215        0.51023880381867
o            1.51680313529554       -1.43128677873711       -1.49876458779402
c           -0.40894695811839       -2.01478773120347        0.58414404747886
c            3.34059772280695        1.19916771071868        0.92254236261953
c           -2.25555422370449        0.31840552511367        0.02538804857846
c           -2.50998018056350        0.64293511937043       -1.23551242487601
h           -1.12496236494449        0.36884327023755        1.78993988637304
o           -1.32085074207562       -2.44034050035494       -0.39548668287920
c           -3.36163003644262       -0.17417042852483        0.91940535626669
h           -1.16484719941846        2.62003282211838        0.49691400712279
h            0.24713643329737        2.14862594911676        1.43422761227279
h           -0.01798881745113        2.18527867127035       -1.58900240497410
h            1.13481039897122        3.01859834483471       -0.55216742459453
h            2.24063094012169        1.09185921607639       -1.62171378135618
h           -0.05791181188264       -0.26401834767187       -1.78618593867466
h            1.94517774954079       -1.28100898861308        1.41269512714613
h            1.11684127681996        0.00807114886631        2.26653880027874
h            2.25961551421917       -1.54751935347631       -0.89306115855585
h           -0.86195130899993       -2.08218399180595        1.58765910098167
h            0.40890183982833       -2.73998843064052        0.53722376205454
h            3.76336610242212        0.97278617722759        1.88730913461553
h            3.88415643910946        1.90114952790942        0.31318693195799
h           -3.49746837357443        0.52148347349228       -1.65082035645347
h           -1.77380831933194        1.04441701050241       -1.90633388046558
h           -1.95968463039681       -1.73140612494384       -0.55756870581421
h           -4.27595461088581       -0.34516421884720        0.35629850101013
h           -3.08437329083951       -1.09786301177948        1.42484542493915
h           -3.56635392721309        0.57124021730993        1.68884919903075
35
 energy: -46.160696608861 gnorm: 0.001293956173 xtb: 6.7.1 (edcfbbe)
c            0.14563629706538       -0.59504488044292        0.38503310356926
c           -0.91810811979486        0.48704018128510        0.71923015461051
c           -0.33925945009023        1.90816074084683        0.54428478035268
c            0.56651210656696        2.09420845647650       -0.67276328883718
c            1.53293060616758        0.91449910986840       -0.80912319963003
c            0.72065933805443       -0.36766442737587       -1.02964788512171
c            1.38392100999429       -0.35201936148128        1.27374636130070
c            2.21299184302223        0.65149004459496        0.51119076128401
o            1.51882218243735       -1.43285227894052       -1.49870303492004
c           -0.40739865333940       -2.01445204435046        0.58362583542307
c            3.34235521039239        1.19902613188654        0.92297435829707
c           -2.25684199740508        0.31784374735134        0.02575709367854
c           -2.51136611604574        0.64116855688631       -1.23571630645309
h           -1.12574456074950        0.36858674079111        1.78976225582629
o           -1.32271010691540       -2.43753007547533       -0.39950727284715
c           -3.36308036496757       -0.17344112612393        0.92062314024882
h           -1.16544549459923        2.62003996813869        0.49562791912897
h            0.24558693896290        2.14821612631323        1.43420598193255
h           -0.01683896230631        2.18452237469135       -1.58928428304940
h            1.13464273536992        3.01890216814840       -0.55165526842427
h            2.24123199773261        1.09141574445450       -1.62179613931189
h           -0.05667664229244       -0.26401762393488       -1.78654038083358
h            1.94484896578744       -1.28008532871704        1.41302837286356
h            1.11662683754523        0.00936457657819        2.26680413665514
h            2.26332091734371       -1.54316613613423       -0.89219780723765
h           -0.86284383407133       -2.08581025013213        1.58450680886474
h            0.40895101024233       -2.74093215379199        0.53288539949417
h            3.76640145643836        0.97062686472404        1.88680376245735
h            3.88708951494772        1.89948508366713        0.31273219284407
h           -3.49818800094903        0.51662250318474       -1.65213988658929
h           -1.77444786251076        1.03940671490165       -1.90778425995247
h           -1.96305319651530       -1.72527860432649       -0.55117103577799
h           -4.27754348868082       -0.34433616129197        0.35767935012898
h           -3.08652313445097       -1.09691989416391        1.42683895580458
h           -3.56689157609504        0.57297580124131        1.68921978098249
35
 energy: -46.160699752761 gnorm: 0.000894336829 xtb: 6.7.1 (edcfbbe)
c            0.14561822585208       -0.59525686803255        0.38460179389646
c           -0.91820078605824        0.48675819256134        0.71902310023663
c           -0.33967112565907        1.90801935927527        0.54413925352410
c            0.56635232595488        2.09406495893208       -0.67263599432850
c            1.53294677933312        0.91437770920044       -0.80891910226310
c            0.72111268678849       -0.36750582740613       -1.02932160698073
c            1.38358145523759       -0.35197092426303        1.27401614741174
c            2.21343067637273        0.65058184055111        0.51097564808172
o            1.52116449810449       -1.43265438965834       -1.49757809464930
c           -0.40707412042381       -2.01438272275505        0.58237481669331
c            3.34353777275315        1.19683001969471        0.92206736574574
c           -2.25677975395672        0.31628269391278        0.02557415520532
c           -2.51104487347096        0.63729819072298       -1.23640414870826
h           -1.12575545959630        0.36850910732137        1.78965385282157
o           -1.32335977723510       -2.43653175450304       -0.40147256258504
c           -3.36350014362759       -0.17215632386704        0.92154486816078
h           -1.16604881486168        2.61963020499866        0.49487981653089
h            0.24479835051090        2.14860816681854        1.43421723130301
h           -0.01693229121715        2.18428104453168       -1.58921865655720
h            1.13399885888459        3.01898600082722       -0.55106242853273
h            2.24115875962964        1.09188565873861       -1.62142476102183
h           -0.05519832150643       -0.26538627212674       -1.78716909056316
h            1.94415994307007       -1.28016830715174        1.41412591690068
h            1.11610316521393        0.01017535455746        2.26679297609407
h            2.26625811875787       -1.53877512130492       -0.89154323119171
h           -0.86270876465016       -2.08690417394632        1.58268088027878
h            0.40876606822944       -2.74088498355080        0.52952132336347
h            3.76610337470212        0.97057425283559        1.88702938034610
h            3.88747506131279        1.89847396920740        0.31259137993644
h           -3.49889554535914        0.51665914758057       -1.65137607337012
h           -1.77481489368665        1.03755374141150       -1.90796659349311
h           -1.96422480811353       -1.72419545487406       -0.54841438048901
h           -4.27818370936135       -0.34312414072794        0.35899401979498
h           -3.08787039213424       -1.09514585169498        1.42918207084122
h           -3.56673513349791        0.57554479153074        1.68905118432864
35
 energy: -46.160702830624 gnorm: 0.000755977738 xtb: 6.7.1 (edcfbbe)
c            0.14549003319767       -0.59547506842680        0.38398236715253
c           -0.91832584441003        0.48646385197541        0.71879789743316
c           -0.34009732498394        1.90781189011806        0.54416959678110
c            0.56595892836939        2.09402479686344       -0.67250813043579
c            1.53270209210549        0.91451451579477       -0.80879942925644
c            0.72174190213149       -0.36758691485047       -1.02938932607764
c            1.38312892448379       -0.35209534581301        1.27402806037624
c            2.21287445635200        0.65079674154700        0.51123080353082
o            1.52350215901607       -1.43211703389012       -1.49605532300922
c           -0.40691106456031       -2.01456499771106        0.58096074266265
c            3.34325093303160        1.19644146202764        0.92217830542797
c           -2.25729848309140        0.31728946309732        0.02603571889371
c           -2.51156993951299        0.63742382064040       -1.23608226681523
h           -1.12549180491708        0.36790686894461        1.78955838034369
o           -1.32361664927939       -2.43614764592542       -0.40277863767387
c           -3.36394163874430       -0.17041155705433        0.92249858561819
h           -1.16673549411962        2.61913112433784        0.49474383286045
h            0.24409858798402        2.14869321600354        1.43439664703491
h           -0.01728711446279        2.18412509836577       -1.58914159858154
h            1.13334358912244        3.01908657459675       -0.55076917277613
h            2.24108884202854        1.09278813228336       -1.62092993725417
h           -0.05385491961519       -0.26690374603223       -1.78802699550698
h            1.94379429732872       -1.28020366060487        1.41504113715940
h            1.11507223289256        0.01044147921757        2.26655287211618
h            2.26932178602396       -1.53454226636519       -0.89080279198872
h           -0.86208287459763       -2.08781443487656        1.58133912965409
h            0.40887993903648       -2.74079793442101        0.52677718226940
h            3.76683383209914        0.96856408639068        1.88629777010911
h            3.88841533132189        1.89641868380957        0.31194793326095
h           -3.49879703329504        0.51418982406173       -1.65164158841336
h           -1.77441247576184        1.03378186356450       -1.90892585401851
h           -1.96528261017147       -1.72456826169273       -0.54678483849553
h           -4.27884999443367       -0.34137229306013        0.36030411064838
h           -3.08867971795954       -1.09317341851048        1.43083262993694
h           -3.56669547631718        0.57793237494180        1.68949264379511
35
 energy: -46.160704574835 gnorm: 0.000407448474 xtb: 6.7.1 (edcfbbe)
c            0.14543054191563       -0.59561963855559        0.38341847368143
c           -0.91848329332596        0.48602229063804        0.71869324134720
c           -0.34070317372294        1.90757867617370        0.54424496716782
c            0.56544104494695        2.09410751977408       -0.67231188678908
c            1.53256919426714        0.91498868358288       -0.80874208571444
c            0.72258317366565       -0.36771036458103       -1.02978602499502
c            1.38264213296667       -0.35201193578265        1.27391352018532
c            2.21267227128589        0.65080820372251        0.51128158196966
o            1.52547485029829       -1.43164399769379       -1.49475069159024
c           -0.40687328961096       -2.01499377777722        0.57981086311001
c            3.34355318453267        1.19558363741526        0.92214580625016
c           -2.25752500412304        0.31719886241985        0.02613096808492
c           -2.51162586360969        0.63622312568920       -1.23635777208297
h           -1.12533802620925        0.36692673636766        1.78948661020900
o           -1.32380869768926       -2.43602089656279       -0.40337178076985
c           -3.36434701252121       -0.16863816552073        0.92329976139547
h           -1.16755311690746        2.61868114595196        0.49487578648358
h            0.24333027126504        2.14858384965824        1.43453029547180
h           -0.01788962546434        2.18401718656036       -1.58891773942289
h            1.13272283872036        3.01926513578178       -0.55079816155853
h            2.24109041884151        1.09377153321687       -1.62069962275957
h           -0.05268798242110       -0.26791669742464       -1.78898054048022
h            1.94316898696509       -1.28007557173716        1.41560454955805
h            1.11397369120536        0.01079543479182        2.26619231776395
h            2.27242615804877       -1.53131235484500       -0.89041367382043
h           -0.86113536485547       -2.08891063127356        1.58073781394151
h            0.40928437033755       -2.74085707072777        0.52490853906119
h            3.76766052187336        0.96654304733954        1.88576934782494
h            3.88887962057575        1.89560787649338        0.31207454885395
h           -3.49903429486851        0.51348667774952       -1.65166726120736
h           -1.77405451982924        1.03104651503247       -1.90966800172749
h           -1.96696455565503       -1.72558243446262       -0.54577004302720
h           -4.27953141393924       -0.33954276434763        0.36153069154346
h           -3.08946380811642       -1.09102873901004        1.43253853828363
h           -3.56631682255071        0.58068019129048        1.68957752052009
35
 energy: -46.160705863836 gnorm: 0.000184368103 xtb: 6.7.1 (edcfbbe)
c            0.14554367969167       -0.59570953135874        0.38282658748240
c           -0.91883192216308        0.48536239741205        0.71817543830879
c           -0.34155532939361        1.90723750125375        0.54450823783835
c            0.56449906599734        2.09416675499174       -0.67198180380432
c            1.53253732613378        0.91579663941294       -0.80837457246856
c            0.72386545802876       -0.36764902386431       -1.03010236533977
c            1.38227466544617       -0.35202259108029        1.27392155183508
c            2.21277475179485        0.65058545233101        0.51147593354058
o            1.52851371802349       -1.43100982591497       -1.49324137498970
c           -0.40647699487661       -2.01554017363538        0.57817617531028
c            3.34463907780407        1.19366128863194        0.92196669910540
c           -2.25817063114520        0.31697124266130        0.02606847441202
c           -2.51203656885754        0.63401949279636       -1.23698697358251
h           -1.12537506979489        0.36559658900590        1.78889287565056
o           -1.32419050290802       -2.43553653131372       -0.40445123063298
c           -3.36529532645999       -0.16577065958637        0.92452346300739
h           -1.16868427374909        2.61800110907308        0.49499045382978
h            0.24217944630351        2.14834335422136        1.43494837738771
h           -0.01894230499679        2.18360046537713       -1.58859106222503
h            1.13119284092094        3.01969387599401       -0.55058531379395
h            2.24114414476541        1.09538651859171       -1.62014341405757
h           -0.05071155604908       -0.26904524560653       -1.79021013978089
h            1.94258291483180       -1.28002511237545        1.41641605952994
h            1.11290740460080        0.01135658014051        2.26578384702256
h            2.27749582908370       -1.52629303383645       -0.89039096085053
h           -0.85958389842041       -2.09067783784465        1.57962127714116
h            0.40998968820818       -2.74106286553874        0.52161971644089
h            3.76858049401215        0.96414838653003        1.88554958361980
h            3.89018091392472        1.89380734709234        0.31217981073777
h           -3.49966223772065        0.51178589204421       -1.65197194692402
h           -1.77382448332243        1.02622563757558       -1.91113493423398
h           -1.96996743854392       -1.72645584365000       -0.54342179191284
h           -4.28100899188105       -0.33654452677721        0.36359418281023
h           -3.09116502036841       -1.08754995466566        1.43531952044291
h           -3.56585146262876        0.58519752125884        1.68956007590490
35
 energy: -46.160706110182 gnorm: 0.000172834551 xtb: 6.7.1 (edcfbbe)
c            0.14562551543640       -0.59577385940939        0.38257144721270
c           -0.91896492355634        0.48495529504297        0.71810945703221
c           -0.34189288513412        1.90695594314444        0.54463800887726
c            0.56416571201392        2.09420971984985       -0.67177379620490
c            1.53260763869368        0.91618648966472       -0.80818811386940
c            0.72427841054341       -0.36744093653835       -1.03021173702509
c            1.38209225610265       -0.35188868511213        1.27396161705970
c            2.21264255058399        0.65089821800459        0.51175020582661
o            1.52940387863848       -1.43056935630089       -1.49322347407020
c           -0.40619173203812       -2.01573584056260        0.57772405322063
c            3.34478752727844        1.19341001320311        0.92219475827867
c           -2.25824264414303        0.31636544194665        0.02584820284346
c           -2.51192464695972        0.63231355910735       -1.23751147796120
h           -1.12558295828069        0.36500004772774        1.78879411012414
o           -1.32430507890299       -2.43550673344829       -0.40458018334494
c           -3.36570734743738       -0.16446549516577        0.92492205173472
h           -1.16909684622647        2.61763456642317        0.49523263256198
h            0.24180637067897        2.14796518459424        1.43511291760386
h           -0.01934773010876        2.18322650267288       -1.58836374255625
h            1.13039534917101        3.02004724236578       -0.55047579403194
h            2.24130164159643        1.09619099861217       -1.61978921491990
h           -0.05006179655686       -0.26908697736815       -1.79053752818299
h            1.94247301429557       -1.27982009528650        1.41652125638992
h            1.11250640387285        0.01147966135526        2.26576996325062
h            2.27901604357028       -1.52476455786522       -0.89097862674061
h           -0.85879185224520       -2.09120982753511        1.57934609056026
h            0.41031059834855       -2.74113668963427        0.52038502454920
h            3.76925988393874        0.96270854569444        1.88526765745648
h            3.89089368551426        1.89296984566525        0.31224862632062
h           -3.49987873933470        0.51129648131174       -1.65207569614476
h           -1.77366559143285        1.02410052848069       -1.91182111541768
h           -1.97090965695497       -1.72689077314979       -0.54244932207044
h           -4.28162839725826       -0.33505457148766        0.36428274032518
h           -3.09223443910494       -1.08595512930012        1.43660337652963
h           -3.56557180831042        0.58743653264457        1.68922608154432
35
 energy: -46.160706321830 gnorm: 0.000101293198 xtb: 6.7.1 (edcfbbe)
c            0.14569460620100       -0.59581897079925        0.38248467188833
c           -0.91896118073693        0.48479127602537        0.71812724489677
c           -0.34197517980446        1.90683609208887        0.54480633235862
c            0.56403577152300        2.09424121122215       -0.67161161675899
c            1.53263255992118        0.91633404586606       -0.80809712569907
c            0.72428887809524       -0.36726112264561       -1.03025318660644
c            1.38211139900795       -0.35189209557732        1.27393215127159
c            2.21279883824115        0.65078418874223        0.51170275441160
o            1.52932802631939       -1.43033100701672       -1.49363063632142
c           -0.40598827847033       -2.01579762403001        0.57771769556428
c            3.34511170566130        1.19299208601271        0.92208314019607
c           -2.25824051443372        0.31638992512377        0.02577638268946
c           -2.51184951620783        0.63190522193465       -1.23770211986143
h           -1.12567176142283        0.36472973739677        1.78879228978673
o           -1.32428924993151       -2.43566847817814       -0.40438228985849
c           -3.36586710668309       -0.16384332363278        0.92496471761571
h           -1.16917021769206        2.61754268792339        0.49561248155598
h            0.24180634571061        2.14764966953531        1.43527513664228
h           -0.01957071276529        2.18309630788830       -1.58815425606968
h            1.13005800313186        3.02021502409553       -0.55037852893541
h            2.24129912467323        1.09649103904175       -1.61966835407635
h           -0.05007260042810       -0.26876710766359       -1.79049952744487
h            1.94250746136441       -1.27983457807713        1.41637044430934
h            1.11255889301188        0.01137238398875        2.26579518129259
h            2.27896408831968       -1.52476690062884       -0.89153677988270
h           -0.85837396459510       -2.09126538484030        1.57941036788394
h            0.41050758976084       -2.74114569870572        0.52013677680179
h            3.76921386169867        0.96263773380165        1.88540217167662
h            3.89086685411401        1.89317995512635        0.31256579790085
h           -3.49974483148018        0.51061785297672       -1.65232287450265
h           -1.77345771586467        1.02294557070992       -1.91230263780923
h           -1.97092852114598       -1.72712238768634       -0.54217320520669
h           -4.28182837378202       -0.33429583874112        0.36434542185759
h           -3.09271690862116       -1.08526714250815        1.43693710523936
h           -3.56550996639830        0.58837694057814        1.68900532995578
35
 energy: -46.160706454111 gnorm: 0.000082012272 xtb: 6.7.1 (edcfbbe)
c            0.14580530489522       -0.59585635015095        0.38247296840563
c           -0.91891913681388        0.48472036176622        0.71805090344713
c           -0.34192985803770        1.90679791188655        0.54511129457802
c            0.56383583396704        2.09429222430780       -0.67146242030400
c            1.53253525178851        0.91643970467769       -0.80800371255316
c            0.72420179718339       -0.36714404359811       -1.03027132336270
c            1.38230757356989       -0.35203931394598        1.27384835788574
c            2.21282553247653        0.65082278378840        0.51170636214697
o            1.52901645383453       -1.43021364586872       -1.49408163732509
c           -0.40573946136083       -2.01584919017197        0.57779301091200
c            3.34509168768133        1.19308362735953        0.92214513086433
c           -2.25820792494353        0.31648705501838        0.02566837297895
c           -2.51170868048353        0.63152631227139       -1.23794932570383
h           -1.12569496207536        0.36450565321513        1.78867661411212
o           -1.32424737944993       -2.43588269973894       -0.40410960686555
c           -3.36601027774675       -0.16332710232220        0.92486648823844
h           -1.16909316649206        2.61755492094551        0.49616211357193
h            0.24200527319290        2.14741054245777        1.43555126834259
h           -0.01988737204153        2.18314148956760       -1.58794293549613
h            1.12978692586494        3.02029719146842       -0.55024104956241
h            2.24115780518713        1.09667034303565       -1.61958815407333
h           -0.05028019120553       -0.26843262942206       -1.79037031116391
h            1.94281363630610       -1.27996219899264        1.41610572345707
h            1.11277002233580        0.01102108218960        2.26577853120983
h            2.27847340646401       -1.52529761577859       -0.89189694085367
h           -0.85797071076136       -2.09125876641488        1.57955745194253
h            0.41077973417123       -2.74115894078603        0.52015575038980
h            3.76908202756963        0.96279265025775        1.88553104327649
h            3.89090200171345        1.89326997802203        0.31267469538648
h           -3.49956874075143        0.51001983805221       -1.65258655114399
h           -1.77327717307349        1.02213737744654       -1.91276736116969
h           -1.97067949134707       -1.72722134662198       -0.54204529847396
h           -4.28198766558804       -0.33366033163527        0.36423029339718
h           -3.09311071706891       -1.08472451773920        1.43701505194090
h           -3.56550995266885        0.58908893480072        1.68874565832917
35
 energy: -46.160706459498 gnorm: 0.000163037161 xtb: 6.7.1 (edcfbbe)
c            0.14589029880807       -0.59587884951763        0.38246927482131
c           -0.91888597740214        0.48467763077734        0.71797797019787
c           -0.34189741946002        1.90678228957213        0.54533558730635
c            0.56368357963083        2.09432973313791       -0.67135716271386
c            1.53246192379913        0.91651687691787       -0.80792445014558
c            0.72413374875630       -0.36705405247801       -1.03027931064236
c            1.38245895476158       -0.35215597753464        1.27379103107944
c            2.21285356417766        0.65083977105552        0.51171176503242
o            1.52877193257346       -1.43013203667285       -1.49441306364751
c           -0.40554970299323       -2.01588216133031        0.57784915832883
c            3.34509134268298        1.19313002488249        0.92218952582848
c           -2.25819154524607        0.31657469833916        0.02558938294227
c           -2.51161934810151        0.63126468381620       -1.23812840828608
h           -1.12570614860396        0.36435161099548        1.78857446194924
o           -1.32420697490613       -2.43604228735317       -0.40391001495949
c           -3.36611526469237       -0.16295570310397        0.92479194742498
h           -1.16903575532038        2.61757764969331        0.49656027364688
h            0.24215040620308        2.14724711384688        1.43575611726563
h           -0.02011996768029        2.18317325499756       -1.58779722934414
h            1.12958098639284        3.02035713256772       -0.55014274671334
h            2.24105193970345        1.09679660999894       -1.61951860823842
h           -0.05043988387956       -0.26817680577800       -1.79026644626823
h            1.94304501020139       -1.28006593004087        1.41591788785617
h            1.11292983529250        0.01075625600160        2.26576819310903
h            2.27810424068250       -1.52569046449607       -0.89217522480423
h           -0.85767060841467       -2.09124127401511        1.57966448123606
h            0.41098699402940       -2.74116223610291        0.52017673302751
h            3.76897219176155        0.96292306927804        1.88564527931957
h            3.89094286635412        1.89331581215016        0.31275474595567
h           -3.49944617553770        0.50956430473606       -1.65278388712123
h           -1.77315976936260        1.02155836916459       -1.91311000352053
h           -1.97048851526676       -1.72730334697638       -0.54195454101225
h           -4.28210553310721       -0.33320882988257        0.36414634637461
h           -3.09338763052149       -1.08433272500924        1.43706436895195
h           -3.56551618902294        0.58959707771010        1.68855702252485
