    -46.143995155538    -46.143995155538         0.16327E-03
    -46.142410568275    -46.142410568275         0.16134E-03
    -46.139728974637    -46.139728974637         0.18913E-03
    -46.141070055598    -46.141070055598         0.78028E-04
    -46.140856758405    -46.140856758405         0.66976E-04
    -46.139729110024    -46.139729110024         0.11108E-03
    -46.144196747007    -46.144196747007         0.27918E-04
    -46.139059466518    -46.139059466518         0.78617E-04
    -46.141972686970    -46.141972686970         0.62404E-04
    -46.144196767479    -46.144196767479         0.20263E-04
    -46.139172024472    -46.139172024472         0.12968E-03
    -46.138863654662    -46.138863654662         0.91187E-04
    -46.138886313357    -46.138886313357         0.18471E-03
    -46.138763315750    -46.138763315750         0.15680E-03
    -46.138444250379    -46.138444250379         0.14547E-03
    -46.137757824190    -46.137757824190         0.17689E-03
    -46.138025077888    -46.138025077888         0.11788E-03
    -46.138566316327    -46.138566316327         0.95032E-04
    -46.138025129124    -46.138025129124         0.47269E-04
    -46.138005482712    -46.138005482712         0.16407E-03
    -46.137960988607    -46.137960988607         0.52606E-04
    -46.139538007252    -46.139538007252         0.59153E-04
    -46.137969826925    -46.137969826925         0.12320E-03
    -46.137730718525    -46.137730718525         0.14768E-03
    -46.137552637289    -46.137552637289         0.87722E-04
    -46.137402054458    -46.137402054458         0.17370E-03
    -46.137165546710    -46.137165546710         0.85900E-04
    -46.136998759346    -46.136998759346         0.93611E-04
    -46.137262661106    -46.137262661106         0.48974E-04
    -46.136998803658    -46.136998803658         0.92681E-04
    -46.137730759349    -46.137730759349         0.15211E-03
    -46.137250575448    -46.137250575448         0.14028E-03
    -46.137130833324    -46.137130833324         0.12834E-03
    -46.137100433799    -46.137100433799         0.11489E-03
    -46.136114615588    -46.136114615588         0.15258E-03
    -46.136901248354    -46.136901248354         0.63683E-04
    -46.136567780704    -46.136567780704         0.63939E-04
    -46.136325958836    -46.136325958836         0.67600E-04
    -46.135924340419    -46.135924340419         0.18835E-03
    -46.136107613310    -46.136107613310         0.17113E-03
    -46.135624789349    -46.135624789349         0.13659E-03
    -46.136114691571    -46.136114691571         0.10991E-03
    -46.135637887112    -46.135637887112         0.12750E-03
    -46.135910241718    -46.135910241718         0.42272E-04
    -46.135370558533    -46.135370558533         0.14517E-03
    -46.135346857745    -46.135346857745         0.13662E-03
    -46.134895040645    -46.134895040645         0.46345E-04
    -46.135637693922    -46.135637693922         0.17829E-03
    -46.134676115979    -46.134676115979         0.76199E-04
    -46.134783974858    -46.134783974858         0.11952E-03
    -46.135453988357    -46.135453988357         0.50558E-04
    -46.139538024384    -46.139538024384         0.51610E-04
    -46.134738026338    -46.134738026338         0.14779E-03
    -46.135565798755    -46.135565798755         0.18133E-03
