35
 energy: -657.271441540069 gnorm: 0.001106017909 xtb: 6.7.1 (edcfbbe)
c            0.10104098359862       -0.67384779737506        0.07226286361005
c           -0.97243328970145        0.29332493585489        0.71600174599328
c           -0.38221343956099        1.72393659691982        0.91428517331819
c            0.48807618114607        2.23001828335354       -0.25866205887402
c            1.45359846256528        1.12469804476361       -0.76184004261361
c            0.62454249072979       -0.07769111652913       -1.26393033265124
c            1.40015911641030       -0.64689701664544        0.95022885202974
c            2.22690915204758        0.51551803911824        0.40196166860663
o            1.44889644552310       -1.06034291180712       -1.91133014126188
c           -0.44804241123560       -2.09740901224050       -0.09047585775101
c            3.41526372241508        0.93127876024870        0.85369183473878
c           -2.35562907359952        0.29970673068751        0.04743177406363
c           -3.33881957063490       -0.46690829617051        0.55083800783494
h           -1.14333469453314       -0.11568275121756        1.72308102545744
o           -0.79023196792439       -2.60379887191435        1.21078141562467
c           -2.65259545777485        1.21768767188541       -1.12668070176847
h           -1.19536017349625        2.43851783947147        1.11932029114236
h            0.23803643605698        1.71473469058981        1.82459932104192
h           -0.13645819188953        2.56698677304534       -1.10226576018902
h            1.07168983441267        3.10497053016318        0.07030570292993
h            2.11199571618656        1.53639777047370       -1.54550759189457
h           -0.18635475637113        0.23171633958818       -1.94390077707828
h            1.95374663012763       -1.59249854176047        0.83648981373471
h            1.17925175613910       -0.53625143194532        2.02280650721507
h            1.92910416867943       -0.61213252585577       -2.63715022843133
h            0.32331528481308       -2.72922470361800       -0.56245491712127
h           -1.33026609340415       -2.08834411692981       -0.75683224761601
h            3.90654467486506        0.45869664133095        1.70830059232386
h            3.94498190412779        1.76484933196371        0.38516458101391
h           -4.34245339346680       -0.46793686927202        0.11783859350369
h           -3.17346859956675       -1.12661114595714        1.40462855927886
h           -1.12356511756073       -3.51596114227613        1.09615059211601
h           -2.46122787821646        2.27334988619266       -0.87361787185411
h           -2.03749061117967        0.98990954947586       -2.01069657866426
h           -3.70732749274842        1.13420009187626       -1.42695201543415
35
 energy: -657.271445543686 gnorm: 0.000558121927 xtb: 6.7.1 (edcfbbe)
c            0.10128096639769       -0.67372830809476        0.07196807002575
c           -0.97279078603107        0.29398560043728        0.71609526020461
c           -0.38172864834982        1.72457915330078        0.91335969268157
c            0.48836877652761        2.23078449744235       -0.25933040285048
c            1.45441141804680        1.12525449764155       -0.76123357395103
c            0.62572404671319       -0.07717416648521       -1.26396912599461
c            1.40050080539149       -0.64739386631737        0.95035697982170
c            2.22700335026027        0.51633500398568        0.40338625106785
o            1.45045703399624       -1.06008178077175       -1.91096933848070
c           -0.44855902479799       -2.09703764658479       -0.09141426974165
c            3.41505026560073        0.93163605856303        0.85581299810146
c           -2.35683820415072        0.30083729621496        0.04825897221320
c           -3.33970244658591       -0.46548274858510        0.55283695333807
h           -1.14367084706440       -0.11463198271919        1.72322408442494
o           -0.79086511143677       -2.60388610959551        1.20998355095937
c           -2.65466792934329        1.21701552172017       -1.12681522048001
h           -1.19459134020396        2.43942793630008        1.11837328581649
h            0.23857818924267        1.71452304519380        1.82357479354537
h           -0.13605214820066        2.56624172484844       -1.10365765966627
h            1.07124846370850        3.10643407718864        0.06925031546120
h            2.11331973242285        1.53684811112878       -1.54435621753015
h           -0.18463002799953        0.23227294691679       -1.94439211001634
h            1.95408814962074       -1.59281234503338        0.83507111582654
h            1.18016718717998       -0.53755703100309        2.02309364610422
h            1.93155352545595       -0.61147442975323       -2.63615780368840
h            0.32239115892043       -2.72926062642764       -0.56354064778383
h           -1.33120358618345       -2.08710919405409       -0.75711744232502
h            3.90759661783173        0.45639308664108        1.70801049562013
h            3.94655751675269        1.76383620417601        0.38709899734990
h           -4.34297422131412       -0.46942994182924        0.11949170902042
h           -3.17262390660673       -1.12697077507337        1.40469464408864
h           -1.12354153200448       -3.51607811482620        1.09523529371219
h           -2.46186357169996        2.27263398333225       -0.87635970337650
h           -2.04199356130303        0.98612089680658       -2.01159186754449
h           -3.71011967223696        1.13391059019437       -1.42440054533582
35
 energy: -657.271445543686 gnorm: 0.000558121927 xtb: 6.7.1 (edcfbbe)
c            0.10128096639769       -0.67372830809476        0.07196807002575
c           -0.97279078603107        0.29398560043728        0.71609526020461
c           -0.38172864834982        1.72457915330078        0.91335969268157
c            0.48836877652761        2.23078449744235       -0.25933040285048
c            1.45441141804680        1.12525449764155       -0.76123357395103
c            0.62572404671319       -0.07717416648521       -1.26396912599461
c            1.40050080539149       -0.64739386631737        0.95035697982170
c            2.22700335026027        0.51633500398568        0.40338625106785
o            1.45045703399624       -1.06008178077175       -1.91096933848070
c           -0.44855902479799       -2.09703764658479       -0.09141426974165
c            3.41505026560073        0.93163605856303        0.85581299810146
c           -2.35683820415072        0.30083729621496        0.04825897221320
c           -3.33970244658591       -0.46548274858510        0.55283695333807
h           -1.14367084706440       -0.11463198271919        1.72322408442494
o           -0.79086511143677       -2.60388610959551        1.20998355095937
c           -2.65466792934329        1.21701552172017       -1.12681522048001
h           -1.19459134020396        2.43942793630008        1.11837328581649
h            0.23857818924267        1.71452304519380        1.82357479354537
h           -0.13605214820066        2.56624172484844       -1.10365765966627
h            1.07124846370850        3.10643407718864        0.06925031546120
h            2.11331973242285        1.53684811112878       -1.54435621753015
h           -0.18463002799953        0.23227294691679       -1.94439211001634
h            1.95408814962074       -1.59281234503338        0.83507111582654
h            1.18016718717998       -0.53755703100309        2.02309364610422
h            1.93155352545595       -0.61147442975323       -2.63615780368840
h            0.32239115892043       -2.72926062642764       -0.56354064778383
h           -1.33120358618345       -2.08710919405409       -0.75711744232502
h            3.90759661783173        0.45639308664108        1.70801049562013
h            3.94655751675269        1.76383620417601        0.38709899734990
h           -4.34297422131412       -0.46942994182924        0.11949170902042
h           -3.17262390660673       -1.12697077507337        1.40469464408864
h           -1.12354153200448       -3.51607811482620        1.09523529371219
h           -2.46186357169996        2.27263398333225       -0.87635970337650
h           -2.04199356130303        0.98612089680658       -2.01159186754449
h           -3.71011967223696        1.13391059019437       -1.42440054533582
