35
 energy: -46.153582665507 gnorm: 0.051562347078 xtb: 6.7.1 (edcfbbe)
c            0.13039393616157       -0.57398008606633        0.41652599843958
c           -0.96237921527085        0.52390541820664        0.72360879779276
c           -0.35234664825637        1.95529384343772        0.56305072069502
c            0.59209068295732        2.13921689465110       -0.64873022046003
c            1.55010530400188        0.92938258935528       -0.81029888082105
c            0.68868104684320       -0.33509441330080       -1.01137512190169
c            1.38632339892663       -0.30293506203467        1.31372150765884
c            2.26863593583541        0.64274291736378        0.50080624474491
o            1.46566542765016       -1.48767870234249       -1.38280494973129
c           -0.36864524494442       -2.02395528563153        0.62730457662814
c            3.45910719165995        1.12908180683938        0.86942011929503
c           -2.30712340321317        0.34676630680662        0.00324475839272
c           -2.60456148194754        0.88731020066813       -1.19060082646794
h           -1.18693631545880        0.40717941792772        1.79928466696118
o           -1.20414070965756       -2.52379543172691       -0.42055441938206
c           -3.37263372828301       -0.41025357002686        0.77550454841504
h           -1.16597437371578        2.69523901888603        0.52039848154619
h            0.21892487514742        2.18642628206425        1.47646874816980
h            0.02161439571010        2.26408116501067       -1.58347230991876
h            1.17966275135681        3.06197459953463       -0.51635238212140
h            2.24326522131965        1.11143211249116       -1.64882171255532
h           -0.11380145940133       -0.16767322736907       -1.74929099653724
h            1.92694285211203       -1.24256577912818        1.51407669085901
h            1.11427765733650        0.11596948746266        2.29586841268416
h            1.90108547640415       -1.29674633330718       -2.23900502366792
h           -0.96142212947061       -2.08309671290337        1.55448484828562
h            0.50575990323457       -2.68443776143901        0.76623969235675
h            3.90418486036004        0.88874682511050        1.83863929906988
h            4.03638069149259        1.78687393133487        0.21450706680559
h           -3.59700584155311        0.76198034977434       -1.63041002713451
h           -1.89883831060658        1.47698333997750       -1.77543147641846
h           -0.62739540557972       -2.62318618252915       -1.20517863407425
h           -4.33418315890925       -0.41292434485078        0.23937916607507
h           -3.08389044323859       -1.45763517018260        0.95073290611862
h           -3.53399541353702        0.05091835250627        1.76583319253374
35
 energy: -46.159696454646 gnorm: 0.014554790870 xtb: 6.7.1 (edcfbbe)
c            0.13104254045055       -0.55925815297286        0.41902894427268
c           -0.95804745199437        0.51840802652647        0.72621706687113
c           -0.34878485259359        1.93435385048698        0.55655216442488
c            0.58797205030294        2.12225222802718       -0.64295827533222
c            1.53874842526447        0.92389417089211       -0.79942718851609
c            0.68321560023350       -0.33376298220349       -1.00281112986789
c            1.37750676693380       -0.29329269431609        1.30559420292799
c            2.24784694560212        0.64718195844366        0.50447207334507
o            1.44998119687658       -1.47582277638480       -1.39044152162772
c           -0.36825890153180       -2.00110447261184        0.63190096521328
c            3.42843653238839        1.12254375460541        0.86478482216405
c           -2.28911726736316        0.34149804857943        0.00526600913073
c           -2.58448686123301        0.87394178481081       -1.17419972380126
h           -1.18779985351364        0.40395551736985        1.79446841739510
o           -1.19445134860435       -2.49714902934595       -0.40837140322040
c           -3.34995214391513       -0.40336285769827        0.77193881285270
h           -1.16184573934729        2.66423160397464        0.49903092957536
h            0.22198374615783        2.16614815609876        1.46120875660103
h            0.02158161783577        2.24377881076511       -1.57088576920466
h            1.17368154018860        3.03625972604106       -0.50013885171241
h            2.23209966623168        1.10204979068053       -1.62902262443152
h           -0.11864078457369       -0.17176027619175       -1.73460954975222
h            1.91911651810223       -1.22665310842643        1.48956488344751
h            1.11000266144411        0.12304078805549        2.27969534798744
h            1.89276679870937       -1.27624742273056       -2.22943124479824
h           -0.96280412798870       -2.06401746214020        1.54962033872326
h            0.50025270551295       -2.66514606551131        0.74577198724403
h            3.87660771263653        0.87916240391414        1.81775080946642
h            4.00251059664408        1.77251243417074        0.21942301009805
h           -3.56594456542852        0.74996576092259       -1.61141590482021
h           -1.88983577998903        1.45626203472224       -1.75710122970271
h           -0.62819547384708       -2.59285410200698       -1.18992791845932
h           -4.29791250737902       -0.39887376360523        0.23267008779890
h           -3.06090193825311       -1.44282888451748        0.93078024156564
h           -3.51054569849375        0.05623999814636        1.75177592647729
35
 energy: -46.160540741311 gnorm: 0.004636305682 xtb: 6.7.1 (edcfbbe)
c            0.13001483601204       -0.55716386267115        0.42482911329848
c           -0.94758483901714        0.51799480994375        0.72986579535837
c           -0.34937423583150        1.93186005854743        0.55933536606596
c            0.58139592833797        2.11340348669717       -0.64048811892174
c            1.52802288596617        0.91950257960004       -0.79783327266134
c            0.67223308972049       -0.33379395886768       -0.99648957174786
c            1.37122919599770       -0.29185888632580        1.30424500363193
c            2.23362894322535        0.64348885181099        0.50194449353249
o            1.42895291214029       -1.47124421943124       -1.39593702171220
c           -0.37184355516653       -1.99452862660458        0.63549930093999
c            3.41253083681388        1.11681793466751        0.85818765668876
c           -2.26976806190659        0.34001338467041        0.00625313029727
c           -2.55961358898646        0.86449117000764       -1.17410554163399
h           -1.18041145427190        0.40311363538385        1.79469963294686
o           -1.20214416208648       -2.47459448398862       -0.40094258651674
c           -3.32745853618952       -0.40384367225357        0.76957076148529
h           -1.16475385693363        2.65478878324760        0.49642884948499
h            0.22218407331692        2.16399562507055        1.45941121540947
h            0.01612597974780        2.23406929389198       -1.56521276794667
h            1.16781171946077        3.02261213477530       -0.49379159586677
h            2.22227091906252        1.09364228696058       -1.62418535802057
h           -0.13448741892646       -0.16926056825138       -1.72051140625117
h            1.91339648183174       -1.22314991613821        1.47722773401799
h            1.10739720374616        0.12089897649803        2.27705180827495
h            1.88550502675851       -1.25930454784722       -2.21946988605656
h           -0.96086295877066       -2.05556755536126        1.55281626596978
h            0.49552458555962       -2.65888872623771        0.73588998327669
h            3.85537038667074        0.88277337922852        1.81103244267384
h            3.98007871898861        1.77115031267629        0.21870770547079
h           -3.53500681681447        0.73620886612853       -1.61355425502325
h           -1.86507071480340        1.43630468565517       -1.76038786465000
h           -0.64702344477781       -2.55808170471649       -1.18683550269457
h           -4.26998387274525       -0.39313192979583        0.22841946452838
h           -3.03670878297311       -1.44030597406212        0.91872406124265
h           -3.48374909769008        0.05313517366182        1.74637842744410
35
 energy: -46.160712257200 gnorm: 0.002657012520 xtb: 6.7.1 (edcfbbe)
c            0.12955917289863       -0.55602434668021        0.42921594648766
c           -0.94542986990828        0.51817074551822        0.73576570328854
c           -0.34679070787302        1.93095000662444        0.56209590265560
c            0.58121487162457        2.11445660313370       -0.64011079074418
c            1.52301636024675        0.91762180760094       -0.79767617097067
c            0.66561021127474       -0.33442321501101       -0.99438102835831
c            1.37273406364683       -0.29477211569931        1.30431377546579
c            2.22832293936020        0.64603109741788        0.50271404584435
o            1.41576758506363       -1.47166787501796       -1.40153301728368
c           -0.37676729691967       -1.99188856875543        0.63795576947195
c            3.40532442598889        1.12534642714511        0.85917074911574
c           -2.26218073536110        0.33691864434233        0.00580728105789
c           -2.54450490997688        0.85236352603743       -1.18114438573975
h           -1.18028315706368        0.40440428445688        1.80039534515343
o           -1.21570992747239       -2.46265445219590       -0.39400995513285
c           -3.32068329570069       -0.40584070399207        0.76797652548171
h           -1.16427433797345        2.65065776938947        0.49808456483211
h            0.22546077930025        2.16700251647656        1.46035694610884
h            0.01353819607445        2.23561975096891       -1.56285888172871
h            1.16939600581816        3.02249359953063       -0.49448668138660
h            2.21711011137999        1.08931325263312       -1.62440135697122
h           -0.14682263134345       -0.16647466810104       -1.71202464812414
h            1.91762407193543       -1.22557582800910        1.47152451384382
h            1.11093671010807        0.11359777150499        2.27936915169696
h            1.88620131211897       -1.24937611710932       -2.21443482180918
h           -0.95787125891695       -2.05441391943150        1.55990673181517
h            0.49013468232185       -2.65816275934243        0.72916245871018
h            3.85251997873019        0.88351918609901        1.80810383859403
h            3.97497902693756        1.77219712874974        0.21429472792024
h           -3.51729529809216        0.72011154620561       -1.62477307416238
h           -1.84909679932293        1.42536801816796       -1.76519193818239
h           -0.66982895304126       -2.53304805205421       -1.18753016146168
h           -4.26291706976135       -0.39193781501623        0.22707714651907
h           -3.02873916332088       -1.44246431525772        0.91154247590373
h           -3.47242676731468        0.04812786624077        1.74649677442440
35
 energy: -46.160855653212 gnorm: 0.003751282656 xtb: 6.7.1 (edcfbbe)
c            0.12890404312479       -0.55607592634503        0.43479906223115
c           -0.94250137716111        0.52044387636444        0.74169351954366
c           -0.34408624080824        1.93349820294549        0.56685035665321
c            0.58234093694264        2.11636969296346       -0.63832347854372
c            1.51873458686126        0.91506384669788       -0.79855697027364
c            0.65676980919398       -0.33434093975578       -0.99228315643645
c            1.37674246323540       -0.30050627591794        1.30351493878785
c            2.22822584370521        0.64232809740517        0.49979950702107
o            1.39681986633293       -1.47226675768760       -1.41168773059391
c           -0.38303819556158       -1.99073842742516        0.64232769202565
c            3.40418666500412        1.12753838781892        0.85524500770230
c           -2.25480680014437        0.33529653237724        0.00593100298746
c           -2.52682442913816        0.83588595619822       -1.19100697645434
h           -1.17934910951613        0.40893977968973        1.80651056894582
o           -1.23751544245942       -2.44931605963503       -0.38119198660243
c           -3.31505636670639       -0.40742231833315        0.76596922006280
h           -1.16339707732358        2.65117270426873        0.50344256662110
h            0.22986739901416        2.17208601554436        1.46355080697145
h            0.01165313413609        2.24220801690817       -1.55871855093463
h            1.17456191880082        3.02199186000516       -0.49319014856363
h            2.21137848780904        1.08294826946425       -1.62764294130560
h           -0.16351477096613       -0.15976738386236       -1.70072769445956
h            1.92284153079962       -1.23255216945039        1.46255157139991
h            1.12063587550143        0.10218110406458        2.28313774111239
h            1.89203141817211       -1.23327036081965       -2.20648343934704
h           -0.95129557608307       -2.05571390551808        1.57267193452413
h            0.48245210212416       -2.66150940383679        0.71908558886610
h            3.84658636445531        0.89438351165715        1.80906989382745
h            3.96529619802818        1.78469697409514        0.21255114233232
h           -3.49347007385778        0.68891543722227       -1.64486472369387
h           -1.82786175223970        1.40480961713131       -1.77576422663238
h           -0.70697709746802       -2.49812001349050       -1.18784821456097
h           -4.25893328178506       -0.38663238484835        0.22805817820963
h           -3.02437513841383       -1.44616705947703        0.89915028841175
h           -3.45919758814236        0.03918830015139        1.74915311250037
35
 energy: -46.160908694326 gnorm: 0.003300462239 xtb: 6.7.1 (edcfbbe)
c            0.12913162043532       -0.55724289345753        0.43558375756054
c           -0.94132551958535        0.52188597471154        0.74277596257466
c           -0.34283680345252        1.93568139170557        0.56888708574734
c            0.58418147162887        2.11753615568890       -0.63667857832716
c            1.51866644126195        0.91447656273498       -0.79968488228263
c            0.65442789041466       -0.33368665762287       -0.99269760856096
c            1.37969186471676       -0.30374455944230        1.30181382324444
c            2.22884314941930        0.64358272295557        0.49953537570450
o            1.39066059813652       -1.47199568355678       -1.41742493602132
c           -0.38494979591372       -1.99141174404154        0.64424910358021
c            3.40132394145999        1.13615960917969        0.85683183085930
c           -2.25292146615394        0.33303935621763        0.00529911247963
c           -2.52006025684463        0.82306734644561       -1.19705324803255
h           -1.17841268432954        0.41159078753170        1.80782913547137
o           -1.25103769097918       -2.44536670347299       -0.37184729579438
c           -3.31574311484917       -0.40662138177889        0.76564668552852
h           -1.16138043289157        2.65486923433768        0.50724816262166
h            0.23178437001358        2.17231578195374        1.46606396702556
h            0.01384762074219        2.24815816453198       -1.55690871594389
h            1.17937647838141        3.02120040756990       -0.48976565257803
h            2.21059069969354        1.08134908125509       -1.63009502995767
h           -0.16774914106875       -0.15628608331272       -1.69817103449059
h            1.92587074821676       -1.23710427889244        1.45551465935407
h            1.12722905535997        0.09463171663812        2.28455138108745
h            1.89998119773272       -1.22603031742053       -2.20101934859182
h           -0.94498491656856       -2.05684993694222        1.58016090966670
h            0.47872407966402       -2.66603848478835        0.71177333905058
h            3.84702250019033        0.89920013491238        1.80845081152816
h            3.96216818961148        1.79160177492698        0.21189023796619
h           -3.48499502482691        0.67197767300107       -1.65334762715205
h           -1.82027234671863        1.39085522919065       -1.78222653018321
h           -0.73127542178455       -2.48347673206182       -1.18619719325872
h           -4.26173455590685       -0.37829248108972        0.23124341691985
h           -3.03108710200665       -1.44822178918645        0.89240738391749
h           -3.45492731773249        0.03473741814855        1.75213500162210
35
 energy: -46.160900815386 gnorm: 0.004465859488 xtb: 6.7.1 (edcfbbe)
c            0.12936295700464       -0.55841716426547        0.43636623802540
c           -0.94014448589891        0.52333189768076        0.74386481457605
c           -0.34157472941588        1.93786904525772        0.57093462276097
c            0.58603812579800        2.11871174732533       -0.63502173106966
c            1.51859921694126        0.91388573520909       -0.80082101522407
c            0.65207590290870       -0.33302877191209       -0.99312053265926
c            1.38266330420533       -0.30700917327684        1.30009531577492
c            2.22947069801981        0.64483575736117        0.49926358475683
o            1.38447011935775       -1.47172250216811       -1.42320356468077
c           -0.38687232330229       -1.99208575581478        0.64618103502182
c            3.39844652239220        1.14482856673480        0.85842371564027
c           -2.25102942504161        0.33076843404957        0.00466610324621
c           -2.51325630027154        0.81015867492444       -1.20313732489546
h           -1.17746988448394        0.41425013222425        1.80915521687551
o           -1.26465956711052       -2.44139100098741       -0.36243129715935
c           -3.31644274608547       -0.40580452402046        0.76532912100840
h           -1.15934361288844        2.65858278760481        0.51107814944364
h            0.23371702324782        2.17253225903496        1.46859306571437
h            0.01606195775189        2.25415546475376       -1.55508562570211
h            1.18422901713482        3.02040248246623       -0.48630948585280
h            2.20979687505086        1.07974264211931       -1.63256432263634
h           -0.17199997243783       -0.15278336570301       -1.69560817399677
h            1.92892078558514       -1.24169321793499        1.44841567677055
h            1.13387283142794        0.08702266325587        2.28597023781844
h            1.90800775321436       -1.21874224243452       -2.19550841715050
h           -0.93862132218084       -2.05798650467606        1.58770221689692
h            0.47497179468967       -2.67059440617825        0.70439979713721
h            3.84744725131489        0.90407937521101        1.80783967341657
h            3.95900326512342        1.79857953702473        0.21123898440350
h           -3.47646507417455        0.65491369255679       -1.66188869577906
h           -1.81263046201304        1.37678165427403       -1.78874147794308
h           -0.75575804371603       -2.46873682489715       -1.18452963350301
h           -4.26456659383603       -0.36986398694041        0.23446488756538
h           -3.03787014307501       -1.45028609565110        0.88561373290966
h           -3.45062238977024        0.03025978436218        1.75514857082498
35
 energy: -46.160945158251 gnorm: 0.001390719677 xtb: 6.7.1 (edcfbbe)
c            0.12996732837438       -0.55807432857505        0.43389004398724
c           -0.94142015871307        0.52139395913617        0.74297417147012
c           -0.34103580873130        1.93474321837768        0.56940162147341
c            0.58643416211832        2.11877326462397       -0.63535807894265
c            1.51940328008378        0.91448563416899       -0.80059607481738
c            0.65502424807189       -0.33343579511569       -0.99458497376868
c            1.38231975443777       -0.30690322898370        1.29921443474749
c            2.23070033979180        0.64309643658537        0.49852552738267
o            1.39057889743005       -1.47166264875134       -1.42145426307645
c           -0.38543124256043       -1.99125355266061        0.64462893599363
c            3.39997078435626        1.14141251842237        0.85762809223076
c           -2.25363965734207        0.33160312523954        0.00543337308415
c           -2.51781866461771        0.81335985369176       -1.20040352256630
h           -1.17783749361659        0.41098302834755        1.80812949693751
o           -1.26171803148988       -2.44368643885936       -0.36388807548875
c           -3.31903510948154       -0.40331927597539        0.76723457415491
h           -1.15817961503216        2.65598436500895        0.50953526993864
h            0.23359380054124        2.16861930173334        1.46757837537293
h            0.01690896870205        2.25392565502845       -1.55564729260988
h            1.18382982503107        3.02075626535302       -0.48534391343043
h            2.21036040471886        1.08194938356350       -1.63185125056670
h           -0.16630663930715       -0.15495830502274       -1.70000565461555
h            1.92791052466500       -1.24165177156100        1.44765849193214
h            1.13314871238740        0.08766057939639        2.28435225015816
h            1.91087536095385       -1.22257327147473       -2.19536169257976
h           -0.93821752072826       -2.05614198717746        1.58513548880848
h            0.47654247434825       -2.66868316903770        0.70412106059215
h            3.84535345213350        0.90863411689053        1.81041761990744
h            3.95744762901744        1.80163585368902        0.21445962447832
h           -3.48140791049397        0.65905429515569       -1.65821991262837
h           -1.81625467401755        1.37621986936451       -1.78838425635217
h           -0.75176020680956       -2.47623529716330       -1.18355646211598
h           -4.26732918667620       -0.36478958483063        0.23692750048565
h           -3.04312817957982       -1.44838874162547        0.88732752668151
h           -3.45202152249929        0.03301346960757        1.75685540607711
35
 energy: -46.160970854570 gnorm: 0.001303672322 xtb: 6.7.1 (edcfbbe)
c            0.13079088564802       -0.55963754306097        0.42983014877533
c           -0.94122132252931        0.51844598980021        0.74038363692463
c           -0.34139239221295        1.93160333851960        0.56845394527453
c            0.58581217138013        2.11704697251160       -0.63521485465294
c            1.52049405825371        0.91452785647766       -0.80116134325848
c            0.65862942536214       -0.33460603032488       -0.99708805930699
c            1.38252470963812       -0.30876304774621        1.29623310398915
c            2.23062647203821        0.64292511830309        0.49812959153786
o            1.39860610006479       -1.47201167395657       -1.41951870557345
c           -0.38348107746221       -1.99198711819454        0.64237823944932
c            3.39741203080542        1.14441611244849        0.85938681488416
c           -2.25527672054408        0.33128434996903        0.00580377090321
c           -2.52039694260529        0.81111987753769       -1.20013196376459
h           -1.17588664039725        0.40563127269407        1.80524255360494
o           -1.26424197428900       -2.44559605794675       -0.36196485468639
c           -3.32250182695457       -0.39635394934741        0.77160531352564
h           -1.15802066007041        2.65343905499434        0.50929376502303
h            0.23337654238453        2.16355592848793        1.46692709237554
h            0.01691989468090        2.25283370691590       -1.55560759363421
h            1.18239220469730        3.01898230048557       -0.48293288140550
h            2.21161620541492        1.08441386271242       -1.63150933385964
h           -0.15875535413088       -0.15862498210409       -1.70704254459168
h            1.92860557774732       -1.24333450862425        1.44154736423895
h            1.13302571018465        0.08335930948382        2.28162458020023
h            1.92589043538509       -1.22321186480167       -2.18806638360575
h           -0.93290400519999       -2.05553783238190        1.58441889249200
h            0.47829541242700       -2.66920101234274        0.69777146054574
h            3.84194293366871        0.91672492360315        1.81352464217891
h            3.95251174797219        1.80926323542418        0.21911859875590
h           -3.48562627573585        0.66064938120860       -1.65499963321232
h           -1.81706431159794        1.36758558165596       -1.79189318120008
h           -0.75935087924759       -2.47990576424507       -1.18342605073547
h           -4.27273346711259       -0.34798173222598        0.24554805799118
h           -3.05497809045824       -1.44396253922174        0.88751363328906
h           -3.44781225173867        0.03845427986175        1.76259563986364
35
 energy: -46.160992303138 gnorm: 0.001136884283 xtb: 6.7.1 (edcfbbe)
c            0.13170055282938       -0.56176491745797        0.42665733294257
c           -0.93994873815376        0.51574781147064        0.73940756269057
c           -0.34114784711080        1.92925018407505        0.56849140111865
c            0.58486797666040        2.11612583700147       -0.63581564793604
c            1.52071997091667        0.91443352646562       -0.80210519069503
c            0.66160078943708       -0.33639656412546       -0.99929486155577
c            1.38377151591978       -0.31218267037853        1.29329916571441
c            2.22938764312259        0.64426430787800        0.49828479226012
o            1.40534939599491       -1.47279891805899       -1.41862743489139
c           -0.38341963766021       -1.99348865657118        0.63980719670804
c            3.39247949114373        1.15212706788680        0.86266867623047
c           -2.25511649230695        0.33071856730541        0.00634458261654
c           -2.51876570853982        0.80440958095120       -1.20259216088834
h           -1.17324006625510        0.40106500505277        1.80433354262866
o           -1.27384348986003       -2.44392780107741       -0.35786348818926
c           -3.32494407524481       -0.38854005540209        0.77656041410378
h           -1.15832870329700        2.65052648325127        0.51036604664255
h            0.23396370417938        2.16075044136383        1.46686692134496
h            0.01526790464231        2.25176833993304       -1.55574563800951
h            1.18092708287231        3.01834632426190       -0.48345064677649
h            2.21210761880623        1.08601357272123       -1.63190883172453
h           -0.15385500208996       -0.16293708396370       -1.71223791341295
h            1.93136348581430       -1.24672794672298        1.43312264868467
h            1.13455038836552        0.07478228331518        2.28075434078445
h            1.94663603309212       -1.21969443672890       -2.17654053842210
h           -0.92567563657775       -2.05751495358489        1.58603059161799
h            0.47753817442603       -2.67246043017697        0.68668904720043
h            3.83764573673670        0.92560724803078        1.81679385807122
h            3.94597049842335        1.81905684744516        0.22307993070260
h           -3.48513404422957        0.65585081763317       -1.65607301300465
h           -1.81251520024700        1.35257586286396       -1.79875977546052
h           -0.77814244331490       -2.47496795598512       -1.18526839315603
h           -4.27840809361856       -0.32787210795953        0.25745114939539
h           -3.06690720981389       -1.43948960650679        0.88560018160324
h           -3.43862724959638        0.04289079236441        1.77044761339684
35
 energy: -46.161007051842 gnorm: 0.000945169353 xtb: 6.7.1 (edcfbbe)
c            0.13294397052988       -0.56459202557179        0.42353067899793
c           -0.93760325268803        0.51294215439624        0.73724722432746
c           -0.34155880575309        1.92777843261581        0.56811973737344
c            0.58230120790586        2.11406440861447       -0.63803033166108
c            1.52117569374065        0.91436222826618       -0.80282032156567
c            0.66599116114019       -0.33896889499990       -1.00113292821291
c            1.38498860254750       -0.31617344508694        1.29069650321929
c            2.22747907598371        0.64622460399012        0.49939064507247
o            1.41602714008034       -1.47321826096112       -1.41548741368654
c           -0.38414317231704       -1.99606653034202        0.63504221689233
c            3.38685020488156        1.16017843431436        0.86747628505989
c           -2.25396262701939        0.32914427028721        0.00618863138795
c           -2.51668415961940        0.79638791678701       -1.20563135286055
h           -1.16915922317106        0.39658576422026        1.80246407628594
o           -1.28311189649347       -2.44037208588189       -0.35755889354054
c           -3.32653500522005       -0.37893562377722        0.78327469669903
h           -1.16012182420602        2.64752558178846        0.51104601796482
h            0.23477687663829        2.16011603014979        1.46547237095310
h            0.01056899824541        2.24630588295066       -1.55708427893802
h            1.17625192559159        3.01808447438709       -0.48868400767484
h            2.21376493940558        1.08748812711865       -1.63143969006010
h           -0.14771891053860       -0.17021473447207       -1.71774167043180
h            1.93496283960565       -1.25014078100327        1.42533207459761
h            1.13510158156567        0.06504029811830        2.28030634691351
h            1.96855223321812       -1.21613707745653       -2.16343787028456
h           -0.92020445530554       -2.06208040937813        1.58463393749293
h            0.47545917467423       -2.67738751063251        0.67376074454982
h            3.83130234917581        0.93410409930143        1.82210605124945
h            3.93841058553640        1.83011334564890        0.22915470221134
h           -3.48620657214656        0.65444259530423       -1.65456510244280
h           -1.80909398499490        1.33913617988120       -1.80465674065140
h           -0.79438539838046       -2.47136248028229       -1.18905939968774
h           -4.28332156029977       -0.30682696904709        0.27237623599638
h           -3.07805061776188       -1.43262628587337        0.88721593114300
h           -3.42721876908488        0.05062508319622        1.77926835564651
35
 energy: -46.161012121888 gnorm: 0.000921823570 xtb: 6.7.1 (edcfbbe)
c            0.13361078236435       -0.56600030755385        0.42174448727931
c           -0.93620463121671        0.51168872825956        0.73696488838901
c           -0.34084399267619        1.92677197057314        0.56703491649242
c            0.58108155463297        2.11311177388895       -0.64063958720368
c            1.52141288483961        0.91428726808225       -0.80303646615533
c            0.66855349775131       -0.34044715607297       -1.00234344058265
c            1.38544808222594       -0.31889027965848        1.28944784232558
c            2.22594879578995        0.64753780212179        0.50066704804997
o            1.42158125246063       -1.47354632218074       -1.41440261953217
c           -0.38549040952931       -1.99727155636090        0.63138353205145
c            3.38287666637292        1.16526257577731        0.87149542068586
c           -2.25428360438333        0.33083410170095        0.00830347819200
c           -2.51702396895986        0.79492576427907       -1.20462870870779
h           -1.16625429740949        0.39511221999440        1.80258713240895
o           -1.28871292025399       -2.43661175182684       -0.35917182055399
c           -3.32707523376507       -0.37353292215638        0.78825165737447
h           -1.16004250672686        2.64583268981433        0.51105199743460
h            0.23658639462622        2.15954967440848        1.46354847521282
h            0.00775510778684        2.24171933411510       -1.55923283183737
h            1.17337838742171        3.01882200291085       -0.49451127154976
h            2.21537267719542        1.08784738850408       -1.63049321357409
h           -0.14419067884669       -0.17387218984301       -1.72067380562329
h            1.93686138670389       -1.25257050871597        1.42090839781842
h            1.13545672263778        0.05882961146954        2.28050533270035
h            1.98137591981396       -1.21266068124984       -2.15596432966750
h           -0.91842009241150       -2.06505558872771        1.58271874941729
h            0.47327717006072       -2.67995153822741        0.66553517236608
h            3.82642406765193        0.93815798539074        1.82631763037518
h            3.93370784861866        1.83669020088894        0.23416173218524
h           -3.48552024817738        0.64880048638797       -1.65510077424639
h           -1.80634718262578        1.32774468814814       -1.80959523605593
h           -0.80272197112635       -2.46818734948247       -1.19234632904752
h           -4.28534610167205       -0.29585580891068        0.28139550191095
h           -3.08313727705300       -1.42859854637862        0.88977238235411
h           -3.42126575665494        0.05507303720080        1.78511812164912
35
 energy: -46.161016759881 gnorm: 0.000676012816 xtb: 6.7.1 (edcfbbe)
c            0.13364748151167       -0.56586181756482        0.42137495307245
c           -0.93603577535218        0.51201798484156        0.73725339184973
c           -0.33988076484959        1.92671621997694        0.56583906771628
c            0.58156028479026        2.11315376555110       -0.64206348441330
c            1.52194101808172        0.91426726053611       -0.80291863136317
c            0.66914518255697       -0.34039692396461       -1.00266465621869
c            1.38522270657895       -0.31956812820862        1.28943479453222
c            2.22597298091024        0.64708704162308        0.50113760972160
o            1.42179007747354       -1.47358827518856       -1.41507266983059
c           -0.38633700989048       -1.99700739959320        0.63001177900257
c            3.38235041346844        1.16522536550487        0.87301639291093
c           -2.25403456092081        0.32949114154768        0.00858794289607
c           -2.51681110771173        0.79115263616352       -1.20534735890647
h           -1.16562290740714        0.39620299641940        1.80309187460059
o           -1.28966485099312       -2.43492562535157       -0.36090721939404
c           -3.32691322633942       -0.37297085035079        0.79013431048435
h           -1.15884038952799        2.64606593728539        0.51012640978141
h            0.23797527046817        2.15953713757605        1.46210633927465
h            0.00800103940031        2.24020318923313       -1.56076516752258
h            1.17326994703178        3.01952958225328       -0.49718027972045
h            2.21664883743198        1.08740049329787       -1.62983625833496
h           -0.14330681550181       -0.17333445528235       -1.72096983936004
h            1.93641773203706       -1.25350074399512        1.42016254941898
h            1.13555704280459        0.05757857728561        2.28081947968036
h            1.98283088429346       -1.21153285117561       -2.15537754445722
h           -0.91926686629688       -2.06527948477076        1.58139256778577
h            0.47221416233333       -2.67992308401167        0.66371801458517
h            3.82401815580801        0.93928841997294        1.82898567509796
h            3.93253255612838        1.83870296840068        0.23732014389935
h           -3.48636961668338        0.64723975007754       -1.65377456919878
h           -1.80752933761280        1.32581799784989       -1.80978350826729
h           -0.80311409043046       -2.46681913731854       -1.19394081506043
h           -4.28517597417613       -0.29576837026397        0.28319121884792
h           -3.08341100596873       -1.42794888939992        0.89342221573317
h           -3.42095314797989        0.05729436761397        1.78624873349224
35
 energy: -46.161019879427 gnorm: 0.000657209168 xtb: 6.7.1 (edcfbbe)
c            0.13366281113389       -0.56552688169501        0.42107994664204
c           -0.93580497606042        0.51292625611716        0.73619645372508
c           -0.33950038336290        1.92753396019903        0.56437876471222
c            0.58210380539465        2.11255340160637       -0.64335290154945
c            1.52328858608715        0.91419967355923       -0.80264485277713
c            0.66971084739884       -0.33982496487924       -1.00273974091228
c            1.38481696835353       -0.31980936152386        1.28960999658314
c            2.22604874399094        0.64711111391456        0.50218672936382
o            1.42176573044288       -1.47329175908412       -1.41544211625757
c           -0.38687062332348       -1.99658686927723        0.62842415876851
c            3.38190576123753        1.16520414940176        0.87557917760161
c           -2.25431197853325        0.32882371039189        0.00890024965380
c           -2.51850692190694        0.78973204397306       -1.20485203202435
h           -1.16462847070053        0.39789520086332        1.80217884646578
o           -1.28810450079121       -2.43405156800676       -0.36449575783718
c           -3.32647095032152       -0.37293638800534        0.79211841009199
h           -1.15798932479142        2.64748171712837        0.50863913243948
h            0.23890946992352        2.16018126920719        1.46037627412269
h            0.00887214447346        2.23803015440503       -1.56249425099358
h            1.17295990897940        3.01958703170780       -0.49932549910124
h            2.21903392606524        1.08672002312144       -1.62882544823238
h           -0.14252831031976       -0.17203206463088       -1.72095309325814
h            1.93574636968232       -1.25384156865426        1.42045211681971
h            1.13470589793390        0.05727851746832        2.28080130857615
h            1.98011858217907       -1.21248334083317       -2.15721053530591
h           -0.92173492888396       -2.06486684085010        1.57860723294472
h            0.47137631243865       -2.67963003128317        0.66374969131784
h            3.82237747782772        0.93859984514741        1.83191603490372
h            3.93318185772638        1.83858686082292        0.24096672605748
h           -3.48860625266590        0.64562007896104       -1.65187949135126
h           -1.81068595515858        1.32597738795973       -1.80938804446076
h           -0.79888576072515       -2.46766694384786       -1.19583945843506
h           -4.28447063897590       -0.29926817982387        0.28407957381540
h           -3.08135921603813       -1.42710319323046        0.89918607750435
h           -3.42229768324374        0.06042435624021        1.78678978272256
35
 energy: -46.161021838780 gnorm: 0.000342394472 xtb: 6.7.1 (edcfbbe)
c            0.13351508281686       -0.56546772313296        0.42063542723718
c           -0.93543488788498        0.51341346481132        0.73582039171959
c           -0.33918358658280        1.92793972405539        0.56336721981182
c            0.58263847097979        2.11224518484113       -0.64427547886303
c            1.52401517677791        0.91390609254223       -0.80253079129629
c            0.66971709517078       -0.33955739421367       -1.00308138728977
c            1.38447793693784       -0.32031850154948        1.28943730371079
c            2.22587691827290        0.64700834723828        0.50278959857343
o            1.42055131190006       -1.47355436202204       -1.41646461088037
c           -0.38756925569236       -1.99632623277584        0.62739412676055
c            3.38113144270543        1.16551321809571        0.87747511213751
c           -2.25422204371191        0.32880483902806        0.00940288452449
c           -2.51912437426175        0.78863728353652       -1.20456798853165
h           -1.16372861164965        0.39888937214061        1.80194622467851
o           -1.28806501590702       -2.43309386118037       -0.36660641172149
c           -3.32570100251110       -0.37263193370052        0.79383076240503
h           -1.15749842259734        2.64806905024172        0.50733841943194
h            0.23936911029062        2.16075838423572        1.45921881057399
h            0.00950787621503        2.23678455041948       -1.56361456337219
h            1.17311929036705        3.01957288517779       -0.50076319373023
h            2.22041701318006        1.08599733350682       -1.62821438928295
h           -0.14244050429922       -0.17068524317972       -1.72116475794906
h            1.93543224034294       -1.25442925491803        1.41958945515052
h            1.13431826399525        0.05605131344970        2.28089010300793
h            1.98040617435672       -1.21229265690137       -2.15760814511672
h           -0.92327317027403       -2.06459800055882        1.57709796846015
h            0.47040225362972       -2.67974896329724        0.66324012965987
h            3.82051315301280        0.93898496997132        1.83435699466356
h            3.93279540259856        1.83965075275688        0.24395007589351
h           -3.48929731110422        0.64347899183133       -1.65106707675846
h           -1.81157534930243        1.32433481301752       -1.81010442738054
h           -0.79776038134822       -2.46713851755315       -1.19730392224536
h           -4.28365123635405       -0.30170860943083        0.28518391576010
h           -3.07928438418307       -1.42621978799127        0.90380852812255
h           -3.42256635041986        0.06327726807829        1.78736715447089
35
 energy: -46.161023610868 gnorm: 0.000221111486 xtb: 6.7.1 (edcfbbe)
c            0.13353917592206       -0.56559000428989        0.41996797992436
c           -0.93508079440713        0.51348382364962        0.73568698560183
c           -0.33876799262611        1.92791100726799        0.56240686082984
c            0.58327940926663        2.11224498548522       -0.64521560095277
c            1.52474333323462        0.91375120964311       -0.80255671819077
c            0.67023522011617       -0.33952912223832       -1.00352908572826
c            1.38441695130837       -0.32114219877856        1.28909440108606
c            2.22559799447957        0.64718980835989        0.50338060719977
o            1.42035834966657       -1.47385850575493       -1.41732339227232
c           -0.38817364548494       -1.99624250387680        0.62628546852174
c            3.37984812973375        1.16681138222129        0.87971243553312
c           -2.25426372485413        0.32906795557541        0.00999929697853
c           -2.51972811860494        0.78785304668855       -1.20427981408013
h           -1.16288244543053        0.39923574254813        1.80199360814988
o           -1.28843831222159       -2.43256830091285       -0.36838149241195
c           -3.32518816686011       -0.37179421336341        0.79569788828204
h           -1.15717141436204        2.64788628007010        0.50582095161434
h            0.23942788454884        2.16126210509237        1.45835492111067
h            0.01024549061810        2.23612058869250       -1.56473326454804
h            1.17357170096564        3.01974820791600       -0.50201503008901
h            2.22165048258918        1.08567512852103       -1.62783794182370
h           -0.14189239963333       -0.16999589240447       -1.72159368885994
h            1.93552124126447       -1.25537577847222        1.41804879750931
h            1.13416268761926        0.05390780188718        2.28107246771075
h            1.98045707723637       -1.21320128642908       -2.15831407403267
h           -0.92437619968960       -2.06461729210252        1.57575107756955
h            0.46950715160398       -2.68011372115412        0.66242591001841
h            3.81833956330861        0.94022201073053        1.83703917062489
h            3.93205947801720        1.84133889024597        0.24699764801548
h           -3.48984916205388        0.64142396199539       -1.65060950724735
h           -1.81203774814766        1.32220041790454       -1.81106838889329
h           -0.79769642048221       -2.46632745304500       -1.19898657454034
h           -4.28308477709974       -0.30396041463096        0.28639921005188
h           -3.07732768306517       -1.42472911555915        0.90927491336785
h           -3.42317399101001        0.06725824508800        1.78780743630608
35
 energy: -46.161025075192 gnorm: 0.000259449679 xtb: 6.7.1 (edcfbbe)
c            0.13376621616756       -0.56607151059251        0.41921251912628
c           -0.93456657862149        0.51312822051768        0.73528527103824
c           -0.33849359329588        1.92765696987483        0.56182872511254
c            0.58363859471779        2.11195024292646       -0.64578803030284
c            1.52516614459141        0.91339321987152       -0.80265802532437
c            0.67075887729212       -0.33989197377655       -1.00413934478359
c            1.38473105081809       -0.32235625897952        1.28846348183225
c            2.22527602697307        0.64734106633923        0.50378650521694
o            1.42084415321379       -1.47421752875730       -1.41783286494144
c           -0.38856842782169       -1.99652483952157        0.62516372478377
c            3.37824325442125        1.16874528539467        0.88160613930740
c           -2.25416727681851        0.32891636590495        0.01027718277563
c           -2.51981490226088        0.78662677423686       -1.20433826660145
h           -1.16185678776058        0.39879444495403        1.80170320796874
o           -1.28961663701582       -2.43210185585340       -0.36922294724833
c           -3.32510809117373       -0.37013404484026        0.79755304144174
h           -1.15717783053013        2.64725656704164        0.50475711920333
h            0.23943490081767        2.16157824573910        1.45780305708008
h            0.01060824142284        2.23568073213547       -1.56532162169640
h            1.17391129086717        3.01946503484274       -0.50263994899273
h            2.22244356650600        1.08536814656474       -1.62761501309875
h           -0.14108893602887       -0.17018157438170       -1.72253213153005
h            1.93626479243178       -1.25658398159251        1.41576604913059
h            1.13464263916025        0.05111467987406        2.28106705413260
h            1.98244641404915       -1.21338804232842       -2.15778653893685
h           -0.92442172983694       -2.06502754025707        1.57482230714204
h            0.46873101812652       -2.68092860219134        0.66073022618555
h            3.81600166912119        0.94256460774090        1.83936149487288
h            3.93024732110505        1.84415686936212        0.24962841774283
h           -3.49003618410507        0.63991083749156       -1.65039594697018
h           -1.81182674267005        1.31949194256777       -1.81208694639235
h           -0.79952077421996       -2.46519979747230       -1.20021990679375
h           -4.28286961616529       -0.30441677449334        0.28775495755703
h           -3.07661360809663       -1.42255774373044        0.91452454957909
h           -3.42358012991488        0.07198861195844        1.78825596471939
35
 energy: -46.161027010255 gnorm: 0.000270810739 xtb: 6.7.1 (edcfbbe)
c            0.13410481795768       -0.56708621680381        0.41803752715640
c           -0.93375792857813        0.51230168007271        0.73486029694348
c           -0.33830161909479        1.92705005866153        0.56105808011022
c            0.58394960112552        2.11135081637198       -0.64648123414795
c            1.52577894122279        0.91297828563209       -0.80295000597851
c            0.67184073503339       -0.34055001590956       -1.00495989073642
c            1.38516857351053       -0.32416294911264        1.28730939676790
c            2.22483558813607        0.64751321571193        0.50418940432087
o            1.42250049283051       -1.47459505680467       -1.41821651026773
c           -0.38889943767155       -1.99732482334468        0.62361944702881
c            3.37582611172787        1.17176126838492        0.88407480006320
c           -2.25390888270654        0.32850991304199        0.01068891546135
c           -2.51951413926080        0.78449463794636       -1.20461253727862
h           -1.16041679330082        0.39781114836570        1.80139320803419
o           -1.29162514167045       -2.43139802485786       -0.36990180407070
c           -3.32524939095302       -0.36734152511538        0.80018819736285
h           -1.15734547299532        2.64619895065719        0.50361008360178
h            0.23934752014798        2.16144791388187        1.45706731135453
h            0.01097380687579        2.23501376561547       -1.56604475937046
h            1.17418274934727        3.01886611078582       -0.50326359298982
h            2.22358890758849        1.08511275080180       -1.62744415258125
h           -0.13954967222360       -0.17102197769102       -1.72391258164354
h            1.93728061617747       -1.25836377934135        1.41220657208518
h            1.13529348277073        0.04701184521950        2.28078545145847
h            1.98558231920887       -1.21340686990644       -2.15688601690017
h           -0.92364259131629       -2.06613837123794        1.57389496971049
h            0.46797141831609       -2.68239889167651        0.65758884031517
h            3.81260349568493        0.94636443566854        1.84245016310133
h            3.92705363295376        1.84885155922573        0.25320459301913
h           -3.49026587550560        0.63874639235213       -1.64981855306729
h           -1.81090909996780        1.31507021592513       -1.81367418700867
h           -0.80306889416056       -2.46334654604246       -1.20180485625538
h           -4.28255490061887       -0.30447128598800        0.28924809170237
h           -3.07635969107257       -1.41904704424798        0.92269697239317
h           -3.42468495405275        0.07974521032847        1.78857182264151
35
 energy: -46.161029092598 gnorm: 0.000236181250 xtb: 6.7.1 (edcfbbe)
c            0.13495711301236       -0.56837599473043        0.41653327137021
c           -0.93267273508656        0.51098455689431        0.73393804398956
c           -0.33769460135242        1.92595784391134        0.56025328066311
c            0.58423379037414        2.11051922098679       -0.64742701898203
c            1.52650019964300        0.91244317414372       -0.80310909373561
c            0.67337427197937       -0.34146503456282       -1.00614467907241
c            1.38606521485340       -0.32675428148642        1.28605033689060
c            2.22428238314290        0.64778279178267        0.50498728179228
o            1.42517245884855       -1.47501368102574       -1.41868071184837
c           -0.38907415171529       -1.99834597656350        0.62117768220114
c            3.37254502387528        1.17606672045978        0.88750588644595
c           -2.25357489776091        0.32748197279555        0.01096701599596
c           -2.51908279232210        0.78085093683749       -1.20528866746905
h           -1.15845111129827        0.39618792949401        1.80059136145443
o           -1.29504923101596       -2.43000096401796       -0.37037976439057
c           -3.32588622473176       -0.36302196410280        0.80379578031397
h           -1.15710395231912        2.64466578288248        0.50265452129144
h            0.23989645169531        2.16075154028392        1.45622006616456
h            0.01121891571246        2.23387009791441       -1.56702379963494
h            1.17414698666599        3.01824656100148       -0.50425683895115
h            2.22503057566435        1.08479574892785       -1.62694803404831
h           -0.13731445352713       -0.17235941948671       -1.72595826677132
h            1.93900506953398       -1.26092997879955        1.40762832175793
h            1.13654207233515        0.04133139649431        2.28073922305143
h            1.99003775172390       -1.21293455317926       -2.15561033935750
h           -0.92143026140462       -2.06782412201495        1.57276661855031
h            0.46716360243630       -2.68439197355271        0.65210344518398
h            3.80812934962574        0.95188582827178        1.84669798787304
h            3.92255738438214        1.85531412416469        0.25795355755422
h           -3.49041089011392        0.63604890248207       -1.64955630994428
h           -1.80987130261511        1.30873428662547       -1.81587249739867
h           -0.80931833377272       -2.46047322021897       -1.20394662449768
h           -4.28246545675385       -0.30428233353133        0.29100783600609
h           -3.07670898227365       -1.41366494649269        0.93466165420348
h           -3.42692091197466        0.09146582398236        1.78874293568418
35
 energy: -46.161030520057 gnorm: 0.000180431649 xtb: 6.7.1 (edcfbbe)
c            0.13551036063679       -0.56967678164076        0.41500672444806
c           -0.93173601025327        0.50975581901228        0.73342096029184
c           -0.33725091646065        1.92493406661575        0.55964797387023
c            0.58431793780213        2.10967311432308       -0.64822401468216
c            1.52736638844965        0.91218020148209       -0.80329881357695
c            0.67511364512272       -0.34219035327307       -1.00711934348941
c            1.38664960122876       -0.32903912056387        1.28464436549105
c            2.22376410213505        0.64814823824457        0.50574040790101
o            1.42817381328488       -1.47512563834145       -1.41913941831624
c           -0.38920960582490       -1.99948450336243        0.61876517198360
c            3.36956001305611        1.17994319845992        0.89073768177068
c           -2.25316280667717        0.32663064985176        0.01130957168210
c           -2.51839742428599        0.77684678405203       -1.20620379726451
h           -1.15682704653895        0.39457590695995        1.80017666646444
o           -1.29890404092578       -2.42833538186950       -0.37045829375774
c           -3.32642282515050       -0.35861719947244        0.80728728569743
h           -1.15685991608328        2.64346193722509        0.50255344372322
h            0.24076147931292        2.15963055024971        1.45536350737678
h            0.01099700501595        2.23224126453464       -1.56772195129452
h            1.17360305265265        3.01788192582395       -0.50555921841783
h            2.22675300707914        1.08483645120314       -1.62636913206078
h           -0.13488009439535       -0.17363170188993       -1.72775836743384
h            1.94037713984114       -1.26310004558294        1.40344914955123
h            1.13725391231627        0.03622916789780        2.28036448749245
h            1.99434205191285       -1.21202024982018       -2.15463572103421
h           -0.91856973518177       -2.07011273456474        1.57194809530320
h            0.46650288718637       -2.68636034485303        0.64574020584227
h            3.80408656555391        0.95664899105734        1.85059101170998
h            3.91842663684160        1.86138677193220        0.26258207629298
h           -3.49036561358845        0.63314562626736       -1.64935785232716
h           -1.80837751399470        1.30136740225998       -1.81877775970808
h           -0.81632519654828       -2.45759824574067       -1.20582789730852
h           -4.28207889563721       -0.30438034212368        0.29235641687396
h           -3.07683706069550       -1.40798354811187        0.94712736595207
h           -3.42952657172091        0.10368492032860        1.78841247328942
35
 energy: -46.161031417376 gnorm: 0.000204255455 xtb: 6.7.1 (edcfbbe)
c            0.13620167639834       -0.57060237748531        0.41378385542693
c           -0.93095634993400        0.50871973758305        0.73276943436311
c           -0.33683990286529        1.92406932477606        0.55941737184150
c            0.58401331565148        2.10914975327874       -0.64887709100022
c            1.52790853748537        0.91224956258063       -0.80318057353521
c            0.67653223296844       -0.34254912833948       -1.00796927919933
c            1.38703098322309       -0.33061100727680        1.28395174527104
c            2.22332893250978        0.64841945854469        0.50650801257418
o            1.43071426644210       -1.47498111302708       -1.41940682818001
c           -0.38893215472334       -2.00032662550803        0.61672462077634
c            3.36748350023715        1.18241449570968        0.89325853243459
c           -2.25281517954436        0.32598833451071        0.01139471723863
c           -2.51782236431417        0.77321019779321       -1.20726919544538
h           -1.15561576384462        0.39316454897549        1.79956179458421
o           -1.30235686066423       -2.42662049578214       -0.37012344378370
c           -3.32687892491853       -0.35482930588994        0.81003132761747
h           -1.15650149448138        2.64259238467177        0.50298828430077
h            0.24160916351008        2.15834089990545        1.45496785611050
h            0.01029226474620        2.23069398048763       -1.56827194202997
h            1.17256820194625        3.01792324563602       -0.50680883325269
h            2.22794938224255        1.08531873214580       -1.62559575002336
h           -0.13287307986842       -0.17446226811394       -1.72935028900107
h            1.94127668045603       -1.26460869009665        1.40087900071797
h            1.13750295555848        0.03271755074644        2.28034817184940
h            1.99756329996553       -1.21118342326355       -2.15408828236222
h           -0.91521819016382       -2.07214214276193        1.57154588360600
h            0.46644447213175       -2.68776916084543        0.63966263379533
h            3.80125311976731        0.95962173278287        1.85357566405056
h            3.91566276493691        1.86535789389470        0.26614058260885
h           -3.49024774187286        0.62994224756063       -1.64953728100793
h           -1.80728286516518        1.29498315954259       -1.82158317299234
h           -0.82286685387658       -2.45509740011939       -1.20730614655492
h           -4.28174011565308       -0.30485156076612        0.29320364405442
h           -3.07667416148365       -1.40295979052029        0.95766043816126
h           -3.43188542133709        0.11426404524060        1.78776799932136
35
 energy: -46.161031818332 gnorm: 0.000096598244 xtb: 6.7.1 (edcfbbe)
c            0.13613902586932       -0.57038420168037        0.41385061191437
c           -0.93118760933700        0.50879914930651        0.73278173265394
c           -0.33694848892586        1.92412300961036        0.55960144332354
c            0.58392275204946        2.10932551210304       -0.64863253216587
c            1.52795250109701        0.91251951184181       -0.80303918865441
c            0.67664469117857       -0.34234203783994       -1.00783651403082
c            1.38695572368531       -0.33034550671192        1.28404506536660
c            2.22344139171682        0.64852591385457        0.50656674965058
o            1.43089020666965       -1.47471145186453       -1.41932166641062
c           -0.38877943319350       -2.00019171877646        0.61665010785479
c            3.36799574304877        1.18187621316542        0.89314132101104
c           -2.25291486611040        0.32595444561398        0.01121817057344
c           -2.51786292013696        0.77278343795871       -1.20753664964696
h           -1.15595186306289        0.39311388779722        1.79953888170521
o           -1.30268076089126       -2.42641346743972       -0.36971925349211
c           -3.32697665541005       -0.35470970749779        0.80996695023345
h           -1.15657280749974        2.64271743922467        0.50336069506778
h            0.24162982722686        2.15827144637194        1.45510072405886
h            0.01009686848260        2.23065406442131       -1.56797389158287
h            1.17225678915917        3.01826840721163       -0.50671325446954
h            2.22799228493027        1.08570609463200       -1.62543029966870
h           -0.13275391490604       -0.17429387141943       -1.72921983781468
h            1.94116948582540       -1.26434528684111        1.40138638173672
h            1.13725275513557        0.03326520768576        2.28031237150647
h            1.99722850915927       -1.21102992356900       -2.15458368523991
h           -0.91448984858961       -2.07232704992921        1.57169725703984
h            0.46658109428479       -2.68752647990843        0.63890724334291
h            3.80189986057305        0.95864154433104        1.85330327439568
h            3.91648156265002        1.86457348103273        0.26600535417357
h           -3.49012709827364        0.62888771184284       -1.64996444089098
h           -1.80726711395382        1.29415020113697       -1.82210961391550
h           -0.82365810781801       -2.45484489446915       -1.20709686557143
h           -4.28181537954665       -0.30519998297018        0.29301526849192
h           -3.07651687799125       -1.40269412480756        0.95803981137026
h           -3.43219900162898        0.11474982315296        1.78746174041947
35
 energy: -46.161032563913 gnorm: 0.000312001803 xtb: 6.7.1 (edcfbbe)
c            0.13616896820782       -0.56985133583597        0.41392079448005
c           -0.93164147588584        0.50891107621949        0.73268049099578
c           -0.33740675160132        1.92430260618049        0.56016205629662
c            0.58337197979589        2.10981804636965       -0.64803334345909
c            1.52800029429210        0.91343357656004       -0.80251739287015
c            0.67697398755565       -0.34160280815311       -1.00763526475931
c            1.38656997946238       -0.32936415797985        1.28461659935179
c            2.22380080680888        0.64863272803673        0.50674600804488
o            1.43156877499927       -1.47374187684063       -1.41900977363056
c           -0.38806942494239       -1.99991089067199        0.61648798365929
c            3.36970002309054        1.17967660309613        0.89261820634997
c           -2.25295420491349        0.32548307987215        0.01054903398527
c           -2.51762340686241        0.77076338271908       -1.20877653592592
h           -1.15679738433084        0.39290915033821        1.79931834045491
o           -1.30376180416604       -2.42562305882388       -0.36836356949792
c           -3.32715124047276       -0.35438980049518        0.80981113155621
h           -1.15693084380456        2.64307516235563        0.50438330364105
h            0.24135210839856        2.15797591342036        1.45568147863590
h            0.00934286841664        2.23056109316580       -1.56732547758280
h            1.17109473117557        3.01919518178544       -0.50639376982531
h            2.22799681402137        1.08707656479066       -1.62483756962132
h           -0.13229012502770       -0.17368091721741       -1.72918754456715
h            1.94050167878076       -1.26337905577334        1.40340179937412
h            1.13628379391831        0.03533762808619        2.28038840102163
h            1.99608133950680       -1.21051278664587       -2.15605290384226
h           -0.91188604688142       -2.07293059970103        1.57244531441634
h            0.46747382098264       -2.68687938585635        0.63643419620740
h            3.80374663799928        0.95544541626613        1.85250127151790
h            3.91896181309589        1.86184547184852        0.26556222355813
h           -3.48996346443854        0.62654791639079       -1.65096757013093
h           -1.80728987803589        1.29210422817209       -1.82366598809622
h           -0.82638039790184       -2.45389727377634       -1.20656450623513
h           -4.28178345261496       -0.30647675104396        0.29226239397635
h           -3.07597810718275       -1.40191697428058        0.95972219955460
h           -3.43325408597937        0.11660964399256        1.78641144530194
35
 energy: -46.161032889035 gnorm: 0.000201851547 xtb: 6.7.1 (edcfbbe)
c            0.13630257550297       -0.56954958982610        0.41390172949309
c           -0.93193777767890        0.50880330330480        0.73259917967766
c           -0.33793234753671        1.92431936540875        0.56060398857267
c            0.58284319059666        2.11025793683777       -0.64750147340684
c            1.52795213503060        0.91425549512804       -0.80207879834569
c            0.67732586893265       -0.34103136953599       -1.00753914816623
c            1.38625339716937       -0.32855321177907        1.28509241558656
c            2.22394742292678        0.64885664756991        0.50693631240333
o            1.43241494970449       -1.47288787183587       -1.41869059296320
c           -0.38732303771430       -1.99982569328339        0.61637675017590
c            3.37087885401800        1.17805244959831        0.89216897675562
c           -2.25317415119415        0.32556394817272        0.01031211277599
c           -2.51758662283369        0.76993363660409       -1.20945923846788
h           -1.15737442933812        0.39249994525733        1.79913445714486
o           -1.30462636148021       -2.42503349192078       -0.36724745423186
c           -3.32745742032251       -0.35398839077889        0.80977177148353
h           -1.15747747541646        2.64308072327371        0.50502476830590
h            0.24071725209440        2.15768260411822        1.45627379859195
h            0.00879982522586        2.23070241397349       -1.56683541963191
h            1.17015547927773        3.01989843774288       -0.50584896281517
h            2.22789664938717        1.08839026257282       -1.62433500794889
h           -0.13177716956141       -0.17329083347442       -1.72929072177078
h            1.93998557489285       -1.26248194609634        1.40515851493255
h            1.13536386683978        0.03711197648742        2.28035262868393
h            1.99519244227208       -1.21003545435743       -2.15709454082112
h           -0.90953943054451       -2.07352044096520        1.57322591876695
h            0.46856918065102       -2.68651167012739        0.63440569051894
h            3.80544409298241        0.95241855157447        1.85149633053925
h            3.92103659843238        1.85923113498927        0.26483717407376
h           -3.48951671225359        0.62433440849105       -1.65211378228082
h           -1.80690468305451        1.28993841019729       -1.82511112266722
h           -0.82871017240570       -2.45295889257575       -1.20633212155268
h           -4.28173936919792       -0.30751814505179        0.29147392756650
h           -3.07564023537650       -1.40112004579354        0.96154466790515
h           -3.43453363456175        0.11852219267026        1.78556073345228
35
 energy: -46.161033123479 gnorm: 0.000075207506 xtb: 6.7.1 (edcfbbe)
c            0.13636803715836       -0.56952418184200        0.41389661643638
c           -0.93207365938862        0.50860488088617        0.73258846407938
c           -0.33826514956283        1.92423470669850        0.56074611984489
c            0.58271544264402        2.11041925353196       -0.64715920065599
c            1.52790891666342        0.91452197931216       -0.80196041862919
c            0.67751407509833       -0.34093051972619       -1.00748373591307
c            1.38622015303287       -0.32832833530261        1.28516435089189
c            2.22409985175516        0.64880671786920        0.50686315665866
o            1.43292976777193       -1.47259014194193       -1.41856325722918
c           -0.38699973528049       -1.99988923011488        0.61632818972276
c            3.37143694099760        1.17734533441719        0.89174228450441
c           -2.25316401891358        0.32509140823065        0.01010434872310
c           -2.51731402882143        0.76914150830415       -1.20985782070345
h           -1.15759909870850        0.39214337615683        1.79909064926316
o           -1.30482906081716       -2.42504002074907       -0.36686494793044
c           -3.32776318180965       -0.35368298126277        0.80977835585986
h           -1.15795312670982        2.64280287087938        0.50498341943461
h            0.24015737322313        2.15776216078099        1.45651266319393
h            0.00874585159842        2.23103120659318       -1.56651312549277
h            1.16996716874701        3.02006693065549       -0.50528001217039
h            2.22777310767923        1.08887070037578       -1.62424420505785
h           -0.13152916752711       -0.17333464798882       -1.72931198271245
h            1.93989365913660       -1.26219444006686        1.40570201224889
h            1.13511035218971        0.03772396650976        2.28020284191983
h            1.99504145640517       -1.20979394358577       -2.15736274154827
h           -0.90868057719392       -2.07383970945436        1.57348366470034
h            0.46902620872501       -2.68653046656915        0.63379244161491
h            3.80602388996674        0.95159831721692        1.85102766616627
h            3.92154094843812        1.85857285630286        0.26443826402890
h           -3.48943593533111        0.62429202897123       -1.65231515698765
h           -1.80662929416805        1.28938044348644       -1.82531336743590
h           -0.82946394307073       -2.45260880853791       -1.20632825413797
h           -4.28177414765990       -0.30787926137386        0.29097177017718
h           -3.07582357028502       -1.40059734744477        0.96287583530634
h           -3.43534718051662        0.11990018535275        1.78503857416493
35
 energy: -46.161033107289 gnorm: 0.000229539787 xtb: 6.7.1 (edcfbbe)
c            0.13642243848109       -0.56949846547163        0.41389475372662
c           -0.93219750033771        0.50843306047803        0.73257993143438
c           -0.33855631640006        1.92416043166978        0.56086788530074
c            0.58260592885853        2.11056406512296       -0.64685898662418
c            1.52787412478141        0.91475926939334       -0.80185605929204
c            0.67768524494223       -0.34084195379734       -1.00742970397906
c            1.38618902951445       -0.32812629766545        1.28522622996257
c            2.22423784691908        0.64876097530621        0.50679664795078
o            1.43338648746121       -1.47232862673386       -1.41844891830479
c           -0.38671502696947       -1.99994387405315        0.61628600679565
c            3.37193663127574        1.17671001858907        0.89136358134127
c           -2.25315258562613        0.32466021642003        0.00991487509773
c           -2.51707204664874        0.76842512961483       -1.21021734656914
h           -1.15780336397104        0.39183426868137        1.79905298373049
o           -1.30501018753271       -2.42504560188890       -0.36652633178269
c           -3.32803243745306       -0.35341972949185        0.80978233519274
h           -1.15836867570084        2.64255924800829        0.50494556774991
h            0.23967085087211        2.15783362011931        1.45671601512483
h            0.00869776606849        2.23131520937205       -1.56622867217277
h            1.16979986422633        3.02022213677028       -0.50478695736508
h            2.22766903526164        1.08929590835442       -1.62416317467826
h           -0.13130505004240       -0.17337169027537       -1.72932415987725
h            1.93981044176505       -1.26193584944291        1.40618456742746
h            1.13488208603489        0.03827020583486        2.28006618065382
h            1.99490159697378       -1.20958504033528       -2.15760100783918
h           -0.90792005925737       -2.07412182252235        1.57371445447972
h            0.46943134076896       -2.68654614613739        0.63325050446431
h            3.80652951095883        0.95087406746598        1.85062034849795
h            3.92198727643939        1.85799537278024        0.26409567961614
h           -3.48937674641128        0.62427256575350       -1.65248158146045
h           -1.80639923138280        1.28890435811288       -1.82548791532450
h           -0.83013186463137       -2.45230075203559       -1.20632625354610
h           -4.28180672799003       -0.30819168304775        0.29053355437005
h           -3.07598998790661       -1.40014583863393        0.96403486669052
h           -3.43605136787535        0.12110004025593        1.78458356154386
35
 energy: -46.161033285424 gnorm: 0.000086667528 xtb: 6.7.1 (edcfbbe)
c            0.13651600022669       -0.56963979048737        0.41382833854379
c           -0.93209332139407        0.50828735419749        0.73254775137871
c           -0.33865563778775        1.92410056019690        0.56090212370435
c            0.58256298477322        2.11046321170847       -0.64681437816155
c            1.52779981179667        0.91465511479354       -0.80188660384963
c            0.67757446171375       -0.34089316249336       -1.00755789590320
c            1.38626773356737       -0.32824352965761        1.28522608056359
c            2.22421171193153        0.64871980241645        0.50677560802244
o            1.43337142314011       -1.47233976452334       -1.41850489607405
c           -0.38670232565865       -2.00003975034393        0.61628521789593
c            3.37180894947672        1.17694443033066        0.89132777484515
c           -2.25315636323100        0.32477207162810        0.00999770484019
c           -2.51702585600840        0.76869853499956       -1.21006773000948
h           -1.15762589756805        0.39165818244343        1.79903113845812
o           -1.30487741423149       -2.42515793691898       -0.36659510420082
c           -3.32808345886298       -0.35325450311420        0.80982913998841
h           -1.15857228605305        2.64238164830417        0.50479620821773
h            0.23936986727021        2.15786444548440        1.45686219196521
h            0.00879133387662        2.23155187606425       -1.56624306954397
h            1.16991422551274        3.01996854044837       -0.50445497747019
h            2.22753862053750        1.08920419421173       -1.62423728798129
h           -0.13141456644102       -0.17348617702125       -1.72949619184726
h            1.93993095625250       -1.26206071976377        1.40602906662632
h            1.13505371958381        0.03807850469289        2.28014290200386
h            1.99514371900655       -1.20948477116842       -2.15749874250703
h           -0.90807588959627       -2.07414533836725        1.57360196970275
h            0.46935661119270       -2.68668589365540        0.63342446511078
h            3.80655075557164        0.95115616101103        1.85052760045032
h            3.92177666859644        1.85816863336462        0.26390675847772
h           -3.48920824920918        0.62437753904132       -1.65255991339273
h           -1.80610839105667        1.28879254059635       -1.82537529806165
h           -0.82994568651277       -2.45229144655074       -1.20632496653632
h           -4.28176637562631       -0.30833116692422        0.29037211282844
h           -3.07600308764172       -1.39989056852560        0.96458550025908
h           -3.43639642168112        0.12164797015237        1.78439086399232
35
 energy: -46.161033293207 gnorm: 0.000170600225 xtb: 6.7.1 (edcfbbe)
c            0.13660956197229       -0.56978111550311        0.41376192336096
c           -0.93198914245043        0.50814164791696        0.73251557132304
c           -0.33875495917545        1.92404068872402        0.56093636210797
c            0.58252004068790        2.11036235829399       -0.64676976969892
c            1.52772549881193        0.91455096019374       -0.80191714840721
c            0.67746367848526       -0.34094437118938       -1.00768608782734
c            1.38634643762028       -0.32836076164976        1.28522593116461
c            2.22418557694398        0.64867862952668        0.50675456809410
o            1.43335635881902       -1.47235090231282       -1.41856087384332
c           -0.38668962434782       -2.00013562663470        0.61628442899621
c            3.37168126767770        1.17717884207225        0.89129196834903
c           -2.25316014083587        0.32488392683616        0.01008053458266
c           -2.51697966536806        0.76897194038428       -1.20991811344983
h           -1.15744843116507        0.39148209620550        1.79900929318574
o           -1.30474464093028       -2.42527027194906       -0.36666387661896
c           -3.32813448027291       -0.35308927673655        0.80987594478409
h           -1.15877589640527        2.64220404860005        0.50464684868556
h            0.23906888366831        2.15789527084948        1.45700836880559
h            0.00888490168475        2.23178854275645       -1.56625746691517
h            1.17002858679915        3.01971494412645       -0.50412299757530
h            2.22740820581337        1.08911248006904       -1.62431140128431
h           -0.13152408283965       -0.17360066376713       -1.72966822381727
h            1.94005147073996       -1.26218559008464        1.40587356582518
h            1.13522535313274        0.03788680355091        2.28021962335391
h            1.99538584103931       -1.20938450200155       -2.15739647717488
h           -0.90823171993517       -2.07416885421216        1.57348948492578
h            0.46928188161645       -2.68682564117342        0.63359842575724
h            3.80657200018445        0.95143825455608        1.85043485240269
h            3.92156606075349        1.85834189394901        0.26371783733930
h           -3.48903975200708        0.62448251232913       -1.65263824532502
h           -1.80581755073054        1.28868072307981       -1.82526268079880
h           -0.82975950839417       -2.45228214106589       -1.20632367952655
h           -4.28172602326260       -0.30847065080070        0.29021067128683
h           -3.07601618737683       -1.39963529841728        0.96513613382763
h           -3.43674147548688        0.12219590004882        1.78419816644079
