35
 energy: -46.150573093707 gnorm: 0.052251588634 xtb: 6.7.1 (edcfbbe)
c            0.09101501815931       -0.64008579389389        0.11285660588546
c           -0.96463717094779        0.40564849328599        0.65591878759415
c           -0.33648342879948        1.83241963816610        0.75228333192169
c            0.58286609698356        2.22465649166292       -0.42617504523949
c            1.51517545218208        1.05192669433152       -0.82662770814914
c            0.64997362105091       -0.14493650498533       -1.26081057753449
c            1.37481137303878       -0.59491604837914        1.00587678070158
c            2.24318641502136        0.50646340351719        0.39767044075114
o            1.52335295369172       -1.09622332053894       -1.89407528992862
c           -0.49397468030818       -2.05499368297248        0.02454363678428
c            3.43014120908279        0.92331047947863        0.85160688296763
c           -2.32289726248326        0.37200124548970       -0.05939762344734
c           -2.59690968218880        0.98940887291706       -1.22134797342739
h           -1.16960487079916        0.09358709767300        1.69258961636032
o           -0.87688419373204       -2.48684663815283        1.34021962450857
c           -3.42040064373985       -0.37002231175663        0.68343806073221
h           -1.13937511268301        2.57614296069373        0.87007745343662
h            0.25890901079275        1.87790112076183        1.67836440921941
h           -0.00513773423475        2.53138986820740       -1.30700532142779
h            1.19258241124139        3.09654812353519       -0.13852014474952
h            2.20279411119279        1.36999641160114       -1.62550147175105
h           -0.15419928232369        0.14627456959407       -1.95515037566982
h            1.90329640041614       -1.56082878644830        0.95605704968467
h            1.14518745944882       -0.41309068653130        2.06687181227163
h            0.97374962400324       -1.77870469845331       -2.32798691886050
h            0.27456457524083       -2.73300746463240       -0.38937812988992
h           -1.35905509707273       -2.06784344242534       -0.66654728500654
h            3.88547400123417        0.50127352443323        1.75121724183576
h            3.99385290382600        1.70885018101412        0.34204327827154
h           -3.59741625972045        0.94350986246913       -1.65856671381591
h           -1.86555249240333        1.57628069122311       -1.77613044163318
h           -1.18988887221361       -3.41096313821268        1.27246683091087
h           -3.10675680603205       -1.38997032442138        0.95243062629639
h           -3.64835574683205        0.14422467318044        1.63418382422249
h           -4.34883956458095       -0.42536746297858        0.09626718059052
35
 energy: -46.156604598961 gnorm: 0.015044860849 xtb: 6.7.1 (edcfbbe)
c            0.09428949815605       -0.62336882513989        0.11175254211845
c           -0.95823793262506        0.39899747586468        0.65122020827267
c           -0.33403378626930        1.81314472497119        0.74135258736866
c            0.57793774605640        2.21145146393739       -0.42327365754659
c            1.50546513616274        1.05101262103304       -0.81455422318376
c            0.64639695894837       -0.13854372334710       -1.25227917784817
c            1.36460126150991       -0.58188115337983        0.99770552251093
c            2.22178005326230        0.51305343284072        0.40302950266069
o            1.50233723446888       -1.08804106989983       -1.88870477783146
c           -0.48699269636687       -2.03689550131919        0.02893443565936
c            3.39762273716514        0.92009646936324        0.85052538404809
c           -2.30511340842701        0.36806621117387       -0.06005975341333
c           -2.57991133822476        0.97929669312818       -1.20588140215483
h           -1.16444119090955        0.07993280652909        1.68029314634406
o           -0.88137942757391       -2.47514913719135        1.32634974572958
c           -3.39548620565567       -0.36202624001093        0.68117569841586
h           -1.13755770167463        2.54896175823175        0.84396675683967
h            0.26043804187319        1.85942996624104        1.65921606821115
h           -0.00603184517625        2.51071384865429       -1.29848225180824
h            1.18373751371321        3.07388735250716       -0.12737530557110
h            2.19500612036340        1.35994738147585       -1.60526654331565
h           -0.15453239602810        0.14660630929665       -1.94238709878160
h            1.89212942195107       -1.53920932646174        0.93776161272230
h            1.13220117437283       -0.40496725656871        2.04969467402958
h            0.95736151731282       -1.76387338277919       -2.31667993113586
h            0.27989379244937       -2.71923135870552       -0.36771174802589
h           -1.35217430172838       -2.05042319959467       -0.65247494592555
h            3.85725654736774        0.49127510519417        1.73003594983024
h            3.96182857177769        1.69191872742117        0.34616505962663
h           -3.57116986784018        0.93642090918479       -1.63761634805331
h           -1.85995503719017        1.55995206274485       -1.75866272248364
h           -1.18033096136783       -3.39438292096517        1.25940666558942
h           -3.08272342999373       -1.37189890239221        0.94892495361369
h           -3.62451640022351        0.15822051193075        1.61622998254239
h           -4.31113166412473       -0.41847973551554        0.09143184536180
35
 energy: -46.157354105389 gnorm: 0.004838892869 xtb: 6.7.1 (edcfbbe)
c            0.09322837096437       -0.62065429165957        0.11035504211299
c           -0.94801802565962        0.39539469888671        0.65118785809715
c           -0.33555422983578        1.80789541571785        0.74278074296616
c            0.57098339558846        2.20300380357534       -0.42239075894575
c            1.49733236249734        1.04908876049279       -0.81277706961941
c            0.63837118068952       -0.13704409165979       -1.24892765115058
c            1.35555741825760       -0.57892993608959        0.99344613326082
c            2.20805676364602        0.50999409993866        0.40021545584805
o            1.48252520192049       -1.08361035691230       -1.89131154037668
c           -0.48754111435532       -2.03300276918082        0.02869381179694
c            3.38239762920163        0.91269568368690        0.84632753714545
c           -2.28708295791180        0.36681119349688       -0.06079582664679
c           -2.56011805301765        0.97525913545049       -1.20448717339273
h           -1.15495574013860        0.07088726229662        1.67654953378242
o           -0.89111632079964       -2.46281440088597        1.31968184176686
c           -3.37269968572057       -0.35865379241259        0.68237853005215
h           -1.14219805075947        2.53731139523079        0.83966534123176
h            0.25924135267686        1.85472567604666        1.65646274874399
h           -0.01198751085128        2.49926175483649       -1.29486882467891
h            1.17378282245168        3.06225297576037       -0.12291788407762
h            2.18966978130976        1.35374059474702       -1.59929780482905
h           -0.16320997496548        0.15234060019867       -1.93342032945749
h            1.88402277341680       -1.53175988596944        0.92717157397838
h            1.12119787735366       -0.40610693862199        2.04258943818656
h            0.93749610972464       -1.75655979397363       -2.31307121646912
h            0.28458784865360       -2.71234966185173       -0.35715690203815
h           -1.34598598148285       -2.04173025572964       -0.65785697150364
h            3.83216992984395        0.49314059486670        1.72992326000573
h            3.93815082385074        1.69290272342040        0.35475668369338
h           -3.54811895129029        0.93389919433169       -1.63399795243645
h           -1.84198666269590        1.54877486806106       -1.75968988696922
h           -1.17526320227960       -3.38258939894091        1.26013548550790
h           -3.05447701380737       -1.36019012864441        0.96058324310867
h           -3.60274228892740        0.17357128106611        1.60565703424368
h           -4.28115214203704       -0.42294191112281        0.08816895147880
35
 energy: -46.157455014322 gnorm: 0.002606098998 xtb: 6.7.1 (edcfbbe)
c            0.09335527568171       -0.62033992793210        0.10986582092666
c           -0.94585703876779        0.39354190659589        0.65278717322041
c           -0.33377973237481        1.80571738330591        0.74430926977488
c            0.57018663174879        2.20382881123359       -0.42264446253909
c            1.49469783423210        1.04879546338880       -0.81276100341084
c            0.63500847250685       -0.13692079274619       -1.24989056107663
c            1.35571128846125       -0.58197477063672        0.99126068737502
c            2.20183798092533        0.51402377990102        0.40388149223822
o            1.47330044499318       -1.08301939170206       -1.89747828642153
c           -0.48952993011174       -2.03226708142324        0.02830613703153
c            3.37288960616353        0.92211665618431        0.85559024354590
c           -2.28220479433790        0.36605822889692       -0.06166056648658
c           -2.55207126527101        0.97127129793484       -1.20859570718047
h           -1.15315121428310        0.06758436590653        1.67775150949149
o           -0.90112129585772       -2.45678086622942        1.31697138417825
c           -3.36691345228943       -0.35683563851091        0.68416001073708
h           -1.14264191204717        2.53221207669026        0.84037069390909
h            0.26145399427282        1.85560894960455        1.65729047423220
h           -0.01535557561772        2.49863664282440       -1.29362829433594
h            1.17230131882876        3.06383671973130       -0.12417493421086
h            2.18843058738033        1.35280634847219       -1.59813978755716
h           -0.16958304769775        0.15583060683357       -1.93008674297575
h            1.88780375546638       -1.53272842879313        0.92145271010808
h            1.11938321307947       -0.41416967257729        2.04082401573002
h            0.92492613179991       -1.75599588710946       -2.31440820823688
h            0.28531239040257       -2.71153133823246       -0.35158764707875
h           -1.34255495118617       -2.04099920011661       -0.66517875312368
h            3.82781931412237        0.48947370755905        1.73064393067985
h            3.93540537864326        1.69213608432469        0.35589517220012
h           -3.53931120971856        0.92871141252499       -1.63948351128657
h           -1.83336515954588        1.54531377217268       -1.76286269222166
h           -1.17385826798328       -3.38008047467842        1.26211447041586
h           -3.04104536286243       -1.35251079223163        0.97492227014307
h           -3.60027460871025        0.18567249220569        1.60066533832529
h           -4.27264106453444       -0.43300834491859        0.08728080829565
35
 energy: -46.157544740495 gnorm: 0.002633594800 xtb: 6.7.1 (edcfbbe)
c            0.09365614745235       -0.62133061232867        0.10901722370217
c           -0.94284610300192        0.39284823127670        0.65414785834588
c           -0.33093519035511        1.80518636454829        0.74692791752380
c            0.57082668918243        2.20502003217624       -0.42256910371317
c            1.49367850922866        1.04819493244120       -0.81366240977357
c            0.63124402859669       -0.13634309756193       -1.25164121044257
c            1.35774664998005       -0.58714773514072        0.98755936749671
c            2.20104486134863        0.51225862620935        0.40278744783988
o            1.46149215155974       -1.08197837330220       -1.90786214145568
c           -0.49260755751085       -2.03291630886374        0.02756240911228
c            3.36979714265227        0.92422705972841        0.85952918544970
c           -2.27753138376737        0.36608303189695       -0.06226508946516
c           -2.54402329594364        0.96594492476782       -1.21378061161989
h           -1.15037497963957        0.06600050078481        1.67905570076590
o           -0.91691435058385       -2.45050247886635        1.31311484778653
c           -3.36167505015242       -0.35384866054553        0.68699636214299
h           -1.14159048489174        2.52950166869074        0.84379528396083
h            0.26562778560126        1.85713836291241        1.65906957880515
h           -0.01853689453882        2.49996566678300       -1.29116628338831
h            1.17331778585392        3.06557684372006       -0.12585039862989
h            2.18778247267370        1.35148384913037       -1.59914219409327
h           -0.17761101777725        0.16191129577991       -1.92547152144689
h            1.89215655874213       -1.53662332896033        0.91227897171910
h            1.12195587507218       -0.42552675527683        2.03876629701469
h            0.90723763364489       -1.75533598289960       -2.31743865654165
h            0.28479179929223       -2.71399547133885       -0.34384832341979
h           -1.33849431275186       -2.04220581958187       -0.67553183430274
h            3.81706771635041        0.49570379409855        1.74085860901647
h            3.92725559588161        1.70280332432148        0.36674536748702
h           -3.53006195484622        0.91877149681899       -1.64769989041403
h           -1.82427096193458        1.53924127744866       -1.76847344094235
h           -1.17268892108434       -3.37953035645467        1.26483751455503
h           -3.02499033096246       -1.34067862526180        0.99810581385679
h           -3.60362684481909        0.20389764252178        1.59289810674826
h           -4.26333603304060       -0.44978122121966        0.08611170073616
35
 energy: -46.157598325483 gnorm: 0.002996710913 xtb: 6.7.1 (edcfbbe)
c            0.09410369984576       -0.62357231466344        0.10755222799246
c           -0.93962370392547        0.39371749179979        0.65447107474978
c           -0.32788739467844        1.80647890061763        0.74868972456878
c            0.57293934922673        2.20498571362847       -0.42265979894962
c            1.49500708325722        1.04727404225723       -0.81528922823884
c            0.62904702143657       -0.13551044589305       -1.25349234875407
c            1.36044089160553       -0.59167760247152        0.98344175122870
c            2.20156727380570        0.51200459749743        0.40257776925242
o            1.45289545449054       -1.08077200312293       -1.91734860248655
c           -0.49525509199454       -2.03478571790291        0.02582843470118
c            3.36549142941976        0.93051699071737        0.86638381123597
c           -2.27466631291932        0.36584024121352       -0.06227212315972
c           -2.54022844855751        0.95984547039405       -1.21713267380237
h           -1.14701742771245        0.06749390927204        1.67968896494693
o           -0.93240365977046       -2.44710640275405        1.30839386054707
c           -3.35908651841431       -0.35057985838241        0.69032786481548
h           -1.13806265122741        2.53130574870514        0.84828902192221
h            0.27031774715240        1.85669800598549        1.66011070004554
h           -0.01794179449583        2.50147070665382       -1.28990839692640
h            1.17700132096936        3.06495253177195       -0.12701182868456
h            2.18959355723238        1.34968877916279       -1.60102814049211
h           -0.18227627489127        0.16758525546972       -1.92247296866439
h            1.89622632610755       -1.54013701108195        0.90069558796094
h            1.12761797463427       -0.43713443480734        2.03678904764543
h            0.89319989724387       -1.75476915171761       -2.31970675259094
h            0.28291102804244       -2.71936297052135       -0.33763973489308
h           -1.33559602399268       -2.04398007657588       -0.68476751211442
h            3.80875322670735        0.50278828572651        1.75039865872534
h            3.92031924441872        1.71444702163183        0.37874653872772
h           -3.52587868542696        0.90876559644840       -1.65219749549827
h           -1.82067686779402        1.53161390529968       -1.77400921394821
h           -1.17174282180518       -3.38122293128181        1.26636209376995
h           -3.01413867219705       -1.32764805243541        1.02428328692412
h           -3.61525084396915        0.22289912838426        1.58323063497261
h           -4.25513559631265       -0.46809925057254        0.08443821888732
35
 energy: -46.157633190929 gnorm: 0.002199481873 xtb: 6.7.1 (edcfbbe)
c            0.09492236841876       -0.62466653927445        0.10632312870030
c           -0.93812551003658        0.39404658165491        0.65487717409940
c           -0.32390261003020        1.80596995857124        0.74793913683882
c            0.57605210358723        2.20489593766967       -0.42359599377240
c            1.49671883502044        1.04595082127947       -0.81649197151892
c            0.62886709822644       -0.13539650661952       -1.25506140465908
c            1.36315739067172       -0.59562531493256        0.98002705486051
c            2.20255969259498        0.51140697435433        0.40242825213570
o            1.44951548641059       -1.08081608454668       -1.92288803595024
c           -0.49718011619851       -2.03481361372133        0.02375473812189
c            3.36146926218881        0.93632152752137        0.87234631114075
c           -2.27432344152397        0.36536434936460       -0.06117425821479
c           -2.54089266608625        0.95555097976351       -1.21743011162809
h           -1.14498837686189        0.06899833394453        1.68050182142036
o           -0.94182549343890       -2.44584209432446        1.30432013827839
c           -3.35929285922507       -0.34802469183244        0.69364966004482
h           -1.13243005130815        2.53245860614252        0.85004047548740
h            0.27548254911507        1.85370271597240        1.65888891465263
h           -0.01492398378731        2.50266453656313       -1.29039948392592
h            1.18165073197363        3.06389845370448       -0.12791690685231
h            2.19142745211647        1.34743746364023       -1.60248979395793
h           -0.18261158009393        0.17051554087652       -1.92201426759641
h            1.89941010912564       -1.54327419422038        0.88944472147578
h            1.13425399335202       -0.44717796096347        2.03510199622968
h            0.88693337095413       -1.75552346554793       -2.32020481472547
h            0.28021139266567       -2.72216672640398       -0.33546745593825
h           -1.33499637560237       -2.04286588123543       -0.69003038974257
h            3.80161111080118        0.51220915289948        1.75956878264505
h            3.91398045088758        1.72476875050884        0.38952864511618
h           -3.52677656402024        0.90245766431100       -1.65186342439245
h           -1.82236350889337        1.52571512688475       -1.77710988835424
h           -1.17029556255794       -3.38247386634445        1.26600697711224
h           -3.00977862031598       -1.31643475784857        1.04659998196813
h           -3.62995194330124        0.23784204377252        1.57429529756760
h           -4.24900039931706       -0.48305972313087        0.08225744774989
35
 energy: -46.157657893004 gnorm: 0.001274638145 xtb: 6.7.1 (edcfbbe)
c            0.09533020107571       -0.62577707328139        0.10477600808353
c           -0.93660353435659        0.39443063529616        0.65430441053452
c           -0.32073101950817        1.80560580631411        0.74632628493914
c            0.57853052828350        2.20356243221587       -0.42532539191212
c            1.49868593257992        1.04418742047220       -0.81777269707849
c            0.62975708081768       -0.13593187260456       -1.25626172206577
c            1.36485895357453       -0.59914790382088        0.97669949190591
c            2.20256017408323        0.51129487394205        0.40295529839799
o            1.44996921288788       -1.08216284703224       -1.92413806810292
c           -0.49905105731927       -2.03446602382786        0.02096462592752
c            3.35607049920523        0.94302463068428        0.87905584901605
c           -2.27440311314890        0.36505877290201       -0.05948154202359
c           -2.54339463218643        0.95369371118396       -1.21561573953681
h           -1.14236442417353        0.07031020787550        1.68023341508136
o           -0.94565548032109       -2.44628493160493        1.30100171852925
c           -3.35994917178377       -0.34592937988348        0.69704814547467
h           -1.12745042480026        2.53393436269727        0.85062131013604
h            0.28025648510046        1.85080298391931        1.65642460293788
h           -0.01176544503555        2.50189795906742       -1.29234278563217
h            1.18505756404030        3.06172599014166       -0.12922912137136
h            2.19400755582331        1.34446598097960       -1.60363836724545
h           -0.18051958757095        0.17068858799220       -1.92364274175748
h            1.90147175143952       -1.54578402098364        0.87844630016592
h            1.13920243073572       -0.45661220683478        2.03298930911216
h            0.88696590249525       -1.75765780761295       -2.31881763215760
h            0.27657049707295       -2.72354044853592       -0.33776529430619
h           -1.33706386375431       -2.04019052903939       -0.69228313882297
h            3.79547360953491        0.52139805294553        1.76768852887069
h            3.90753560278694        1.73374196619335        0.39913973473127
h           -3.53032814962312        0.90067363968998       -1.64751161008024
h           -1.82632572968766        1.52266896729849       -1.77812703563367
h           -1.16764849068717       -3.38381115670513        1.26456747013519
h           -3.00741671428893       -1.30623611707371        1.06657422075638
h           -3.64404049089544        0.25038086999164        1.56588771761008
h           -4.24302891688452       -0.49600143450872        0.08001089979780
35
 energy: -46.157674665445 gnorm: 0.001380374245 xtb: 6.7.1 (edcfbbe)
c            0.09520567605684       -0.62669176108986        0.10225634054772
c           -0.93481240207330        0.39421090524555        0.65382118704357
c           -0.31721220704873        1.80448354098511        0.74360181535703
c            0.58065429191442        2.20201868840394       -0.42875419856492
c            1.50024993409365        1.04179577575102       -0.81917067126032
c            0.63149547783594       -0.13761829116131       -1.25813448076446
c            1.36553971544570       -0.60380392056466        0.97278675832542
c            2.20086922945970        0.51088165936537        0.40413215743216
o            1.45361195528068       -1.08511005050303       -1.92298942026560
c           -0.50224176289338       -2.03336831296882        0.01714423964940
c            3.34803225502183        0.95055999565967        0.88763308018008
c           -2.27409100476758        0.36548859213160       -0.05684515554863
c           -2.54609564795086        0.95477654349246       -1.21188934626630
h           -1.13873267062464        0.07068704895920        1.68020894816243
o           -0.94510358769965       -2.44757534359065        1.29827389790645
c           -3.35980606303682       -0.34381863078771        0.70151216911740
h           -1.12265945337352        2.53391130701008        0.84939721074420
h            0.28553292278556        1.84851684763049        1.65255248737557
h           -0.00947780581471        2.49909077268743       -1.29623549259867
h            1.18730737123276        3.06022858902474       -0.13327390734267
h            2.19697892605363        1.34064420057653       -1.60417773474000
h           -0.17687594669126        0.16815505706537       -1.92797415951936
h            1.90292284000976       -1.54891905527661        0.86566739703458
h            1.14235850063685       -0.46879811497332        2.03022671439403
h            0.89216639204669       -1.76196058011804       -2.31672484828042
h            0.27050281102787       -2.72328637199904       -0.34535751852728
h           -1.34316396483664       -2.03561184715339       -0.69224833202059
h            3.78661780169320        0.53232923718700        1.77827075987711
h            3.89794718371436        1.74409102716482        0.41057443433770
h           -3.53461523001915        0.90317311242058       -1.64018112815708
h           -1.83032999743480        1.52265426782122       -1.77701903070968
h           -1.16217126529731       -3.38585611327299        1.26223290715722
h           -3.00233349305554       -1.29403243595954        1.09086239230114
h           -3.65897927969117        0.26508796935582        1.55592981178234
h           -4.23472776648903       -0.51232021006601        0.07765317025702
35
 energy: -46.157683329588 gnorm: 0.000989137328 xtb: 6.7.1 (edcfbbe)
c            0.09478741984309       -0.62733192933095        0.10105447084670
c           -0.93377690039560        0.39427026354383        0.65277697442607
c           -0.31712223513966        1.80494682692757        0.74249691144666
c            0.58016121056566        2.20130271723996       -0.43095770885631
c            1.50046804897560        1.04105977644613       -0.81950536140058
c            0.63256355343390       -0.13885728497307       -1.25883961861957
c            1.36495636809705       -0.60561898011804        0.97167361613154
c            2.19934651293817        0.51066583969489        0.40511345741031
o            1.45722777329552       -1.08652159054026       -1.92063262443215
c           -0.50403232286273       -2.03347131780233        0.01608851628893
c            3.34483230425698        0.95223388224961        0.89080392950351
c           -2.27347464930554        0.36609223900900       -0.05626379529342
c           -2.54643239125315        0.95791610187293       -1.20993235890715
h           -1.13655081065197        0.07066769755390        1.67944629604105
o           -0.93948796807477       -2.44981232375162        1.29923116302011
c           -3.35863865530186       -0.34361559094699        0.70293400410563
h           -1.12314662324316        2.53372850168736        0.84770135666153
h            0.28611191267478        1.85037428901323        1.65099506451704
h           -0.01066802975742        2.49626626280541       -1.29867761065013
h            1.18594279211126        3.06064230823766       -0.13718813590881
h            2.19843246625461        1.33950229020341       -1.60360564274456
h           -0.17496670842349        0.16528970700123       -1.93093899528747
h            1.90292076453089       -1.55011454603713        0.86291686181039
h            1.14094029726571       -0.47297996573596        2.02918156067494
h            0.89781763484094       -1.76393427479545       -2.31649937708794
h            0.26633855582336       -2.72307646634015       -0.35244141896367
h           -1.34893029385139       -2.03378521970075       -0.68854945102044
h            3.78279167680906        0.53472788403450        1.78214904258040
h            3.89393515160051        1.74669819910728        0.41410106772627
h           -3.53558873001357        0.90780276487178       -1.63692922274562
h           -1.83077390242036        1.52673944786067       -1.77425682363881
h           -1.15985028260818       -3.38733435359925        1.26117515920170
h           -2.99902669994620       -1.29066717267646        1.09669423220459
h           -3.66086498934893        0.26771528191640        1.55367113690487
h           -4.23167851520779       -0.51750716647527        0.07877577847103
35
 energy: -46.157686188188 gnorm: 0.000891437856 xtb: 6.7.1 (edcfbbe)
c            0.09436002871736       -0.62790685056904        0.09953124720823
c           -0.93247347708903        0.39442286731719        0.65263434188977
c           -0.31619456062583        1.80539259345214        0.74101680657040
c            0.58028034766135        2.20106637057556       -0.43360136071910
c            1.50065083688039        1.04021658752140       -0.81989213969844
c            0.63324384490822       -0.14006637161520       -1.26011154391566
c            1.36445381119228       -0.60810673805624        0.97010885735237
c            2.19759438343947        0.51033369208744        0.40631741232407
o            1.45915052340761       -1.08739957353270       -1.92070075545745
c           -0.50669958140312       -2.03344133856714        0.01505061599420
c            3.34093371241944        0.95439225950382        0.89539875394978
c           -2.27258165672605        0.36710220395993       -0.05516816301262
c           -2.54590598746319        0.96037297618060       -1.20814580938255
h           -1.13407338204284        0.07114072435201        1.67979075947284
o           -0.93447485200303       -2.45169319349278        1.30012975363750
c           -3.35637095403279       -0.34380544571048        0.70495721954564
h           -1.12295815883613        2.53335765564715        0.84555485761476
h            0.28731114881834        1.85246244043756        1.64919698436897
h           -0.01161573906262        2.49348330657017       -1.30143716433465
h            1.18532996512269        3.06175194973874       -0.14226374426753
h            2.20018703780916        1.33792768421956       -1.60288823473789
h           -0.17394041952350        0.16370589615452       -1.93326551554971
h            1.90317450074114       -1.55196811110982        0.85857604299593
h            1.13993464345997       -0.47896748164511        2.02811421414279
h            0.90079788848784       -1.76488881499532       -2.31843481585907
h            0.26076879407937       -2.72314846001891       -0.35999824675117
h           -1.35586359518809       -2.03141395494282       -0.68465177737373
h            3.77696436037776        0.53719656360954        1.78783317135919
h            3.88857000785911        1.75107337313250        0.42053650211016
h           -3.53520788021894        0.91086069162413       -1.63487458531110
h           -1.82972793655958        1.52902549157558       -1.77206796102275
h           -1.15864428468552       -3.38861102338069        1.26009839783878
h           -2.99080527401355       -1.28543104347899        1.10887435760282
h           -3.66552100155145        0.27452157311283        1.54939031978442
h           -4.22608335884493       -0.52894440120406        0.07815365604745
35
 energy: -46.157688218423 gnorm: 0.000391117329 xtb: 6.7.1 (edcfbbe)
c            0.09450481780406       -0.62765084038792        0.09991872672201
c           -0.93286082011372        0.39472058739440        0.65243652680380
c           -0.31667675804295        1.80583661852262        0.74046741564464
c            0.58028488482454        2.20131826815007       -0.43372235493487
c            1.50081493745903        1.04050450222944       -0.81956186520997
c            0.63352148864998       -0.13994175115822       -1.25979589750888
c            1.36424525129711       -0.60720875623617        0.97104384964415
c            2.19803075010446        0.51030326288581        0.40639886486875
o            1.45954297651625       -1.08713121958556       -1.92029081603202
c           -0.50620147899258       -2.03335113118447        0.01577039980191
c            3.34232140576710        0.95289895651625        0.89440213312471
c           -2.27305646120310        0.36668587817096       -0.05551985091799
c           -2.54651527975103        0.96068100765956       -1.20801120368038
h           -1.13451582910926        0.07179329376723        1.67967598617655
o           -0.93142681141777       -2.45236037813462        1.30142956371515
c           -3.35651813316527       -0.34495604353215        0.70425836305556
h           -1.12354058777880        2.53382289947456        0.84438229668100
h            0.28626824234542        1.85326674486351        1.64901878525269
h           -0.01118814663623        2.49354946777325       -1.30191690360830
h            1.18517417036330        3.06213375670386       -0.14238114130238
h            2.20035146602937        1.33814073994849       -1.60258121084853
h           -0.17359788739362        0.16384447854356       -1.93288906760687
h            1.90256284006596       -1.55146088539846        0.86114498939968
h            1.13933780666297       -0.47660294769575        2.02877266623983
h            0.90133058177782       -1.76376055393082       -2.31965163032010
h            0.26080050721980       -2.72270843395176       -0.36100547590438
h           -1.35658162160444       -2.03129048464897       -0.68239165045528
h            3.77806841208839        0.53538914399488        1.78676344928323
h            3.89030914657597        1.74912427079988        0.41940362444765
h           -3.53562682743806        0.91128384178735       -1.63517395452529
h           -1.83033051721319        1.53010009834428       -1.77111094323363
h           -1.16093270101847       -3.38790724031632        1.25996811472539
h           -2.99266600308984       -1.28831565172650        1.10323186432138
h           -3.66298795377595        0.26923756778937        1.55175643196405
h           -4.22768213229593       -0.52597496897862        0.07952236863340
35
 energy: -46.157689040224 gnorm: 0.000317016887 xtb: 6.7.1 (edcfbbe)
c            0.09465259407047       -0.62758936391561        0.10023091374743
c           -0.93270584299736        0.39522955902246        0.65210792682293
c           -0.31659908116337        1.80635425891847        0.74033263994196
c            0.58073615323586        2.20123490833969       -0.43364645847049
c            1.50129214989956        1.04046364743389       -0.81954198983604
c            0.63324405706072       -0.13951622764723       -1.25953103603821
c            1.36454148653394       -0.60719025237186        0.97105941964426
c            2.19836445601054        0.51036583257115        0.40649131088329
o            1.45801918765106       -1.08691515411322       -1.92100852741871
c           -0.50594234093812       -2.03325431510056        0.01592357391131
c            3.34246747864207        0.95304263206980        0.89487286195415
c           -2.27303415910974        0.36625978290468       -0.05569035025284
c           -2.54670496293705        0.95939602324134       -1.20852409687171
h           -1.13432133195980        0.07258363953638        1.67936153399740
o           -0.93183966306603       -2.45201743448258        1.30137113243461
c           -3.35626241382849       -0.34550895635563        0.70426058835129
h           -1.12326354147550        2.53461778975241        0.84420811992995
h            0.28634744052186        1.85355936500355        1.64892775498019
h           -0.01028808865801        2.49396707845365       -1.30198711100666
h            1.18581158833225        3.06173463058453       -0.14182494371583
h            2.20083694495177        1.33776366638855       -1.60269899327425
h           -0.17413158226639        0.16512103845734       -1.93180660856333
h            1.90273861431595       -1.55152531990971        0.86110342719100
h            1.13984266714356       -0.47650894914619        2.02879019692543
h            0.89893207981330       -1.76264812256495       -2.32053320011253
h            0.26120521482612       -2.72267527997938       -0.36029839305835
h           -1.35591955078338       -2.03116762069343       -0.68263997684949
h            3.77795884946147        0.53511889230006        1.78715919522362
h            3.89112947238811        1.74873544509779        0.41992606392334
h           -3.53576513937025        0.90954053812793       -1.63572989381029
h           -1.83100327882931        1.52961026324982       -1.77141196860572
h           -1.16304751866030       -3.38713629717761        1.25975124213564
h           -2.99205935843102       -1.28860057056960        1.10389567551222
h           -3.66341256056635        0.26881489451086        1.55161125505392
h           -4.22725628430682       -0.52724592348376        0.07925116973715
35
 energy: -46.157689760634 gnorm: 0.000188934104 xtb: 6.7.1 (edcfbbe)
c            0.09466667243735       -0.62739868274310        0.10027397462748
c           -0.93252058226382        0.39557453377296        0.65229871408647
c           -0.31626274609350        1.80668123121765        0.73969848124518
c            0.58148093242945        2.20132810604630       -0.43407232823033
c            1.50178555725796        1.04022183582612       -0.81960688884140
c            0.63315842880997       -0.13936189434651       -1.25957675270214
c            1.36450816661126       -0.60719853464303        0.97108527667864
c            2.19848948877206        0.51030430239273        0.40668690581869
o            1.45686468839206       -1.08705138053467       -1.92183064614846
c           -0.50597429090841       -2.03298047173044        0.01594169963315
c            3.34220034780650        0.95320037393513        0.89578917037945
c           -2.27296769485320        0.36625313629999       -0.05526770986492
c           -2.54703493748751        0.95915165434523       -1.20814936652443
h           -1.13395978106424        0.07339725908606        1.67973301559820
o           -0.93122014429718       -2.45192575587661        1.30154740603651
c           -3.35566826138669       -0.34641797470607        0.70453771707397
h           -1.12283915581809        2.53509622004697        0.84323051318348
h            0.28649874483283        1.85409229133137        1.64841070530603
h           -0.00917899391177        2.49411121868676       -1.30267023864086
h            1.18666031680055        3.06172743978528       -0.14211957002960
h            2.20151598229815        1.33710736015496       -1.60274990994862
h           -0.17442718927203        0.16608850439758       -1.93120734563033
h            1.90255352369375       -1.55158458311059        0.86085335601862
h            1.13994606932270       -0.47675222608626        2.02886855395505
h            0.89696359652448       -1.76161505998822       -2.32216254421675
h            0.26108425803141       -2.72232767839206       -0.36069020134842
h           -1.35619147742296       -2.03074228272517       -0.68228810709382
h            3.77706677483290        0.53520501704567        1.78838287540668
h            3.89117837955465        1.74905870884641        0.42144775661642
h           -3.53581755131100        0.90800678367029       -1.63587335387196
h           -1.83142869168737        1.52916994620785       -1.77143155911235
h           -1.16581663448536       -3.38625723999057        1.25904808323566
h           -2.99047721772897       -1.28868520541776        1.10542082268981
h           -3.66419796801825        0.26839624916174        1.55112643985369
h           -4.22607487488638       -0.52985910351297        0.07907750917784
35
 energy: -46.157689911606 gnorm: 0.000305358065 xtb: 6.7.1 (edcfbbe)
c            0.09472012861335       -0.62715391795979        0.10030966396577
c           -0.93220374694063        0.39597638114085        0.65250034468396
c           -0.31574246302709        1.80711360946832        0.73869774213114
c            0.58244545016599        2.20147429945514       -0.43492705773175
c            1.50238878281186        1.03980638178847       -0.81967992647482
c            0.63319064189892       -0.13935862259630       -1.25969577129783
c            1.36448189425701       -0.60738224460347        0.97117033861446
c            2.19851833411130        0.51018299623352        0.40707240296684
o            1.45581989054650       -1.08745114684457       -1.92263666352641
c           -0.50616055234063       -2.03260828689695        0.01594773440697
c            3.34160487875969        0.95353002665440        0.89721825898058
c           -2.27257831801341        0.36552312141454       -0.05506197882776
c           -2.54712620067268        0.95811423164991       -1.20799764621136
h           -1.13331813162672        0.07448501232656        1.68024947421122
o           -0.93001064699246       -2.45214927421834        1.30184521434283
c           -3.35474125327753       -0.34773716787548        0.70503284392581
h           -1.12237937673017        2.53555755988673        0.84136253941175
h            0.28663818597371        1.85526955208756        1.64762667946483
h           -0.00787739525436        2.49403285718225       -1.30385380704587
h            1.18772711982477        3.06185582732764       -0.14308437884153
h            2.20244426081210        1.33617052671146       -1.60271097299708
h           -0.17451065955413        0.16692100873597       -1.93083474589384
h            1.90240378216156       -1.55178397339144        0.86042212918468
h            1.14000263388352       -0.47741992901338        2.02904488356134
h            0.89503903438535       -1.76041548974916       -2.32447112779615
h            0.26058719462460       -2.72186319545119       -0.36169999856906
h           -1.35702373896375       -2.03011537965918       -0.68147747182294
h            3.77552217732126        0.53586484706195        1.79045283014354
h            3.89082615706476        1.74966583919302        0.42358595979528
h           -3.53627128148612        0.90744725378699       -1.63491703977353
h           -1.83234584443118        1.52995450084220       -1.77046790860393
h           -1.16993845023773       -3.38518242438499        1.25761155540926
h           -2.98802528899106       -1.28850627590490        1.10822018076764
h           -3.66548515225102        0.26832994206298        1.55005979143116
h           -4.22405831091426       -0.53413434800830        0.07884838243146
35
 energy: -46.157690174547 gnorm: 0.000087800054 xtb: 6.7.1 (edcfbbe)
c            0.09475047018811       -0.62722744079166        0.10036835546117
c           -0.93214973571120        0.39599618090987        0.65239041829046
c           -0.31581312310012        1.80717667157620        0.73874888921214
c            0.58237435166797        2.20138345501072       -0.43493921859813
c            1.50239442206248        1.03977258085801       -0.81968845406721
c            0.63323664759201       -0.13942390808376       -1.25961730995486
c            1.36459032615305       -0.60745859721797        0.97115428528777
c            2.19852159530026        0.51021131191881        0.40709463129827
o            1.45603184121723       -1.08757655436685       -1.92234099515099
c           -0.50613874122423       -2.03269630333216        0.01593948828536
c            3.34157789427364        0.95366861892699        0.89719733359671
c           -2.27268815671988        0.36596515909425       -0.05481939022297
c           -2.54738718826477        0.95899196305341       -1.20746822063111
h           -1.13317384105873        0.07448369674359        1.68014730598198
o           -0.93026276121921       -2.45229571574827        1.30173088074536
c           -3.35475354781909       -0.34772821531153        0.70504873272290
h           -1.12251888358190        2.53556220473472        0.84128368558283
h            0.28652304555425        1.85542438864709        1.64769352126521
h           -0.00797855575166        2.49393623478860       -1.30383568061704
h            1.18767822891547        3.06174118062576       -0.14312716429882
h            2.20245128051837        1.33618809420609       -1.60270411010098
h           -0.17438524760462        0.16667861435147       -1.93093586964942
h            1.90258915098675       -1.55181811685350        0.86040709000706
h            1.14006042472684       -0.47748922111315        2.02901233305292
h            0.89533039671392       -1.76050921816543       -2.32433754016231
h            0.26063842170432       -2.72199053364732       -0.36155240928195
h           -1.35688529053432       -2.03020527991417       -0.68162423898753
h            3.77566520716224        0.53611125053415        1.79037633476902
h            3.89077484745744        1.74965693781431        0.42331561765733
h           -3.53623609975102        0.90718732718518       -1.63492555845025
h           -1.83238333902868        1.53000359593155       -1.77050873537728
h           -1.17038595817276       -3.38521010549469        1.25729439559629
h           -2.98792862618334       -1.28841764617188        1.10809088055160
h           -3.66557609220736        0.26816725452055        1.55001995766557
h           -4.22397962875016       -0.53424576676598        0.07887321293756
35
 energy: -46.157690221498 gnorm: 0.000061760221 xtb: 6.7.1 (edcfbbe)
c            0.09474154148382       -0.62729543995699        0.10038591821188
c           -0.93211254180011        0.39595177217729        0.65246779241373
c           -0.31589217170827        1.80719451166741        0.73877758079631
c            0.58234960880867        2.20130970755624       -0.43488768502294
c            1.50238580526924        1.03974295061112       -0.81972501522342
c            0.63326775612868       -0.13949963702110       -1.25957288434365
c            1.36457615629329       -0.60739009620549        0.97117063040417
c            2.19853938128725        0.51023313004782        0.40705658044439
o            1.45619212963102       -1.08767949463438       -1.92215505220713
c           -0.50610612690888       -2.03277204104408        0.01589471675985
c            3.34161987641937        0.95374946300253        0.89704636417758
c           -2.27263183192784        0.36592655312554       -0.05478907862264
c           -2.54733790536728        0.95908990706701       -1.20738665109679
h           -1.13316338672601        0.07442755187272        1.68021427134934
o           -0.93065678013311       -2.45229039592596        1.30156911300132
c           -3.35475659282956       -0.34775478050331        0.70502290618807
h           -1.12261259442515        2.53556950736206        0.84132014106355
h            0.28644646154875        1.85544820770499        1.64771205635180
h           -0.00799899412173        2.49388237331581       -1.30377194902904
h            1.18766022138842        3.06165831712591       -0.14306847290062
h            2.20242116615646        1.33615542682235       -1.60276932362205
h           -0.17435600337422        0.16647286538775       -1.93094157152567
h            1.90256704213828       -1.55174164684375        0.86045572579946
h            1.14008258915450       -0.47739463366799        2.02902698541663
h            0.89556428133091       -1.76063128481174       -2.32420275309443
h            0.26081138794366       -2.72204981699630       -0.36130365707926
h           -1.35660560217861       -2.03026039055413       -0.68195773578801
h            3.77590596779480        0.53618637639503        1.79012498032633
h            3.89064732403418        1.74984384238823        0.42310453200971
h           -3.53627802313964        0.90753148365065       -1.63468409747136
h           -1.83236016335787        1.53015784105544       -1.77039763896552
h           -1.17074195835969       -3.38520111091635        1.25710627717492
h           -2.98795847428444       -1.28835055027864        1.10826989406038
h           -3.66576365513691        0.26817033270785        1.54986408572143
h           -4.22388215552067       -0.53437670323051        0.07878546873834
