35
 energy: -46.159727053216 gnorm: 0.007336086014 xtb: 6.7.1 (edcfbbe)
c            0.08831742153914       -0.65080867848839        0.08108964603593
c           -0.94988484432092        0.31190268033821        0.71897625841860
c           -0.34428570065256        1.71451691205975        0.90080490069917
c            0.47602447601094        2.20542526997728       -0.29253529982963
c            1.42768537213265        1.10447762968942       -0.77155984924190
c            0.59849301916521       -0.09022800963998       -1.25528688925625
c            1.38251777791263       -0.64393046698534        0.92244817350876
c            2.17195089396245        0.52909236133446        0.40543883827966
o            1.38758789261488       -1.06853479607350       -1.90205746104285
c           -0.47368429910990       -2.07035330951743       -0.06760684802996
c            3.31513731746902        0.97678488553284        0.88987709789433
c           -2.30787055522268        0.30774963563637        0.04071077361804
c           -3.22713032353003       -0.56200752064904        0.43641399219338
h           -1.13337276580223       -0.09305119394123        1.72143745796281
o           -0.82908740296739       -2.65697536297738        1.16241133631509
c           -2.63672070216840        1.30809101567965       -1.02919709035606
h           -1.14013041300522        2.42657515747528        1.12614765749903
h            0.31537612633975        1.69289503805016        1.77061115538460
h           -0.16856495067470        2.50385854250953       -1.11981480479622
h            1.05610086026798        3.07975530106472        0.01090171350483
h            2.09808882932972        1.49192374986111       -1.54468949928449
h           -0.21836941039677        0.20989912729301       -1.92260337135196
h            1.94558405796214       -1.56156934359197        0.73118346572401
h            1.19431409972923       -0.57166173115332        1.99448701108381
h            1.86666065112717       -0.64574036328614       -2.62274024126221
h            0.26821561081886       -2.68449285288957       -0.59283282026270
h           -1.38888563821545       -2.05002899960842       -0.66208796679339
h            3.78585273277761        0.52357658293201        1.74597611487369
h            3.82741293229603        1.81612393110477        0.45074281289973
h           -4.20557317616360       -0.59791283996495       -0.01367872150606
h           -3.03185046814349       -1.28819037887083        1.20621917143451
h           -0.03520802171560       -2.72498338340751        1.70408488695513
h           -2.02026456689523        1.16722889191723       -1.91501090304859
h           -3.67743150782957        1.19965309743160       -1.32580792488750
h           -2.49005136590341        2.32646926233092       -0.67456802829892
35
 energy: -46.159776477229 gnorm: 0.003550693368 xtb: 6.7.1 (edcfbbe)
c            0.08902266818917       -0.65021790741030        0.08201430884197
c           -0.95068602859095        0.31255457936306        0.71884891037667
c           -0.34500592641748        1.71534563210587        0.90065875473845
c            0.47582030693508        2.20587754521083       -0.29265526934828
c            1.42841855757555        1.10494142441963       -0.77067549214379
c            0.59856043795889       -0.08900718848473       -1.25482273095899
c            1.38310274825775       -0.64376299529348        0.92394460954055
c            2.17339800602890        0.52865553323072        0.40592657370346
o            1.38847506374106       -1.06822674011460       -1.90539177508035
c           -0.47188274490492       -2.07036746822305       -0.06853459008724
c            3.31768339856424        0.97555386441013        0.88995989760175
c           -2.30893445257074        0.30823040000298        0.03980066208341
c           -3.22960315201325       -0.56034324698749        0.43709520242661
h           -1.13453353295244       -0.09274173214644        1.72114495902439
o           -0.82793888350917       -2.66047068734666        1.16197044976058
c           -2.63815711328548        1.30823374231004       -1.03011038406981
h           -1.14145224533318        2.42649196780820        1.12561618658831
h            0.31327101796544        1.69270040869316        1.77129985679065
h           -0.16779826947373        2.50314695870609       -1.12066072441218
h            1.05597616388073        3.07987666259985        0.01097179516438
h            2.09814729642224        1.49103879315811       -1.54443332837406
h           -0.21830735152120        0.20898685162040       -1.92215791565616
h            1.94535691665417       -1.56215768063231        0.73350213900583
h            1.19367296534937       -0.57089146110325        1.99523400285922
h            1.86663519964348       -0.64231694773137       -2.62712745104088
h            0.26978425849651       -2.68637371579353       -0.59210129549575
h           -1.38684566623332       -2.05195398386990       -0.66396426744616
h            3.78795762188866        0.52260909879257        1.74670829909383
h            3.83023930460219        1.81473997523429        0.45047557411198
h           -4.20819337894707       -0.59701184509483       -0.01314799516779
h           -3.03611852364534       -1.28506492189281        1.20950220769851
h           -0.03265915511072       -2.72456292219860        1.70518924036672
h           -2.02125490722698        1.16617741574717       -1.91516503495988
h           -3.67909865796616        1.20000889859629       -1.32642824239432
h           -2.49009798371302        2.32583153348727       -0.67460238810519
35
 energy: -46.159792945731 gnorm: 0.001058676305 xtb: 6.7.1 (edcfbbe)
c            0.08940959580164       -0.65052836630954        0.08250438282642
c           -0.95149455626460        0.31221983563881        0.71862914936201
c           -0.34582343855236        1.71540049443640        0.90036739382644
c            0.47586966765371        2.20626561441765       -0.29219771441160
c            1.42911103215694        1.10538982909602       -0.76983267799702
c            0.59829725421162       -0.08749909824309       -1.25395329131022
c            1.38290440074957       -0.64309896278108        0.92558992810388
c            2.17403236855495        0.52870158832570        0.40683105362489
o            1.38916293558568       -1.06741219058010       -1.90847160869093
c           -0.47000163804598       -2.07075815805329       -0.06993431761684
c            3.31940306971284        0.97420483962033        0.89011241793131
c           -2.30996184254200        0.30816415232448        0.03926703733915
c           -3.23222305623048       -0.55787595374091        0.43901849968167
h           -1.13597298583769       -0.09306332365216        1.72080096414020
o           -0.82630561403588       -2.66392837298522        1.16139236030854
c           -2.63867323941824        1.30733185272143       -1.03167613438615
h           -1.14265346193585        2.42615958567056        1.12460315992603
h            0.31150109881558        1.69260685720341        1.77156695165039
h           -0.16694875382555        2.50250208909627       -1.12082092507280
h            1.05560205177935        3.08023689914644        0.01194326574095
h            2.09871478214880        1.49083436208397       -1.54363174506059
h           -0.21827564794701        0.20857717963180       -1.92142383591076
h            1.94494859052644       -1.56198091535162        0.73677250933779
h            1.19219406369344       -0.56876911888793        1.99625129324410
h            1.86553193319561       -0.63774708590068       -2.63055838588930
h            0.27228399077913       -2.68730366734014       -0.59194506931764
h           -1.38496681184150       -2.05385601550894       -0.66556776024120
h            3.79056206918986        0.51959188150358        1.74560571919664
h            3.83334648015572        1.81193812200419        0.44930752665403
h           -4.21121272270203       -0.59442992897060       -0.01065285359168
h           -3.04004792764618       -1.28256418214192        1.21220967808493
h           -0.03009880490571       -2.72211975275912        1.70587542473629
h           -2.02193666210450        1.16405899845594       -1.91649025806847
h           -3.67980388221411        1.19971820557213       -1.32746709484811
h           -2.48952037992296        2.32456254743055       -0.67614029826592
35
 energy: -46.159796230433 gnorm: 0.000792655081 xtb: 6.7.1 (edcfbbe)
c            0.08964226860771       -0.65066194478846        0.08234603893504
c           -0.95190459712019        0.31158528391537        0.71833273486153
c           -0.34660042669379        1.71496123640314        0.90059453053596
c            0.47568531061363        2.20625351625921       -0.29136054556110
c            1.42924229391089        1.10557901614640       -0.76922365113531
c            0.59825338992333       -0.08661456016561       -1.25355719410393
c            1.38256538771002       -0.64284199511815        0.92632026252902
c            2.17464704975576        0.52785929529616        0.40656315307299
o            1.38964647416270       -1.06653503018773       -1.90972207050428
c           -0.46884901679103       -2.07062166329433       -0.07102014757607
c            3.32126211034251        0.97142164417209        0.88846032180955
c           -2.31031122182953        0.30748269857393        0.03890993329255
c           -3.23334946741204       -0.55674618893079        0.44028490889431
h           -1.13660392181154       -0.09370427026360        1.72041653247653
o           -0.82491152064355       -2.66476051284386        1.16071693506128
c           -2.63842115175896        1.30582530856837       -1.03313327412923
h           -1.14375118983702        2.42557162184467        1.12426433738550
h            0.31021356905128        1.69234935280782        1.77217828179777
h           -0.16676479808069        2.50266882312209       -1.12022323284059
h            1.05500632038960        3.08023128836644        0.01346247173830
h            2.09886276586059        1.49142544404340       -1.54277282528860
h           -0.21803815140177        0.20907364284023       -1.92110168131121
h            1.94461664489593       -1.56207438510789        0.73936282802386
h            1.19109835439120       -0.56668371890020        1.99676548862874
h            1.86444529869094       -0.63483517336754       -2.63144387482835
h            0.27388014201748       -2.68677423568537       -0.59264646796839
h           -1.38399612776800       -2.05419761781777       -0.66614040097482
h            3.79139945669301        0.51756067224464        1.74487122163408
h            3.83492527789883        1.80974099229198        0.44852310292601
h           -4.21311323143370       -0.59194551288082       -0.00785285962278
h           -3.04251539437892       -1.27986004057479        1.21526762528570
h           -0.02888667133131       -2.71856335992104        1.70572531813546
h           -2.02193932773198        1.16152119450022       -1.91792490824763
h           -3.67958962172143        1.19846529092584       -1.32876085392503
h           -2.48889231843173        2.32337372869926       -0.67859729397043
35
 energy: -46.159798536886 gnorm: 0.000916209510 xtb: 6.7.1 (edcfbbe)
c            0.08965176484233       -0.65055683028691        0.08191902050960
c           -0.95228987931381        0.31096287080591        0.71818033047637
c           -0.34746368490219        1.71443321283929        0.90104723181206
c            0.47537172297087        2.20634518149327       -0.29026999583120
c            1.42915094602335        1.10605570860053       -0.76856889900497
c            0.59847622493650       -0.08582395704473       -1.25336706794690
c            1.38198692751826       -0.64239637143146        0.92677001013334
c            2.17438756324470        0.52806085245471        0.40704281109655
o            1.39041537574777       -1.06536004779933       -1.90995998652172
c           -0.46819373031822       -2.07034215249237       -0.07199156516744
c            3.32203093074888        0.96989527368384        0.88787067443085
c           -2.31087291788077        0.30733617585732        0.03938305988245
c           -3.23481812921725       -0.55475400439095        0.44285251291024
h           -1.13682611713649       -0.09462772811613        1.72014808532550
o           -0.82358701886484       -2.66483403475361        1.15986394743411
c           -2.63800549643508        1.30378979833208       -1.03479028375624
h           -1.14498790060475        2.42482078069994        1.12431906611384
h            0.30885205022075        1.69196442613387        1.77303570615677
h           -0.16671790201946        2.50325417590586       -1.11933996106365
h            1.05437811238902        3.08029048011547        0.01529543345168
h            2.09894841885266        1.49277771129503       -1.54162710641318
h           -0.21755071943409        0.20988175563174       -1.92113183249627
h            1.94431645665693       -1.56185811344142        0.74189530612472
h            1.18947015173894       -0.56460819579713        1.99701943421384
h            1.86386601000260       -0.63250695944951       -2.63133879666229
h            0.27477481898440       -2.68587680518055       -0.59384372715278
h           -1.38359357236393       -2.05417801314423       -0.66649308930509
h            3.79364117668813        0.51353063625745        1.74210459051919
h            3.83766933047689        1.80610536489874        0.44628797835902
h           -4.21431477797644       -0.59043677708749       -0.00581062210440
h           -3.04422269498448       -1.27770589380662        1.21790864927314
h           -0.02813277208369       -2.71436394276358        1.70544723987435
h           -2.02166489092215        1.15765259862233       -1.91940744168061
h           -3.67920784934587        1.19659624850526       -1.33036386499398
h           -2.48798396950114        2.32200641602665       -0.68220210296050
35
 energy: -46.159800420545 gnorm: 0.000622719322 xtb: 6.7.1 (edcfbbe)
c            0.08952219200926       -0.65017742770191        0.08151870138683
c           -0.95249669377407        0.31076586127256        0.71816019897050
c           -0.34816377279793        1.71432808000109        0.90162926084267
c            0.47518110122023        2.20669405464729       -0.28914297766921
c            1.42908668037779        1.10682289851015       -0.76803682611706
c            0.59892702039566       -0.08522832865776       -1.25344660999929
c            1.38153718102136       -0.64193588289515        0.92685488727923
c            2.17475376521495        0.52781528170714        0.40673506508357
o            1.39111354002877       -1.06421407298557       -1.90943224166166
c           -0.46840393028052       -2.07004050975055       -0.07244292423494
c            3.32366165553395        0.96777312242315        0.88627879592753
c           -2.31095589097533        0.30676744324062        0.03932378857969
c           -3.23535245216267       -0.55424562374663        0.44415301376461
h           -1.13685258129103       -0.09551592031057        1.71990524568995
o           -0.82313038648904       -2.66450521510043        1.15913759534005
c           -2.63767031277033        1.30180094450892       -1.03621820754247
h           -1.14601115772527        2.42447140739265        1.12461866470778
h            0.30773678356247        1.69199945913878        1.77395018084662
h           -0.16677119316588        2.50417244430393       -1.11819276637157
h            1.05414534157848        3.08051389515187        0.01694208945302
h            2.09872566906345        1.49436820317662       -1.54090213615553
h           -0.21695707023952        0.21090155835295       -1.92141203045081
h            1.94357422620020       -1.56178821957797        0.74326409745929
h            1.18846255825066       -0.56317285385965        1.99701214558272
h            1.86423856180670       -0.63155630395948       -2.63090451257283
h            0.27444958612129       -2.68521858429768       -0.59498318484246
h           -1.38397181711961       -2.05375754836015       -0.66672320009568
h            3.79524334514520        0.51081056648559        1.74021027875707
h            3.83942150859965        1.80415388897229        0.44519778047974
h           -4.21520119194084       -0.58928758423389       -0.00377421239298
h           -3.04518752576345       -1.27565207208812        1.22072112137000
h           -0.02824570652885       -2.71156951528057        1.70545707230543
h           -2.02125851063251        1.15412610859606       -1.92054487486992
h           -3.67888672195765        1.19455441803424       -1.33180921190180
h           -2.48730984177727        2.32055586806347       -0.68521932191169
35
 energy: -46.159801705702 gnorm: 0.000206316569 xtb: 6.7.1 (edcfbbe)
c            0.08953098635191       -0.64951745789570        0.08133629258145
c           -0.95295803067082        0.31078153248508        0.71811802865517
c           -0.34918083367054        1.71447841988010        0.90232846584659
c            0.47480984570869        2.20729898079327       -0.28778837282916
c            1.42907493023793        1.10794039589541       -0.76711806557562
c            0.59939203563936       -0.08427465395105       -1.25349506463236
c            1.38128892389495       -0.64149950084698        0.92720116640358
c            2.17531365567933        0.52759000584148        0.40665475209826
o            1.39203117695301       -1.06276785813240       -1.90900399336129
c           -0.46837231861774       -2.06958883536724       -0.07302376346889
c            3.32586635578190        0.96519379785712        0.88452326416288
c           -2.31156937890838        0.30661641488845        0.03957751630173
c           -3.23662131895954       -0.55289113830016        0.44640746006902
h           -1.13714573028684       -0.09613271729617        1.71965388042252
o           -0.82272041295127       -2.66457910720314        1.15815655981662
c           -2.63758195572483        1.29944150849808       -1.03812029236344
h           -1.14747148202750        2.42426662598612        1.12479545750749
h            0.30599445990549        1.69215137630710        1.77519035182796
h           -0.16677209730956        2.50523765678386       -1.11694563158898
h            1.05369857481221        3.08090390421940        0.01904743811429
h            2.09839336967990        1.49616261226778       -1.53988024020875
h           -0.21622778148802        0.21209528219409       -1.92177401436622
h            1.94294304163881       -1.56178418912487        0.74466310976408
h            1.18765206004043       -0.56179241203885        1.99716396576533
h            1.86518299041616       -0.63043273226613       -2.63095357936378
h            0.27431969983241       -2.68462511866704       -0.59623443872670
h           -1.38408293102694       -2.05301897153622       -0.66726775227801
h            3.79770097930031        0.50721153242835        1.73780345420623
h            3.84212238068822        1.80130051079749        0.44346545796010
h           -4.21631884901344       -0.58854937384370       -0.00177531003848
h           -3.04663614745364       -1.27306887572121        1.22421970149364
h           -0.02831537056626       -2.70895405691841        1.70579166672819
h           -2.02110477112263        1.14934999500648       -1.92198353132653
h           -3.67882494503093        1.19221376913507       -1.33362197203063
h           -2.48645715299386        2.31877251901781       -0.68922722252988
35
 energy: -46.159801373423 gnorm: 0.000652067535 xtb: 6.7.1 (edcfbbe)
c            0.08954211813708       -0.64888593079984        0.08116155038046
c           -0.95339580447814        0.31080164858000        0.71807315495121
c           -0.35014368266998        1.71462153117988        0.90299740320904
c            0.47445539117611        2.20786919245817       -0.28650201538576
c            1.42906072897855        1.10899705834648       -0.76624736699905
c            0.59983290906966       -0.08337435779858       -1.25355152710329
c            1.38105780761650       -0.64109361960503        0.92752867897957
c            2.17586154665426        0.52735214003095        0.40655770088311
o            1.39289788501550       -1.06139465962502       -1.90860351734593
c           -0.46834134368048       -2.06916389110091       -0.07356593483797
c            3.32798336007936        0.96271559224070        0.88282942283801
c           -2.31216127174990        0.30649509002147        0.03983248626443
c           -3.23783852249994       -0.55158836727487        0.44855841817577
h           -1.13741854564900       -0.09672209512696        1.71940812163706
o           -0.82231744098815       -2.66465033654198        1.15723224770875
c           -2.63750301891097        1.29721397489595       -1.03991871424099
h           -1.14885406553490        2.42407057087892        1.12497350212011
h            0.30434334286914        1.69228937363871        1.77637276759906
h           -0.16677949241774        2.50625043490142       -1.11575586335646
h            1.05328166307420        3.08126431848066        0.02104418972610
h            2.09806541084802        1.49786238254214       -1.53891868362656
h           -0.21554017114204        0.21323099796609       -1.92212722125464
h            1.94233898481365       -1.56179707300439        0.74600363984223
h            1.18688316688476       -0.56047875896302        1.99730547555021
h            1.86607105481048       -0.62936327169327       -2.63101445350479
h            0.27419150581974       -2.68407029256421       -0.59742311043716
h           -1.38418989641865       -2.05232685338503       -0.66777765927861
h            3.80001109992113        0.50382343190731        1.73554895032590
h            3.84467225610129        1.79861065327326        0.44183959897525
h           -4.21736474589818       -0.58787723102129        0.00007673864549
h           -3.04800471289649       -1.27063632662750        1.22751486445311
h           -0.02836752747251       -2.70643187909540        1.70613038685422
h           -2.02095027171356        1.14482716550745       -1.92333291327476
h           -3.67876855751621        1.18999845178583       -1.33534444860469
h           -2.48565720149430        2.31709077676515       -0.69302112483207
35
 energy: -46.159801963031 gnorm: 0.000286668996 xtb: 6.7.1 (edcfbbe)
c            0.08950237723959       -0.64908648908531        0.08129113807559
c           -0.95328738682741        0.31078078647775        0.71819677725508
c           -0.34991993379149        1.71465713278620        0.90275275763598
c            0.47459634477971        2.20782752951639       -0.28685066452926
c            1.42914623618573        1.10883181073407       -0.76642664161969
c            0.59971298306149       -0.08348803423696       -1.25335997278532
c            1.38109061450334       -0.64106749397377        0.92746942945240
c            2.17548492725178        0.52783821016658        0.40694906520768
o            1.39268571753271       -1.06177691711477       -1.90863737439545
c           -0.46839453585629       -2.06918369951771       -0.07354380281623
c            3.32705386097285        0.96392258577143        0.88376446638103
c           -2.31180475242976        0.30608681590779        0.03941752442653
c           -3.23720640343723       -0.55242670604007        0.44757566463357
h           -1.13748069042107       -0.09639758479962        1.71963162434635
o           -0.82277510997839       -2.66466296622311        1.15736301343045
c           -2.63747793519317        1.29760047190572       -1.03957114306569
h           -1.14855038839208        2.42421256506633        1.12473216924389
h            0.30469927619612        1.69242129786547        1.77602417023408
h           -0.16664903499241        2.50592244431356       -1.11617667618849
h            1.05329734486759        3.08136940051754        0.02052085572876
h            2.09835938801886        1.49743342787507       -1.53905241761274
h           -0.21564554162676        0.21293610844271       -1.92186246604321
h            1.94258481355379       -1.56151312383318        0.74526360122712
h            1.18716635566717       -0.56102092753122        1.99730812071548
h            1.86609913573963       -0.62978717742009       -2.63084523073204
h            0.27426560439818       -2.68411915516200       -0.59701738292706
h           -1.38414229160939       -2.05231279665002       -0.66779917638602
h            3.79982415042576        0.50432768535193        1.73568049228932
h            3.84422860432707        1.79909012617467        0.44197300534901
h           -4.21738901596641       -0.58754900401975        0.00040924935537
h           -3.04782338566960       -1.27081734281217        1.22724007966798
h           -0.02863996177719       -2.70811272673367        1.70571130848014
h           -2.02115556408443        1.14578841712662       -1.92321985121648
h           -3.67878792952649        1.19048181626627       -1.33484774967641
h           -2.48571391440352        2.31732335406058       -0.69217921810533
35
 energy: -46.159802183931 gnorm: 0.000176295071 xtb: 6.7.1 (edcfbbe)
c            0.08945347628011       -0.64923623871944        0.08139304835114
c           -0.95314439393404        0.31084464665176        0.71830417273009
c           -0.34964549547406        1.71470490078633        0.90251165682897
c            0.47474175046663        2.20774173865107       -0.28723267235338
c            1.42919387264104        1.10857565968540       -0.76663557819690
c            0.59956256299859       -0.08363768756218       -1.25321743794454
c            1.38115458645290       -0.64118473174959        0.92732635102752
c            2.17542205797070        0.52781929628241        0.40689491550605
o            1.39240687296058       -1.06214615706156       -1.90863267996048
c           -0.46847518944694       -2.06915215943358       -0.07349527773720
c            3.32663994066720        0.96438636280679        0.88402049745388
c           -2.31178065622941        0.30638703981658        0.03976520580188
c           -3.23708430776022       -0.55219633787140        0.44777224817423
h           -1.13729458912190       -0.09596875888844        1.71987540911196
o           -0.82321379337135       -2.66453170245789        1.15748817099112
c           -2.63746180896438        1.29797282299603       -1.03921957859387
h           -1.14816881915542        2.42438079227565        1.12458081215200
h            0.30516842064076        1.69251848289550        1.77563688668122
h           -0.16659820673899        2.50569417071831       -1.11655683730091
h            1.05337837848640        3.08139380938513        0.01995863804470
h            2.09854187564951        1.49698570267809       -1.53926112927839
h           -0.21578888412299        0.21273968940935       -1.92165215727733
h            1.94274828586581       -1.56145388340647        0.74453628883070
h            1.18757296766579       -0.56160325901674        1.99727410866247
h            1.86605574673280       -0.63015949925876       -2.63049065287257
h            0.27428716409020       -2.68408047613579       -0.59664748353854
h           -1.38411905499340       -2.05226432716902       -0.66777917589172
h            3.79904763683616        0.50546778208659        1.73646050084012
h            3.84332270175231        1.80004219009314        0.44262904322430
h           -4.21696391239897       -0.58797613161798       -0.00000610806656
h           -3.04727001299404       -1.27155796781868        1.22634587647612
h           -0.02889854275833       -2.70987107389340        1.70513191649441
h           -2.02141936225454        1.14619081264714       -1.92308626401347
h           -3.67885659885215        1.19101343485844       -1.33426160351534
h           -2.48556071084808        2.31769089851047       -0.69184636580527
35
 energy: -46.159802323001 gnorm: 0.000068269426 xtb: 6.7.1 (edcfbbe)
c            0.08950233784211       -0.64903346126636        0.08136590781173
c           -0.95319318821963        0.31092642933076        0.71826419698825
c           -0.34982170510960        1.71481658959538        0.90263581117579
c            0.47464867794393        2.20786788019052       -0.28703902180566
c            1.42917142703311        1.10876224543791       -0.76643300549826
c            0.59963902800645       -0.08342603903705       -1.25325311604895
c            1.38116394866470       -0.64118408605423        0.92739193017028
c            2.17549448745309        0.52778840960004        0.40695238310702
o            1.39258404477645       -1.06188359322177       -1.90856338129530
c           -0.46847743958171       -2.06896462746924       -0.07364125722148
c            3.32698026951152        0.96399968864432        0.88381321726525
c           -2.31187328683158        0.30634653132278        0.03981572345919
c           -3.23729549789243       -0.55194647931663        0.44826874328806
h           -1.13726254466133       -0.09602564431028        1.71979310756941
o           -0.82332514726744       -2.66445353847251        1.15724542505799
c           -2.63744077214845        1.29743436026206       -1.03962933158087
h           -1.14843935016297        2.42441693387469        1.12458702835317
h            0.30486680254403        1.69266311406508        1.77586223185059
h           -0.16661746291839        2.50588337296468       -1.11640561572112
h            1.05328981650662        3.08148020022452        0.02024931682304
h            2.09846824131599        1.49727517756010       -1.53904105086410
h           -0.21563947676802        0.21297541681441       -1.92179946680265
h            1.94271563067539       -1.56150362901807        0.74468375666757
h            1.18749936280502       -0.56157523249948        1.99731843891152
h            1.86638425317474       -0.62987557660124       -2.63035335512653
h            0.27424585791063       -2.68393385752281       -0.59683058963791
h           -1.38409347875706       -2.05199829973321       -0.66800345185676
h            3.79944210267667        0.50494671520593        1.73616266843737
h            3.84378024591295        1.79955392451837        0.44234276742964
h           -4.21721937127920       -0.58777895756354        0.00058092117939
h           -3.04762144942887       -1.27079111001199        1.22739255039319
h           -0.02899062440546       -2.71004600195565        1.70492428875755
h           -2.02156309591895        1.14492571135673       -1.92348839751522
h           -3.67891502834959        1.19060469958348       -1.33445062059364
h           -2.48513365631440        2.31728257467555       -0.69283400809118
35
 energy: -46.159802457621 gnorm: 0.000071157846 xtb: 6.7.1 (edcfbbe)
c            0.08948850659939       -0.64887495262264        0.08132200981599
c           -0.95323317198824        0.31097770975865        0.71831373006625
c           -0.34999643006823        1.71492570771434        0.90271204271146
c            0.47458917455009        2.20802686791695       -0.28686519122349
c            1.42920365693186        1.10900624915543       -0.76626762580522
c            0.59978875455758       -0.08321130841071       -1.25323513628550
c            1.38112355955945       -0.64110436073280        0.92739688789299
c            2.17554709474019        0.52784935767262        0.40702127592017
o            1.39284926351062       -1.06161120171139       -1.90848019246158
c           -0.46857216940508       -2.06881316588818       -0.07382601470445
c            3.32725482665395        0.96374199703193        0.88367033423180
c           -2.31195058866716        0.30631756707342        0.03994411771229
c           -3.23754644346278       -0.55153271585031        0.44899138752161
h           -1.13720460902643       -0.09609193333959        1.71981937156338
o           -0.82360545284521       -2.66437463756496        1.15697502296198
c           -2.63738136375972        1.29678492163099       -1.04009552666325
h           -1.14872598278579        2.42443823552468        1.12453182193291
h            0.30455746876817        1.69283443019555        1.77604067978233
h           -0.16660022288558        2.50603150165299       -1.11629328084715
h            1.05319137764909        3.08164251934563        0.02048830100613
h            2.09849051601025        1.49763165880452       -1.53882669947927
h           -0.21540028061709        0.21318292935043       -1.92189883379842
h            1.94262944421188       -1.56145907868557        0.74470790428344
h            1.18736483705830       -0.56155460480176        1.99730173634207
h            1.86696616958859       -0.62949074415108       -2.63006018768776
h            0.27413549156557       -2.68383252872066       -0.59699882085223
h           -1.38413010815337       -2.05172443085162       -0.66831206192142
h            3.79986061112822        0.50443910070341        1.73581631306070
h            3.84415887848993        1.79921059097635        0.44213671586681
h           -4.21753351434210       -0.58738588410700        0.00144279418015
h           -3.04797250687829       -1.26992203390186        1.22858170179204
h           -0.02912619431331       -2.71085107153069        1.70448412352261
h           -2.02192308511502        1.14320222424981       -1.92406123780348
h           -3.67902585521195        1.19032785185861       -1.33445261613356
h           -2.48431769330947        2.31679307342776       -0.69414010146393
35
 energy: -46.159802569525 gnorm: 0.000058809553 xtb: 6.7.1 (edcfbbe)
c            0.08951860975839       -0.64877146506757        0.08123647419345
c           -0.95322518353099        0.31099576220152        0.71828580608673
c           -0.35010038744768        1.71498861587728        0.90273795683734
c            0.47455056262121        2.20810941570935       -0.28677717319204
c            1.42924420763246        1.10914211744636       -0.76614033752986
c            0.59988055050728       -0.08303572721959       -1.25326186813066
c            1.38109607246939       -0.64107241823089        0.92740644901494
c            2.17554395155839        0.52790399493852        0.40713472866235
o            1.39304117310407       -1.06141274080735       -1.90843131311542
c           -0.46863579109144       -2.06865856632126       -0.07405785002917
c            3.32734413643766        0.96362652038679        0.88369241844243
c           -2.31201698525170        0.30627657234309        0.04008753764886
c           -3.23776902605139       -0.55109410460074        0.44975422063838
h           -1.13708426046159       -0.09612615469761        1.71978530544447
o           -0.82382991386720       -2.66426369024276        1.15667057393867
c           -2.63731117446493        1.29618248453694       -1.04050879992504
h           -1.14891553460722        2.42444951670116        1.12444030425201
h            0.30437308985456        1.69298518087416        1.77613043575678
h           -0.16658352642239        2.50607602912220       -1.11626821755872
h            1.05307032247908        3.08176020355100        0.02063262286869
h            2.09857278490726        1.49786097970787       -1.53861955519829
h           -0.21521504610420        0.21338331231173       -1.92202808988583
h            1.94261457802656       -1.56141658607576        0.74471199511666
h            1.18727049080391       -0.56156783221267        1.99730454393180
h            1.86754831056483       -0.62915376874648       -2.62966109553045
h            0.27405328150706       -2.68367698174059       -0.59723687030038
h           -1.38415771989191       -2.05140765177476       -0.66858948592295
h            3.80005249893285        0.50415032437176        1.73568292846806
h            3.84432992257482        1.79901596910567        0.44210652034767
h           -4.21786880562535       -0.58687584881879        0.00244980883507
h           -3.04826547620754       -1.26907355781219        1.22973020555491
h           -0.02921112513358       -2.71180300171813        1.70387119936490
h           -2.02243575951278        1.14145819164277       -1.92468973987749
h           -3.67917821809401        1.19022162768532       -1.33425095479323
h           -2.48334665123560        2.31635311874689       -0.69544593937826
35
 energy: -46.159802652072 gnorm: 0.000028143516 xtb: 6.7.1 (edcfbbe)
c            0.08950572757758       -0.64872989389809        0.08114346329603
c           -0.95320309155059        0.31099213540698        0.71829960729827
c           -0.35013561288849        1.71502066316320        0.90269340255972
c            0.47457153497073        2.20816776819297       -0.28677398561097
c            1.42932556945031        1.10923442166066       -0.76609276518764
c            0.60000195190128       -0.08293311919172       -1.25327093155140
c            1.38105362809050       -0.64107597253742        0.92734585503435
c            2.17554098402960        0.52792944341513        0.40719523704452
o            1.39319186409671       -1.06129519769777       -1.90845479016905
c           -0.46871710728755       -2.06857198182480       -0.07427346792345
c            3.32733198278837        0.96360926144872        0.88380834839878
c           -2.31206986004005        0.30628555781355        0.04026528515403
c           -3.23795853633129       -0.55067584056413        0.45045711395409
h           -1.13695865122928       -0.09614893017009        1.71980977686442
o           -0.82395079028014       -2.66426451187555        1.15639789733118
c           -2.63727161475644        1.29572292724109       -1.04079368448398
h           -1.14899712460825        2.42445349420826        1.12433789733155
h            0.30429148854742        1.69306754368638        1.77611937567919
h           -0.16653462324726        2.50606145244660       -1.11631556366982
h            1.05302388915700        3.08186426325085        0.02063664584112
h            2.09871035980302        1.49799928786980       -1.53850475430229
h           -0.21502293784524        0.21353421779814       -1.92208478198623
h            1.94257555949225       -1.56141415667094        0.74464902677278
h            1.18714867027927       -0.56163591354904        1.99723330408827
h            1.86804434713257       -0.62890079588426       -2.62935972759417
h            0.27393997150777       -2.68356172973749       -0.59751218500344
h           -1.38423989026015       -2.05119301675009       -0.66879198854521
h            3.80000442304114        0.50409474937031        1.73579461750471
h            3.84432580133983        1.79903010240242        0.44229480604541
h           -4.21812124223418       -0.58645288030145        0.00329012056316
h           -3.04846326814977       -1.26842486646583        1.23063767605334
h           -0.02921622484962       -2.71252245790538        1.70334155912526
h           -2.02294437648973        1.13999956705525       -1.92518723536520
h           -3.67935264454253        1.19024469687817       -1.33395754439102
h           -2.48247619787650        2.31601955288880       -0.69649286511992
