35
 energy: -46.149846377424 gnorm: 0.050976997756 xtb: 6.7.1 (edcfbbe)
c            0.03236332933950       -0.79550564501756       -0.03532174469297
c            0.68354137696355        0.41734008070152       -0.81433676209659
c           -0.37064810257461        1.54798304247118       -1.02475793790004
c           -1.26030345426096        1.83338802586020        0.20732243477711
c           -1.79129173630685        0.51687986172310        0.83783472928779
c           -0.61447372431267       -0.36033371366598        1.31618816035823
c           -1.26053011952484       -1.24832425987988       -0.79823949422468
c           -2.38852076680897       -0.37602717286132       -0.23976372788613
o            0.20304497466708        0.33316185096211        2.25452516917922
c            0.99971864698777       -1.97809919342703        0.15731401944936
c           -3.66959958615177       -0.40122765262953       -0.62246896236032
c            2.04180292514512        0.92802276857050       -0.29344595954557
c            3.17474033951938        0.31764636732075       -0.68617354626920
h            0.90314163548746        0.00623940393348       -1.81281332528738
o            1.51028887592637       -2.52809969524207       -1.06458733118823
c            2.12741784405597        2.16892048671223        0.57808170682933
h            0.12812706707048        2.47227834308517       -1.35482796861509
h           -1.02430107699008        1.25574650204172       -1.86205680092183
h           -0.71289801617686        2.40527265410691        0.97093201350031
h           -2.11879341050437        2.45250022433925       -0.10071785308417
h           -2.50670959341831        0.74225048906700        1.64407395845653
h           -1.02966969123578       -1.27142423883309        1.79652952016376
h           -1.16244263273947       -1.15513898218969       -1.89151719834294
h           -1.47567169898487       -2.31168186940910       -0.58850792672733
h            0.94081611876615       -0.25231010527675        2.52005323283437
h            0.48313572914507       -2.75897894414579        0.75093562102472
h            1.88687873517742       -1.66388898771683        0.72626608066199
h           -4.02148428820639       -1.06413071694828       -1.41731462217177
h           -4.41778604108547        0.24403133158472       -0.15535101445844
h            4.15546844619372        0.67074017718930       -0.35687898909023
h            3.16445042561951       -0.55466319379978       -1.34224331640185
h            0.75664851048660       -2.89303968827303       -1.57114420699781
h            1.55553144144914        2.04958129448308        1.50661007243343
h            3.17430285004364        2.38898213438001        0.83492013884982
h            1.72337235001541        3.05419479128244        0.05909065543039
35
 energy: -46.156116802059 gnorm: 0.014537445884 xtb: 6.7.1 (edcfbbe)
c            0.02541628573200       -0.77775207932769       -0.03915788364298
c            0.67799118881653        0.41681828203900       -0.81235710803829
c           -0.37322719941855        1.53140028659089       -1.01544487770075
c           -1.25151916571333        1.81890345908691        0.20627853884131
c           -1.78200383412238        0.51439312763711        0.82302203928532
c           -0.60646084195230       -0.34491218268003        1.30726868101878
c           -1.25385880392091       -1.23385836217230       -0.79625996615655
c           -2.37213542533547       -0.36877278304082       -0.24999766629264
o            0.21463970425043        0.33978517284546        2.23188085695216
c            0.99585935932404       -1.95237916475408        0.15733553293975
c           -3.63985882310422       -0.39892896836498       -0.62490229302543
c            2.02347945644352        0.91935288129214       -0.28938218813176
c            3.14339361435986        0.31697226747281       -0.67857959287761
h            0.90617444389494        0.00792257435078       -1.80584477057603
o            1.49392136047212       -2.50460341342922       -1.05289834605493
c            2.10650247751836        2.14797637893474        0.57604391798223
h            0.13028431783952        2.44916282118161       -1.33128805944094
h           -1.02843238446417        1.23931848374325       -1.84255677484535
h           -0.69926839752382        2.36900271467071        0.97113166988643
h           -2.10257608226105        2.43531050760240       -0.10238216380164
h           -2.48679594787849        0.74069457994462        1.62795373432606
h           -1.01407344011457       -1.24868375230648        1.79652381894120
h           -1.15922296774263       -1.13816978996295       -1.88083055942478
h           -1.46961918539881       -2.28707334182940       -0.57594284753686
h            0.93948224954541       -0.24603637007883        2.49599931473708
h            0.49111688757604       -2.74187760220748        0.73894043324121
h            1.88728727765418       -1.63673916501387        0.70874048538075
h           -3.99316654849067       -1.06029773770452       -1.40352679718980
h           -4.38273744589159        0.23603155097967       -0.16365620315530
h            4.11571761747908        0.66309226711910       -0.35454960087542
h            3.13975225841999       -0.55128324989822       -1.32118954449490
h            0.74626281430895       -2.86568691244417       -1.55386878497526
h            1.53722012916300        2.02312655193473        1.49610397804194
h            3.14663290341395        2.35637171447715        0.83158944530452
h            1.71348982989806        3.02370502381091        0.05401240633235
35
 energy: -46.157050864299 gnorm: 0.004717446427 xtb: 6.7.1 (edcfbbe)
c            0.02624700180137       -0.77219332252853       -0.03840754539520
c            0.66637582156878        0.41444388615288       -0.81446439065465
c           -0.37587016278166        1.52827960211850       -1.01875888110488
c           -1.24179706797012        1.81364518119179        0.20666810097835
c           -1.77548156039355        0.51615229715701        0.82144817549334
c           -0.59893903743181       -0.33639133770561        1.30383555929665
c           -1.24483707728201       -1.22934386539089       -0.79116419003517
c           -2.35830081003080       -0.36877105572514       -0.24626948651256
o            0.22575714751330        0.35033335718040        2.21329927747598
c            1.00302807010080       -1.93897899447950        0.15511195592777
c           -3.62197953290466       -0.40018497782143       -0.62334589918395
c            2.00464580749569        0.91079188759241       -0.28860706883845
c            3.11978202736843        0.30296292823354       -0.67025029298071
h            0.89873231417596        0.00410490018523       -1.80516434858176
o            1.48672707653406       -2.48730302401430       -1.05453623569744
c            2.08248507763081        2.13130918077332        0.57928634906612
h            0.12750946480492        2.44181103359768       -1.33603604649379
h           -1.03620989505214        1.23240433470027       -1.83626463927697
h           -0.68110451423375        2.34843696657148        0.97167052935461
h           -2.08598008517977        2.43612662581288       -0.09695764319192
h           -2.47817438249193        0.74311922350680        1.62442741128253
h           -0.99895799518713       -1.23760806546785        1.80049127454300
h           -1.15006792739205       -1.13286374036037       -1.87248633086945
h           -1.45913340326718       -2.27808450380913       -0.56571885346081
h            0.94760190178408       -0.23283176613951        2.47349530252733
h            0.50735735593031       -2.72559577174726        0.74394723012652
h            1.89533654693106       -1.60993630499042        0.69286599860713
h           -3.96968645725227       -1.05181399811111       -1.40680042090268
h           -4.36164655548046        0.23945760969816       -0.17391815059626
h            4.08918258777515        0.64084501631869       -0.34234859854353
h            3.11790371694604       -0.55906879417927       -1.31499631311265
h            0.73680495895340       -2.83704692575121       -1.55217288993583
h            1.50586592196369        2.00138269351360        1.49043441421234
h            3.11862487239999        2.33012381197559        0.84404990583997
h            1.69786647543033        3.00457168244015        0.05584556561103
35
 energy: -46.157203732434 gnorm: 0.002770218596 xtb: 6.7.1 (edcfbbe)
c            0.02647998064477       -0.76974192877367       -0.03911838637525
c            0.66333373646860        0.41369147656138       -0.81967316932226
c           -0.38107372649489        1.52517866842905       -1.02177539080390
c           -1.23878301364955        1.81550359828033        0.20885247914328
c           -1.77227555852080        0.51669992753390        0.82158539132129
c           -0.59463002783742       -0.33420325914213        1.30481664913129
c           -1.24317813500335       -1.23289772782893       -0.78748425666815
c           -2.35338586034470       -0.36509546531143       -0.24900114872827
o            0.23122196526518        0.35320200079768        2.21069174505282
c            1.01006491529412       -1.93115750055455        0.15269332082742
c           -3.61574558506181       -0.39161191550365       -0.63336638796406
c            1.99946419027213        0.90932238319971       -0.29145850440018
c            3.11383846521783        0.29532032480753       -0.66716921707930
h            0.89470413848338        0.00156023137513       -1.81013351047451
o            1.48384063373902       -2.48086175254480       -1.05821952478062
c            2.07333889339280        2.12611140781498        0.58140213782484
h            0.12128758620864        2.43697874881744       -1.34421493662586
h           -1.04708997606281        1.22825454506752       -1.83427609560696
h           -0.66943191565267        2.34283302363290        0.97239252824603
h           -2.08054710677322        2.44458120993799       -0.08740763283410
h           -2.47589167968900        0.74340666351724        1.62358897297240
h           -0.99246943000494       -1.23555039562716        1.80334136111370
h           -1.14771710548280       -1.14037457214113       -1.86912208453664
h           -1.45916116736264       -2.28028202964644       -0.55727862196746
h            0.95751280007054       -0.22675531921617        2.46436192641571
h            0.52233705589205       -2.71559172714991        0.75116860901962
h            1.90464253699783       -1.59399825957641        0.68176701620551
h           -3.96284436099104       -1.05349839563656       -1.40880795031269
h           -4.35760107495437        0.24138777351603       -0.17836223173771
h            4.08279311979902        0.62278788357286       -0.32692917700140
h            3.10981996756034       -0.56813921562924       -1.31048105375992
h            0.72821613064014       -2.81942783316151       -1.55486107094339
h            1.48772479711772        1.99333400800436        1.48630017141214
h            3.10724914952041        2.32059758675397        0.85721869492417
h            1.69362334407833        3.00072160632253        0.05716817328653
35
 energy: -46.157296623903 gnorm: 0.002549174642 xtb: 6.7.1 (edcfbbe)
c            0.02803148692940       -0.76912126398801       -0.03923446354911
c            0.65967649869300        0.41446611577627       -0.82402322568606
c           -0.38698280475483        1.52423750705133       -1.02590896401636
c           -1.23573553236199        1.81702962404676        0.21145920762269
c           -1.77035108794077        0.51659367258469        0.82320066531008
c           -0.59093933666556       -0.33339217348268        1.30629941789302
c           -1.24200352561760       -1.23844136406283       -0.78187790707385
c           -2.35140485557537       -0.36740974315496       -0.24591068117566
o            0.23453887759134        0.35340064851422        2.21188399372270
c            1.01883748301198       -1.92552796276340        0.15003372266761
c           -3.61274794238094       -0.39085908140657       -0.63684126186615
c            1.99474771206612        0.90740751036275       -0.29158455633213
c            3.10819035025295        0.28440575178727       -0.65823276192739
h            0.88986821650309        0.00099889919220       -1.81460641013518
o            1.48015735865770       -2.47898458515666       -1.06269171906802
c            2.06606511620713        2.12362608135930        0.58228503637006
h            0.11248044111535        2.43499828445438       -1.35676065770632
h           -1.06003071081389        1.22355075744564       -1.83178692214791
h           -0.65685272962488        2.33779824215006        0.97231902517525
h           -2.07544005985927        2.45328375675777       -0.07558081110957
h           -2.47484069134060        0.74262998054048        1.62494160841815
h           -0.98734362499660       -1.23549214928094        1.80518753470047
h           -1.14862917549075       -1.15279584779307       -1.86494287115620
h           -1.45777711186906       -2.28457268470109       -0.54425328507534
h            0.96953924059387       -0.22133134289159        2.45440510232385
h            0.54193177956488       -2.70787392676842        0.76101754748358
h            1.91722922882024       -1.57957622458418        0.66762215202138
h           -3.95344060217178       -1.04661663778777       -1.42094571354436
h           -4.35267412712960        0.25412790268496       -0.19429645118269
h            4.07743207223274        0.60620572692730       -0.31219491567314
h            3.10136210788572       -0.57542129789290       -1.30741579102069
h            0.71571229504169       -2.79917847953212       -1.55967353595966
h            1.46927129428055        1.99141547390247        1.48012460464491
h            3.09753175328379        2.31261808686342        0.87148658095357
h            1.69425828863872        3.00008651334475        0.05470553107267
35
 energy: -46.157332079900 gnorm: 0.002106750528 xtb: 6.7.1 (edcfbbe)
c            0.02950311596934       -0.77085748801834       -0.03820041626916
c            0.65829163551458        0.41532811892671       -0.82399564227037
c           -0.38929935426296        1.52455825344673       -1.02593084673963
c           -1.23503237755556        1.81681766193934        0.21359573598079
c           -1.77035800584284        0.51591451257304        0.82490551662383
c           -0.59083762768474       -0.33521631493229        1.30725957493342
c           -1.24178581182035       -1.24162861037754       -0.77847812072581
c           -2.35071620774445       -0.36623742849120       -0.24670601643130
o            0.23347796506587        0.34986330276504        2.21562227738585
c            1.02189220793873       -1.92634698556012        0.14939372504527
c           -3.61010356036145       -0.38435686401064       -0.64435200411835
c            1.99388577499665        0.90891242594068       -0.29223298839076
c            3.10696536213635        0.28354295099609       -0.65588265895003
h            0.88777277227555        0.00288400505134       -1.81524686611581
o            1.47721980048112       -2.48343487992730       -1.06409413016100
c            2.06552251398956        2.12607984156413        0.58036889754972
h            0.10728793821405        2.43559667838183       -1.36177257348392
h           -1.06454863446379        1.21992164740596       -1.82869993455281
h           -0.65397849686220        2.33575569263397        0.97366816000136
h           -2.07434396456183        2.45500202635549       -0.07003962177716
h           -2.47584433538609        0.74083935542175        1.62642057735709
h           -0.98796239675818       -1.23815171904874        1.80427561338285
h           -1.14988920809022       -1.16242076324901       -1.86248201819011
h           -1.45797673290075       -2.28654428564294       -0.53456219035274
h            0.97530171539841       -0.22088109516514        2.44906786913383
h            0.55006326118259       -2.70779298914359        0.76578002326458
h            1.92281492805645       -1.57795971626000        0.66081777866094
h           -3.94951976479729       -1.04316378471098       -1.42666586273468
h           -4.35093078583151        0.26027758062988       -0.20273775795300
h            4.07595854772516        0.60188030748124       -0.30578671116456
h            3.09906953172494       -0.57857536748001       -1.30222457502484
h            0.70794349870352       -2.79036670976141       -1.56292744301234
h            1.46469517304818        1.99725534753757        1.47596872377513
h            3.09605844484183        2.31243821075663        0.87419572020137
h            1.69907076043808        3.00335285247073        0.04988701009655
35
 energy: -46.157355280405 gnorm: 0.001456401185 xtb: 6.7.1 (edcfbbe)
c            0.02989828968903       -0.77268739462134       -0.03708905250078
c            0.65811292062698        0.41511741581378       -0.82294136031828
c           -0.39140979116356        1.52288397949583       -1.02325364582747
c           -1.23568137077495        1.81586502766843        0.21648110505648
c           -1.77016813884539        0.51415891155391        0.82644547310579
c           -0.59097139849133       -0.33783709422550        1.30848911272142
c           -1.24215241366434       -1.24500055875205       -0.77583550058618
c           -2.35036625220056       -0.36626854009260       -0.24721401984471
o            0.23313568222709        0.34655546853570        2.21841698152416
c            1.02251257012430       -1.92777428063061        0.14945024468317
c           -3.60756350913873       -0.37858734901498       -0.65114268057195
c            1.99389510335308        0.90943719452701       -0.29093341823743
c            3.10715619154047        0.28361191947142       -0.65234259604347
h            0.88762609613233        0.00430642576776       -1.81483475606834
o            1.47298454496264       -2.48898198591371       -1.06450299547830
c            2.06595387211543        2.12944068838269        0.57776490817870
h            0.10301020645950        2.43429876743301       -1.36162218805954
h           -1.06716960455418        1.21568410761959       -1.82453353002557
h           -0.65445131256164        2.33429894805514        0.97645984395432
h           -2.07528829746179        2.45406576724452       -0.06582959046509
h           -2.47572394656237        0.73780142916136        1.62826578821399
h           -0.98913731725534       -1.24119657068233        1.80427368115195
h           -1.15200028535316       -1.17251410128184       -1.86047142095038
h           -1.45874828428904       -2.28830030924493       -0.52476517523140
h            0.98153481764747       -0.21985861616662        2.44229277521798
h            0.55353011733266       -2.70816347881743        0.76906277677747
h            1.92589123215769       -1.57932075281308        0.65593332366392
h           -3.94561075876518       -1.03532588710926       -1.43569286420447
h           -4.34838145417881        0.26824523668257       -0.21298672928883
h            4.07578268989007        0.60435656801249       -0.30478605728283
h            3.09985949826318       -0.57900740583944       -1.29790076735074
h            0.70042900338023       -2.78367793297255       -1.56544407551251
h            1.46226599216139        2.00620645601489        1.47218518080516
h            3.09599311945365        2.31398154989927        0.87390629397080
h            1.70491987051993        3.00647216733785        0.04290375979714
35
 energy: -46.157369582628 gnorm: 0.001226837537 xtb: 6.7.1 (edcfbbe)
c            0.02997701309015       -0.77577422501762       -0.03534976660460
c            0.65726980141718        0.41376623964759       -0.81987018403208
c           -0.39314693571778        1.52062126066619       -1.01880322793326
c           -1.23698269638446        1.81246557274715        0.22074764497259
c           -1.77030464886117        0.51029644257974        0.82932195737655
c           -0.59007883879751       -0.34073309215707        1.30990085968124
c           -1.24275314921784       -1.24902198724091       -0.77249038200910
c           -2.34983653866432       -0.36713468422930       -0.24735498536463
o            0.23572899819678        0.34488729930879        2.21809749652410
c            1.02168915885567       -1.93090890723810        0.15044201590637
c           -3.60392957887359       -0.37063078118860       -0.66005363340542
c            1.99318086244192        0.91050710836381       -0.28992237655740
c            3.10742544879862        0.28689439918023       -0.65129647019534
h            0.88682924857330        0.00469893988439       -1.81224583023934
o            1.46705194163498       -2.49564855327916       -1.06453024972447
c            2.06555142694757        2.13376624141994        0.57431071618875
h            0.09996953052676        2.43242481738218       -1.35760293704421
h           -1.06884207748036        1.21191076137758       -1.81930339681972
h           -0.65735828080794        2.33187527576263        0.98125050947808
h           -2.07754015742782        2.44894082528493       -0.06220403894344
h           -2.47548874995267        0.73158730816926        1.63197016494697
h           -0.98762751223452       -1.24383432847187        1.80692624114749
h           -1.15375171899370       -1.18371551355747       -1.85727647261414
h           -1.46041098945189       -2.29002681858423       -0.51342801874300
h            0.99144167302112       -0.21589856901953        2.43002277667707
h            0.55389584633611       -2.71005191241739        0.77204842994821
h            1.92788766927165       -1.58387659101531        0.65218642514431
h           -3.94046604542498       -1.02125137994772       -1.45017448050073
h           -4.34401496963594        0.28043435111040       -0.22732262827972
h            4.07549170502366        0.60959701764325       -0.30396063786741
h            3.10216785386051       -0.57929949673583       -1.29186655231082
h            0.69215513141310       -2.77806361843225       -1.56741918014021
h            1.45904858792429        2.01738393248408        1.46777990153378
h            3.09545677144122        2.31672437543007        0.87201698743162
h            1.70998190192866        3.00937406058922        0.03366214734601
35
 energy: -46.157374403727 gnorm: 0.001168057296 xtb: 6.7.1 (edcfbbe)
c            0.02980259582684       -0.77692344976334       -0.03399767820910
c            0.65642018450317        0.41217226358176       -0.81852746091969
c           -0.39373706171537        1.51950896602196       -1.01678713694025
c           -1.23848822199100        1.81075961592098        0.22270177780670
c           -1.77047449064553        0.50808233387528        0.83120537794671
c           -0.58925301657617       -0.34176393924415        1.31122593016510
c           -1.24265289437976       -1.25024654712591       -0.77116935118962
c           -2.34897732430843       -0.36686368116475       -0.24781700646017
o            0.23791953943830        0.34591125599424        2.21636885996560
c            1.02120610030551       -1.93236856596042        0.15108768240902
c           -3.60151120680509       -0.36501277495318       -0.66551032633546
c            1.99193420855522        0.90860954252150       -0.28768326120985
c            3.10668492959979        0.28498185272361       -0.64828042396942
h            0.88620158554922        0.00293882887244       -1.81081076573485
o            1.46599547771185       -2.49654012869752       -1.06441682825326
c            2.06437517460161        2.13462256014196        0.57288689736040
h            0.10010903333167        2.43137055483245       -1.35379180682635
h           -1.06927870154763        1.21236261652101       -1.81799372894735
h           -0.65976883522271        2.33113685994690        0.98348047408580
h           -2.07966398484231        2.44626379324671       -0.06113947643179
h           -2.47596156639095        0.72809989413805        1.63385804371370
h           -0.98436639248410       -1.24450912581187        1.81078851988522
h           -1.15275090743634       -1.18596245793611       -1.85574424089601
h           -1.46121893113246       -2.29063643881484       -0.51103205981683
h            0.99647159786449       -0.21223264449070        2.42352435913396
h            0.55268519324890       -2.71147691942348        0.77230878652561
h            1.92771254479290       -1.58633557175255        0.65292510170945
h           -3.93807895629335       -1.01441395558338       -1.45666385923426
h           -4.34153777891810        0.28549025085473       -0.23203009800929
h            4.07496438900553        0.61326371021401       -0.30678428048254
h            3.10284729649870       -0.57803075841383       -1.29310933789999
h            0.69111951772316       -2.77763892332806       -1.56740485978391
h            1.45647049326156        2.02144821068348        1.46572720067003
h            3.09420604970550        2.31730285537620        0.87158364973547
h            1.71026204194207        3.00891568749593        0.02923015141130
35
 energy: -46.157379184103 gnorm: 0.000694824995 xtb: 6.7.1 (edcfbbe)
c            0.02960896130419       -0.77705682060312       -0.03350253472902
c            0.65590955940925        0.41138347384294       -0.81848676272441
c           -0.39426391696931        1.51900878024726       -1.01605953615154
c           -1.23979797278989        1.81030328964290        0.22355926370155
c           -1.77055194234602        0.50691630296188        0.83222141655841
c           -0.58843959880152       -0.34184569568063        1.31215782946646
c           -1.24256499092643       -1.25064205711671       -0.77084933992203
c           -2.34872202909336       -0.36767446557528       -0.24705618875442
o            0.23910883851141        0.34765429087332        2.21520572402995
c            1.02136036382382       -1.93266758248181        0.15112003042230
c           -3.60084137101765       -0.36388748859414       -0.66618454023237
c            1.99144246077699        0.90891855328814       -0.28916555650484
c            3.10620621984651        0.28558429297285       -0.65064908127313
h            0.88493396205919        0.00170810628088       -1.81086525366728
o            1.46745353787064       -2.49497790282413       -1.06445901877316
c            2.06357395935755        2.13430148531130        0.57246509765858
h            0.10037256535508        2.43093124809356       -1.35148558279533
h           -1.06960541403016        1.21361500488694       -1.81821540010053
h           -0.66132693031451        2.33161542085925        0.98404608311242
h           -2.08149398215962        2.44513455063699       -0.06068397494109
h           -2.47630266552096        0.72654045050148        1.63473693818803
h           -0.98149829107703       -1.24435074174669        1.81362373549147
h           -1.15196369885618       -1.18488719492121       -1.85538279196606
h           -1.46128367215383       -2.29138015512606       -0.51233731834970
h            0.99894193773417       -0.20915172734002        2.42089502963139
h            0.55193713488789       -2.71234253712306        0.77127803419798
h            1.92710834958030       -1.58700072693392        0.65486589127984
h           -3.93687490942290       -1.01037567926066       -1.46009393845006
h           -4.33998064565137        0.28849863954278       -0.23353279991610
h            4.07441331181047        0.61159743767184       -0.30572478020108
h            3.10216693762968       -0.58006746950607       -1.29210612814412
h            0.69316928738603       -2.77938984983749       -1.56677852907354
h            1.45534387258089        2.02067485964447        1.46494433331539
h            3.09321814618627        2.31724010278792        0.87173052271804
h            1.70891030779712        3.00835757512345        0.02897795187208
35
 energy: -46.157380612984 gnorm: 0.000349946907 xtb: 6.7.1 (edcfbbe)
c            0.02964665237101       -0.77740852065359       -0.03347307222686
c            0.65551990377385        0.41182066210807       -0.81799297362164
c           -0.39463405730104        1.51948838447171       -1.01575097940566
c           -1.24015844103937        1.80976520762537        0.22407821986176
c           -1.77087220125987        0.50629808827922        0.83268664222986
c           -0.58823934362811       -0.34191952723357        1.31230065807522
c           -1.24274915044936       -1.25094642637523       -0.77065978213004
c           -2.34895943803572       -0.36780462806145       -0.24710399016672
o            0.23895883292407        0.34787176664101        2.21561809268481
c            1.02163813004197       -1.93301286146188        0.15126183189038
c           -3.60073599327210       -0.36270668906812       -0.66717630893448
c            1.99153333472723        0.90898764506965       -0.28927741213184
c            3.10590475654832        0.28513634143844       -0.65070940037515
h            0.88403506289510        0.00241227322206       -1.81058067958320
o            1.46882518329192       -2.49426375949793       -1.06424138262157
c            2.06391271058423        2.13447428542949        0.57208404654572
h            0.09967269145835        2.43173233149332       -1.35103386365481
h           -1.06981210520517        1.21395592515146       -1.81802839762511
h           -0.66218062487642        2.33165899863458        0.98440629406882
h           -2.08230619407170        2.44378077541448       -0.06019113759652
h           -2.47667407383800        0.72560419481326        1.63531190307813
h           -0.98129390009113       -1.24447337675816        1.81353047174665
h           -1.15221653740931       -1.18521624388581       -1.85534600305835
h           -1.46131394858025       -2.29186193523020       -0.51221918444171
h            1.00036304665430       -0.20774943074446        2.41967486972498
h            0.55207444219131       -2.71329054162594        0.77054901103889
h            1.92685247194390       -1.58737392299415        0.65611638251274
h           -3.93673243744589       -1.00882855662886       -1.46128974204426
h           -4.33951397383817        0.29006400210462       -0.23451595487415
h            4.07418594807670        0.61072034612822       -0.30590354034032
h            3.10126024548610       -0.58075672923520       -1.29177509775681
h            0.69493872039830       -2.78090266010458       -1.56633829236731
h            1.45524867134794        2.02127516952682        1.46437079062553
h            3.09347506147145        2.31697214865259        0.87152634415298
h            1.71001423693231        3.00878303385388        0.02830046169410
35
 energy: -46.157381435734 gnorm: 0.000279309019 xtb: 6.7.1 (edcfbbe)
c            0.02969470636159       -0.77749752896310       -0.03330939452154
c            0.65519568351892        0.41201756270574       -0.81806276864189
c           -0.39519500211612        1.51964144829769       -1.01486724203224
c           -1.24096285467006        1.80961680621406        0.22471607890580
c           -1.77107913139345        0.50585583444988        0.83314272002146
c           -0.58844136272012       -0.34244924802451        1.31253111380859
c           -1.24273077724929       -1.25115089314733       -0.77033731074094
c           -2.34898320761028       -0.36786577618555       -0.24708545324082
o            0.23853433076255        0.34749296483193        2.21599412173588
c            1.02188294731611       -1.93300427602764        0.15128188174653
c           -3.60033991751989       -0.36140550350614       -0.66827154468573
c            1.99142058091292        0.90890796802448       -0.28940863998791
c            3.10545970953913        0.28439008181459       -0.65044950321441
h            0.88341555216980        0.00311633050971       -1.81093330038424
o            1.47033063294225       -2.49333488795937       -1.06411307445259
c            2.06429347563713        2.13472672871308        0.57137918896836
h            0.09880560795947        2.43213166563562       -1.35001483136108
h           -1.07022469325643        1.21404481902231       -1.81720955754800
h           -0.66321366706065        2.33157502218333        0.98511380540482
h           -2.08339954054915        2.44324505008832       -0.05948560026814
h           -2.47685664207380        0.72475600698859        1.63589759488976
h           -0.98132546390775       -1.24520869509675        1.81357178745944
h           -1.15234298980265       -1.18595202223380       -1.85511006294019
h           -1.46110327601128       -2.29205542676176       -0.51148827433993
h            1.00166024289908       -0.20663049773311        2.41791178478245
h            0.55215125357868       -2.71377995773188        0.76974310050947
h            1.92652027365378       -1.58729962978127        0.65719852423333
h           -3.93622942048554       -1.00686705133875       -1.46287953600357
h           -4.33880573009338        0.29178463027158       -0.23583625669148
h            4.07386613729643        0.60973301629512       -0.30604384738945
h            3.10024075427116       -0.58157268954342       -1.29132846421269
h            0.69714114819003       -2.78291228485150       -1.56576684548459
h            1.45487381155830        2.02249136964784        1.46327608406837
h            3.09377537986942        2.31651012358143        0.87143693452330
h            1.71163913085980        3.00923471010971        0.02701561205791
35
 energy: -46.157381789619 gnorm: 0.000127925447 xtb: 6.7.1 (edcfbbe)
c            0.02950654888551       -0.77746388079375       -0.03338287740465
c            0.65479037657107        0.41220362629212       -0.81795637662728
c           -0.39576858585023        1.51971926825071       -1.01434973214906
c           -1.24121148510867        1.80952023341776        0.22549312127058
c           -1.77118798742711        0.50548235018781        0.83338286606688
c           -0.58832651209894       -0.34257031397596        1.31255378696318
c           -1.24281634061789       -1.25149232903825       -0.77021205890512
c           -2.34889206259852       -0.36788775765449       -0.24726452100598
o            0.23872062612462        0.34737377347741        2.21591270540999
c            1.02204625786093       -1.93263467176871        0.15123610396238
c           -3.59996654373030       -0.36055041542146       -0.66926860643835
c            1.99114236931093        0.90878635132856       -0.28940881324959
c            3.10500107024423        0.28360086149223       -0.65004357028378
h            0.88274373455695        0.00347358996412       -1.81092514560562
o            1.47135283530138       -2.49240865412424       -1.06410958274946
c            2.06429801701190        2.13488891522648        0.57092062365994
h            0.09818831830848        2.43225836514604       -1.34935140928839
h           -1.07098363075386        1.21429406351789       -1.81661768295900
h           -0.66343580971114        2.33125197619486        0.98609537109845
h           -2.08368338859915        2.44324822289692       -0.05847845967057
h           -2.47695026395983        0.72397005894435        1.63624360131472
h           -0.98092033117507       -1.24547609211013        1.81364592686866
h           -1.15244085485504       -1.18694825477271       -1.85496348627827
h           -1.46126440373327       -2.29219317206945       -0.51072703242585
h            1.00288606076099       -0.20570633851155        2.41611663926677
h            0.55228108328801       -2.71368854762596        0.76928316480687
h            1.92633089752615       -1.58675263003316        0.65771332781110
h           -3.93575446388688       -1.00549374669528       -1.46436226709247
h           -4.33831734171945        0.29284576811368       -0.23697763733217
h            4.07357661458075        0.60868179303141       -0.30585848154518
h            3.09938519045427       -0.58237625482180       -1.29090864938594
h            0.69879512304661       -2.78457496487187       -1.56522918734673
h            1.45396918563174        2.02361119503244        1.46230042068072
h            3.09370088410165        2.31587270040133        0.87185448954641
h            1.71287249503593        3.00942068187177        0.02585225399083
35
 energy: -46.157381862453 gnorm: 0.000073462768 xtb: 6.7.1 (edcfbbe)
c            0.02952582214587       -0.77750745884249       -0.03340240851677
c            0.65459704013162        0.41217943982858       -0.81805289154825
c           -0.39584909095189        1.51988365556182       -1.01413356100987
c           -1.24125432735310        1.80946767234958        0.22582085838544
c           -1.77126753545703        0.50534328935303        0.83350885627767
c           -0.58828013165553       -0.34266452854551        1.31252904129502
c           -1.24283387384339       -1.25155292083097       -0.77009632534983
c           -2.34888628955234       -0.36777530802890       -0.24738480907681
o            0.23896393552773        0.34738572595602        2.21561754319937
c            1.02213554748946       -1.93257958849385        0.15128137934688
c           -3.59988940783584       -0.36026150934434       -0.66967542545472
c            1.99090122344986        0.90869412447369       -0.28939028132425
c            3.10476285768488        0.28344555106771       -0.64992957259755
h            0.88248956321978        0.00354122267236       -1.81108254858439
o            1.47166909236320       -2.49225443769688       -1.06409927783392
c            2.06414243679334        2.13494437479592        0.57077631602632
h            0.09806659125624        2.43243126955342       -1.34915331742575
h           -1.07128575758315        1.21456499106059       -1.81624663751749
h           -0.66334164767531        2.33093121286680        0.98650750993758
h           -2.08360705790467        2.44350785139277       -0.05788281395846
h           -2.47713463130950        0.72361159481444        1.63633936342095
h           -0.98073073661275       -1.24556890770100        1.81381614091428
h           -1.15237579269629       -1.18741927104811       -1.85482876836278
h           -1.46138072981094       -2.29209938876383       -0.51018243824112
h            1.00360828077382       -0.20531154485169        2.41493618376748
h            0.55239954803755       -2.71371355430848        0.76921514048408
h            1.92636499184608       -1.58665608583226        0.65778591622149
h           -3.93560384369572       -1.00513471007445       -1.46489282403652
h           -4.33831111765832        0.29326411014284       -0.23762324588448
h            4.07335138649588        0.60839668668798       -0.30557135601061
h            3.09914639358650       -0.58265576790929       -1.29066389753492
h            0.69931938660282       -2.78531270938481       -1.56500227322148
h            1.45330849727214        2.02417865837366        1.46186718057124
h            3.09347243301334        2.31549889285531        0.87224473732481
h            1.71347462668241        3.00948313834948        0.02525733129137
