54
 energy: -1030.690644316289 gnorm: 0.000939462841 xtb: 6.7.1 (edcfbbe)
c           -1.34249773119085       -1.47906973932029        2.01024991655973
c           -2.73168896542764       -1.29914956892337        1.36449940240714
c           -2.71733706051121       -0.67783795902193       -0.06401173262170
c           -1.67613029658315        0.51181946243340       -0.18589528999668
c           -0.28499981336171        0.29692538734605        0.54189381631625
c           -0.56631553237513       -0.14579513689669        2.00411677713309
c           -1.38945585276668        0.83413190841169       -1.67106245472375
c           -0.60761814630703        2.15738627638239       -1.78566345204457
c            0.71362287407068        2.11134968946966       -0.98704862887600
c            0.56742203670776        1.64740335571222        0.49804514448790
c            0.80731936945927       -0.72621092170198        0.00902156218220
c            1.96623134188989        1.16672511651533        0.93519507394902
c            2.06222621639471       -0.18883318645051        0.30608704682934
c            3.26992782682321       -0.80678238969044        0.06528019738133
c            3.26231875174003       -2.07522237219462       -0.51623998290198
c            2.05000871167732       -2.65676852767794       -0.78668632757317
c            0.81114023986489       -2.03499249253591       -0.51726366893074
o           -0.22465276751537       -2.86331576828576       -0.78366762178500
o            4.42649959417500       -0.13785392062465        0.40847520509502
o           -2.43802431225520       -1.72193812943014       -0.99431136769323
c           -4.18411441155722       -0.24309121254197       -0.38855782260405
c           -2.42613658653686        1.71997807559335        0.44018510624865
c            1.42840505259942        3.47816902666172       -1.11237988992982
c            0.18647279097680        2.81619340545830        1.44866115342596
h           -1.47739871082437       -1.82060932517631        3.02991398987539
h           -0.77548946318809       -2.23926001753418        1.48895973838951
h           -3.32321805407099       -0.65064520951668        1.99684812060734
h           -3.24830265860876       -2.25044001927357        1.30301957985885
h            0.36940608596978       -0.26389408277030        2.53184424791176
h           -1.14486451134398        0.60337597271635        2.52250218502589
h           -0.80071761499154        0.03703936345557       -2.10696458321117
h           -2.31452112789488        0.91518581573581       -2.22590179632129
h           -0.36761492882720        2.34517279645805       -2.82514467663856
h           -1.22089522091302        2.98161464307794       -1.45290629838747
h            1.33679107005248        1.36957214410705       -1.46634076158138
h            2.03074907722479        1.09753806611859        2.01456509966505
h            2.75315166020211        1.82879318102781        0.60490329217429
h            4.18310307530882       -2.59291044707275       -0.73573980377932
h            1.99785053085665       -3.64696291631093       -1.21204757394149
h           -1.11387158633787       -2.43518536513344       -0.80122101099385
h            5.20271054803781       -0.68192634463379        0.18318796300740
h           -2.59916058323545       -1.41499203595829       -1.90313639167525
h           -4.78233015701960       -1.14500498298224       -0.45487073632495
h           -4.60304509940566        0.38260052692248        0.38518903485404
h           -4.24369259633401        0.28231510579339       -1.33318554543687
h           -2.78807694749942        1.48792860222796        1.42953532453883
h           -1.81032166585371        2.58851636654600        0.50306406754796
h           -3.26835712984558        1.97750951380684       -0.18123554649020
h            2.35828499461591        3.49293010980526       -0.55951740691557
h            1.65049601377811        3.67801272252208       -2.15381593395252
h            0.79951233088254        4.27768007267376       -0.74474457060820
h            1.09925975673349        3.30251202581134        1.76799181784249
h           -0.41886425503012        3.57246485694486        0.97592232508374
h           -0.32495469501737        2.46430665556036        2.33257609958637
54
 energy: -1030.690644872663 gnorm: 0.001051120875 xtb: 6.7.1 (edcfbbe)
c           -1.34285559747292       -1.47919753830937        2.00947152578477
c           -2.73232072433783       -1.29893101725702        1.36407108544196
c           -2.71698170762432       -0.67738501095682       -0.06407983155391
c           -1.67573623902872        0.51181221678703       -0.18608509284326
c           -0.28471663519216        0.29643429493361        0.54201834535012
c           -0.56542998930807       -0.14669278071407        2.00398173370960
c           -1.38979318854356        0.83449880253012       -1.67101903814138
c           -0.60772463029812        2.15755977112500       -1.78580518945679
c            0.71341987903489        2.11102671862070       -0.98728667577767
c            0.56717973675199        1.64735651125214        0.49781267502423
c            0.80772899510932       -0.72578424086300        0.00906019367753
c            1.96602240718926        1.16716921036010        0.93504464391445
c            2.06248163999502       -0.18815003578385        0.30609322236818
c            3.27033955768710       -0.80577951475949        0.06563294486294
c            3.26271218845891       -2.07459563604782       -0.51531485941664
c            2.05038218152953       -2.65652627168069       -0.78607518526499
c            0.81138100922625       -2.03475757903208       -0.51731006549147
o           -0.22502522261169       -2.86318481397524       -0.78241944177631
o            4.42692344959254       -0.13665625244920        0.40865773941213
o           -2.43897998943899       -1.72139707558116       -0.99491314761225
c           -4.18346144508029       -0.24196777026299       -0.38833077835109
c           -2.42776509064749        1.71832608149349        0.44042058803033
c            1.42847064448074        3.47740185670102       -1.11332998923193
c            0.18803754476184        2.81631258819540        1.44889274247316
h           -1.47742438420914       -1.82103395501251        3.02914795365750
h           -0.77616926460933       -2.23937894143827        1.48749290154174
h           -3.32350909177382       -0.65013904992050        1.99653165211781
h           -3.24937420505003       -2.24998368081761        1.30269130550045
h            0.37048856658612       -0.26575679276855        2.53128250979766
h           -1.14330970939939        0.60279445736509        2.52270778713257
h           -0.80121083049291        0.03736845257978       -2.10704710995420
h           -2.31502540401973        0.91565688712875       -2.22556127782294
h           -0.36780955471031        2.34543596710695       -2.82527355686731
h           -1.22099102883357        2.98155168245672       -1.45245862913839
h            1.33603392571640        1.36873908567177       -1.46630337182721
h            2.03047516061647        1.09781255958856        2.01441171532560
h            2.75275401203893        1.82961635697086        0.60507372702735
h            4.18358153067417       -2.59238444962009       -0.73438210959276
h            1.99838210129833       -3.64700932657510       -1.21106850627533
h           -1.11433218256566       -2.43456616828452       -0.80121626050958
h            5.20324667484288       -0.68122223801303        0.18442302681111
h           -2.60149243970955       -1.41439138387244       -1.90365277706387
h           -4.78151611961420       -1.14406462220604       -0.45535860152921
h           -4.60369616744560        0.38372424631285        0.38490047745393
h           -4.24246872326174        0.28327501388946       -1.33312616943088
h           -2.78843582992986        1.48543807433312        1.43026722698512
h           -1.81294172321808        2.58744636507036        0.50324577096368
h           -3.27066035818856        1.97508100386800       -0.18044352885284
h            2.35812624655251        3.49207507752983       -0.56010761694679
h            1.65094531970391        3.67677444652568       -2.15477765903844
h            0.79939845574144        4.27701763567499       -0.74612841408122
h            1.10118032407049        3.30220361753476        1.76774903894383
h           -0.41723093546922        3.57313325937570        0.97695827721661
h           -0.32306068252435        2.46435273614905        2.33300694329824
54
 energy: -1030.690646907734 gnorm: 0.000815529031 xtb: 6.7.1 (edcfbbe)
c           -1.34299811478029       -1.47952949421191        2.00897198926096
c           -2.73242388835947       -1.29855078922452        1.36358562801949
c           -2.71740706318146       -0.67710402558560       -0.06448215293604
c           -1.67580890318907        0.51179053187614       -0.18579262619207
c           -0.28448522060978        0.29633535891830        0.54180620224970
c           -0.56515157338723       -0.14724815486504        2.00356905136365
c           -1.39022660937472        0.83457998606730       -1.67063489749714
c           -0.60809846143022        2.15754816153065       -1.78562225925905
c            0.71321714849482        2.11068459823809       -0.98757905967651
c            0.56714812849054        1.64739458744614        0.49758973319290
c            0.80807465272835       -0.72545476731992        0.00898205746108
c            1.96598526462194        1.16748806637055        0.93484658365813
c            2.06272487652911       -0.18770034142572        0.30596073124045
c            3.27066914567345       -0.80524900372685        0.06583549026899
c            3.26302772514595       -2.07423814825867       -0.51475490187381
c            2.05067943205106       -2.65641752978867       -0.78555707112263
c            0.81165626925168       -2.03468816852259       -0.51695095509384
o           -0.22521902606321       -2.86300257070923       -0.78130246768596
o            4.42719995383016       -0.13592722247147        0.40875991083972
o           -2.43952691215354       -1.72108788426318       -0.99549760267833
c           -4.18395524229244       -0.24233181919460       -0.38899841661722
c           -2.42544647725064        1.71916306612413        0.44195107334847
c            1.42861551083807        3.47673007087538       -1.11401336121277
c            0.18674248867962        2.81603597304153        1.44840521103747
h           -1.47740087215859       -1.82170530941670        3.02856350545825
h           -0.77673404895009       -2.23970306993801        1.48644585742525
h           -3.32346539533708       -0.64966656007154        1.99611468928010
h           -3.24970438088416       -2.24948264377494        1.30228517716734
h            0.37094333755282       -0.26730499298871        2.53038751808256
h           -1.14220943663555        0.60240215412211        2.52300337790149
h           -0.80202506491724        0.03738615412303       -2.10706393165978
h           -2.31567630594448        0.91605200254666       -2.22474593913937
h           -0.36847023570598        2.34554163885795       -2.82512693989099
h           -1.22117022455924        2.98151752957220       -1.45184918050026
h            1.33537473298475        1.36801385707361       -1.46651408406778
h            2.03019234499408        1.09808912352442        2.01421608620645
h            2.75255601602708        1.83025711450430        0.60520822872978
h            4.18393595954222       -2.59218248011359       -0.73334883833913
h            1.99884084480001       -3.64713339396856       -1.21011279006497
h           -1.11435177934323       -2.43381644606625       -0.80145149494006
h            5.20359764206452       -0.68087004167373        0.18553924263369
h           -2.60344189094889       -1.41428410902418       -1.90410234909206
h           -4.78165127359373       -1.14460384251546       -0.45657374148758
h           -4.60479586967072        0.38309681501851        0.38412448856743
h           -4.24258076818468        0.28333202229486       -1.33357625819616
h           -2.78637297016472        1.48529317424879        1.43152916956204
h           -1.80961080569980        2.58777168908988        0.50574515749115
h           -3.26833388298390        1.97705852756695       -0.17843426865006
h            2.35814048108411        3.49152045672017       -0.56060485107245
h            1.65135060459414        3.67554007969660       -2.15551228118859
h            0.79953214197521        4.27658651448276       -0.74734037729031
h            1.09972007738476        3.30290981572376        1.76637010540247
h           -0.41998489201230        3.57190605544582        0.97670714623211
h           -0.32295579880948        2.46371547706204        2.33321228909769
54
 energy: -1030.690646907734 gnorm: 0.000815529031 xtb: 6.7.1 (edcfbbe)
c           -1.34299811478029       -1.47952949421191        2.00897198926096
c           -2.73242388835947       -1.29855078922452        1.36358562801949
c           -2.71740706318146       -0.67710402558560       -0.06448215293604
c           -1.67580890318907        0.51179053187614       -0.18579262619207
c           -0.28448522060978        0.29633535891830        0.54180620224970
c           -0.56515157338723       -0.14724815486504        2.00356905136365
c           -1.39022660937472        0.83457998606730       -1.67063489749714
c           -0.60809846143022        2.15754816153065       -1.78562225925905
c            0.71321714849482        2.11068459823809       -0.98757905967651
c            0.56714812849054        1.64739458744614        0.49758973319290
c            0.80807465272835       -0.72545476731992        0.00898205746108
c            1.96598526462194        1.16748806637055        0.93484658365813
c            2.06272487652911       -0.18770034142572        0.30596073124045
c            3.27066914567345       -0.80524900372685        0.06583549026899
c            3.26302772514595       -2.07423814825867       -0.51475490187381
c            2.05067943205106       -2.65641752978867       -0.78555707112263
c            0.81165626925168       -2.03468816852259       -0.51695095509384
o           -0.22521902606321       -2.86300257070923       -0.78130246768596
o            4.42719995383016       -0.13592722247147        0.40875991083972
o           -2.43952691215354       -1.72108788426318       -0.99549760267833
c           -4.18395524229244       -0.24233181919460       -0.38899841661722
c           -2.42544647725064        1.71916306612413        0.44195107334847
c            1.42861551083807        3.47673007087538       -1.11401336121277
c            0.18674248867962        2.81603597304153        1.44840521103747
h           -1.47740087215859       -1.82170530941670        3.02856350545825
h           -0.77673404895009       -2.23970306993801        1.48644585742525
h           -3.32346539533708       -0.64966656007154        1.99611468928010
h           -3.24970438088416       -2.24948264377494        1.30228517716734
h            0.37094333755282       -0.26730499298871        2.53038751808256
h           -1.14220943663555        0.60240215412211        2.52300337790149
h           -0.80202506491724        0.03738615412303       -2.10706393165978
h           -2.31567630594448        0.91605200254666       -2.22474593913937
h           -0.36847023570598        2.34554163885795       -2.82512693989099
h           -1.22117022455924        2.98151752957220       -1.45184918050026
h            1.33537473298475        1.36801385707361       -1.46651408406778
h            2.03019234499408        1.09808912352442        2.01421608620645
h            2.75255601602708        1.83025711450430        0.60520822872978
h            4.18393595954222       -2.59218248011359       -0.73334883833913
h            1.99884084480001       -3.64713339396856       -1.21011279006497
h           -1.11435177934323       -2.43381644606625       -0.80145149494006
h            5.20359764206452       -0.68087004167373        0.18553924263369
h           -2.60344189094889       -1.41428410902418       -1.90410234909206
h           -4.78165127359373       -1.14460384251546       -0.45657374148758
h           -4.60479586967072        0.38309681501851        0.38412448856743
h           -4.24258076818468        0.28333202229486       -1.33357625819616
h           -2.78637297016472        1.48529317424879        1.43152916956204
h           -1.80961080569980        2.58777168908988        0.50574515749115
h           -3.26833388298390        1.97705852756695       -0.17843426865006
h            2.35814048108411        3.49152045672017       -0.56060485107245
h            1.65135060459414        3.67554007969660       -2.15551228118859
h            0.79953214197521        4.27658651448276       -0.74734037729031
h            1.09972007738476        3.30290981572376        1.76637010540247
h           -0.41998489201230        3.57190605544582        0.97670714623211
h           -0.32295579880948        2.46371547706204        2.33321228909769
