35
 energy: -657.276124565495 gnorm: 0.001270017671 xtb: 6.7.1 (edcfbbe)
c           -0.04441588786783       -0.58578492473143        0.30727412730543
c           -1.04959082393230        0.55306049764270        0.73316008657893
c           -0.38456999892007        1.96570619045296        0.62701166631977
c            0.55524450032463        2.16036627312750       -0.58391325699546
c            1.46162814012656        0.92142052478506       -0.80971170024426
c            0.56209089231380       -0.29299701677407       -1.10120226123405
c            1.22579081683930       -0.47988763824865        1.21279620118215
c            2.15171143790192        0.49839531715750        0.48680532335148
o            1.31409083631815       -1.41421206556980       -1.63225209516547
c           -0.75094267707549       -1.95816791180273        0.41062416973906
c            3.36202056021625        0.89973071183521        0.89278164718550
c           -2.44816473476817        0.50821848531518        0.10758032559104
c           -3.50618346763878        0.21671095523759        0.88422330129140
h           -1.21945113724989        0.37673732209209        1.80853809174319
o            0.11826788870737       -3.08588758474332        0.28164557448437
c           -2.66000681798965        0.85634018785764       -1.35484235943775
h           -1.16578068711864        2.74253163854956        0.62746610977028
h            0.20159070656972        2.13036366420657        1.54509779120974
h           -0.01832275386133        2.34571549371110       -1.50728796089855
h            1.18391194160847        3.04999999853709       -0.41809573960791
h            2.17181019064156        1.12306936860910       -1.62794432894935
h           -0.19693086851615       -0.08309904041141       -1.86442367811549
h            1.70186999925604       -1.46833105505693        1.31094417280618
h            0.98292038546229       -0.14632325600100        2.23439084948587
h            2.22500730532808       -1.38025237372688       -1.27047565625362
h           -1.56487675563651       -2.00089302903602       -0.33911417520575
h           -1.22789103173545       -2.04676748254717        1.40100333340352
h            3.79374511952390        0.56373023475293        1.83917620505820
h            3.96604625242924        1.58734965289253        0.29537051990188
h           -4.52488182479515        0.21353937391701        0.48861654635752
h           -3.39611764350914       -0.02608383049105        1.94406395232606
h            0.62453140413305       -2.93010188188912       -0.54686273496445
h           -2.18475391294063        1.81372100264979       -1.62029121407274
h           -2.23866731520199        0.09209260020262       -2.02691233766350
h           -3.73233033094396        0.93894888662222       -1.58453132996787
35
 energy: -657.276128160324 gnorm: 0.000832578224 xtb: 6.7.1 (edcfbbe)
c           -0.04426655574840       -0.58505014721104        0.30733854322635
c           -1.05000284766706        0.55419763528318        0.73368338131560
c           -0.38425677796281        1.96653241657450        0.62716272292085
c            0.55564527820886        2.16161994338492       -0.58339417673921
c            1.46207421841361        0.92238320104324       -0.80901401232435
c            0.56257742467020       -0.29199237222957       -1.10118335036763
c            1.22610664377987       -0.47987967182379        1.21322590580475
c            2.15225414733328        0.49919981951517        0.48755640614030
o            1.31404583253311       -1.41342610759528       -1.63329994286196
c           -0.75128427545322       -1.95702595997940        0.41101889488553
c            3.36276540515014        0.89942855339692        0.89303846791261
c           -2.44897693548538        0.51031700855542        0.10775123483903
c           -3.50730752883853        0.21961909053777        0.88447208891789
h           -1.22039633988387        0.37805317379276        1.80891096688346
o            0.11721548740074       -3.08571332536714        0.28044864608485
c           -2.66077344368014        0.85454336438890       -1.35553816957163
h           -1.16504518152979        2.74359641667285        0.62749557052924
h            0.20157945203173        2.13004413128444        1.54550113223563
h           -0.01795218521864        2.34648876847383       -1.50665413066791
h            1.18415001929634        3.05124795763047       -0.41749164202045
h            2.17239242535656        1.12463719537219       -1.62676570346718
h           -0.19590523610886       -0.08137941089044       -1.86453178728300
h            1.70226643366788       -1.46830644941927        1.31019507665765
h            0.98381407958957       -0.14652024166987        2.23486700903435
h            2.22475391572061       -1.38188794994899       -1.27024843963459
h           -1.56608736195246       -1.99923715717564       -0.33776027166251
h           -1.22638268674841       -2.04565937902419        1.40220291599968
h            3.79555880051836        0.56149358013441        1.83798794454029
h            3.96808026657925        1.58576310188815        0.29566557273321
h           -4.52524629400132        0.20900423303925        0.48762729567446
h           -3.39700175572304       -0.02790629515130        1.94277426989320
h            0.62257240545077       -2.93102351946262       -0.54888487096892
h           -2.18402210070926        1.81029259677658       -1.62356314078836
h           -2.24143503390666        0.08744797424907       -2.02555252277227
h           -3.73311044282297        0.93805728374377       -1.58433402593522
35
 energy: -657.276128160324 gnorm: 0.000832578224 xtb: 6.7.1 (edcfbbe)
c           -0.04426655574840       -0.58505014721104        0.30733854322635
c           -1.05000284766706        0.55419763528318        0.73368338131560
c           -0.38425677796281        1.96653241657450        0.62716272292085
c            0.55564527820886        2.16161994338492       -0.58339417673921
c            1.46207421841361        0.92238320104324       -0.80901401232435
c            0.56257742467020       -0.29199237222957       -1.10118335036763
c            1.22610664377987       -0.47987967182379        1.21322590580475
c            2.15225414733328        0.49919981951517        0.48755640614030
o            1.31404583253311       -1.41342610759528       -1.63329994286196
c           -0.75128427545322       -1.95702595997940        0.41101889488553
c            3.36276540515014        0.89942855339692        0.89303846791261
c           -2.44897693548538        0.51031700855542        0.10775123483903
c           -3.50730752883853        0.21961909053777        0.88447208891789
h           -1.22039633988387        0.37805317379276        1.80891096688346
o            0.11721548740074       -3.08571332536714        0.28044864608485
c           -2.66077344368014        0.85454336438890       -1.35553816957163
h           -1.16504518152979        2.74359641667285        0.62749557052924
h            0.20157945203173        2.13004413128444        1.54550113223563
h           -0.01795218521864        2.34648876847383       -1.50665413066791
h            1.18415001929634        3.05124795763047       -0.41749164202045
h            2.17239242535656        1.12463719537219       -1.62676570346718
h           -0.19590523610886       -0.08137941089044       -1.86453178728300
h            1.70226643366788       -1.46830644941927        1.31019507665765
h            0.98381407958957       -0.14652024166987        2.23486700903435
h            2.22475391572061       -1.38188794994899       -1.27024843963459
h           -1.56608736195246       -1.99923715717564       -0.33776027166251
h           -1.22638268674841       -2.04565937902419        1.40220291599968
h            3.79555880051836        0.56149358013441        1.83798794454029
h            3.96808026657925        1.58576310188815        0.29566557273321
h           -4.52524629400132        0.20900423303925        0.48762729567446
h           -3.39700175572304       -0.02790629515130        1.94277426989320
h            0.62257240545077       -2.93102351946262       -0.54888487096892
h           -2.18402210070926        1.81029259677658       -1.62356314078836
h           -2.24143503390666        0.08744797424907       -2.02555252277227
h           -3.73311044282297        0.93805728374377       -1.58433402593522
