35
 energy: -46.151062555066 gnorm: 0.051201858689 xtb: 6.7.1 (edcfbbe)
c            0.11875372561618       -0.59267115424472        0.43261089289923
c           -0.94368171949450        0.52342110399313        0.76008066206888
c           -0.36260420731951        1.95264652555819        0.48521032135005
c            0.57443369688366        2.06860131097803       -0.74005813400058
c            1.54711913259413        0.86273388338074       -0.83465303477449
c            0.70010157542378       -0.40720931612646       -1.00472593408858
c            1.38763191093778       -0.33258118255374        1.31307498142839
c            2.24711661565241        0.63310846433877        0.49854655689757
o            1.55611152405507       -1.49215486636613       -1.38559544671835
c           -0.44764179936440       -2.00494143391774        0.66824164851093
c            3.40358700745468        1.18308772479158        0.88500091061001
c           -2.34706937204345        0.33430598518727        0.18079972741941
c           -3.36959428436359        0.07761895955427        1.01523462135023
h           -1.08277040136694        0.45879218927201        1.85240762383744
o           -1.12608845806480       -2.44660891867276       -0.52197268187911
c           -2.60719257833553        0.51063824000463       -1.30267624825628
h           -1.18946157705033        2.67496673371866        0.39460108437308
h            0.20487168703534        2.25907293563394        1.37820478696086
h           -0.00389213252428        2.12892112297176       -1.67712146663332
h            1.15131407025420        3.00450649626522       -0.66479722443859
h            2.25078372274465        1.00834046023889       -1.66923067329171
h           -0.08211250278532       -0.26258138727384       -1.76444788899431
h            1.93871211632289       -1.27232734853062        1.47821616990940
h            1.13439421321225        0.06539711536774        2.30848821862058
h            0.97023714850737       -2.26652520938379       -1.52263775612991
h           -1.13413235331871       -1.99506455128388        1.53401826961500
h            0.37534705035513       -2.70116684843726        0.91327635478099
h            3.83572649560259        0.98701884162873        1.86980701393857
h            3.96633871998504        1.85094035150028        0.22803647316052
h           -4.39526120608985       -0.02249581889632        0.65218141572333
h           -3.22302621265506       -0.03716934971127        2.09224849256674
h           -1.63167355231506       -3.25570789515748       -0.30230879868581
h           -2.19297178894715        1.45818015884496       -1.68212729474612
h           -2.15437456215731       -0.30326405847129       -1.88751746713053
h           -3.68742191576003        0.51121723746241       -1.51235503839089
35
 energy: -46.156911495486 gnorm: 0.014348087964 xtb: 6.7.1 (edcfbbe)
c            0.12177445086083       -0.57792288407097        0.43256541628137
c           -0.93448128663925        0.52357701622640        0.75402521322371
c           -0.35532269488414        1.93701774436943        0.48039506166047
c            0.56958054745392        2.05868088926095       -0.73576820044104
c            1.53619104801158        0.86597486603821       -0.82143628139453
c            0.69692632744498       -0.40012650544435       -0.99382300712044
c            1.37961037795558       -0.32195134149029        1.30481128477492
c            2.22569818920381        0.64145974409070        0.50293916988070
o            1.53817115485507       -1.48155390985484       -1.38050281586800
c           -0.44947315230398       -1.98509738243303        0.66148255729414
c            3.37318847877603        1.17801109285077        0.88246803228202
c           -2.32852002711553        0.33396164454661        0.17666872959660
c           -3.34115903934677        0.07839717421454        0.99994471004614
h           -1.07783761380402        0.46031512336162        1.84127934889942
o           -1.12650873398232       -2.43318011886339       -0.51321089187440
c           -2.59124838907587        0.50765735956045       -1.29203776567887
h           -1.18380935468065        2.64563317382695        0.38148961878359
h            0.21444219644901        2.23937364988990        1.36444187225694
h           -0.00550867917250        2.10938680842404       -1.66549859165198
h            1.14330072270811        2.98713154445811       -0.65297195829117
h            2.24039503644327        1.00205594924602       -1.64697645356680
h           -0.08408590178690       -0.26865705804099       -1.74782061387087
h            1.93430375094375       -1.25402161092005        1.45412986430039
h            1.12972214590075        0.07284704414632        2.29257943767357
h            0.95998207867993       -2.25056985959160       -1.50749973426142
h           -1.14015226150383       -1.97420660511675        1.51520587200709
h            0.36689628412402       -2.68673106223744        0.89235299539942
h            3.81068618142340        0.97289492776320        1.84955580285919
h            3.93429239476846        1.83613162187388        0.23452418774166
h           -4.35595501031748       -0.02795474469958        0.64257632599482
h           -3.20534597823563       -0.03832560337545        2.06630000509328
h           -1.62391975571021       -3.23519770533630       -0.29419423820002
h           -2.17679629851860        1.44779799586458       -1.65984593019432
h           -2.14842298031327       -0.31009482425360       -1.86269063683404
h           -3.66500441993020        0.50833234737981       -1.48739724893895
35
 energy: -46.157620651571 gnorm: 0.003871047949 xtb: 6.7.1 (edcfbbe)
c            0.12042357250308       -0.57270007787980        0.43191975108430
c           -0.92326094285064        0.52693030422285        0.75604210372243
c           -0.35302162859547        1.93646311630318        0.48031388273253
c            0.56328227438172        2.05383317060137       -0.73779095444744
c            1.52798591312466        0.86695555563391       -0.82052482102476
c            0.69039162922137       -0.39690899061141       -0.99018719986194
c            1.37166835378208       -0.32094323915353        1.30042463381752
c            2.21116427447775        0.64011151174208        0.50053351513595
o            1.52493169848085       -1.47543314730150       -1.37931256953815
c           -0.45710089957050       -1.97558954676211        0.65930211015017
c            3.35794491937670        1.17161887392674        0.87881322005718
c           -2.31017909487597        0.33061248798135        0.17725600336330
c           -3.31962849946698        0.06719311847204        0.99631507067872
h           -1.06940763700179        0.46314029931449        1.84141449759554
o           -1.13658878645533       -2.41379446810269       -0.51105847866461
c           -2.56826804777310        0.50250555203596       -1.28770643858591
h           -1.18229492461726        2.64033230458743        0.38461625269765
h            0.22310904189517        2.23570342921989        1.35742516535287
h           -0.01220770447991        2.09827850024986       -1.66349344402192
h            1.13463643911113        2.98016877987385       -0.65567214537089
h            2.23527723701289        0.99710611725982       -1.64089411929147
h           -0.09147092181610       -0.26764904351794       -1.74087789545827
h            1.92860487271514       -1.24998976418076        1.43856359293634
h            1.12400554794812        0.06881787426403        2.28737565341876
h            0.95121807871762       -2.24338487431338       -1.49601814768856
h           -1.14524218788017       -1.95659270989659        1.51137096351514
h            0.35802311959736       -2.67795445623923        0.88440005511077
h            3.78872857330889        0.97226719383860        1.84534554984407
h            3.91063544285528        1.83916118112999        0.24026660501349
h           -4.32984046497428       -0.04194975394651        0.63862531711754
h           -3.18961489666965       -0.04855411076642        2.05972127353039
h           -1.63219516130076       -3.21221493492657       -0.29708306602094
h           -2.14877115577362        1.43638304506073       -1.65318664134468
h           -2.13194850210733       -0.32006215852138       -1.85038918678355
h           -3.63937974361961        0.50718536206547       -1.47778897090905
35
 energy: -46.157743039752 gnorm: 0.002645639594 xtb: 6.7.1 (edcfbbe)
c            0.12029279152336       -0.57023734208358        0.43294749676649
c           -0.91980115489872        0.52959782041517        0.75903718369133
c           -0.34948163473681        1.93784386701060        0.48086860835816
c            0.56140317241058        2.05513783913557       -0.74179303427828
c            1.52519765952655        0.86794853759406       -0.82075800124626
c            0.68801096759671       -0.39629890224672       -0.98960960429634
c            1.37296460111061       -0.32432981051490        1.29842718894913
c            2.20522768750448        0.64542402046341        0.50232043399524
o            1.52043465913748       -1.47459748502626       -1.37948200099291
c           -0.46512618954474       -1.97047030072339        0.65820640505448
c            3.34908287319530        1.18225251552314        0.88361237783032
c           -2.30480024128945        0.33096178711774        0.17926052409738
c           -3.31363449130463        0.05963527864033        0.99686244336216
h           -1.06510423207987        0.46701891188051        1.84466847473673
o           -1.14907321524877       -2.40065343748302       -0.51086790098279
c           -2.55814422540180        0.49912159515060       -1.28685731545223
h           -1.17941875319088        2.64088193301643        0.38875454646189
h            0.23140033727201        2.23791541731418        1.35440473692282
h           -0.01733680380043        2.09486206363533       -1.66542280788608
h            1.13124654845586        2.98271029453149       -0.66456880093364
h            2.23441478016393        0.99588569986272       -1.63954691357136
h           -0.09500416322290       -0.26629883216172       -1.73913221671802
h            1.93325546275752       -1.25248931345813        1.42909638961508
h            1.12628421796407        0.05885623629848        2.28806049422362
h            0.94733788906551       -2.24356538665002       -1.48897533496268
h           -1.15042522736805       -1.94785500177267        1.51220687399346
h            0.34705730081655       -2.67670079837617        0.88109258699999
h            3.78512319877979        0.97047599421012        1.84540093067576
h            3.90636259080423        1.84191795308248        0.24125577126899
h           -4.32120642091557       -0.06347662562260        0.63569714268973
h           -3.18351917687749       -0.06077276634491        2.05979398392144
h           -1.64687457285854       -3.19782659612060       -0.29960140348912
h           -2.12946758046888        1.42763263924113       -1.65453537485194
h           -2.12654765273580       -0.32992907789446       -1.84377681337971
h           -3.62852121345992        0.51046777401941       -1.47898593271034
35
 energy: -46.157869811771 gnorm: 0.002910684618 xtb: 6.7.1 (edcfbbe)
c            0.11999369831033       -0.56726546253328        0.43447867951777
c           -0.91492655914547        0.53546797629454        0.76242048076391
c           -0.34437890272012        1.94299433264884        0.48133152701847
c            0.56021769654930        2.05750570001709       -0.74754000987368
c            1.52370813874605        0.86930916161489       -0.82165561399512
c            0.68552310349344       -0.39501981287969       -0.98932724579539
c            1.37633236037876       -0.33040639149427        1.29523572364154
c            2.20365034001794        0.64622186519137        0.50189945830726
o            1.51469693443501       -1.47399977838451       -1.38053554360352
c           -0.47774634529697       -1.96369744128124        0.65753473541449
c            3.34517293252368        1.18784356609451        0.88665420076591
c           -2.29763319097822        0.32798263046984        0.18179892385426
c           -3.30449010803620        0.03894434444104        0.99697273328370
h           -1.05831452222946        0.47561714321641        1.84880910295832
o           -1.16905177714282       -2.38146869262367       -0.51006986026675
c           -2.54644536942474        0.49403409996539       -1.28572656302761
h           -1.17445844196819        2.64671179978139        0.39512235149473
h            0.24415905052566        2.24319050131669        1.35007064646148
h           -0.02380834341467        2.09099961568329       -1.66831721396271
h            1.12817845578923        2.98717064200555       -0.67889097475844
h            2.23481012798800        0.99379038915282       -1.63948279769590
h           -0.09877839136386       -0.26256062535928       -1.73748723774654
h            1.93874045196812       -1.25937150595001        1.41313155345258
h            1.13442740830092        0.04239823324452        2.29059211882909
h            0.94144533652329       -2.24467321165255       -1.47852084371610
h           -1.15926318687021       -1.93581931205599        1.51471499197528
h            0.32848230905305       -2.67779605058224        0.87762743914836
h            3.77501198463510        0.97884275575774        1.85203325915891
h            3.89597742253284        1.85802166801182        0.24891747189988
h           -4.30990596458851       -0.09513471107476        0.63213118930870
h           -3.17437878247220       -0.07902720123766        2.06059937310795
h           -1.67266509560988       -3.17617550047491       -0.30266011312541
h           -2.10079952094487        1.41312977153316       -1.65780591250906
h           -2.12571394591695       -0.34651672440602       -1.83489483408027
h           -3.61615951496610        0.51980272721289       -1.48110005834361
35
 energy: -46.157936036768 gnorm: 0.002613450812 xtb: 6.7.1 (edcfbbe)
c            0.11984376588143       -0.56657700253328        0.43446113655588
c           -0.91169683801886        0.54083255745977        0.76295586106715
c           -0.34070052842386        1.94802992090217        0.47964495816503
c            0.56214501748475        2.05830834174180       -0.75118791685373
c            1.52567030297967        0.86944587151268       -0.82276261363061
c            0.68530572771648       -0.39420233595743       -0.99015452755063
c            1.37918294572787       -0.33511438022863        1.29254261770092
c            2.20383879882103        0.64791906883119        0.50287365333577
o            1.51277333365791       -1.47460505345242       -1.38133506648209
c           -0.48522060413851       -1.96036128876849        0.65827191723451
c            3.34044157496510        1.19692407851649        0.89237218529057
c           -2.29440246728517        0.32764226875898        0.18331755835818
c           -3.29836780525628        0.02417688087415        0.99698977957361
h           -1.05365721029425        0.48393050276440        1.84996045662203
o           -1.18281921900353       -2.37067819805958       -0.50796530701074
c           -2.54379789475720        0.49213268851550       -1.28461977499355
h           -1.16926454357592        2.65447357036152        0.39687796936545
h            0.25175517586381        2.24594846346739        1.34680927991466
h           -0.02327200304902        2.08854388753517       -1.67135729722362
h            1.12960732906028        2.98885076358562       -0.68778367257390
h            2.23834849347916        0.99208782785741       -1.63995975930875
h           -0.09870343483025       -0.26004581407304       -1.73841093751678
h            1.94186297280728       -1.26571234691686        1.39891633784811
h            1.14266390051765        0.02836695175589        2.29311900206438
h            0.93876686653518       -2.24592184488911       -1.47289714631445
h           -1.16446095371438       -1.92848017893362        1.51771511190171
h            0.31588202728142       -2.68121636717837        0.87631423434111
h            3.76835207344120        0.98750665806314        1.85877298290644
h            3.88876276851508        1.87216873773752        0.25746683382296
h           -4.30195808840905       -0.12068482842806        0.63051657677898
h           -3.16635364681472       -0.09848196394267        2.06005305065220
h           -1.69475008122550       -3.16095844951451       -0.30120853412239
h           -2.08330941147180        1.40166642587162       -1.66254988951973
h           -2.13747263075854       -0.35903285388722       -1.82951774117994
h           -3.61338592502726        0.53416394231453       -1.48018018135621
35
 energy: -46.157984616188 gnorm: 0.001952565172 xtb: 6.7.1 (edcfbbe)
c            0.12031650866458       -0.56610704397167        0.43365173837945
c           -0.90954908666921        0.54468639546824        0.76226553433498
c           -0.33582686511919        1.95027901727027        0.47588531985839
c            0.56662798508831        2.05858140436842       -0.75482274251884
c            1.52849777744869        0.86805672724111       -0.82351494858909
c            0.68578476574763       -0.39444897920465       -0.99148428059755
c            1.38210945855365       -0.33997172639111        1.28996127445879
c            2.20448418312124        0.64858132719399        0.50426079919281
o            1.51194508117382       -1.47668636404939       -1.38245746429593
c           -0.48990988272663       -1.95714549073256        0.65915402615617
c            3.33433229073965        1.20699970825721        0.89948904815603
c           -2.29250662329350        0.32610202299752        0.18394485615767
c           -3.29244390473379        0.00748910598686        0.99649944869537
h           -1.05037347037562        0.49013137988228        1.84957974096966
o           -1.19364947439631       -2.36412223568089       -0.50484562040498
c           -2.54524535930829        0.49351907376302       -1.28321095508390
h           -1.16253447550161        2.65910981693874        0.39345713665515
h            0.25760058811604        2.24690199411347        1.34291851549269
h           -0.01819148794582        2.08755999365622       -1.67545116267965
h            1.13487211882624        2.98886359442379       -0.69363555024733
h            2.24243689331156        0.98915288544266       -1.63998134584386
h           -0.09779581577265       -0.25915885826369       -1.73995224181595
h            1.94455737242779       -1.27220653865084        1.38452079402729
h            1.15094880537304        0.01444254038305        2.29498020681094
h            0.93702398215713       -2.24765236573223       -1.47092155193716
h           -1.16636541467842       -1.92196591292077        1.52094829239743
h            0.30743824354087       -2.68287447020405        0.87477050584590
h            3.75883331908530        1.00224916811709        1.86836372451388
h            3.87998881479225        1.88791250968244        0.26833971167004
h           -4.29503293316166       -0.14218259738705        0.63053393810776
h           -3.15847647298681       -0.11778051090958        2.05899403993673
h           -1.71619758643491       -3.14721469057028       -0.29518980253491
h           -2.07003282027936        1.39275277573837       -1.66684101898804
h           -2.15716012171498       -0.36735203019596       -1.82677675087510
h           -3.61489660438791        0.55454487560363       -1.47537207754227
35
 energy: -46.158023572753 gnorm: 0.001919159006 xtb: 6.7.1 (edcfbbe)
c            0.12118378931024       -0.56767195451670        0.43223794564352
c           -0.90627367037211        0.54751599129410        0.75924608323429
c           -0.33106933560975        1.95157277020203        0.46955987700745
c            0.57392806763935        2.05639257487929       -0.75862117868698
c            1.53286583650140        0.86348443381768       -0.82515296689160
c            0.68618649178705       -0.39653977023192       -0.99284911258870
c            1.38494616979008       -0.34564231788368        1.28672943869976
c            2.20454506775217        0.64836607870773        0.50578152759122
o            1.51040574612029       -1.48126511479774       -1.38443138215660
c           -0.49136551407554       -1.95611516625564        0.66069939669796
c            3.32350718769513        1.22168236173769        0.90957694886502
c           -2.29026046031792        0.32706437440938        0.18370201545334
c           -3.28482925510348       -0.00662835215462        0.99601341397216
h           -1.04583827089637        0.49549656932167        1.84654203291012
o           -1.20280927820775       -2.36288924689349       -0.49956144298497
c           -2.54958370627209        0.50068409898796       -1.28164341577928
h           -1.15613233247456        2.66207511092880        0.38409993893094
h            0.26082765550642        2.24801183722826        1.33765060042733
h           -0.00761631895488        2.08778554994578       -1.68117203456536
h            1.14527635742504        2.98448122532756       -0.69540417278651
h            2.24851916466372        0.98182008922510       -1.64051078820405
h           -0.09784052759427       -0.26053507315848       -1.74071168453628
h            1.94752716186509       -1.27884741846575        1.36837179346063
h            1.15854930574008       -0.00116414852208        2.29554906777515
h            0.93378911185044       -2.25040010523883       -1.47403518602763
h           -1.16317279935646       -1.91872017963845        1.52575617723749
h            0.30426130014537       -2.68475307545753        0.87170714265045
h            3.74314777005268        1.02647382139508        1.88251234448640
h            3.86568241115367        1.90987066055979        0.28346633424881
h           -4.28624136928801       -0.16656549051251        0.63135229113636
h           -3.14693027786742       -0.14438424202752        2.05649684369870
h           -1.74067067752854       -3.13347115442056       -0.28149449723289
h           -2.05655190399558        1.38680725894639       -1.67113186155902
h           -2.18714929664697       -0.37032775191128       -1.82692677416656
h           -3.61920381175547        0.58738225683614       -1.46534357809793
35
 energy: -46.158040732147 gnorm: 0.001913499033 xtb: 6.7.1 (edcfbbe)
c            0.12221982799060       -0.56964210565095        0.43166853963011
c           -0.90472729606079        0.54538799249237        0.75832738270878
c           -0.33034694851059        1.94930746300962        0.46606684000249
c            0.57727874893567        2.05434963484626       -0.76053909342635
c            1.53386807844174        0.85974662517527       -0.82620506108696
c            0.68609388969557       -0.39931887886029       -0.99328280754117
c            1.38546520827156       -0.34714575870857        1.28638344509211
c            2.20233430110102        0.64935200757396        0.50684036517027
o            1.50892336717593       -1.48487162969052       -1.38619129027106
c           -0.48848200554693       -1.95820403366546        0.66133192308215
c            3.31515282935701        1.23126396438462        0.91468289592897
c           -2.28824511228265        0.32322740504667        0.18284933466379
c           -3.28119672017184       -0.01566547930543        0.99494664206566
h           -1.04399945452443        0.49393371434248        1.84553553866854
o           -1.20313924365211       -2.36670982708705       -0.49685710799417
c           -2.55106565973904        0.50771453994022       -1.28072766313859
h           -1.15660177968215        2.65772676073486        0.37645905527686
h            0.25862235788179        2.24958024480079        1.33477974030463
h           -0.00193068431650        2.08888000049499       -1.68446845036427
h            1.15114929960996        2.98066087450608       -0.69380316543258
h            2.25039522687564        0.97598543321482       -1.64088807651283
h           -0.09924082081880       -0.26318344750433       -1.73988650651104
h            1.94948293212068       -1.27937003372617        1.36578496944180
h            1.15842557419737       -0.00486700999952        2.29536139020398
h            0.93104479463726       -2.25251683516421       -1.47982526506688
h           -1.15708832091103       -1.92243914464698        1.52841673664654
h            0.30939038262509       -2.68536373151518        0.86867739959834
h            3.73452990965874        1.03801671782259        1.88814084439649
h            3.85812794096707        1.91777509472462        0.28783470559750
h           -4.28439651634686       -0.16419113136831        0.63261527235171
h           -3.14308120769963       -0.15018548702132        2.05550120756161
h           -1.74675310667107       -3.13075025412909       -0.27274090701846
h           -2.05271196716144        1.39110234665102       -1.66760954750919
h           -2.19788574308548       -0.36251774888516       -1.83141000296633
h           -3.62000229368036        0.60397821883106       -1.45970814568968
35
 energy: -46.158053602853 gnorm: 0.001269161409 xtb: 6.7.1 (edcfbbe)
c            0.12327128409043       -0.57138296354353        0.43226954196768
c           -0.90367346912655        0.54257773990591        0.75841286020703
c           -0.33068336408587        1.94662194644691        0.46392704419071
c            0.57852520773669        2.05263799359784       -0.76232887833678
c            1.53355139941355        0.85686904556061       -0.82680773852876
c            0.68561752999792       -0.40196537049068       -0.99294723016782
c            1.38609848816735       -0.34789002309291        1.28699982502291
c            2.20138618447835        0.64855799924203        0.50659157723055
o            1.50688007238849       -1.48760801375442       -1.38774615168205
c           -0.48584075478812       -1.96083053623305        0.66171703681836
c            3.31165073922212        1.23439182526066        0.91545393489811
c           -2.28746655229855        0.32463326137029        0.18315911084839
c           -3.28106754904727       -0.01230521836599        0.99524220734387
h           -1.04263832345973        0.49202478324116        1.84572547854220
o           -1.20238083365380       -2.36938551193691       -0.49533810767202
c           -2.55007819076397        0.51385691410004       -1.28000086555466
h           -1.15900422118864        2.65202514687694        0.37108894487994
h            0.25588738341999        2.25130626307700        1.33270580774244
h            0.00020125783081        2.08937418879530       -1.68679540044629
h            1.15375838502868        2.97800265552693       -0.69324192017214
h            2.25034052528109        0.97125754552229       -1.64131120555675
h           -0.10124200262979       -0.26505947982180       -1.73799938857155
h            1.95166035595917       -1.27895550506985        1.36797023572436
h            1.15752804589855       -0.00464411020344        2.29540027249930
h            0.92789375529067       -2.25422594956114       -1.48465501054828
h           -1.15190473408471       -1.92733707123342        1.53051932994169
h            0.31456813636384       -2.68636487512566        0.86584114951004
h            3.72754174849505        1.04669660467965        1.89152575303782
h            3.85210689521274        1.92364224288850        0.28898105913725
h           -4.28427807293328       -0.16505069893293        0.63205107503650
h           -3.14135685467404       -0.15685104695897        2.05450095680042
h           -1.74811779563392       -3.13020005199880       -0.26817769200969
h           -2.04836945223883        1.39708956860634       -1.66332034790094
h           -2.20031558119303       -0.35527610333640       -1.83436507654266
h           -3.61843985379442        0.61481330662532       -1.45698704982634
35
 energy: -46.158056960517 gnorm: 0.000636624016 xtb: 6.7.1 (edcfbbe)
c            0.12363737617792       -0.57249941944069        0.43276743026495
c           -0.90256015881142        0.54248390183999        0.75804303842316
c           -0.33110391534834        1.94725393503372        0.46325267102577
c            0.57849245237927        2.05130603683840       -0.76312934163856
c            1.53403365518791        0.85599335075503       -0.82728397295312
c            0.68548033828514       -0.40272390222276       -0.99277740184561
c            1.38692634397263       -0.34865665208187        1.28669570422764
c            2.20140139816396        0.64916967184404        0.50673467155164
o            1.50581888524014       -1.48842381691415       -1.38826815499942
c           -0.48605824733056       -1.96207796126645        0.66208602260372
c            3.31011351669341        1.23796219485561        0.91654290954112
c           -2.28657598090680        0.32384740545879        0.18340534890750
c           -3.28018775192636       -0.01553325296369        0.99495271153013
h           -1.04104705061575        0.49276122055575        1.84552050648225
o           -1.20492744991917       -2.36820067425057       -0.49417109229635
c           -2.54870886950869        0.51568915128576       -1.27949685064170
h           -1.15977018049257        2.65232228347740        0.37015612536152
h            0.25568317491201        2.25258368259777        1.33165124427112
h            0.00037481133681        2.08771591901878       -1.68768125072263
h            1.15341641290610        2.97681156683947       -0.69469233538738
h            2.25128863648108        0.96973625339258       -1.64163737156659
h           -0.10196767204559       -0.26505252635677       -1.73710997765539
h            1.95306469947232       -1.27968199326027        1.36732274249687
h            1.15859890857181       -0.00588882349269        2.29566428634442
h            0.92634302454841       -2.25472632315297       -1.48524628810070
h           -1.15056779271241       -1.92859611449007        1.53222403977577
h            0.31395742371395       -2.68873524200471        0.86437306559649
h            3.72554381097899        1.05013789570196        1.89270412820836
h            3.84965235785250        1.92786122970758        0.28997936725783
h           -4.28345575450440       -0.16740138778125        0.63150882709604
h           -3.14016619386891       -0.16124895807348        2.05397550052250
h           -1.75313548389297       -3.12767365873945       -0.26699275723356
h           -2.04409097174275        1.39852249476063       -1.66114727082539
h           -2.20075292167109       -0.35412730627766       -1.83515646952424
h           -3.61714104289559        0.62013632047008       -1.45670866823536
35
 energy: -46.158058475553 gnorm: 0.000295502934 xtb: 6.7.1 (edcfbbe)
c            0.12390485878883       -0.57266751684553        0.43285227183846
c           -0.90263138264950        0.54213166349620        0.75858870935326
c           -0.33084355033440        1.94670030133417        0.46290311795157
c            0.57859129472250        2.05099491479937       -0.76352437755488
c            1.53419549497662        0.85576098008327       -0.82735469354620
c            0.68581448662672       -0.40318447695337       -0.99293047890246
c            1.38715223756047       -0.34871202132949        1.28690247320696
c            2.20165928496638        0.64907278445488        0.50674440871631
o            1.50591521792212       -1.48889144860960       -1.38856960132416
c           -0.48596215705799       -1.96221418122135        0.66233753015214
c            3.30996329233950        1.23858910195978        0.91647646613646
c           -2.28663743227855        0.32327425864403        0.18364901590820
c           -3.28026758381601       -0.01699376463664        0.99463155118050
h           -1.04104866845854        0.49257338940520        1.84614981656607
o           -1.20630475589366       -2.36712217909585       -0.49324857190707
c           -2.54856517503774        0.51669080648440       -1.27906726154871
h           -1.15946685526018        2.65179403094203        0.36974543583491
h            0.25584093079864        2.25220878499268        1.33127035340020
h            0.00041995992596        2.08670249536737       -1.68806720416742
h            1.15313329266997        2.97679519188906       -0.69570502835731
h            2.25143209516535        0.96959505300855       -1.64174294043120
h           -0.10171857494080       -0.26518443903455       -1.73706231175757
h            1.95312439963228       -1.27987316773614        1.36789599500628
h            1.15912481646111       -0.00562171917639        2.29591623555576
h            0.92632354684835       -2.25507838887730       -1.48565953817984
h           -1.14938250906748       -1.92899407598810        1.53342324268121
h            0.31390272876914       -2.68936393574471        0.86335467657234
h            3.72503982839586        1.05143835849124        1.89287967218358
h            3.84872573016038        1.92907828632965        0.28999125989581
h           -4.28346240245275       -0.16785040961486        0.63094639873264
h           -3.14031866929678       -0.16291529047847        2.05357344751549
h           -1.75494332051973       -3.12655461057229       -0.26646027821228
h           -2.04518411442966        1.40043381314466       -1.65945593645584
h           -2.19918167102501       -0.35154927050715       -1.83596925783206
h           -3.61673488553042        0.61998318325910       -1.45735346034836
35
 energy: -46.158059587256 gnorm: 0.000315766687 xtb: 6.7.1 (edcfbbe)
c            0.12418897244684       -0.57282925624428        0.43301318635036
c           -0.90263924043732        0.54184973732749        0.75839143079489
c           -0.33048007088794        1.94623003356314        0.46270448489534
c            0.57852126309278        2.05042778207983       -0.76394392728004
c            1.53432251115358        0.85535092690045       -0.82732916130594
c            0.68609962262181       -0.40370569794868       -0.99286801588964
c            1.38733816805987       -0.34877793068455        1.28713762458802
c            2.20166689839396        0.64899586547041        0.50687749531960
o            1.50605679659066       -1.48944302421337       -1.38839952658808
c           -0.48566476993438       -1.96226673953191        0.66256949207273
c            3.30937904116799        1.23940969909059        0.91662714161046
c           -2.28663875338244        0.32297841935334        0.18341075767441
c           -3.28005210192913       -0.01840532106881        0.99403334611532
h           -1.04109833322707        0.49222198835952        1.84591324971804
o           -1.20821797233112       -2.36586658272147       -0.49190964163592
c           -2.54865556366263        0.51833143533178       -1.27894150521768
h           -1.15899850164992        2.65142174906375        0.36958940687576
h            0.25636628439060        2.25172724214258        1.33097641792115
h            0.00017024351363        2.08547200561707       -1.68842165103485
h            1.15281516049479        2.97643122123335       -0.69659590632289
h            2.25158827784836        0.96917408310419       -1.64167392304401
h           -0.10145748423276       -0.26566748006559       -1.73693503008855
h            1.95328915000059       -1.27990279723831        1.36846078662182
h            1.15928767883017       -0.00537300155898        2.29596754912266
h            0.92646257475654       -2.25553887148198       -1.48584526428016
h           -1.14731231191142       -1.92946643921122        1.53504276677240
h            0.31436973799053       -2.68974394226879        0.86154312906123
h            3.72441595665656        1.05292677716509        1.89315447440256
h            3.84780421794939        1.92978681654047        0.28989950775842
h           -4.28314799939395       -0.16922761282143        0.63018453974990
h           -3.14004007988512       -0.16520303419945        2.05283588294996
h           -1.75676170335309       -3.12526645994054       -0.26519638022712
h           -2.04698912856244        1.40362026581091       -1.65774813387781
h           -2.19745873005582       -0.34820484827151       -1.83721405738671
h           -3.61692002244114        0.61957949298077       -1.45724940833279
35
 energy: -46.158061223853 gnorm: 0.000402438840 xtb: 6.7.1 (edcfbbe)
c            0.12442900331570       -0.57317410271523        0.43312097056059
c           -0.90255087403135        0.54152660777832        0.75823537863923
c           -0.32997155644538        1.94559231033015        0.46231882110278
c            0.57850321686352        2.04940916591706       -0.76465142002115
c            1.53466488933734        0.85454506150086       -0.82748541165240
c            0.68665854763322       -0.40466629470092       -0.99272149279978
c            1.38730716263717       -0.34861311328567        1.28744146776412
c            2.20155349016682        0.64905287707559        0.50706613491871
o            1.50666415138750       -1.49048417439555       -1.38779574344914
c           -0.48511913992093       -1.96246384556690        0.66300352203484
c            3.30847276307568        1.24076465102210        0.91694188894866
c           -2.28635992984033        0.32270523151252        0.18276437260780
c           -3.27932708868811       -0.02113937680812        0.99283206058802
h           -1.04137588707953        0.49189477557523        1.84569615498230
o           -1.21233295318846       -2.36367293278061       -0.48915198500446
c           -2.54900771905017        0.52145578984263       -1.27899411728722
h           -1.15813292536037        2.65128232216778        0.36979299392244
h            0.25748582375718        2.25063483205895        1.33033618793763
h           -0.00027797494995        2.08324802930149       -1.68889593299237
h            1.15244149712701        2.97573180217922       -0.69832353105937
h            2.25210501693927        0.96827445807372       -1.64167495014440
h           -0.10088436268032       -0.26691511348301       -1.73685611717493
h            1.95327919430809       -1.27966260052980        1.36918149002251
h            1.15899512476952       -0.00488945329628        2.29604562319224
h            0.92717731659232       -2.25650647862179       -1.48608969482177
h           -1.14306456755419       -1.93060960956532        1.53834201251771
h            0.31540497819744       -2.69055346385722        0.85767629585485
h            3.72362556639240        1.05526198275918        1.89363405897551
h            3.84634112283406        1.93136572382189        0.28997038106158
h           -4.28229061185661       -0.17215151386984        0.62874042074687
h           -3.13910566138551       -0.17040870149423        2.05128920664416
h           -1.76069730863446       -3.12294218741346       -0.26184443916670
h           -2.05159512419065        1.41049737294965       -1.65465788183591
h           -2.19361486346526       -0.34141986730764       -1.84027329869998
h           -3.61779052833174        0.61807633748909       -1.45695228905013
35
 energy: -46.158062194444 gnorm: 0.000248252941 xtb: 6.7.1 (edcfbbe)
c            0.12470584521417       -0.57339019906085        0.43328639479986
c           -0.90241050816635        0.54143169742618        0.75752321542129
c           -0.32942172278609        1.94534802248054        0.46204798437510
c            0.57832870838875        2.04863156876201       -0.76551553734787
c            1.53487506347943        0.85396854457532       -0.82759266901114
c            0.68704002318213       -0.40534100600341       -0.99249045220376
c            1.38753423271596       -0.34868270218182        1.28770508075157
c            2.20146030668050        0.64920413248052        0.50724295794256
o            1.50739423801331       -1.49124688040416       -1.38688418431729
c           -0.48473233554090       -1.96257093656094        0.66352317998473
c            3.30786928287896        1.24179141582056        0.91734863081575
c           -2.28615639005851        0.32233206748239        0.18197747006589
c           -3.27856769940246       -0.02427643059602        0.99165053587073
h           -1.04155701253322        0.49193602465904        1.84493153258219
o           -1.21613334429706       -2.36198962104510       -0.48657032779150
c           -2.54961912255261        0.52447603455155       -1.27918451053821
h           -1.15725895590479        2.65150263020653        0.37016255647691
h            0.25874071612386        2.24994139346572        1.32977947710519
h           -0.00083934989034        2.08164554691063       -1.68952627407103
h            1.15208749692103        2.97508738346829       -0.69997399535200
h            2.25248683929723        0.96748147478970       -1.64163922113187
h           -0.10032525398919       -0.26807952896775       -1.73695772171708
h            1.95373657853960       -1.27962915189579        1.36938556058535
h            1.15902234006914       -0.00507050144407        2.29632847911496
h            0.92813504386380       -2.25731184296328       -1.48604716600292
h           -1.13947501797231       -1.93149314717428        1.54127708084083
h            0.31617674577218       -2.69127219745244        0.85447023640165
h            3.72270010315656        1.05745875990864        1.89442007602400
h            3.84571061202146        1.93226347879391        0.29013308578651
h           -4.28145590198901       -0.17604380642017        0.62749338220085
h           -3.13797287285368       -0.17556062222029        2.04974560575974
h           -1.76488533874641       -3.12066699949570       -0.25785245347617
h           -2.05662762639996        1.41740637261006       -1.65188646451062
h           -2.19002989695127       -0.33471006004219       -1.84346790271696
h           -3.61892603760293        0.61647558720050       -1.45678250485446
35
 energy: -46.158061863994 gnorm: 0.000408403434 xtb: 6.7.1 (edcfbbe)
c            0.12498121208354       -0.57359745528184        0.43344824275967
c           -0.90227583418414        0.54133731580793        0.75682013524772
c           -0.32888082889244        1.94511186613204        0.46180533431814
c            0.57815327932517        2.04788411305879       -0.76634330945059
c            1.53507311862915        0.85341575676962       -0.82768735706512
c            0.68739962810673       -0.40598268392683       -0.99227188629184
c            1.38776530726345       -0.34876512177016        1.28796528885349
c            2.20137309620146        0.64934041430904        0.50741727768871
o            1.50808303525169       -1.49197560693515       -1.38601202203653
c           -0.48435339157765       -1.96267323398503        0.66401417203116
c            3.30728983399968        1.24277586026364        0.91774011524673
c           -2.28596844319599        0.32197621626097        0.18121952570134
c           -3.27785149805199       -0.02725865765323        0.99052211644080
h           -1.04172601025711        0.49196188318689        1.84417632873423
o           -1.21978189919347       -2.36036588236468       -0.48409678369760
c           -2.55020810365658        0.52735678409403       -1.27937409664090
h           -1.15640606455323        2.65171273022065        0.37053258388441
h            0.25995830213805        2.24927432717178        1.32926502902226
h           -0.00138643139391        2.08011729458147       -1.69013037163370
h            1.15174563690933        2.97446269511557       -0.70155077469241
h            2.25284625692154        0.96672661409912       -1.64159756710250
h           -0.09979546069998       -0.26918580698739       -1.73705908575139
h            1.95419212572959       -1.27961249253175        1.36959163290210
h            1.15905717981754       -0.00525488073714        2.29660501780504
h            0.92904033127198       -2.25807994080936       -1.48601026122552
h           -1.13601703187496       -1.93234984561571        1.54409236123437
h            0.31692581623539       -2.69196602406899        0.85137582958699
h            3.72179754730693        1.05961401366372        1.89519289338131
h            3.84511040613789        1.93310599147063        0.29027644711995
h           -4.28067006784817       -0.17975373893010        0.62630345911927
h           -3.13690615927598       -0.18043384332572        2.04827448649641
h           -1.76888733078684       -3.11849621840407       -0.25403886768879
h           -2.06144330951618        1.42399849362896       -1.64925952157363
h           -2.18661003212168       -0.32830927270057       -1.84651736510574
h           -3.62001442756783        0.61493483785669       -1.45662786975503
35
 energy: -46.158062513813 gnorm: 0.000117950025 xtb: 6.7.1 (edcfbbe)
c            0.12465562913815       -0.57344755221905        0.43331467415617
c           -0.90233485716606        0.54150941768470        0.75738808886312
c           -0.32938646242066        1.94537892882780        0.46172370669093
c            0.57832124586155        2.04837814689996       -0.76591457847338
c            1.53496125762098        0.85377666008508       -0.82776612705164
c            0.68725788498580       -0.40566461260400       -0.99231443785124
c            1.38746494005072       -0.34851172515486        1.28763785193487
c            2.20136853372435        0.64942476392766        0.50720993136660
o            1.50792240312098       -1.49154923293028       -1.38639294016163
c           -0.48475719812671       -1.96259390668703        0.66385705954675
c            3.30765529263784        1.24213510277542        0.91751542444707
c           -2.28596630856799        0.32218217133889        0.18165428391105
c           -3.27802860117370       -0.02602057889404        0.99106664938357
h           -1.04166027300309        0.49222256849834        1.84480480814758
o           -1.21758942820148       -2.36160416821200       -0.48550877186740
c           -2.54985615066934        0.52598412392251       -1.27918325614762
h           -1.15710221232617        2.65172425888083        0.37016257923083
h            0.25914903630915        2.24975331139992        1.32925913275219
h           -0.00103450546698        2.08097838743312       -1.68979062875096
h            1.15196007066192        2.97492785007339       -0.70073241761174
h            2.25269099541467        0.96707378643884       -1.64174627224500
h           -0.09997970553732       -0.26876909153485       -1.73697691653992
h            1.95378661044966       -1.27937786351253        1.36910938130496
h            1.15893769325175       -0.00513969780545        2.29633531478382
h            0.92884321121309       -2.25770472603748       -1.48585342557124
h           -1.13839987298088       -1.93159435978031        1.54236752190959
h            0.31628427777402       -2.69143486505594        0.85361543634765
h            3.72242462346608        1.05754569601325        1.89452430164038
h            3.84552871550282        1.93278635612219        0.29047460238953
h           -4.28084371277899       -0.17827789398884        0.62689656178359
h           -3.13709232537133       -0.17875898016130        2.04892991173994
h           -1.76692117891773       -3.11953978090215       -0.25577923409878
h           -2.05901635173074        1.42089337502176       -1.65028283462586
h           -2.18819289614064       -0.33136612455683       -1.84498229042762
h           -3.61944059192275        0.61572675635711       -1.45656195304334
35
 energy: -46.158062655024 gnorm: 0.000108001401 xtb: 6.7.1 (edcfbbe)
c            0.12461733310606       -0.57330700627642        0.43327960940561
c           -0.90232818622550        0.54166855511766        0.75748842630981
c           -0.32951551629707        1.94556348735389        0.46166516573727
c            0.57828535119466        2.04853937980396       -0.76593313465355
c            1.53486822808407        0.85391676541632       -0.82778645013484
c            0.68710557025645       -0.40550072218005       -0.99239245338337
c            1.38745226052115       -0.34850689567383        1.28760090195330
c            2.20135086546977        0.64945038928377        0.50715381837880
o            1.50785493573265       -1.49137747251276       -1.38635085042609
c           -0.48487052866219       -1.96244604982522        0.66389420820284
c            3.30785698535026        1.24179838711595        0.91745703245669
c           -2.28596499559104        0.32224763424044        0.18177931563028
c           -3.27797400788265       -0.02622017761909        0.99120206385092
h           -1.04156797865908        0.49243915300826        1.84492252365950
o           -1.21662347203418       -2.36207530848391       -0.48600342067119
c           -2.54982138381300        0.52579444627899       -1.27911676098471
h           -1.15730208654721        2.65180075429502        0.36994805296268
h            0.25885258367823        2.25007544673432        1.32926041512603
h           -0.00094388385204        2.08125248281367       -1.68989473289003
h            1.15200267794674        2.97503638005002       -0.70065379351763
h            2.25256644832414        0.96718461804729       -1.64180570766157
h           -0.10011695680902       -0.26868149763309       -1.73710035960150
h            1.95373406292630       -1.27942437687801        1.36886824655377
h            1.15907010445158       -0.00521942250370        2.29636534377263
h            0.92882001999554       -2.25761451899503       -1.48553089343619
h           -1.13940570747054       -1.93107676332888        1.54171684856256
h            0.31599799519157       -2.69119430822969        0.85473870356951
h            3.72251480139498        1.05693198702759        1.89449183940154
h            3.84593069600176        1.93240122543075        0.29053522389510
h           -4.28077916380898       -0.17858084828182        0.62707512752181
h           -3.13697846729711       -0.17882974639799        2.04907671025585
h           -1.76656385634000       -3.11955418729330       -0.25617905446271
h           -2.05859598426596        1.42035696147269       -1.65043963728767
h           -2.18854281502645       -0.33183230794212       -1.84475316326696
h           -3.61937614036291        0.61603005822812       -1.45651802696566
35
 energy: -46.158062829113 gnorm: 0.000091322305 xtb: 6.7.1 (edcfbbe)
c            0.12450213856903       -0.57311902971957        0.43337727789153
c           -0.90235797424695        0.54197220839110        0.75749930351636
c           -0.32967644827963        1.94589337991139        0.46146957535994
c            0.57828248241907        2.04879227172934       -0.76603359218567
c            1.53478710353741        0.85412163235338       -0.82785388852084
c            0.68704379984062       -0.40536202954690       -0.99226125068581
c            1.38749425313333       -0.34842247268056        1.28747267322053
c            2.20142680454708        0.64950604879565        0.50697805417818
o            1.50788113196757       -1.49125941460330       -1.38606867616703
c           -0.48523324891466       -1.96220068554881        0.66407424687320
c            3.30826448021799        1.24128700733098        0.91727724541666
c           -2.28597176810759        0.32207529186914        0.18189831421986
c           -3.27773483768348       -0.02720077516490        0.99125161713355
h           -1.04148530745977        0.49291784311277        1.84495269417884
o           -1.21513284179553       -2.36291598264435       -0.48674409526972
c           -2.54993824751075        0.52602603667338       -1.27893848823795
h           -1.15756382732056        2.65197452887316        0.36947017656657
h            0.25853345675200        2.25075855833745        1.32905197221868
h           -0.00086768907538        2.08157890892484       -1.69004297983207
h            1.15202722391991        2.97527042362989       -0.70071913497234
h            2.25241955994984        0.96730672032007       -1.64194838625519
h           -0.10012539491318       -0.26870535422745       -1.73704728516709
h            1.95376522019635       -1.27935876809036        1.36849554083736
h            1.15927914540095       -0.00526334080653        2.29631272191566
h            0.92890560632271       -2.25763194100977       -1.48467955147654
h           -1.14122584452535       -1.93021950761852        1.54076160507323
h            0.31536820642364       -2.69076945946072        0.85676894549415
h            3.72270821801826        1.05597396848679        1.89433518868466
h            3.84666614815394        1.93186023091363        0.29059997836129
h           -4.28047310829400       -0.18010635752002        0.62715683044478
h           -3.13653497650196       -0.17998567013972        2.04906822810048
h           -1.76654453138197       -3.11923132167049       -0.25662286934496
h           -2.05856989805481        1.42056197739024       -1.65016416530641
h           -2.18882169108897       -0.33156248855298       -1.84477096616809
h           -3.61948755553420        0.61648406362558       -1.45631572223301
35
 energy: -46.158062753405 gnorm: 0.000176839876 xtb: 6.7.1 (edcfbbe)
c            0.12438564791641       -0.57291520306775        0.43348170905210
c           -0.90238969569638        0.54229347683679        0.75751278140594
c           -0.32984284629939        1.94623711503277        0.46126206783581
c            0.57827926124526        2.04904899747392       -0.76614303694659
c            1.53470174156011        0.85432739568342       -0.82792082301453
c            0.68697394083241       -0.40521967939356       -0.99212746136253
c            1.38753382751754       -0.34832466623048        1.28735266021310
c            2.20150240936258        0.64956547765038        0.50680130421133
o            1.50790103994699       -1.49114022080464       -1.38577098520379
c           -0.48560797677480       -1.96193642820121        0.66426036554237
c            3.30868595982647        1.24075549330591        0.91708846728155
c           -2.28597895255011        0.32190607301106        0.18202283908265
c           -3.27747852800889       -0.02824833191855        0.99129898540513
h           -1.04140009202534        0.49342279362564        1.84498651379366
o           -1.21355373364345       -2.36378820380368       -0.48752929015500
c           -2.55006539186200        0.52628137641807       -1.27874882080599
h           -1.15783370325712        2.65215751345443        0.36896706489899
h            0.25820106468293        2.25146510373414        1.32883377292478
h           -0.00078665715558        2.08190804026406       -1.69020422174286
h            1.15205618423923        2.97550555685488       -0.70079305348313
h            2.25226579036260        0.96742372275963       -1.64209372898406
h           -0.10014005985045       -0.26873122953653       -1.73699552988132
h            1.95379086230165       -1.27928065661289        1.36813037313454
h            1.15949300800237       -0.00528798894108        2.29626699162178
h            0.92898710993732       -2.25765552277299       -1.48377162605879
h           -1.14313690933014       -1.92931747513362        1.53975055433567
h            0.31471232507155       -2.69031647440578        0.85890260784293
h            3.72292163044823        1.05497090366702        1.89416116426389
h            3.84743776764623        1.93127444636754        0.29065135617208
h           -4.28014528601105       -0.18172376752569        0.62723652521986
h           -3.13606509737539       -0.18123109273837        2.04905379862503
h           -1.76651463123122       -3.11887848041848       -0.25711053225353
h           -2.05856368646107        1.42079970261978       -1.64986436515804
h           -2.18910697157874       -0.33125480972117       -1.84479463239291
h           -3.61960956310779        0.61695354413086       -1.45609265755731
35
 energy: -46.158062947752 gnorm: 0.000079953427 xtb: 6.7.1 (edcfbbe)
c            0.12452859378690       -0.57299273100666        0.43349101651993
c           -0.90235835897980        0.54213572105519        0.75744943601876
c           -0.32971654179578        1.94600441359164        0.46126912766748
c            0.57823793222752        2.04868706033965       -0.76625435258185
c            1.53478379419434        0.85403819473996       -0.82786546443620
c            0.68704070924070       -0.40544648884112       -0.99218060330492
c            1.38747565325502       -0.34823456152966        1.28762199516369
c            2.20143792279705        0.64954759167100        0.50697719416776
o            1.50793477294580       -1.49137011814226       -1.38577934723247
c           -0.48528134707375       -1.96203719067855        0.66426111046017
c            3.30839706460598        1.24114555806127        0.91716910985259
c           -2.28593330202148        0.32203956522323        0.18183372541936
c           -3.27742082768080       -0.02849113512102        0.99099290958578
h           -1.04150608830441        0.49321988395979        1.84491040997406
o           -1.21473048264363       -2.36298967453831       -0.48678019733098
c           -2.55013307632850        0.52683935822700       -1.27882256718901
h           -1.15759856730278        2.65209330395156        0.36922694386404
h            0.25851862023127        2.25090484132813        1.32882150271836
h           -0.00091989938510        2.08127785974113       -1.69026288031504
h            1.15195994132656        2.97518572675407       -0.70109725568835
h            2.25241883312744        0.96712641393301       -1.64197000709856
h           -0.10008843411683       -0.26890608467207       -1.73704519775493
h            1.95373356155484       -1.27916594347001        1.36868935608844
h            1.15929950545149       -0.00499597091915        2.29644703617138
h            0.92901540783940       -2.25782795015308       -1.48405056989049
h           -1.14162550759057       -1.92988991816704        1.54065223180405
h            0.31522402529408       -2.69059508263666        0.85743967629783
h            3.72288465721320        1.05569472506927        1.89415849632336
h            3.84693449016253        1.93155191007402        0.29044803046920
h           -4.28008859609082       -0.18172573913620        0.62686317683030
h           -3.13606779325417       -0.18193088752906        2.04869716381307
h           -1.76712780213055       -3.11848386652604       -0.25644641623520
h           -2.05970934272457        1.42222493904380       -1.64932635671018
h           -2.18812823340559       -0.32989660844958       -1.84540334710577
h           -3.61978149574404        0.61630938641657       -1.45607394847283
35
 energy: -46.158062952455 gnorm: 0.000053375828 xtb: 6.7.1 (edcfbbe)
c            0.12452131527670       -0.57299921083844        0.43349959653744
c           -0.90237185193265        0.54214095592000        0.75745029063337
c           -0.32970385623490        1.94599542119837        0.46126609061579
c            0.57823234338663        2.04869479246388       -0.76625191872004
c            1.53478393437468        0.85403700030829       -0.82786372224123
c            0.68706010108544       -0.40545493823047       -0.99218391480891
c            1.38747622678338       -0.34823329083938        1.28761287148086
c            2.20144209723528        0.64954791810716        0.50698312682255
o            1.50792300094836       -1.49136880860866       -1.38578057808194
c           -0.48528376338691       -1.96203019909100        0.66424756046826
c            3.30838627807396        1.24114156408944        0.91716585685462
c           -2.28594823045661        0.32202527124601        0.18184014148794
c           -3.27740426902302       -0.02848792317633        0.99098371933324
h           -1.04150699583563        0.49321711430275        1.84490799240688
o           -1.21472933328398       -2.36299788256289       -0.48676035189453
c           -2.55013368271554        0.52684701707388       -1.27882336765921
h           -1.15759481275672        2.65209237167491        0.36922444300938
h            0.25852015140220        2.25090713423597        1.32882234045126
h           -0.00092025182978        2.08127435512265       -1.69026531396718
h            1.15196196972705        2.97518692546776       -0.70109777423823
h            2.25241840516451        0.96712761427066       -1.64196820129833
h           -0.10008831488605       -0.26890415383232       -1.73704042621536
h            1.95373458363971       -1.27917080712066        1.36869760738842
h            1.15929754395005       -0.00499088128689        2.29644252251168
h            0.92901633528275       -2.25782497962379       -1.48404687561891
h           -1.14162526834906       -1.92989047908592        1.54065512657893
h            0.31522491465978       -2.69059266108179        0.85743902733308
h            3.72289060246551        1.05570137385303        1.89415935947406
h            3.84693300895530        1.93154937701941        0.29044426244818
h           -4.28008661130059       -0.18172775878676        0.62686099903932
h           -3.13606883255443       -0.18193374106675        2.04869586644603
h           -1.76712369209585       -3.11847399747077       -0.25645976904962
h           -2.05971278375377        1.42222259466887       -1.64932377123015
h           -2.18813100246005       -0.32988866261442       -1.84540094057076
h           -3.61977947087482        0.61630807595800       -1.45607073786409
