35
 energy: -46.150617682837 gnorm: 0.052338163828 xtb: 6.7.1 (edcfbbe)
c            0.09076357649893       -0.64017758384375        0.11224740128954
c           -0.96398576272982        0.40536417591481        0.65519256917491
c           -0.33719229095063        1.83233422893306        0.75235067320780
c            0.58208072748354        2.22404010016830       -0.42650126597455
c            1.51483630419945        1.05174887189960       -0.82648267654238
c            0.65024332707725       -0.14550736083832       -1.26101139388990
c            1.37379727954174       -0.59488448208046        1.00588395120178
c            2.24167581854920        0.50721687138938        0.39874542354204
o            1.52473838528188       -1.09662247125697       -1.89199340178656
c           -0.49482190759146       -2.05482939378371        0.02387653983899
c            3.42821464276201        0.92481588640487        0.85345333712509
c           -2.32207945175114        0.37223516203444       -0.05933433327136
c           -2.59619204340454        0.99041889829444       -1.22116828426591
h           -1.16846768224544        0.09262117306649        1.69192894630726
o           -0.87436554162989       -2.48776934612419        1.33964801176684
c           -3.41893678167502       -0.36965201041358        0.68414367697186
h           -1.14100316112229        2.57531034273619        0.86966698471991
h            0.25798463397613        1.87916663523236        1.67862713427346
h           -0.00628460262949        2.53001569845779       -1.30752066277415
h            1.19121672411215        3.09677854781343       -0.13982449474780
h            2.20312598568435        1.37020782906059       -1.62487812074351
h           -0.15343316459018        0.14499056470992       -1.95629880870391
h            1.90302670715976       -1.56062905900689        0.95726644457563
h            1.14244456273058       -0.41319400502374        2.06670628282770
h            0.97660809771882       -1.77830715285997       -2.32890438557213
h            0.27232572066778       -2.73259776853371       -0.39296644091789
h           -1.36127972588772       -2.06646083559355       -0.66569240581959
h            3.88552754449461        0.49956460706992        1.75084858120226
h            3.99368437667887        1.70757343207975        0.34097697909812
h           -3.59672698951911        0.94382504487971       -1.65859023307094
h           -1.86436050364021        1.57680557187912       -1.77625456232935
h           -1.19017092849025       -3.41089379733082        1.27234403911582
h           -3.10487953507207       -1.38910764284300        0.95396873129576
h           -3.64572432530374        0.14512809498634        1.63486008623027
h           -4.34782645495913       -0.42551472355379        0.09844614307665
35
 energy: -46.156618534501 gnorm: 0.014829320849 xtb: 6.7.1 (edcfbbe)
c            0.09409861310790       -0.62338466144365        0.11137384756632
c           -0.95801612671423        0.39882589655818        0.65106118943531
c           -0.33438979275707        1.81308866056149        0.74111991915195
c            0.57742594718779        2.21135534482825       -0.42363809034435
c            1.50525550701888        1.05102623079009       -0.81427740262337
c            0.64696751797230       -0.13900499756186       -1.25240515171110
c            1.36388438933706       -0.58194247153509        0.99785321653951
c            2.22154264417126        0.51235188817832        0.40296158940824
o            1.50386447165840       -1.08832030630886       -1.88740830977803
c           -0.48767865109103       -2.03673785339321        0.02835624509935
c            3.39778594527762        0.91872148764796        0.85007191323962
c           -2.30470656396453        0.36796081267302       -0.06008726504102
c           -2.57943071940447        0.97920965983304       -1.20596693770854
h           -1.16396448187383        0.07941856647941        1.68016812520453
o           -0.87931862136343       -2.47592013405043        1.32598433841169
c           -3.39464972110808       -0.36166184882237        0.68194993827956
h           -1.13845244296716        2.54842414845095        0.84322316947162
h            0.25981603858407        1.86030066901997        1.65913840659440
h           -0.00691782072974        2.50988420434835       -1.29891842407296
h            1.18282967793259        3.07432428908327       -0.12839694237074
h            2.19506950005254        1.36012574847906       -1.60473200300255
h           -0.15354955907895        0.14563097488792       -1.94323112963852
h            1.89144597171969       -1.53932193150204        0.93862011116069
h            1.13062871212311       -0.40488863815253        2.04971116751477
h            0.95994889724392       -1.76343601940275       -2.31782380338617
h            0.27816632544103       -2.71883154962758       -0.37080773551181
h           -1.35414342407329       -2.04921578837348       -0.65153991960853
h            3.85616905440542        0.49160695738096        1.73098826668360
h            3.96075531396738        1.69218761328320        0.34678995588588
h           -3.57093333192418        0.93702898303409       -1.63723718037074
h           -1.85944266318709        1.56014648718225       -1.75846887574598
h           -1.18060844259177       -3.39438142680073        1.25906774326729
h           -3.08142663680629       -1.37120614140943        0.95033368631557
h           -3.62280904104949        0.15926371615058        1.61689064458556
h           -4.31065292509139       -0.41861446654235        0.09303616353068
35
 energy: -46.157357867675 gnorm: 0.004575495852 xtb: 6.7.1 (edcfbbe)
c            0.09316970153818       -0.62077787812429        0.11007638040357
c           -0.94799372950719        0.39545115425940        0.65092537626857
c           -0.33589040556711        1.80812706962933        0.74256674849330
c            0.57062549342240        2.20293284161618       -0.42274885567494
c            1.49741085569076        1.04919530773338       -0.81258603894852
c            0.63890722339736       -0.13723763584954       -1.24906748000711
c            1.35523678391134       -0.57906907815546        0.99362482662963
c            2.20707886607185        0.51110640020151        0.40157079369919
o            1.48401709840685       -1.08374013559191       -1.89029636666125
c           -0.48795080842467       -2.03300980590913        0.02817378295689
c            3.38098670735014        0.91442708922351        0.84838642843597
c           -2.28734919412174        0.36720288469384       -0.06052231834824
c           -2.56049378682042        0.97568336303289       -1.20420797529186
h           -1.15463431595102        0.07088022726362        1.67634376853970
o           -0.88950409031218       -2.46359309427368        1.31948695142874
c           -3.37257607477019       -0.35829954577097        0.68318779804548
h           -1.14277746167496        2.53734423651232        0.83922719118489
h            0.25877048754902        1.85534385917227        1.65634913239454
h           -0.01233195604537        2.49850505926238       -1.29549670587840
h            1.17308614283373        3.06259454439519       -0.12370817182516
h            2.19027098701629        1.35395425350618       -1.59867501244329
h           -0.16232123021101        0.15162360320212       -1.93426359672206
h            1.88410602985743       -1.53175243600488        0.92766865072156
h            1.12009442974684       -0.40645145670219        2.04264731078374
h            0.93971427611749       -1.75603261090953       -2.31414572087515
h            0.28345653443196       -2.71217635092449       -0.35962346066305
h           -1.34742322911369       -2.04094095999768       -0.65715606709815
h            3.83314109610264        0.49111476178254        1.72910540458833
h            3.93900209502847        1.69128588030822        0.35399059987103
h           -3.54827379209029        0.93350160273718       -1.63418084962134
h           -1.84191131878984        1.54801580455857       -1.76011844933198
h           -1.17556277894134       -3.38281674002534        1.25960405993314
h           -3.05398796637845       -1.35968391971643        0.96173338653871
h           -3.60217170736403        0.17430937534383        1.60642147608979
h           -4.28135740096431       -0.42300356655487        0.08946746881550
35
 energy: -46.157460204565 gnorm: 0.002278757592 xtb: 6.7.1 (edcfbbe)
c            0.09335981080152       -0.62030407637124        0.10972252502912
c           -0.94602786150676        0.39362611621174        0.65268465825954
c           -0.33377662964534        1.80584493897200        0.74397915940484
c            0.57029525166047        2.20403696150676       -0.42288327083205
c            1.49499364860406        1.04886782014204       -0.81257852044468
c            0.63558630228148       -0.13701286614713       -1.25000560704965
c            1.35567440671177       -0.58221761333652        0.99136119788620
c            2.20262490220567        0.51293012269841        0.40339679346080
o            1.47448223201334       -1.08313515502631       -1.89704271926533
c           -0.48984997361080       -2.03212812841254        0.02797843418671
c            3.37421741099608        0.92010481255020        0.85460404240448
c           -2.28248675478078        0.36561956386675       -0.06174964048887
c           -2.55234141225638        0.97022522627075       -1.20904028552404
h           -1.15314244797361        0.06777605922852        1.67774835557786
o           -0.89993725074895       -2.45746725804130        1.31690146342198
c           -3.36721395602513       -0.35650646720815        0.68490299133457
h           -1.14271572371930        2.53230720658891        0.83985202793921
h            0.26135145148006        1.85606311616880        1.65705944303464
h           -0.01543138644322        2.49849257091970       -1.29393312264599
h            1.17223004575712        3.06433720663630       -0.12474158564244
h            2.18874233635624        1.35295641783065       -1.59791560823985
h           -0.16877023700586        0.15552271518796       -1.93061254290076
h            1.88741574075655       -1.53319546236280        0.92174715455750
h            1.11933228926025       -0.41421671339641        2.04094282765910
h            0.92645139225872       -1.75547210444513       -2.31564878957914
h            0.28440261236490       -2.71135225307803       -0.35338807528446
h           -1.34370154131657       -2.04042305753168       -0.66454066373583
h            3.82692365401533        0.49057731911187        1.73225292078443
h            3.93476668130117        1.69324782531057        0.35742793513232
h           -3.54002952476983        0.92883508343901       -1.63914518072423
h           -1.83384635148336        1.54499550480045       -1.76288543365391
h           -1.17419882317766       -3.38038425915786        1.26147379046063
h           -3.04126667987586       -1.35202744429590        0.97626946879191
h           -3.60036260710066        0.18660966736364        1.60120112308325
h           -4.27318744595976       -0.43311929207001        0.08836520003390
35
 energy: -46.157556878241 gnorm: 0.003302140634 xtb: 6.7.1 (edcfbbe)
c            0.09370983325540       -0.62167579402235        0.10856429313385
c           -0.94162086915389        0.39281361410447        0.65435200026402
c           -0.33018678120107        1.80527517795825        0.74755856412784
c            0.57106285240935        2.20508026258891       -0.42262585204249
c            1.49365754860347        1.04799238208817       -0.81386691921712
c            0.63026706599221       -0.13598660067492       -1.25209987817891
c            1.35814964464851       -0.58868046004346        0.98625865226469
c            2.20102325271583        0.51123118952711        0.40222507748074
o            1.45801833224607       -1.08148339336541       -1.91096467530563
c           -0.49357832855224       -2.03310045027146        0.02698972252008
c            3.36906156360243        0.92397294388926        0.86053732297383
c           -2.27609988437574        0.36638829188667       -0.06202170245480
c           -2.54191144014047        0.96414329387027       -1.21494651196516
h           -1.14903876188876        0.06577196603035        1.67923303462436
o           -0.92153389337400       -2.44881605267416        1.31160516174368
c           -3.35992189023862       -0.35247763896255        0.68855351445463
h           -1.14121947915659        2.52907419927448        0.84468004362815
h            0.26682411200174        1.85743748905466        1.65934993285918
h           -0.01917605798654        2.49999172771726       -1.29062020575526
h            1.17357365053487        3.06572392983305       -0.12632805896169
h            2.18803395397671        1.35092928201207       -1.59922458106357
h           -0.17965721167696        0.16404783350792       -1.92408286351395
h            1.89296589865968       -1.53780465111545        0.90891747421031
h            1.12278852514292       -0.42911115159860        2.03798409102396
h            0.90194928775538       -1.75431154951294       -2.31917637584122
h            0.28446667747458       -2.71476925664566       -0.34207356181387
h           -1.33756711160372       -2.04222356424500       -0.67864035705445
h            3.81292365211882        0.49800339660104        1.74487313132346
h            3.92414956497186        1.70674526818080        0.37151537884250
h           -3.52728115607858        0.91442763873907       -1.65015230378947
h           -1.82158631132987        1.53553433743097       -1.77100339797788
h           -1.17256343650686       -3.37942050304079        1.26487787231556
h           -3.02000088287392       -1.33628268200151        1.00658620597643
h           -3.60498138481238        0.21053376999016        1.59057779598297
h           -4.26013697373474       -0.45496014218663        0.08634844161702
35
 energy: -46.157599934582 gnorm: 0.003024908541 xtb: 6.7.1 (edcfbbe)
c            0.09420835061062       -0.62348523486429        0.10737125662639
c           -0.93930822416738        0.39355705459165        0.65453648146432
c           -0.32757709875254        1.80626563006174        0.74855385128827
c            0.57309920849301        2.20498473670358       -0.42281748858666
c            1.49504557450299        1.04722340590838       -0.81521654733660
c            0.62895102133162       -0.13535865166194       -1.25359054970337
c            1.36049136327566       -0.59203612775634        0.98309233710117
c            2.20093715510342        0.51254003495838        0.40319914395688
o            1.45207768585258       -1.08066699655914       -1.91806057836976
c           -0.49537325539438       -2.03458004356498        0.02547593751342
c            3.36415448183433        0.93182859515053        0.86806012619727
c           -2.27412054046573        0.36513858294627       -0.06241706025917
c           -2.53958238138608        0.95795967530860       -1.21790259994295
h           -1.14663326753946        0.06736638231390        1.67975945763116
o           -0.93339737871116       -2.44669541340680        1.30775361107087
c           -3.35867271826563       -0.34998128914265        0.69112001533410
h           -1.13779884111297        2.53097304251319        0.84805347828031
h            0.27067051241785        1.85658196062445        1.65988907725053
h           -0.01778828297862        2.50127610923924       -1.29005473857434
h            1.17704016043543        3.06497428460534       -0.12711909125508
h            2.18990915396901        1.34948526300768       -1.60071762499197
h           -0.18244101250254        0.16819547689824       -1.92221838087735
h            1.89656844501439       -1.54024615977394        0.89945638755503
h            1.12770469097592       -0.43836973265796        2.03653699451165
h            0.89188391027247       -1.75415878377328       -2.32044169251204
h            0.28295719581085       -2.71922048091639       -0.33737696291013
h           -1.33526640307733       -2.04362810996376       -0.68561618191941
h            3.80798171720841        0.50248152047650        1.75096980206776
h            3.92002904063058        1.71443110610231        0.37976842559946
h           -3.52557542417145        0.90776244010479       -1.65212631795964
h           -1.82044030674573        1.53029234130006       -1.77462523567355
h           -1.17197533994575       -3.38093324515274        1.26571898078427
h           -3.01337439419362       -1.32608430353766        1.02724053206531
h           -3.61561569824255        0.22527971880778        1.58259185855883
h           -4.25420553866141       -0.46913868496670        0.08491376244680
35
 energy: -46.157638562629 gnorm: 0.001819886969 xtb: 6.7.1 (edcfbbe)
c            0.09514818424090       -0.62480179317877        0.10604274292567
c           -0.93795314231426        0.39405655347565        0.65488069929053
c           -0.32324498624345        1.80582978790950        0.74754793106646
c            0.57670746588302        2.20483167079091       -0.42383456349278
c            1.49721643091168        1.04574546365121       -0.81661931594478
c            0.62913469586617       -0.13532837350793       -1.25530968536413
c            1.36362224477110       -0.59613691819460        0.97952308666085
c            2.20243021966004        0.51201158483149        0.40304384502644
o            1.44940041923297       -1.08089212123005       -1.92354346123517
c           -0.49725653836157       -2.03474275015360        0.02317790813159
c            3.36008452046157        0.93841542183325        0.87446158161445
c           -2.27446846414396        0.36504019704214       -0.06091129873683
c           -2.54148974069251        0.95431131043103       -1.21740642644995
h           -1.14463479731773        0.06932298551805        1.68061806699678
o           -0.94282110814813       -2.44601856755390        1.30345939251961
c           -3.35968900733249       -0.34738089940446        0.69450936709088
h           -1.13136441825939        2.53275259715323        0.85001908644943
h            0.27623533666263        1.85302072417914        1.65849120927412
h           -0.01397878989078        2.50275535660346       -1.29077244566490
h            1.18250454824485        3.06365716807124       -0.12798485512009
h            2.19207322130892        1.34710092551602       -1.60253969825563
h           -0.18206255064754        0.17093972764814       -1.92219624730417
h            1.90005025263937       -1.54356852315685        0.88750122117738
h            1.13535953173815       -0.44885353510244        2.03485143534049
h            0.88638092496867       -1.75535600608555       -2.32053941088671
h            0.27988110662099       -2.72249825201006       -0.33551070557041
h           -1.33486008774593       -2.04256486392909       -0.69074365445642
h            3.80108801257830        0.51291590368539        1.76057824810430
h            3.91370589082696        1.72559649356453        0.39105321385269
h           -3.52760152270110        0.90113222781088       -1.65130350334799
h           -1.82333175919359        1.52413747397291       -1.77783127899153
h           -1.17064249594690       -3.38257275258530        1.26521240002095
h           -3.01020370101390       -1.31452841555411        1.05013254629784
h           -3.63238129797535        0.24025884045887        1.57319120295485
h           -4.24847503726297       -0.48457453857627        0.08251183245805
35
 energy: -46.157662596813 gnorm: 0.001677735225 xtb: 6.7.1 (edcfbbe)
c            0.09550979516668       -0.62625139754418        0.10398216329574
c           -0.93611879669817        0.39461020923385        0.65387685881965
c           -0.31933378732738        1.80538147290440        0.74525686219564
c            0.57976153689693        2.20277532908735       -0.42623040008737
c            1.49982761802618        1.04329638923446       -0.81832826069658
c            0.63062109481599       -0.13628851615597       -1.25679906621196
c            1.36557337026917       -0.60065799578137        0.97525736376987
c            2.20269362650486        0.51119394286541        0.40326213689294
o            1.45136475654269       -1.08304038478980       -1.92383428253185
c           -0.49975426007463       -2.03418436882390        0.01936050949233
c            3.35361266230112        0.94605814451418        0.88217296435008
c           -2.27482208461867        0.36470301737626       -0.05862224541845
c           -2.54530160838428        0.95267879499147       -1.21453589749061
h           -1.14122422558836        0.07094825149197        1.67996466972835
o           -0.94631544327883       -2.44701801952153        1.29940455219500
c           -3.36076316216349       -0.34492575234268        0.69884376264285
h           -1.12505057273641        2.53477198586347        0.85051093774027
h            0.28233668116261        1.84928641471726        1.65501796666065
h           -0.00993346649143        2.50136461055425       -1.29355321200712
h            1.18670310600438        3.06050210461480       -0.12976775085902
h            2.19542429316561        1.34307122827236       -1.60411394550185
h           -0.17865386107723        0.17025699482776       -1.92500467630478
h            1.90220362048950       -1.54686183566006        0.87351864344832
h            1.14145753236680       -0.46069567989128        2.03201346856575
h            0.88867565907908       -1.75883022463710       -2.31794318061234
h            0.27488187847346       -2.72385255783248       -0.33980428167739
h           -1.33838216667671       -2.03866904088855       -0.69289823874358
h            3.79298966554367        0.52583535094106        1.77145766346431
h            3.90481142906723        1.73772346247164        0.40353304436077
h           -3.53319650768221        0.90083557969391       -1.64428407163531
h           -1.82926592889267        1.52155509070034       -1.77829805831055
h           -1.16668186161076       -3.38456085282482        1.26322957011683
h           -3.00753775444396       -1.30185720054318        1.07543680104726
h           -3.65063193078473        0.25588480853020        1.56245247777654
h           -4.24091734592134       -0.50102525172543        0.07922561795753
35
 energy: -46.157675815536 gnorm: 0.001020773086 xtb: 6.7.1 (edcfbbe)
c            0.09507180628594       -0.62662687338833        0.10229064537077
c           -0.93495399810443        0.39413487846785        0.65375653851124
c           -0.31785225365953        1.80460992675367        0.74384105849904
c            0.58012333022488        2.20211775537526       -0.42861249073206
c            1.49999104382435        1.04204992994509       -0.81899594012347
c            0.63156633059110       -0.13764702503960       -1.25805002649647
c            1.36513017337148       -0.60337491998824        0.97323664634275
c            2.20070565263685        0.51092970202959        0.40418186990624
o            1.45424246463098       -1.08505413288426       -1.92232256238480
c           -0.50207733353636       -2.03349326527652        0.01730019932382
c            3.34859463397207        0.94968236832087        0.88688818759102
c           -2.27423833350244        0.36623786268526       -0.05668339548056
c           -2.54610013547712        0.95635726727498       -1.21142778701995
h           -1.13887104363693        0.07032733838158        1.68009462302375
o           -0.94401867280905       -2.44776551681673        1.29870068407987
c           -3.35966435922937       -0.34395557044395        0.70127332917983
h           -1.12366947908168        2.53366446029129        0.84925780778020
h            0.28465546430388        1.84913355500061        1.65290571239927
h           -0.01015006818863        2.49891331080544       -1.29611807988353
h            1.18651447043096        3.06058003068453       -0.13332979393627
h            2.19674763987479        1.34114894089104       -1.60391222986063
h           -0.17689432835662        0.16771908999978       -1.92818463495416
h            1.90251197300896       -1.54860636012585        0.86736170881920
h            1.14120095099808       -0.46756744998039        2.03044940900092
h            0.89321228416828       -1.76192644959025       -2.31678833872921
h            0.27082631379496       -2.72304757273204       -0.34581051777459
h           -1.34327372518680       -2.03592747866707       -0.69183302907361
h            3.78752047029219        0.53088603044020        1.77713924016249
h            3.89879815579902        1.74266922615525        0.40915255511069
h           -3.53406356617201        0.90327553036070       -1.64091516362579
h           -1.82962704918213        1.52297523921556       -1.77706185228273
h           -1.16262795178391       -3.38592272327851        1.26202106836714
h           -3.00252608033072       -1.29550286353816        1.08778238456891
h           -3.65645474338607        0.26307149064214        1.55764928341059
h           -4.23578647516028       -0.51005162804673        0.07852335734203
35
 energy: -46.157682130877 gnorm: 0.001247886376 xtb: 6.7.1 (edcfbbe)
c            0.09435016609359       -0.62761210346776        0.09992815999296
c           -0.93298050685991        0.39389395794367        0.65251045132930
c           -0.31670706766203        1.80472251900686        0.74160841177777
c            0.57979844820350        2.20102133556189       -0.43275904702093
c            1.50027374534052        1.04043018225940       -0.81975138034677
c            0.63334841322511       -0.13998515533266       -1.25963734340298
c            1.36425659174889       -0.60733650198699        0.97067526797163
c            2.19808531822608        0.50982309175517        0.40542779458579
o            1.46009625976051       -1.08776520778130       -1.91898678533571
c           -0.50579488696671       -2.03321116631288        0.01497438741056
c            3.34253435610784        0.95268851938005        0.89267318812398
c           -2.27232839684764        0.36544766955897       -0.05624487478861
c           -2.54554222839153        0.95856428437733       -1.20946396357912
h           -1.13497224520688        0.07010485940788        1.67939983159551
o           -0.93561462270228       -2.45117025082909        1.29957560061069
c           -3.35736209665917       -0.34329589763943        0.70440188271519
h           -1.12339817072516        2.53268037914769        0.84618979679057
h            0.28688142624948        1.85167709640723        1.64971960948922
h           -0.01194724078092        2.49407777954747       -1.30050117912978
h            1.18479206739568        3.06138699509486       -0.14048462117301
h            2.19914155111786        1.33858751667357       -1.60311191513506
h           -0.17363758888633        0.16287109949694       -1.93352164342521
h            1.90265305328555       -1.55135592204219        0.86021367225558
h            1.13964198262823       -0.47684838453569        2.02835024289031
h            0.90244353755176       -1.76597274498872       -2.31617918921941
h            0.26283528954321       -2.72248782497960       -0.35819559976196
h           -1.35359174524108       -2.03194223482464       -0.68624941624609
h            3.77872705546239        0.53780536244689        1.78621780409597
h            3.88953982907829        1.74995971670151        0.41775707714513
h           -3.53624403438444        0.91307231219233       -1.63343854214144
h           -1.83067903491303        1.53061779262341       -1.77146427788084
h           -1.15780398749281       -3.38839321231779        1.26002992468314
h           -2.99511936117336       -1.28737439005877        1.10392067152578
h           -3.66261999956627        0.27225363552715        1.55126226481094
h           -4.22849231513432       -0.52292100408863        0.07891420521894
35
 energy: -46.157686466565 gnorm: 0.000820401005 xtb: 6.7.1 (edcfbbe)
c            0.09445705278672       -0.62798413658123        0.09985269797932
c           -0.93274394845123        0.39448175310430        0.65204163907043
c           -0.31692503085236        1.80561762095622        0.74120835404151
c            0.57977655895295        2.20086099490088       -0.43329417166751
c            1.50066464843554        1.04047918580322       -0.81970068108171
c            0.63354267109638       -0.14002555971385       -1.25966268363317
c            1.36445260291555       -0.60748405091470        0.97063324046326
c            2.19777518317122        0.51068003755355        0.40643606869592
o            1.46034053917145       -1.08728261075988       -1.91934228817241
c           -0.50611344851763       -2.03366910675053        0.01530246105924
c            3.34176552010057        0.95399332911139        0.89448669087130
c           -2.27310417365991        0.36728339732442       -0.05534506572049
c           -2.54666179952019        0.96146221553441       -1.20770621710266
h           -1.13435855015052        0.07107605279169        1.67910959003609
o           -0.93316965299523       -2.45242159162725        1.30046089898297
c           -3.35701397428846       -0.34385655740190        0.70439980018445
h           -1.12368284203161        2.53364735986277        0.84568696832145
h            0.28654436492811        1.85257656143270        1.64942951382566
h           -0.01187809381738        2.49338991460817       -1.30124601269275
h            1.18468596162352        3.06152960744427       -0.14172950019666
h            2.20007344691826        1.33842954783732       -1.60275030536986
h           -0.17333696020272        0.16298559320476       -1.93345346373607
h            1.90310345721935       -1.55148332309302        0.86034912297582
h            1.13953163451332       -0.47724170912108        2.02835399325022
h            0.90269577494573       -1.76494747702009       -2.31765030815531
h            0.26123252292713       -2.72320426261960       -0.36020448233168
h           -1.35560798353579       -2.03170972372058       -0.68388412161669
h            3.77885729205393        0.53604196297211        1.78596621707899
h            3.89004922208686        1.74927437876758        0.41826951272041
h           -3.53571933346490        0.91142210483629       -1.63485563402171
h           -1.83028857848686        1.52975037570087       -1.77171391071566
h           -1.15937144309292       -3.38852958430893        1.25984245711020
h           -2.99368883706699       -1.28747396751321        1.10331406401773
h           -3.66309714251559        0.27079596586014        1.55163677705454
h           -4.22822309977168       -0.52445019453709        0.07951924490688
35
 energy: -46.157687952388 gnorm: 0.000530372542 xtb: 6.7.1 (edcfbbe)
c            0.09463554368625       -0.62770143784100        0.09998729642546
c           -0.93281433647719        0.39471244668068        0.65272194806910
c           -0.31633762409746        1.80568013786133        0.74091957107859
c            0.58057788923224        2.20137469725531       -0.43316155559175
c            1.50086298807749        1.04055120887563       -0.81963329233977
c            0.63313509205959       -0.13960167784114       -1.25981726981364
c            1.36463634699821       -0.60730928537146        0.97078005478979
c            2.19828313473341        0.51042430564075        0.40623213653259
o            1.45814680718917       -1.08671677380381       -1.92154054589599
c           -0.50605957037369       -2.03341270953394        0.01561405901277
c            3.34230963313073        0.95346674351121        0.89453529589907
c           -2.27305284478175        0.36680805626069       -0.05541578616092
c           -2.54629138706794        0.95964480759690       -1.20850874987851
h           -1.13468956737739        0.07176156234447        1.67988047988865
o           -0.93450984319869       -2.45146180139933        1.30041252095439
c           -3.35663840715569       -0.34450555039361        0.70437869165945
h           -1.12292519339783        2.53393113830081        0.84540501075401
h            0.28677116693264        1.85240590015406        1.64942111870472
h           -0.01082884693937        2.49428047985863       -1.30116661284192
h            1.18582125882339        3.06180894980059       -0.14139450909614
h            2.20016356157255        1.33820048090873       -1.60286328643025
h           -0.17428510830891        0.16489074967208       -1.93208171585586
h            1.90299834514336       -1.55152987707530        0.86027559740701
h            1.14030062650986       -0.47703829871820        2.02870502633548
h            0.89913820945551       -1.76351319632585       -2.31945786216206
h            0.26164384153038       -2.72313445548616       -0.35881374415056
h           -1.35483404730881       -2.03167226711056       -0.68448867861826
h            3.77822647361440        0.53558572272842        1.78663400407689
h            3.89042384775044        1.74965420769334        0.41965322988136
h           -3.53514873576915        0.90927714124117       -1.63614574409653
h           -1.82996770716497        1.52804469158133       -1.77248351029135
h           -1.16121487554204       -3.38777469373322        1.26009405913646
h           -2.99235523194609       -1.28759691976754        1.10500520109975
h           -3.66398462529761        0.27106221011157        1.55124380819918
h           -4.22757325281041       -0.52658258975250        0.07883421975087
35
 energy: -46.157688981746 gnorm: 0.000324397555 xtb: 6.7.1 (edcfbbe)
c            0.09471538866696       -0.62743371442931        0.10018704423631
c           -0.93285028157624        0.39504382286936        0.65256104609361
c           -0.31634069916332        1.80603047713338        0.74027077001042
c            0.58096254092035        2.20150756933323       -0.43351680149195
c            1.50121126789222        1.04052903100434       -0.81949450014863
c            0.63320738283730       -0.13944463194971       -1.25967560296734
c            1.36450581078750       -0.60702618696190        0.97117278296953
c            2.19850730762411        0.51022326739149        0.40632552293349
o            1.45768380031538       -1.08677219624357       -1.92161652516083
c           -0.50586819978543       -2.03310317293549        0.01590133786120
c            3.34270871815971        0.95270224498221        0.89457594107931
c           -2.27309738170856        0.36624698915098       -0.05556705016529
c           -2.54664127771529        0.95919126440461       -1.20855047728716
h           -1.13461307645234        0.07243484994616        1.67981799822791
o           -0.93252041785533       -2.45159257393694        1.30119553602746
c           -3.35633746799254       -0.34549575729874        0.70427755352740
h           -1.12294563597133        2.53433008572933        0.84424011311983
h            0.28644966511660        1.85310411445346        1.64897092269419
h           -0.01003402525355        2.49432914635914       -1.30185408261716
h            1.18612307509696        3.06196007127966       -0.14160367343420
h            2.20064204858922        1.33784679617621       -1.60271454613924
h           -0.17430298927716        0.16549240146899       -1.93160261125124
h            1.90258275566112       -1.55141755558683        0.86120524509896
h            1.14000729387953       -0.47626090152554        2.02894656496207
h            0.89835787323278       -1.76251613180164       -2.32078993831286
h            0.26159572855476       -2.72252707030592       -0.35973932683007
h           -1.35543610890422       -2.03116005848402       -0.68321152576876
h            3.77786734667516        0.53508746119076        1.78719168224342
h            3.89113253426916        1.74887263984133        0.42010178977137
h           -3.53555029136295        0.90901025449800       -1.63611757843404
h           -1.83071368858013        1.52879732578542       -1.77179872165672
h           -1.16334580863167       -3.38693947045221        1.25975949797289
h           -2.99247753092480       -1.28883874524560        1.10342937910113
h           -3.66307482483115        0.26838946460399        1.55198655732106
h           -4.22754727086817       -0.52658700652051        0.07949614284598
35
 energy: -46.157689792131 gnorm: 0.000220727125 xtb: 6.7.1 (edcfbbe)
c            0.09469472523713       -0.62739869547199        0.10015123828996
c           -0.93232949193532        0.39564773414257        0.65213405284285
c           -0.31603866240201        1.80673028922294        0.73945114379668
c            0.58163711530010        2.20129154403942       -0.43439062134271
c            1.50192834379010        1.04009953277983       -0.81962070326661
c            0.63319762015037       -0.13938721777482       -1.25968309571822
c            1.36455541646817       -0.60760160831736        0.97086021779202
c            2.19836050831451        0.51016570186205        0.40681996427659
o            1.45677796948297       -1.08713106889685       -1.92197215614961
c           -0.50621444552583       -2.03284585047258        0.01576536250456
c            3.34173190030701        0.95337146973913        0.89645559242633
c           -2.27278483682604        0.36595652737421       -0.05529884136981
c           -2.54695459481621        0.95871180987885       -1.20825658289568
h           -1.13357830941654        0.07351737450005        1.67961026335105
o           -0.93061977080654       -2.45204111155838        1.30160058517648
c           -3.35537415440032       -0.34649537835234        0.70488787607574
h           -1.12267009975867        2.53507997295896        0.84285419673379
h            0.28676763905641        1.85433969909080        1.64812273645976
h           -0.00905215666382        2.49387598391002       -1.30304063286114
h            1.18673554330026        3.06178759412394       -0.14255816697513
h            2.20184216257682        1.33680679020753       -1.60265717759624
h           -0.17438806091095        0.16621113520223       -1.93129639702575
h            1.90266489853811       -1.55189086670048        0.86017710096036
h            1.13996150844741       -0.47762547410313        2.02867535907235
h            0.89684946858729       -1.76155998074623       -2.32249023404091
h            0.26053127154007       -2.72221517081170       -0.36158259669688
h           -1.35688882097904       -2.03028542680002       -0.68194981958495
h            3.77605778034185        0.53574716161046        1.78949563299898
h            3.89061737473710        1.74951341954346        0.42251889221567
h           -3.53600825358412        0.90830006751298       -1.63544913535447
h           -1.83167336057286        1.52963961282867       -1.77100714766975
h           -1.16614573301503       -3.38613473878176        1.25872079126274
h           -2.98970457063582       -1.28810627192946        1.10682542675906
h           -3.66456887633437        0.26903343957863        1.55070039205244
h           -4.22535348616759       -0.53109389546556        0.07918694993251
35
 energy: -46.157690077869 gnorm: 0.000115322461 xtb: 6.7.1 (edcfbbe)
c            0.09465882088037       -0.62736455198490        0.10007551763669
c           -0.93211144705361        0.39585477488122        0.65235433820292
c           -0.31584196921881        1.80704105408404        0.73895330498005
c            0.58214931036939        2.20132335233431       -0.43484554049862
c            1.50227979668322        1.03984736249015       -0.81973018559058
c            0.63330037790747       -0.13945941992706       -1.25979193206787
c            1.36448025719639       -0.60762285571630        0.97086676429256
c            2.19834734898054        0.51023620894791        0.40708131816738
o            1.45647757438687       -1.08740504661165       -1.92232091202972
c           -0.50636835456145       -2.03277454272760        0.01571895629688
c            3.34130471538650        0.95380581664511        0.89733646118505
c           -2.27262819214402        0.36596521026751       -0.05493340437939
c           -2.54717618935780        0.95891332140109       -1.20767096912013
h           -1.13318649771100        0.07413774593359        1.68003865378100
o           -0.93006603465993       -2.45236184795046        1.30166339416013
c           -3.35492260002867       -0.34716200660098        0.70513274807588
h           -1.12247701785075        2.53545560947382        0.84192954438612
h            0.28675898461350        1.85499556293312        1.64773759242487
h           -0.00836662374813        2.49378435971033       -1.30365968212948
h            1.18734853239484        3.06179910790733       -0.14315177298333
h            2.20238417235162        1.33634134083639       -1.60268172600783
h           -0.17425940351493        0.16643638448377       -1.93129354497331
h            1.90254605812308       -1.55190299985126        0.85982628871803
h            1.13997828151069       -0.47800576688265        2.02877613234424
h            0.89613668936010       -1.76102911517330       -2.32366313920343
h            0.26013740575561       -2.72214391873200       -0.36213864574267
h           -1.35741115677249       -2.03013475755470       -0.68148792099233
h            3.77550016305607        0.53595866834759        1.79032850697148
h            3.89032960170701        1.75004154867914        0.42365080172155
h           -3.53615645490455        0.90778808897205       -1.63492443165145
h           -1.83202601804157        1.52976215779765       -1.77068944386080
h           -1.16832791324386       -3.38572012957614        1.25786932530890
h           -2.98846933748985       -1.28794606089913        1.10822779622783
h           -3.66546725106173        0.26893513777815        1.55005291850105
h           -4.22429206787551       -0.53337568979204        0.07912335428040
35
 energy: -46.157690175783 gnorm: 0.000080493074 xtb: 6.7.1 (edcfbbe)
c            0.09475469978395       -0.62732202500393        0.10024412437694
c           -0.93208084739696        0.39592839020572        0.65238298000870
c           -0.31571666663053        1.80710235047893        0.73877736768123
c            0.58236677288209        2.20135675936134       -0.43497053316867
c            1.50237783600236        1.03973659826925       -0.81970739800968
c            0.63328874512769       -0.13948289185104       -1.25970608241298
c            1.36465372751376       -0.60770169740870        0.97096813703762
c            2.19845639730032        0.51017242697974        0.40711803737495
o            1.45623056182952       -1.08758857109483       -1.92235257030313
c           -0.50628016272321       -2.03273135765476        0.01576069921446
c            3.34131351196232        0.95388070642741        0.89742891627298
c           -2.27266234780871        0.36603230564017       -0.05477234708242
c           -2.54734979144746        0.95906796387037       -1.20741883955625
h           -1.13305788530894        0.07436497147009        1.68013614511325
o           -0.93044774768964       -2.45235005001360        1.30153758588040
c           -3.35480144465965       -0.34748649378040        0.70518572101749
h           -1.12241024507685        2.53548579361901        0.84141893631532
h            0.28667943922835        1.85528746697086        1.64768493402365
h           -0.00806468883682        2.49387308946333       -1.30382112178285
h            1.18768185378627        3.06172636236742       -0.14322334021617
h            2.20246567568029        1.33617038389863       -1.60268861570346
h           -0.17427638434881        0.16656150827341       -1.93112014892565
h            1.90270472978467       -1.55199311989253        0.85988552519282
h            1.14023063697364       -0.47805533561868        2.02888460524668
h            0.89563028667186       -1.76072633851535       -2.32415313029380
h            0.26042002755799       -2.72206087868689       -0.36178284000278
h           -1.35704573289767       -2.03010780382839       -0.68177123898999
h            3.77537329488196        0.53640480533034        1.79066069705189
h            3.89034966364534        1.75005116854587        0.42365118502322
h           -3.53626916731914        0.90746251884818       -1.63473659904354
h           -1.83232796761836        1.52999761038530       -1.77050959418334
h           -1.16989651473297       -3.38543600537891        1.25725921398523
h           -2.98791081111670       -1.28788676627081        1.10883295835564
h           -3.66596370344738        0.26876464588052        1.54974562845818
h           -4.22385219012797       -0.53448438736299        0.07893146847617
