35
 energy: -46.154539154821 gnorm: 0.050561014166 xtb: 6.7.1 (edcfbbe)
c            0.13593318921183       -0.60462709276668        0.42574309091547
c           -0.94578430628299        0.48939440085081        0.78096332666673
c           -0.36700954429900        1.92710714640919        0.58225630158073
c            0.54105630949009        2.09846795908119       -0.65853868500219
c            1.52353028384212        0.90608266820187       -0.81867016084084
c            0.69376931833956       -0.37400608294017       -1.01264282367478
c            1.40849909734171       -0.34451210136655        1.30068641411043
c            2.25436619892986        0.63910759897159        0.49167343466046
o            1.56925110616600       -1.42742252745505       -1.43635007585925
c           -0.39391944377994       -2.03806537055898        0.64448312616284
c            3.42162074165175        1.17496991537761        0.86521431967785
c           -2.32994336714833        0.30275708238170        0.14273408444276
c           -3.31754105940836       -0.26939507437089        0.85912205249004
h           -1.11583972051418        0.36858536970681        1.86432873332676
o           -1.21902906734432       -2.52876361905627       -0.42227973660012
c           -2.61938253118823        0.81631027982113       -1.25705337335634
h           -1.18784199671471        2.66147411125991        0.55460661281542
h            0.22340189321412        2.17811888248420        1.47752429021610
h           -0.05861600556637        2.18822671148956       -1.57932433078681
h            1.11247152830943        3.03558962785066       -0.56084762553225
h            2.20715748224875        1.09081179843913       -1.66210738581604
h           -0.10186966987528       -0.22925693568313       -1.75871434847863
h            1.96714136202549       -1.28297655305729        1.45076341655594
h            1.15985205263028        0.03812795973905        2.30333313463078
h            1.00615372789930       -2.20425098793691       -1.63150256054025
h           -0.91810362689739       -2.09734633944804        1.61762364856120
h            0.45611035636384       -2.73494562307036        0.69842190337287
h            3.87474652814212        0.95213648579448        1.83471773665572
h            3.97017277335504        1.86028983843461        0.21433685768330
h           -4.32216097023959       -0.39995361682772        0.44946902436157
h           -3.16063856000327       -0.61738045048757        1.88303960124701
h           -2.06340576235280       -2.03283451367171       -0.38652121374610
h           -2.39551502993201        1.89156311435320       -1.34306021922958
h           -2.01949197968194        0.30569993882719       -2.02516629883865
h           -3.67923726881182        0.67388786300497       -1.51328193133868
35
 energy: -46.160561098145 gnorm: 0.014644067227 xtb: 6.7.1 (edcfbbe)
c            0.13704048476004       -0.59002049264810        0.42571173850282
c           -0.93950731666760        0.48835542590536        0.77321811778596
c           -0.35957371291249        1.91009856343557        0.57539419466642
c            0.53632363577375        2.08822440583277       -0.65558602164965
c            1.51213885608933        0.90855091496408       -0.80599699882489
c            0.69093698726125       -0.36783111118921       -1.00245618036324
c            1.39902205346715       -0.33420115306740        1.29169511592716
c            2.23132111075086        0.64754761036528        0.49636640107141
o            1.55148333481327       -1.41795671219194       -1.43112092033928
c           -0.38953640102181       -2.01955250456591        0.64116399371291
c            3.38876879266489        1.17109642105957        0.86356392049720
c           -2.31056990275776        0.29398557566824        0.13633810775926
c           -3.28797696464048       -0.26826386403183        0.84552437871085
h           -1.11304974681849        0.37117431524022        1.85164521083883
o           -1.21626792794938       -2.49569896805255       -0.41363743626015
c           -2.60433671624819        0.80940847849710       -1.24643433229701
h           -1.18156300902908        2.63199011364179        0.54013848473890
h            0.23348438189623        2.15711605838275        1.46124676658114
h           -0.05962590178079        2.16898864187129       -1.56939527421784
h            1.10528005939295        3.01718917108933       -0.54977382624660
h            2.19744672664375        1.08291355537602       -1.64008768047936
h           -0.10152225590762       -0.23436182378799       -1.74544246139248
h            1.96057091812029       -1.26443621242497        1.42640068445353
h            1.15325219022292        0.04521999459452        2.28647212302557
h            0.99672417689719       -2.19460106989944       -1.60414080043742
h           -0.92408810207668       -2.08190602371756        1.59993303825540
h            0.45078834690865       -2.72178378845002        0.68087415622698
h            3.84823141402149        0.93785513443887        1.81399344988815
h            3.93803078537639        1.84361923639481        0.22018046609798
h           -4.28431792921701       -0.39587243462622        0.44510151437084
h           -3.14174212969171       -0.61294264623308        1.85954194134782
h           -2.05107516241036       -1.99892070551777       -0.38062842750785
h           -2.38461988468410        1.87609316915218       -1.32024926940609
h           -2.01311075862285        0.29646528224091       -2.00633222170043
h           -3.65845639350324        0.66542930603488       -1.48824161284336
35
 energy: -46.161322636558 gnorm: 0.004729609591 xtb: 6.7.1 (edcfbbe)
c            0.13629609835139       -0.58530880416480        0.42693083701199
c           -0.92951172290485        0.49003137271951        0.77486981957669
c           -0.35750223777254        1.90766633504820        0.57382912233119
c            0.52960101925957        2.08140986592429       -0.65892157587484
c            1.50406170203284        0.90811906586996       -0.80532777967925
c            0.68460027336796       -0.36612341213125       -0.99786162211426
c            1.39152255553765       -0.33110778323345        1.28852919100413
c            2.21745245657094        0.64592101861204        0.49353137841827
o            1.53747894302651       -1.41371009152520       -1.42818905057092
c           -0.39671320644226       -2.01071486364737        0.63617265866852
c            3.37428042236406        1.16414251908444        0.85854169123370
c           -2.29461482726308        0.29653956579279        0.13979251894205
c           -3.26703495269759       -0.26996937812512        0.84574867161415
h           -1.10507744633943        0.37451581868140        1.85154054624942
o           -1.22361892986681       -2.46958238600886       -0.41751818715991
c           -2.58445916309144        0.80422378327045       -1.24129634300252
h           -1.17947300803907        2.62549509871306        0.54304562799606
h            0.24261439734391        2.14957423687655        1.45234378455841
h           -0.06650621715508        2.15634037064858       -1.56888843562095
h            1.09625266484512        3.00806413238056       -0.55307503180079
h            2.19255287284474        1.07535628254251       -1.63472954545510
h           -0.10825879029632       -0.23444324052333       -1.73859670478024
h            1.95443071262292       -1.25813143804343        1.41265535410795
h            1.14773614004923        0.04397766472950        2.28204337818117
h            0.98803007921874       -2.19514051036660       -1.57386302471773
h           -0.92941709164498       -2.07191377240642        1.59259179103245
h            0.43981688849904       -2.71434536665205        0.66704582004350
h            3.82522508128257        0.94009910349340        1.81020642098397
h            3.91370985064501        1.84788916751438        0.22597507946552
h           -4.25587179339526       -0.41200943089897        0.44192244981012
h           -3.12207308524897       -0.62496793491401        1.85231784162601
h           -2.04845947995936       -1.96240480105004       -0.39023122704629
h           -2.36574953246845        1.86686107055514       -1.31266749900244
h           -1.99515897687803        0.28867204138330       -1.99602822729550
h           -3.63625765727787        0.65794656363237       -1.47745938824111
35
 energy: -46.161448182230 gnorm: 0.003078894875 xtb: 6.7.1 (edcfbbe)
c            0.13563476334982       -0.58352652347039        0.42801528212851
c           -0.92656268735370        0.49173600884125        0.77808096821864
c           -0.35391262176348        1.90842639641477        0.57422332865945
c            0.52679269227802        2.08140599429136       -0.66377654385960
c            1.50089321260223        0.90808492601463       -0.80608753882725
c            0.68275991912680       -0.36710996716175       -0.99696724441054
c            1.39153593547129       -0.33366746864504        1.28704574488286
c            2.21000108441126        0.65212643732299        0.49595456902189
o            1.53309276674567       -1.41478636680546       -1.42683009305848
c           -0.40403564296344       -2.00733621371795        0.63249113134514
c            3.36345969073223        1.17674590854566        0.86442923376122
c           -2.28828222400101        0.29097054896907        0.14084159284866
c           -3.25755044883161       -0.28498059204118        0.84440515908847
h           -1.10151259720109        0.37714945617101        1.85509736330556
o           -1.23148964031722       -2.45608650305128       -0.42293269509035
c           -2.57724440070956        0.80176980596850       -1.23914811714964
h           -1.17605349093481        2.62559970520724        0.54745574676307
h            0.25191955034568        2.15134234695277        1.44835229902335
h           -0.07261649680325        2.15067437092527       -1.57173119047142
h            1.09156217263110        3.00968065035500       -0.56332479345786
h            2.19167219890342        1.07266414258085       -1.63386372778181
h           -0.11119720657267       -0.23583547837027       -1.73697758540281
h            1.95797710503706       -1.25938394572270        1.40498326697471
h            1.14804428363255        0.03566211655218        2.28262940377676
h            0.98534361101693       -2.20124439451057       -1.55140427651741
h           -0.93588221959668       -2.06827597719046        1.58931507250222
h            0.42944504145192       -2.71426322280006        0.66142160380036
h            3.82090615558788        0.93858754800888        1.80986520435748
h            3.90957107864406        1.84894306617628        0.22557214233663
h           -4.24772175300316       -0.42248077956468        0.44251680720586
h           -3.11500652576524       -0.62865631245041        1.85521452723950
h           -2.04881810773294       -1.93621236155511       -0.40169577738698
h           -2.35671313837868        1.86391688005358       -1.30926562745496
h           -1.98751092478123        0.28598388173090       -1.99297492198221
h           -3.62859709613730        0.65534777975663       -1.47594997389564
35
 energy: -46.161548225377 gnorm: 0.002831672228 xtb: 6.7.1 (edcfbbe)
c            0.13456375240140       -0.58297552879162        0.42909744666042
c           -0.92388797370899        0.49521632281722        0.78107355132085
c           -0.34927218919724        1.91104642485683        0.57420599678258
c            0.52516561923153        2.08127905529413       -0.66974689368005
c            1.49976117306290        0.90714961784580       -0.80758268019123
c            0.68155971109836       -0.36865584251169       -0.99669445221034
c            1.39331358005077       -0.33870803114248        1.28496092591450
c            2.20857882697664        0.65190094319645        0.49541737460281
o            1.52944515034748       -1.41726380309890       -1.42615332217115
c           -0.41286699725822       -2.00544164932224        0.62934293501599
c            3.35977437262420        1.18158180945839        0.86678000165427
c           -2.28575940437580        0.29323330960462        0.14528225709283
c           -3.25217598877148       -0.29080282659339        0.84776871149247
h           -1.09645370684956        0.38309332209304        1.85909488855304
o           -1.23851514568249       -2.44652304216610       -0.42929240504395
c           -2.57354823778986        0.80124567750960       -1.23646052906963
h           -1.17066881711066        2.62945648286405        0.55293833070474
h            0.26355754340348        2.15380753637746        1.44390898507924
h           -0.07909290584084        2.14448262487885       -1.57529187004316
h            1.08814084083321        3.01183455068937       -0.57711612355913
h            2.19196795426614        1.06906416900946       -1.63490009024976
h           -0.11314383512807       -0.23684402562012       -1.73650812797085
h            1.96176333845945       -1.26456168709068        1.39547837808881
h            1.15285770672930        0.02427072023662        2.28417407356496
h            0.98299742566376       -2.20916469028387       -1.52620497023266
h           -0.94670555932816       -2.06574779853065        1.58568650283973
h            0.41686863539587       -2.71681175217861        0.65993862293280
h            3.81121897722657        0.94867389644248        1.81666246115513
h            3.90036888249637        1.86235708324567        0.23158120832040
h           -4.23885514815927       -0.44300473272678        0.44065989455140
h           -3.10557081822853       -0.63989470405870        1.85664876611451
h           -2.04742321298927       -1.91115022052066       -0.41793388490797
h           -2.34894230955237        1.86262273308343       -1.30863559576335
h           -1.98412835076067        0.28211782253578       -1.98885853540881
h           -3.62498885041518        0.65608809637876       -1.47434149144603
35
 energy: -46.161598409429 gnorm: 0.002719000020 xtb: 6.7.1 (edcfbbe)
c            0.13386142464382       -0.58420014262021        0.42875647245292
c           -0.92130124361876        0.49863212801848        0.78179564064991
c           -0.34552699014247        1.91401919995664        0.57245078766406
c            0.52541525816840        2.07926424087779       -0.67494776668760
c            1.50127099395289        0.90509777151466       -0.80934950585293
c            0.68160223411577       -0.37028758161090       -0.99762384900829
c            1.39496012474242       -0.34355792663593        1.28286808878573
c            2.20858797851275        0.65156886226935        0.49570260834879
o            1.52822887795891       -1.42041537268305       -1.42544812367746
c           -0.41965952582635       -2.00529253793298        0.62811228230813
c            3.35498676543269        1.18892286981890        0.87165888099995
c           -2.28450041156567        0.29461575681301        0.14841327986727
c           -3.24719157976510       -0.29763990019501        0.84968857155569
h           -1.09153358895685        0.38908238916906        1.86067855452589
o           -1.24033921535147       -2.44466171552025       -0.43461578372080
c           -2.57499783981255        0.80301847423383       -1.23299854798989
h           -1.16494492198354        2.63537569290997        0.55568665946459
h            0.27252773545881        2.15459574821850        1.43937248940908
h           -0.08176331833369        2.13693187792752       -1.57912647040725
h            1.08705289936367        3.01159330108662       -0.58967670677568
h            2.19498074791963        1.06513317907545       -1.63617409280730
h           -0.11215957264055       -0.23772288427457       -1.73883571536166
h            1.96407521991951       -1.27035507115116        1.38490382114652
h            1.15877490876938        0.01242237019290        2.28612102152367
h            0.98320789663607       -2.21490636218456       -1.50794322368705
h           -0.95952079431155       -2.06334951852504        1.58191540419959
h            0.40678263671152       -2.72043361298994        0.66530794676656
h            3.80217126273419        0.96045835251558        1.82488419936946
h            3.89081055485405        1.87772698138091        0.24049830844438
h           -4.23340769106574       -0.45403270085498        0.44265396827165
h           -3.09744571525328       -0.64721197331632        1.85816436068196
h           -2.04225490493366       -1.89730616462882       -0.43492523466085
h           -2.34706330203412        1.86379451695531       -1.30690995256678
h           -1.98842202283878        0.28139496928450       -1.98656040065679
h           -3.62736084233969        0.66069664668631       -1.46951763208199
35
 energy: -46.161631510921 gnorm: 0.001928660777 xtb: 6.7.1 (edcfbbe)
c            0.13346332012604       -0.58519767687997        0.42802606902144
c           -0.91966027824494        0.50093138643816        0.78190498297280
c           -0.34102434837227        1.91469168035813        0.56952586003599
c            0.52699975684375        2.07715200244028       -0.67978150575771
c            1.50282076603549        0.90243101317251       -0.81066655044196
c            0.68191977162993       -0.37239287152634       -0.99865813871063
c            1.39666872029280       -0.34834451284111        1.28058961327163
c            2.20771205648114        0.65210978263789        0.49686049935876
o            1.52778805653277       -1.42416293516380       -1.42520045140923
c           -0.42400806727940       -2.00476031335851        0.62805630618365
c            3.34772046905701        1.19888051659369        0.87835774615466
c           -2.28463345109608        0.29729359089331        0.15125776157967
c           -3.24459457483845       -0.29916377207196        0.85227420300088
h           -1.08796738206569        0.39341219930158        1.86128482443122
o           -1.23749901916007       -2.44663526878192       -0.43939809384082
c           -2.57812047088225        0.80661311929140       -1.22927935148845
h           -1.15834847538286        2.63864433302789        0.55500919279250
h            0.27986228100793        2.15347770720532        1.43496432323053
h           -0.08176657925716        2.13021422852302       -1.58317445192498
h            1.08785123628651        3.01048040932913       -0.59980910590342
h            2.19787162589570        1.06093695815375       -1.63675592094718
h           -0.11083538579820       -0.23925559109351       -1.74112830933216
h            1.96643111903794       -1.27593041901028        1.37365733528851
h            1.16439528918709        0.00049583072876        2.28728855926331
h            0.98413019150307       -2.21955628451731       -1.49616158697275
h           -0.97181316665810       -2.05920224843404        1.57788305426997
h            0.40032126136412       -2.72200708657386        0.67457338823642
h            3.79313664890094        0.97306315117461        1.83309695162596
h            3.88197256724113        1.89064862037930        0.24920882608303
h           -4.22984592383945       -0.46079818403900        0.44516266975935
h           -3.09092462527497       -0.65439806536499        1.85819033539178
h           -2.03535946432083       -1.89405999838242       -0.45005105753503
h           -2.34703103385398        1.86661647897754       -1.30467906369070
h           -1.99585588058117        0.28260707676847       -1.98498356058472
h           -3.63187297139686        0.66813700642590       -1.46246501291881
35
 energy: -46.161659006856 gnorm: 0.002074630628 xtb: 6.7.1 (edcfbbe)
c            0.13376945770054       -0.58741789522110        0.42664914960272
c           -0.91632429307159        0.50262524770725        0.78066083100110
c           -0.33467766458625        1.91428017465914        0.56466067998159
c            0.53019286369419        2.07276510403103       -0.68620650249387
c            1.50527889475106        0.89717995727881       -0.81305538708781
c            0.68204221635168       -0.37622817095607       -1.00015858311350
c            1.39946466654496       -0.35529329836868        1.27658280763792
c            2.20655656411182        0.65130207884444        0.49745133098913
o            1.52621627593813       -1.43058182654727       -1.42636965700754
c           -0.42825356238193       -2.00423609382527        0.62919278854903
c            3.33597063718522        1.21295450027186        0.88779305398201
c           -2.28261572786621        0.29681463347848        0.15273986951852
c           -3.23883803159562       -0.30502102909262        0.85330274089297
h           -1.08259070320895        0.39707041948990        1.86024449270497
o           -1.22928365672121       -2.45208036038827       -0.44653279359679
c           -2.58245815514530        0.81380198188712       -1.22347902028646
h           -1.14945732483880        2.64105656750841        0.55128206940395
h            0.28887656714081        2.15144860069673        1.42849537907399
h           -0.07977947165237        2.12129735324679       -1.58879777014839
h            1.09085920074875        3.00633030940991       -0.61119661693556
h            2.20207625197266        1.05278919874855       -1.63806227306917
h           -0.11039600531533       -0.24243167470721       -1.74303249259908
h            1.97018824667671       -1.28359856428330        1.35554978050496
h            1.17268471315340       -0.01728153617809        2.28776491737790
h            0.98391679961804       -2.22682266679516       -1.48352112480245
h           -0.99001152043065       -2.05121826659130        1.57116523741319
h            0.39340291545807       -2.72361009681118        0.69225990864163
h            3.77561698060856        0.99769521827219        1.84753895588169
h            3.86528074420499        1.91347235472680        0.26433857359021
h           -4.22652497973127       -0.46054360625587        0.45159495225841
h           -3.08325798869383       -0.65905852475262        1.85903870544318
h           -2.02403388502422       -1.89814027785010       -0.47106685798763
h           -2.34731791251782        1.87288881430307       -1.29774658229395
h           -2.00795117277483        0.28893287474759       -1.98460690690309
h           -3.63871790118297        0.68183036309780       -1.44949331563015
35
 energy: -46.161670220954 gnorm: 0.001418911313 xtb: 6.7.1 (edcfbbe)
c            0.13434040486456       -0.58862575814087        0.42630671027227
c           -0.91477385448323        0.50193751112776        0.78006206399460
c           -0.33382346085951        1.91354069659052        0.56321044734961
c            0.53111542084148        2.07116351082496       -0.68781140315072
c            1.50576133965029        0.89530351501690       -0.81400230183057
c            0.68200262065990       -0.37778219768064       -1.00034666768581
c            1.40005537013056       -0.35642590013561        1.27570576240074
c            2.20475472875159        0.65280900626064        0.49818225303546
o            1.52539033171496       -1.43259421261064       -1.42700717182586
c           -0.42834442120283       -2.00486814518524        0.62951354243861
c            3.33056785253276        1.21951048964173        0.89138875504542
c           -2.28179620068669        0.29847319767325        0.15349946119374
c           -3.23805067017703       -0.30224905110205        0.85489311127656
h           -1.08060578506629        0.39685613702057        1.85967255323781
o           -1.22591373193308       -2.45450996518960       -0.44841827902992
c           -2.58276095084407        0.81648086668199       -1.22201271853352
h           -1.14884242478140        2.63992687667567        0.54933033125967
h            0.28974686573911        2.15136149356149        1.42678826550598
h           -0.07852604583756        2.12010921852825       -1.59050777398835
h            1.09242205217466        3.00417294544810       -0.61226882124316
h            2.20332099261104        1.04971566481868       -1.63852069001931
h           -0.11106421525819       -0.24415031260421       -1.74254491159621
h            1.97206758220774       -1.28395057383260        1.35222224129760
h            1.17320685296753       -0.02079466896240        2.28737660167795
h            0.98272257828258       -2.22905139085455       -1.48308392323423
h           -0.99349000355382       -2.04986453930085        1.56903278781081
h            0.39277121440686       -2.72422633783404        0.69651606525408
h            3.77121188146883        1.00275223503058        1.85027303055079
h            3.86118974530364        1.91794677011982        0.26704203263507
h           -4.22545971668014       -0.46013932160147        0.45273699899965
h           -3.08125978133864       -0.66056660611028        1.85898613877049
h           -2.02175657742039       -1.90264357158423       -0.47537247198078
h           -2.34655895291679        1.87530362407613       -1.29509534292380
h           -2.01018173175287        0.29204844490237       -1.98468903542676
h           -3.63953527039515        0.68600221251164       -1.44607730104425
35
 energy: -46.161676748556 gnorm: 0.000732012062 xtb: 6.7.1 (edcfbbe)
c            0.13521248485371       -0.58971449867358        0.42637663824027
c           -0.91344352155885        0.50025468410188        0.78018613867719
c           -0.33316883853722        1.91199775650102        0.56189307630414
c            0.53237972941144        2.07027192156056       -0.68933996218721
c            1.50577914836357        0.89331440943010       -0.81471728406822
c            0.68198868905298       -0.37979262610302       -1.00030993323372
c            1.40078683016690       -0.35716334404187        1.27556100247003
c            2.20361955315841        0.65320184659601        0.49827116950071
o            1.52419844558519       -1.43490182831298       -1.42778927544454
c           -0.42789574219289       -2.00581035248189        0.62969698974461
c            3.32688646904689        1.22357586341795        0.89314570918023
c           -2.28046600320078        0.29821811989512        0.15379918700178
c           -3.23746397185683       -0.30069803453221        0.85598801722726
h           -1.07907276203904        0.39544028450000        1.85993273725116
o           -1.22324948401878       -2.45593206784979       -0.44975066650479
c           -2.58180733724809        0.81842658586056       -1.22087424737170
h           -1.14947276115922        2.63668532175721        0.54640812640111
h            0.28945484637972        2.15251417403975        1.42539639895852
h           -0.07689567162480        2.12105268538645       -1.59226041747610
h            1.09503558749840        3.00240251913506       -0.61212991179260
h            2.20371494160515        1.04635910184480       -1.63904720266297
h           -0.11208143971782       -0.24585251652672       -1.74138162611181
h            1.97426600228052       -1.28360619335565        1.35178665575986
h            1.17314066344862       -0.02214479480851        2.28714537672525
h            0.98002781535538       -2.23055406678250       -1.48783959797017
h           -0.99478796493602       -2.05003890835023        1.56745451176160
h            0.39282164897627       -2.72495887399517        0.69824126163782
h            3.76569451280001        1.00929126914319        1.85350434896880
h            3.85675048162377        1.92295100935374        0.26894444822671
h           -4.22572902905698       -0.45670507943438        0.45431949748282
h           -3.08090161657756       -0.66004523067645        1.85983148910006
h           -2.02172050206500       -1.90723652199131       -0.47674069606584
h           -2.34558381664491        1.87743075310523       -1.29113775481443
h           -2.00956409159212        0.29636834452499       -1.98511937074169
h           -3.63854925645966        0.68837015154445       -1.44446449368047
35
 energy: -46.161679294989 gnorm: 0.000474562982 xtb: 6.7.1 (edcfbbe)
c            0.13543305676244       -0.59064009268598        0.42665307318909
c           -0.91256508949454        0.50010537272829        0.77992998974324
c           -0.33292076601261        1.91218855005115        0.56124556860591
c            0.53320199717127        2.06919072845789       -0.69002520492790
c            1.50630167274855        0.89195873995382       -0.81520534577042
c            0.68184414308682       -0.38084767966482       -1.00024352541286
c            1.40136036822334       -0.35810052586879        1.27544160184241
c            2.20369864653108        0.65293181323520        0.49827082929216
o            1.52322122126499       -1.43628887662669       -1.42792380591574
c           -0.42811440082766       -2.00686535922245        0.62956795817222
c            3.32516095916091        1.22637714048793        0.89435226507568
c           -2.27984447435057        0.29776190994530        0.15410579195545
c           -3.23693250887339       -0.30091025281801        0.85643485310489
h           -1.07772553421309        0.39589037113438        1.85984559651919
o           -1.22281854606592       -2.45590561555229       -0.45075350682514
c           -2.58121986034171        0.81907192395517       -1.22016264857075
h           -1.14950223579125        2.63661846103153        0.54506315281923
h            0.28955617590771        2.15357485561734        1.42465734670849
h           -0.07583922093238        2.12084082577743       -1.59309393614054
h            1.09657463342257        3.00090183682291       -0.61251290184754
h            2.20449007396882        1.04422313981099       -1.63954114519965
h           -0.11263137310726       -0.24630276838410       -1.74086007675351
h            1.97520827102851       -1.28448300803488        1.35115541648478
h            1.17390485465908       -0.02347462176553        2.28740305972095
h            0.97759522432176       -2.23078805056425       -1.49184916140355
h           -0.99577712290852       -2.05117283854259        1.56692432503567
h            0.39247956465226       -2.72623721956453        0.69821466119136
h            3.76242724218836        1.01423732225576        1.85588264802175
h            3.85375523605538        1.92725892278734        0.27068454879270
h           -4.22564028956354       -0.45536509980461        0.45528518390857
h           -3.08062133372687       -0.65928384211975        1.86064003609637
h           -2.02260363872484       -1.90875742279667       -0.47641673366710
h           -2.34595219190932        1.87844876767564       -1.28908364170095
h           -2.00787822233119        0.29854635569184       -1.98468871746032
h           -3.63772249285884        0.68826810037787       -1.44441721419043
35
 energy: -46.161680644560 gnorm: 0.000259344561 xtb: 6.7.1 (edcfbbe)
c            0.13545377886899       -0.59073931916298        0.42672947781069
c           -0.91229822974524        0.50032046237371        0.78039215043208
c           -0.33201408106674        1.91202391396073        0.56054221468291
c            0.53408246847220        2.06881196465794       -0.69071058263270
c            1.50677582347432        0.89123519205197       -0.81533062914331
c            0.68203116093404       -0.38139397067458       -1.00034918776841
c            1.40157369455866       -0.35880375033984        1.27542758271114
c            2.20378365530318        0.65266374852530        0.49853665037573
o            1.52275093055146       -1.43728508788646       -1.42793970248973
c           -0.42871738211749       -2.00691376204364        0.62908067146979
c            3.32382042747398        1.22826112093563        0.89550450205037
c           -2.27975010630578        0.29792324470975        0.15477029135447
c           -3.23662439014929       -0.30120251325632        0.85690852708107
h           -1.07713040925590        0.39667885089260        1.86044702018272
o           -1.22353627129396       -2.45512120275635       -0.45133627865213
c           -2.58102740638999        0.81908212975807       -1.21957099546377
h           -1.14835425786476        2.63672313083035        0.54407637629473
h            0.29039104132851        2.15358043679322        1.42393431432861
h           -0.07502950385976        2.12020261455717       -1.59375769668535
h            1.09761593907326        3.00050235168619       -0.61366254701676
h            2.20514115708032        1.04305259691707       -1.63961029433496
h           -0.11242626869079       -0.24638355659313       -1.74087711778915
h            1.97519027957673       -1.28551259094380        1.35014775463684
h            1.17482938002486       -0.02480909718845        2.28786569760210
h            0.97582637492256       -2.23079366511648       -1.49472017366763
h           -0.99616162768145       -2.05176728081934        1.56671852376428
h            0.39192293443651       -2.72639451033400        0.69725295878508
h            3.76022524973699        1.01743129156384        1.85765690383387
h            3.85143239980664        1.93017903279263        0.27227343957461
h           -4.22519832648833       -0.45572874455831        0.45572938061584
h           -3.08016742531453       -0.65932858356537        1.86116260626891
h           -2.02388479660036       -1.90869238097298       -0.47549341854243
h           -2.34729050534087        1.87882715703683       -1.28816871718926
h           -2.00618806753137        0.29956394777485       -1.98372434458358
h           -3.63714360080624        0.68677869217599       -1.44492501740297
35
 energy: -46.161681484685 gnorm: 0.000200359548 xtb: 6.7.1 (edcfbbe)
c            0.13535531753948       -0.59078696833050        0.42665980023487
c           -0.91194908481415        0.50082539671980        0.78016712403688
c           -0.33117196619050        1.91224789472763        0.56004468304871
c            0.53461369794562        2.06831987986967       -0.69137337346420
c            1.50732841478350        0.89069932289737       -0.81531794732757
c            0.68228299664897       -0.38166989644440       -1.00037985904212
c            1.40166102686620       -0.35961186090427        1.27516420388979
c            2.20358032795840        0.65261021576669        0.49906614556143
o            1.52252384866081       -1.43806235750323       -1.42762059454576
c           -0.42915909298885       -2.00682440830985        0.62863728868909
c            3.32226756677698        1.22993628804853        0.89704496115599
c           -2.27960535249210        0.29826289686814        0.15511357103867
c           -3.23610254264642       -0.30117931988559        0.85747566167450
h           -1.07646750539241        0.39747727388714        1.86024799409493
o           -1.22478934798767       -2.45427039964374       -0.45136768881486
c           -2.58111648556805        0.81899337377583       -1.21926174496808
h           -1.14712368419393        2.63738030291197        0.54357637802388
h            0.29153586015391        2.15358374974134        1.42329249970901
h           -0.07458460531974        2.11914520995834       -1.59438659158925
h            1.09808127068221        3.00005810121238       -0.61486898018852
h            2.20609520297782        1.04217017354230       -1.63931566785942
h           -0.11193309885351       -0.24644255159275       -1.74104206126319
h            1.97520301489076       -1.28644723979951        1.34869033897770
h            1.17542845218565       -0.02656744908921        2.28793161378182
h            0.97453427283806       -2.23064082251848       -1.49707798455645
h           -0.99589017998269       -2.05196260992063        1.56670581903889
h            0.39140041380480       -2.72649797390947        0.69602119755018
h            3.75830299847612        1.01974257998067        1.85947744076394
h            3.84956163724918        1.93214728995116        0.27397778919910
h           -4.22452941456437       -0.45654947000275        0.45634248371142
h           -3.07912150971583       -0.65957017527293        1.86156004460005
h           -2.02524409040565       -1.90790834713858       -0.47421864959148
h           -2.34933176506788        1.87917168688049       -1.28768299924886
h           -2.00486853159744        0.30051562460726       -1.98303561189666
h           -3.63686402353692        0.68467645270102       -1.44526694393072
35
 energy: -46.161681915965 gnorm: 0.000157038908 xtb: 6.7.1 (edcfbbe)
c            0.13535404428404       -0.59091736303558        0.42631639086393
c           -0.91159682530740        0.50099600172263        0.78007242788810
c           -0.33070230987914        1.91228256156470        0.55955762044457
c            0.53486436369408        2.06799221944520       -0.69200805485844
c            1.50775857164221        0.89040223864933       -0.81537939888870
c            0.68259435215315       -0.38184661512086       -1.00062110887595
c            1.40161369234295       -0.36016593346900        1.27491962303612
c            2.20328578922387        0.65270175226886        0.49949875478305
o            1.52283455951919       -1.43847457107745       -1.42752989190222
c           -0.42953057376920       -2.00671395198232        0.62835424815540
c            3.32116759586105        1.23099273836641        0.89839111226898
c           -2.27933031009571        0.29847208797371        0.15526757147904
c           -3.23549729293709       -0.30119958830243        0.85791422440141
h           -1.07592789467167        0.39785412922215        1.86019798796848
o           -1.22634828199690       -2.45361725801648       -0.45102053857821
c           -2.58128212757075        0.81890536996871       -1.21911687123010
h           -1.14639472265918        2.63773173426488        0.54341242294752
h            0.29244123450816        2.15336631316093        1.42256363309489
h           -0.07454211130747        2.11803980913455       -1.59490469687270
h            1.09808728826634        2.99992887680234       -0.61621231525645
h            2.20697716419254        1.04177578504811       -1.63900273210166
h           -0.11137643092817       -0.24665476904870       -1.74152850943210
h            1.97527697247519       -1.28700178657744        1.34719398078844
h            1.17555557644453       -0.02827037403965        2.28806341672660
h            0.97439406867394       -2.23070708387590       -1.49826328325277
h           -0.99536115242972       -2.05191199685073        1.56697136021176
h            0.39085886442483       -2.72666317244202        0.69470233507145
h            3.75701262187941        1.02098279428072        1.86097945304169
h            3.84829473389427        1.93375834673733        0.27573366462443
h           -4.22398625427596       -0.45696473977598        0.45704896153973
h           -3.07819652251474       -0.65927563743322        1.86205840367044
h           -2.02645030226758       -1.90666757530861       -0.47314805332918
h           -2.35131278470586        1.87951519437265       -1.28728522611219
h           -2.00388809765652        0.30152898536698       -1.98274942768556
h           -3.63674345938635        0.68279734178802       -1.44546714413607
35
 energy: -46.161681876973 gnorm: 0.000310328744 xtb: 6.7.1 (edcfbbe)
c            0.13534874419867       -0.59102363299162        0.42601577474340
c           -0.91129008902277        0.50114956845280        0.78001271628882
c           -0.33029933868742        1.91231558263954        0.55913241662703
c            0.53509888735647        2.06770937166463       -0.69254314837481
c            1.50814109857376        0.89014065753790       -0.81543742835843
c            0.68285122404462       -0.38198619883309       -1.00083888832327
c            1.40155522418998       -0.36062815593666        1.27471465264570
c            2.20302835787912        0.65278219023631        0.49987795339372
o            1.52307394627072       -1.43883204608387       -1.42746136371034
c           -0.42986314574983       -2.00660405253904        0.62811588477371
c            3.32021143440872        1.23191553828330        0.89956142670686
c           -2.27907880170006        0.29865598858049        0.15540205085081
c           -3.23494824701948       -0.30125077960933        0.85828030389364
h           -1.07546872689349        0.39819346760558        1.86017652335435
o           -1.22770010206973       -2.45303866155898       -0.45071716291495
c           -2.58142064049199        0.81882031994452       -1.21899372105507
h           -1.14575168887496        2.63806040271533        0.54328071278586
h            0.29322944653492        2.15315944949018        1.42192909938137
h           -0.07448621655673        2.11708196204815       -1.59533888178582
h            1.09811280737525        2.99981739227726       -0.61736485123343
h            2.20775326909549        1.04143122844025       -1.63873512419857
h           -0.11091002696765       -0.24681594511508       -1.74195220339183
h            1.97530997503852       -1.28747159919409        1.34590334425754
h            1.17565308820455       -0.02972465781818        2.28818376888554
h            0.97421739509487       -2.23075398379352       -1.49930710327233
h           -0.99491994353921       -2.05185092721970        1.56720505381178
h            0.39038364494143       -2.72678630697473        0.69357659089773
h            3.75593518743833        1.02202212655560        1.86225664826522
h            3.84719253470282        1.93515647256219        0.27724862248092
h           -4.22348054523321       -0.45739025445446        0.45763123626496
h           -3.07737614163146       -0.65904171783675        1.86248101087470
h           -2.02749935738444       -1.90558100071501       -0.47221779461936
h           -2.35301575970283        1.87980030255546       -1.28696232751127
h           -2.00304515354340        0.30237599164458       -1.98249822329670
h           -3.63663830115927        0.68116377122190       -1.44563722864375
35
 energy: -46.161682156988 gnorm: 0.000103934298 xtb: 6.7.1 (edcfbbe)
c            0.13542409264482       -0.59112062964768        0.42602121390150
c           -0.91131159176979        0.50101579204649        0.77975675951620
c           -0.33030195524745        1.91223685004997        0.55918876535276
c            0.53486413392574        2.06773949700965       -0.69268654570872
c            1.50799189101098        0.89023541150145       -0.81539304983998
c            0.68298996180811       -0.38211702905714       -1.00075731976080
c            1.40176130383158       -0.36079768083662        1.27463381389927
c            2.20302605730759        0.65282679039421        0.49981135022377
o            1.52347180979911       -1.43874722970847       -1.42741613046683
c           -0.42969846730342       -2.00677755802497        0.62808600408684
c            3.32028093401600        1.23179987714537        0.89948406805854
c           -2.27922607210320        0.29860698314735        0.15534952664283
c           -3.23526747326708       -0.30079805269386        0.85841489434793
h           -1.07541462640056        0.39794564959122        1.85991883180911
o           -1.22768444575407       -2.45328840087188       -0.45066019397573
c           -2.58147044565432        0.81892199235611       -1.21900772221099
h           -1.14597352582673        2.63768470439219        0.54319324139210
h            0.29310555274185        2.15335710155700        1.42199634212743
h           -0.07472630333415        2.11713695024316       -1.59548800354140
h            1.09783317455277        2.99985818954414       -0.61743203968834
h            2.20756006719651        1.04154893506140       -1.63871150857466
h           -0.11075669250563       -0.24707793257899       -1.74193386780630
h            1.97568880423559       -1.28754422219428        1.34589056044582
h            1.17573648231408       -0.02991174027845        2.28809249330290
h            0.97501246774424       -2.23087514698883       -1.49898335724058
h           -0.99466867032858       -2.05200632396642        1.56721297704559
h            0.39048238743600       -2.72703164895355        0.69343598896879
h            3.75559756149352        1.02221455038155        1.86242012437324
h            3.84738192273569        1.93499472523057        0.27725800969379
h           -4.22393519471948       -0.45652118638595        0.45795579884886
h           -3.07766749212096       -0.65874953466216        1.86256084332992
h           -2.02741946729105       -1.90579778972073       -0.47222523521938
h           -2.35308088060280        1.87992760691664       -1.28670301833462
h           -2.00304311974573        0.30274453131982       -1.98264527760262
h           -3.63665814169882        0.68133783246356       -1.44565799690253
35
 energy: -46.161682295031 gnorm: 0.000067811218 xtb: 6.7.1 (edcfbbe)
c            0.13552709146232       -0.59133211688387        0.42585830372315
c           -0.91124406293160        0.50072598284419        0.77966454672690
c           -0.33049434025605        1.91207736140820        0.55913871094592
c            0.53465737717508        2.06764243676073       -0.69275255495102
c            1.50788572435331        0.89027049297921       -0.81548137751632
c            0.68312362191625       -0.38227631091167       -1.00085967842012
c            1.40182840442016       -0.36085162322193        1.27451331919134
c            2.20295918518119        0.65290709934030        0.49969775753082
o            1.52397987128840       -1.43860218870812       -1.42745120789402
c           -0.42953036813066       -2.00703355138224        0.62799048997702
c            3.32020080589928        1.23183299377435        0.89944069460934
c           -2.27926772336125        0.29856149043572        0.15538140618599
c           -3.23558168225546       -0.30014424580953        0.85865467885336
h           -1.07526915718708        0.39754845689452        1.85983739548385
o           -1.22776162545444       -2.45349012584519       -0.45061374283293
c           -2.58139914589782        0.81905118708561       -1.21893414685910
h           -1.14635408426890        2.63730013187644        0.54308255005693
h            0.29284759517395        2.15340306655266        1.42192336350985
h           -0.07494916204341        2.11704136466492       -1.59553635686104
h            1.09754841937182        2.99980196489828       -0.61745757636707
h            2.20743332540376        1.04161159442057       -1.63882067539255
h           -0.11063186259024       -0.24747586988208       -1.74210230895687
h            1.97591122658121       -1.28748772628689        1.34586081119708
h            1.17571743484610       -0.02995696648091        2.28795790307200
h            0.97607488559615       -2.23111485427869       -1.49841214890011
h           -0.99434007980586       -2.05227455193205        1.56720785831813
h            0.39060812657159       -2.72733827693987        0.69315488444339
h            3.75530721006871        1.02207960383041        1.86240795714309
h            3.84729262533376        1.93522000007707        0.27745123319632
h           -4.22435947934895       -0.45545745637448        0.45831039425962
h           -3.07803194018716       -0.65817273387580        1.86278573422956
h           -2.02736046442432       -1.90581884056079       -0.47224227629374
h           -2.35317834027289        1.88011992803186       -1.28628846121936
h           -2.00273231901073        0.30322521752632       -1.98261347535240
h           -3.63651305409588        0.68137892975460       -1.44577366434330
35
 energy: -46.161682392835 gnorm: 0.000068236105 xtb: 6.7.1 (edcfbbe)
c            0.13562959635859       -0.59157132801965        0.42557022112207
c           -0.91112152763037        0.50045660832180        0.77953755290041
c           -0.33051612822640        1.91187076484642        0.55902096976674
c            0.53444116895497        2.06747722433892       -0.69299772740495
c            1.50787319969463        0.89028043897732       -0.81559595586463
c            0.68337349305183       -0.38244613284692       -1.00107711098385
c            1.40190657829980       -0.36114754260452        1.27426787518229
c            2.20284229925675        0.65294134600763        0.49965881268084
o            1.52466886944130       -1.43848869466392       -1.42746445524819
c           -0.42950759173428       -2.00723147508973        0.62773149077588
c            3.31982973489224        1.23215464066003        0.89976959661686
c           -2.27930031877937        0.29863131367174        0.15549311081284
c           -3.23577708121974       -0.29950755652966        0.85905577317835
h           -1.07493857881417        0.39714619552441        1.85973024301426
o           -1.22841453628372       -2.45337838619922       -0.45047890759874
c           -2.58136927045616        0.81904769076821       -1.21886199224822
h           -1.14646566312696        2.63699552349487        0.54306938103523
h            0.29290422254934        2.15324919112982        1.42173518230238
h           -0.07527950436033        2.11661121534803       -1.59572058423739
h            1.09714202183821        2.99977160438816       -0.61791682338040
h            2.20751130989000        1.04171200935634       -1.63884642443823
h           -0.11027305603787       -0.24793310841050       -1.74250833871946
h            1.97614625351168       -1.28770988198963        1.34538269064554
h            1.17574252648631       -0.03050706007337        2.28778227694068
h            0.97732952890436       -2.23143444667847       -1.49774536021838
h           -0.99377139570019       -2.05256498921678        1.56730050882452
h            0.39057134751419       -2.72766435707515        0.69230471598185
h            3.75466646897071        1.02228095230391        1.86284670794518
h            3.84693183063930        1.93577629492298        0.27807236314001
h           -4.22474554870705       -0.45430010075601        0.45897568554033
h           -3.07824582905881       -0.65721080608051        1.86330584553914
h           -2.02763290671849       -1.90511644855018       -0.47200213022511
h           -2.35412923322574        1.88036460306405       -1.28585645941477
h           -2.00185301174775        0.30396638051232       -1.98238652436643
h           -3.63626522930650        0.68045018092912       -1.44617186910291
