35
 energy: -46.159515008192 gnorm: 0.006218008912 xtb: 6.7.1 (edcfbbe)
c            0.09064289204017       -0.61846290787406        0.09364490184150
c           -0.93176043961289        0.40055559797750        0.65525038069036
c           -0.31622684694013        1.81111714910255        0.74296231502923
c            0.57795980075611        2.20530229597723       -0.43318570369196
c            1.50032007356483        1.04582206486343       -0.81895522236290
c            0.63438321068111       -0.13789173396110       -1.26006154445837
c            1.36111554610314       -0.60811625076947        0.96310663692678
c            2.19253205627157        0.51577697732855        0.41112699238218
o            1.38838461081523       -1.17282544171971       -1.86098238712465
c           -0.50992091532596       -2.01977592339502       -0.01708421230757
c            3.33147162187626        0.96532008842776        0.90456741570084
c           -2.27259453730705        0.36973895916384       -0.04789000432122
c           -2.55603062603265        0.97996592863425       -1.18853163762667
h           -1.12748435819962        0.07364964193263        1.68201892864535
o           -0.91588978460585       -2.47173921299529        1.26058364205860
c           -3.34162011978076       -0.37321840936538        0.70078465801054
h           -1.12189993149714        2.54043014882573        0.84774505427566
h            0.28986460432845        1.85998188352421        1.64973451133104
h           -0.01687332410748        2.49416650790523       -1.30089018037646
h            1.18047960152310        3.06964759856024       -0.14525115596437
h            2.20503056147711        1.36389639490438       -1.59365419930619
h           -0.17129241317590        0.16194954127176       -1.94188068686050
h            1.89445245903948       -1.55216537538781        0.83543037707020
h            1.13894925760470       -0.49210308041806        2.02282902729637
h            1.91044670164657       -0.78994146205004       -2.57423905544071
h            0.25203597691168       -2.68420404528944       -0.43989978049493
h           -1.36474059560475       -1.99440957008377       -0.70828585061386
h            3.76505555946840        0.54972310164360        1.79831812739688
h            3.87678312511791        1.76741636788319        0.43592414479317
h           -3.54409160117048        0.92364345780929       -1.61629988891623
h           -1.84830604761903        1.56759784979465       -1.74349448317259
h           -1.13369796850237       -3.40644994470949        1.19770571583074
h           -3.66440464772380        0.22415633549933        1.55456049008887
h           -4.20705143296425       -0.56588524295076        0.07147871683167
h           -2.95670599091019       -1.31270208628169        1.08887699978251
35
 energy: -46.159554849511 gnorm: 0.002985196936 xtb: 6.7.1 (edcfbbe)
c            0.09117012930866       -0.61836232317530        0.09420001245652
c           -0.93247655887762        0.40121844540550        0.65466128616293
c           -0.31674491211613        1.81201461796176        0.74292236952227
c            0.57789839928036        2.20603076350097       -0.43315479881919
c            1.50119696174629        1.04675533649549       -0.81842204949383
c            0.63492885102481       -0.13657494362606       -1.25956569157562
c            1.36205300938489       -0.60754674004730        0.96403929943686
c            2.19432498639438        0.51591619848326        0.41116304239106
o            1.38995096989498       -1.17233625296927       -1.86370362073046
c           -0.50853758571708       -2.02086811758095       -0.01687510747851
c            3.33426352041998        0.96437832625665        0.90445842030059
c           -2.27421609895884        0.36945476780549       -0.04831468024496
c           -2.55741868555520        0.97961714803664       -1.18957277497399
h           -1.12827478847365        0.07435678876744        1.68153029102022
o           -0.91320101629878       -2.47586006383110        1.26174913286448
c           -3.34471419215688       -0.37130989036625        0.70121907028974
h           -1.12272351630304        2.54082037469297        0.84766271411647
h            0.28821536995506        1.85990602498762        1.65036067234261
h           -0.01614326925403        2.49402163577957       -1.30146474336491
h            1.18034213998988        3.07009775124288       -0.14501345338527
h            2.20517319066511        1.36368139041238       -1.59356345968482
h           -0.17082529864763        0.16114222044759       -1.94150722944799
h            1.89528804875734       -1.55224407868815        0.83765723350903
h            1.13939460525109       -0.49104446354590        2.02360458573920
h            1.91076403407675       -0.78691167194413       -2.57881706683374
h            0.25253518618118       -2.68639841366517       -0.43971199229504
h           -1.36461742946312       -1.99642660305969       -0.70598279905565
h            3.76716235950803        0.54894116361015        1.79890185400894
h            3.87957111306092        1.76663442869412        0.43589258035908
h           -3.54581102136886        0.92398687414779       -1.61717934410204
h           -1.84908580819122        1.56654122337075       -1.74457921733895
h           -1.13243924980658       -3.41175376810459        1.19648160482160
h           -3.66626090914619        0.22714632166750        1.55473860121641
h           -4.21017899479218       -0.56409920434686        0.07190617373603
h           -2.96124746162718       -1.31095806303753        1.09034212747419
35
 energy: -46.159567718895 gnorm: 0.000913952088 xtb: 6.7.1 (edcfbbe)
c            0.09176539560309       -0.61866224047694        0.09464725229661
c           -0.93329231601396        0.40080450703001        0.65432894499819
c           -0.31765371089312        1.81199361984371        0.74246770764321
c            0.57777465299210        2.20661102778060       -0.43279890059908
c            1.50170287985786        1.04741574033908       -0.81774251784950
c            0.63509515769769       -0.13530487110350       -1.25889398062321
c            1.36234558140720       -0.60651757281127        0.96554275655214
c            2.19509304603225        0.51660584323945        0.41187140960960
o            1.39157075369847       -1.17165661850819       -1.86605745279682
c           -0.50683290632634       -2.02182783063362       -0.01728955474784
c            3.33602063981788        0.96361114734947        0.90464768631846
c           -2.27554649337779        0.36914356431950       -0.04870380000600
c           -2.55827796733351        0.97887281006835       -1.19053723720294
h           -1.12950899607432        0.07412513330699        1.68127560539740
o           -0.90939931303074       -2.47963023719823        1.26275388564960
c           -3.34737095501112       -0.36893260724011        0.70199487566170
h           -1.12384447789854        2.54054207012655        0.84673905352057
h            0.28643307629281        1.85956769392011        1.65036937358145
h           -0.01560011724527        2.49374404639249       -1.30163346249084
h            1.17970563692598        3.07072540092222       -0.14413166700859
h            2.20532482274170        1.36383720811317       -1.59296759137399
h           -0.17036611313131        0.16040361721974       -1.94124377183230
h            1.89570803801395       -1.55161170212557        0.84098510459344
h            1.13894144640194       -0.48885285784950        2.02482276179876
h            1.90990728839567       -0.78327806975070       -2.58277450383578
h            0.25426530227242       -2.68696625629819       -0.44060331094859
h           -1.36455298913621       -1.99807834885278       -0.70376195162531
h            3.76989649603180        0.54609591278420        1.79776290344881
h            3.88267539294966        1.76428110210112        0.43484414357059
h           -3.54688238222394        0.92396997574588       -1.61802701650445
h           -1.84883373506267        1.56365767009019       -1.74636718476522
h           -1.13031887702728       -3.41595523447258        1.19476342356135
h           -3.66776233574191        0.23131774489425        1.55468613006149
h           -4.21297464695939       -0.56108294847119        0.07269049770673
h           -2.96589119649952       -1.30900123601646        1.09240343118365
35
 energy: -46.159570277859 gnorm: 0.000704185889 xtb: 6.7.1 (edcfbbe)
c            0.09199783418367       -0.61877211360139        0.09470481982192
c           -0.93372002788761        0.40027816143024        0.65405523267273
c           -0.31857258910645        1.81171246322305        0.74262001582845
c            0.57727908718412        2.20661056237846       -0.43217533004298
c            1.50172576734587        1.04772678348010       -0.81727291245700
c            0.63521945406900       -0.13469134618450       -1.25839182592906
c            1.36202911990571       -0.60589021430774        0.96631735922358
c            2.19572675009050        0.51597789468720        0.41150345005233
o            1.39256600252852       -1.17105043176447       -1.86666570133691
c           -0.50553898944004       -2.02208106850128       -0.01772705783462
c            3.33792444337988        0.96098041211784        0.90300363231611
c           -2.27581558670609        0.36855402931930       -0.04925401892719
c           -2.55805493423114        0.97715786754765       -1.19173822931320
h           -1.13018311173150        0.07355359142412        1.68091622749143
o           -0.90644026024379       -2.48122977627015        1.26305591868429
c           -3.34843496659338       -0.36712647257140        0.70264885103773
h           -1.12504911851862        2.54003874141997        0.84635742628334
h            0.28508528964510        1.85949036227728        1.65079259015876
h           -0.01580950656556        2.49382106082088       -1.30118781958666
h            1.17875188117237        3.07082455196752       -0.14294056023511
h            2.20523003320239        1.36456686680578       -1.59243400537231
h           -0.16991273691756        0.16029296094482       -1.94104155948811
h            1.89517136034865       -1.55130873099947        0.84368419024075
h            1.13794789454732       -0.48648269087332        2.02526208293005
h            1.90848623274731       -0.78116809201890       -2.58415266089176
h            0.25576151315413       -2.68628699674654       -0.44188581196814
h           -1.36432555438207       -1.99873457493407       -0.70251161247181
h            3.77055309186524        0.54457732746608        1.79718590257144
h            3.88408321978197        1.76255601157063        0.43419308085175
h           -3.54697956097403        0.92351665324782       -1.61857935909823
h           -1.84812747424337        1.56091894314544       -1.74798011873681
h           -1.12854071907086       -3.41705214466003        1.19334059665615
h           -3.66799155015659        0.23475396180733        1.55450070260124
h           -4.21444095736731       -0.55871478641866        0.07372159073682
h           -2.96828525287025       -1.30735256345134        1.09413795647432
35
 energy: -46.159572104750 gnorm: 0.000716331741 xtb: 6.7.1 (edcfbbe)
c            0.09206647657794       -0.61860053380924        0.09453139647792
c           -0.93409800520099        0.39980150776278        0.65386719090223
c           -0.31943807219451        1.81135704248569        0.74296523613798
c            0.57670031791106        2.20666717612733       -0.43145605088350
c            1.50151238184270        1.04815814734244       -0.81676400531074
c            0.63550768659228       -0.13430670130000       -1.25815499748418
c            1.36142565324623       -0.60513832742510        0.96693536938794
c            2.19531890742665        0.51644889789368        0.41200356332806
o            1.39362082669351       -1.17040355123625       -1.86628218760829
c           -0.50467198755496       -2.02194599131194       -0.01812876914194
c            3.33836805127694        0.96005929811136        0.90263290059407
c           -2.27601224545631        0.36843975370414       -0.04946514948931
c           -2.55788442717913        0.97584846151962       -1.19260690263749
h           -1.13061087712877        0.07270577833793        1.68055778910083
o           -0.90422126186247       -2.48183136499367        1.26293384940160
c           -3.34895103523883       -0.36575968756572        0.70329712989076
h           -1.12623501952508        2.53941134668745        0.84630440660442
h            0.28381740221262        1.85941892339580        1.65141255196132
h           -0.01616507626929        2.49406296824186       -1.30061391150569
h            1.17782984128866        3.07100991790562       -0.14180045861551
h            2.20514412384530        1.36577159051381       -1.59161743017260
h           -0.16933447480596        0.16029296074406       -1.94121767381480
h            1.89464669370224       -1.55067834940673        0.84629502401224
h            1.13627696205524       -0.48416129136670        2.02547083223663
h            1.90735237216294       -0.77997992028356       -2.58453378226970
h            0.25674574149413       -2.68533457432287       -0.44318085083933
h           -1.36415535521739       -1.99896932530259       -0.70191538621640
h            3.77241017313942        0.54132546822322        1.79499620314961
h            3.88642859440491        1.75940226834566        0.43224287673320
h           -3.54659913619516        0.92176854695291       -1.61974386819832
h           -1.84737377739415        1.55786891042474       -1.74992561675879
h           -1.12742630456229       -3.41695686122214        1.19205459462414
h           -3.66771324243789        0.23721374115263        1.55467171900376
h           -4.21545095713822       -0.55696621379091        0.07490520442651
h           -2.96951487236587       -1.30603280875705        1.09539224591666
35
 energy: -46.159573288115 gnorm: 0.000447809498 xtb: 6.7.1 (edcfbbe)
c            0.09204630141063       -0.61826774733227        0.09440739446379
c           -0.93435547539137        0.39962918112981        0.65386036350324
c           -0.32001773218151        1.81124583777095        0.74338107002614
c            0.57636579564276        2.20696599095751       -0.43070107227207
c            1.50133327953633        1.04873075453545       -0.81635446152109
c            0.63587338817528       -0.13407241257799       -1.25817312046828
c            1.36103777476733       -0.60452883122047        0.96731063445914
c            2.19554348168465        0.51633268358927        0.41186253498191
o            1.39437162366267       -1.16972887445010       -1.86551363657136
c           -0.50459502499885       -2.02165445539238       -0.01822735611890
c            3.33964361881750        0.95847235521191        0.90138084325539
c           -2.27604082086774        0.36809884959345       -0.04971926639257
c           -2.55756125736395        0.97418303692433       -1.19366950658241
h           -1.13086206328151        0.07203751040565        1.68039542174524
o           -0.90361067414666       -2.48163915933609        1.26262568973211
c           -3.34912554321359       -0.36512120205526        0.70373815087824
h           -1.12698660046533        2.53913247566517        0.84660545236590
h            0.28294666384338        1.85942484206878        1.65201377023970
h           -0.01659240169583        2.49457978807884       -1.29976211635443
h            1.17740641719344        3.07135213080098       -0.14087745380937
h            2.20482185807024        1.36699663207369       -1.59112009890242
h           -0.16886987945681        0.16060463068557       -1.94149300054060
h            1.89397085131234       -1.55032912142731        0.84799539506694
h            1.13529647244142       -0.48245255244136        2.02562723999634
h            1.90698156834383       -0.77977199266753       -2.58463613295445
h            0.25681689358646       -2.68479880314966       -0.44378916675877
h           -1.36417864991325       -1.99873944301409       -0.70205624005847
h            3.77374464776792        0.53940511924354        1.79357139575793
h            3.88779334278466        1.75785570824341        0.43119061621305
h           -3.54624537296523        0.91999043875791       -1.62084622519638
h           -1.84695279198544        1.55567695993239       -1.75143791098869
h           -1.12759256829164       -3.41643812346677        1.19151810443122
h           -3.66718013021587        0.23839535902172        1.55501033314113
h           -4.21602723343663       -0.55625164330695        0.07586866951441
h           -2.96988368102409       -1.30534871907388        1.09607672866173
35
 energy: -46.159574230975 gnorm: 0.000162006691 xtb: 6.7.1 (edcfbbe)
c            0.09213645867806       -0.61778306925820        0.09445474544296
c           -0.93484112281625        0.39963172552032        0.65370523951728
c           -0.32106464704070        1.81142037851515        0.74415371094842
c            0.57566496922686        2.20749001787402       -0.42952117950993
c            1.50125353244949        1.04987713945742       -0.81559296295870
c            0.63648077089748       -0.13339831475492       -1.25798293166828
c            1.36076895723288       -0.60357634071139        0.96802636711793
c            2.19605279684983        0.51643680594754        0.41185863362661
o            1.39574574612638       -1.16852236414651       -1.86459585934697
c           -0.50421025536175       -2.02143073077691       -0.01839993846334
c            3.34183334358111        0.95621037843239        0.89964767181575
c           -2.27643208081077        0.36767641601700       -0.05012023384557
c           -2.55742768659978        0.97169396937745       -1.19531834391590
h           -1.13142667657682        0.07147279562140        1.68005107528219
o           -0.90290417376700       -2.48168396067071        1.26222654794576
c           -3.34983709471389       -0.36401238012257        0.70442545309932
h           -1.12829460887033        2.53905318520527        0.84717001377355
h            0.28136443772013        1.85947418205480        1.65314398841630
h           -0.01722106246958        2.49524829316028       -1.29859209430931
h            1.17644373628154        3.07190088565625       -0.13927485059242
h            2.20445767230347        1.36883777861298       -1.59029320740054
h           -0.16809339112623        0.16107037349587       -1.94166128141889
h            1.89339399911057       -1.54978758668602        0.85062300042791
h            1.13421563649727       -0.47993518374235        2.02601810988851
h            1.90671027000285       -0.77918246638777       -2.58545806626793
h            0.25721522657630       -2.68442620020836       -0.44442624775278
h           -1.36386948155912       -1.99830873550409       -0.70227222337757
h            3.77647487798701        0.53601380632627        1.79108874866736
h            3.89064908351032        1.75489857751497        0.42905062946468
h           -3.54599536683219        0.91690645813409       -1.62275383761004
h           -1.84648209237292        1.55190097723752       -1.75403613297108
h           -1.12833085246929       -3.41627508418448        1.19079820750215
h           -3.66662672212327        0.24023747124140        1.55565597097959
h           -4.21733802204880       -0.55475508956184        0.07728898827195
h           -2.97115009932731       -1.30440690490808        1.09697533216429
35
 energy: -46.159574423041 gnorm: 0.000138992122 xtb: 6.7.1 (edcfbbe)
c            0.09223651407165       -0.61756828538071        0.09458158386196
c           -0.93509746379871        0.39951187006485        0.65384320221822
c           -0.32141972963893        1.81134394186598        0.74440833753814
c            0.57540316925627        2.20784572440742       -0.42902357400267
c            1.50116969282790        1.05041164331009       -0.81522304993938
c            0.63666209360890       -0.13304119231095       -1.25782537218138
c            1.36075709195433       -0.60313753550754        0.96835358074049
c            2.19624328191305        0.51662199328421        0.41191253183592
o            1.39622857337641       -1.16806316225006       -1.86427383386163
c           -0.50403571603735       -2.02126692196272       -0.01849792353070
c            3.34275441514285        0.95538364241971        0.89888377914429
c           -2.27657721344280        0.36730397429408       -0.05030025466537
c           -2.55728192485627        0.97046223611523       -1.19601675381047
h           -1.13184046275036        0.07126048778076        1.68014216702641
o           -0.90322476953616       -2.48149182021315        1.26197758148111
c           -3.35023158917991       -0.36361014944551        0.70462955690362
h           -1.12874045926875        2.53887161596291        0.84737665634793
h            0.28083162444917        1.85934673891895        1.65351118951335
h           -0.01747342732823        2.49551587511151       -1.29811319374974
h            1.17595020410117        3.07236498067097       -0.13859848383330
h            2.20424168476779        1.36959771966045       -1.58991090176984
h           -0.16782152832535        0.16126043669256       -1.94160761918961
h            1.89333978545824       -1.54942353018521        0.85135358061061
h            1.13410046053796       -0.47909225171267        2.02627067466271
h            1.90679152663120       -0.77908309660100       -2.58570797922740
h            0.25758184084987       -2.68423315490569       -0.44420422781764
h           -1.36342746130200       -1.99809362087038       -0.70268410369344
h            3.77785262718486        0.53456750719678        1.78980732475418
h            3.89180760200221        1.75373639621079        0.42799439267006
h           -3.54587212799088        0.91567854834192       -1.62343000352693
h           -1.84624507761009        1.55033229917044       -1.75495153146218
h           -1.12898290747756       -3.41607761722852        1.19065281083061
h           -3.66634250667866        0.24080471367728        1.55597814385358
h           -4.21802364649928       -0.55379545977981        0.07773893222083
h           -2.97199809826703       -1.30427734302476        1.09701582299091
35
 energy: -46.159574510115 gnorm: 0.000090799498 xtb: 6.7.1 (edcfbbe)
c            0.09230633814551       -0.61746484853406        0.09471562246857
c           -0.93520987481493        0.39948608661787        0.65389476538768
c           -0.32174924224795        1.81138337082809        0.74475389369874
c            0.57507346135474        2.20796125796976       -0.42863911261712
c            1.50109019464593        1.05076260284258       -0.81499893848200
c            0.63671471453902       -0.13277074808928       -1.25763463420800
c            1.36080938654276       -0.60289982734475        0.96850466003400
c            2.19642592655625        0.51668677300747        0.41184637374218
o            1.39650177823096       -1.16773777624035       -1.86400159724118
c           -0.50383809951739       -2.02120016890749       -0.01853517469550
c            3.34347603561469        0.95474261684200        0.89817165233691
c           -2.27667589012943        0.36727922841426       -0.05031927323107
c           -2.55719098762229        0.96991061001597       -1.19635037432860
h           -1.13203729010645        0.07114161197625        1.68013270900811
o           -0.90380573973418       -2.48123881950732        1.26178826631221
c           -3.35048011976854       -0.36329804290747        0.70471085941628
h           -1.12912222588930        2.53885479110633        0.84780990473068
h            0.28050002931730        1.85927112479654        1.65386524958220
h           -0.01781255483463        2.49563687495574       -1.29772077367121
h            1.17544979737494        3.07255122321124       -0.13809691159088
h            2.20405768998951        1.37014397838929       -1.58970421427824
h           -0.16770185361965        0.16136412103502       -1.94149940709214
h            1.89338818188383       -1.54920924995690        0.85167765003082
h            1.13415391856866       -0.47863770964110        2.02638851288355
h            1.90687172558043       -0.77893140638785       -2.58565665356765
h            0.25799599530987       -2.68423908511316       -0.44369231407650
h           -1.36284800932967       -1.99804875433620       -0.70316873304734
h            3.77880688963800        0.53372908912761        1.78887652714171
h            3.89255277934312        1.75299545975066        0.42713867963549
h           -3.54561382131524        0.91458087885502       -1.62407989040757
h           -1.84593473277061        1.54908486977407       -1.75572919196928
h           -1.12961791440071       -3.41581636555306        1.19058115797003
h           -3.66598815584038        0.24101475043199        1.55633894793603
h           -4.21856732868364       -0.55280102552115        0.07801863351562
h           -2.97266492386498       -1.30432028812940        1.09667617161673
