    -46.144557076485    -46.144557076485         0.93331E-04
    -46.145022460830    -46.145022460830         0.11268E-03
    -46.144557111249    -46.144557111249         0.57314E-04
    -46.143239608722    -46.143239608722         0.54726E-04
    -46.147485935688    -46.147485935688         0.62955E-04
    -46.145022474859    -46.145022474859         0.14751E-03
    -46.144967728355    -46.144967728355         0.15858E-03
    -46.145022513916    -46.145022513916         0.53638E-04
    -46.144967657444    -46.144967657444         0.17194E-03
    -46.143441170927    -46.143441170927         0.18430E-03
    -46.146074214934    -46.146074214934         0.14902E-03
    -46.143034731199    -46.143034731199         0.17953E-03
    -46.143219246147    -46.143219246147         0.67985E-04
    -46.142291129487    -46.142291129487         0.12500E-03
    -46.142892240524    -46.142892240524         0.12055E-03
    -46.142200423352    -46.142200423352         0.11509E-03
    -46.142741509413    -46.142741509413         0.99655E-04
    -46.142947903476    -46.142947903476         0.72947E-04
    -46.142200534563    -46.142200534563         0.57365E-04
    -46.142130238503    -46.142130238503         0.16214E-03
    -46.141546542203    -46.141546542203         0.17114E-03
    -46.142130582773    -46.142130582773         0.64562E-04
    -46.141519024191    -46.141519024191         0.10824E-03
    -46.141519021848    -46.141519021848         0.78765E-04
    -46.141510591672    -46.141510591672         0.10556E-03
    -46.141255984085    -46.141255984085         0.11120E-03
    -46.141216898481    -46.141216898481         0.10683E-03
    -46.140748339962    -46.140748339962         0.62995E-04
    -46.141501552396    -46.141501552396         0.19422E-03
    -46.140680807585    -46.140680807585         0.39939E-04
    -46.140672967981    -46.140672967981         0.75371E-04
    -46.140660396783    -46.140660396783         0.69073E-04
    -46.140263791697    -46.140263791697         0.75203E-04
    -46.140402543425    -46.140402543425         0.14428E-03
    -46.140402498018    -46.140402498018         0.13110E-03
    -46.140263583955    -46.140263583955         0.10413E-03
    -46.140143449979    -46.140143449979         0.15164E-03
    -46.140219460378    -46.140219460378         0.57849E-04
    -46.141256028405    -46.141256028405         0.91054E-04
    -46.140010833273    -46.140010833273         0.52326E-04
    -46.139007001196    -46.139007001196         0.84529E-04
    -46.139998688527    -46.139998688527         0.13183E-03
    -46.139006930294    -46.139006930294         0.76885E-04
    -46.147485940405    -46.147485940405         0.56793E-04
    -46.138914347727    -46.138914347727         0.18804E-03
    -46.138874769595    -46.138874769595         0.91874E-04
    -46.141510485170    -46.141510485170         0.91969E-04
    -46.138774509436    -46.138774509436         0.10812E-03
    -46.138825419195    -46.138825419195         0.16644E-03
    -46.139397509021    -46.139397509021         0.12503E-03
    -46.138718944795    -46.138718944795         0.50207E-04
    -46.138733949365    -46.138733949365         0.49541E-04
    -46.138328231241    -46.138328231241         0.17053E-03
    -46.138626595309    -46.138626595309         0.11021E-03
    -46.138941654220    -46.138941654220         0.51438E-04
    -46.140109048414    -46.140109048414         0.11813E-03
    -46.138145786343    -46.138145786343         0.74324E-04
    -46.145022498552    -46.145022498552         0.94382E-04
    -46.138715207426    -46.138715207426         0.12041E-03
    -46.138328532807    -46.138328532807         0.10094E-03
    -46.142741515149    -46.142741515149         0.15358E-03
    -46.142291294231    -46.142291294231         0.58496E-04
    -46.141216687579    -46.141216687579         0.16993E-03
