35
 energy: -46.157192516650 gnorm: 0.050296956243 xtb: 6.7.1 (edcfbbe)
c           -0.04441588786783       -0.58578492473143        0.30727412730543
c           -1.04959082393230        0.55306049764270        0.73316008657893
c           -0.38456999892007        1.96570619045296        0.62701166631977
c            0.55524450032463        2.16036627312750       -0.58391325699546
c            1.46162814012656        0.92142052478506       -0.80971170024426
c            0.56209089231380       -0.29299701677407       -1.10120226123405
c            1.22579081683930       -0.47988763824865        1.21279620118215
c            2.15171143790192        0.49839531715750        0.48680532335148
o            1.31409083631815       -1.41421206556980       -1.63225209516547
c           -0.75094267707549       -1.95816791180273        0.41062416973906
c            3.36202056021625        0.89973071183521        0.89278164718550
c           -2.44816473476817        0.50821848531518        0.10758032559104
c           -3.50618346763878        0.21671095523759        0.88422330129140
h           -1.21945113724989        0.37673732209209        1.80853809174319
o            0.11826788870737       -3.08588758474332        0.28164557448437
c           -2.66000681798965        0.85634018785764       -1.35484235943775
h           -1.16578068711864        2.74253163854956        0.62746610977028
h            0.20159070656972        2.13036366420657        1.54509779120974
h           -0.01832275386133        2.34571549371110       -1.50728796089855
h            1.18391194160847        3.04999999853709       -0.41809573960791
h            2.17181019064156        1.12306936860910       -1.62794432894935
h           -0.19693086851615       -0.08309904041141       -1.86442367811549
h            1.70186999925604       -1.46833105505693        1.31094417280618
h            0.98292038546229       -0.14632325600100        2.23439084948587
h            2.22500730532808       -1.38025237372688       -1.27047565625362
h           -1.56487675563651       -2.00089302903602       -0.33911417520575
h           -1.22789103173545       -2.04676748254717        1.40100333340352
h            3.79374511952390        0.56373023475293        1.83917620505820
h            3.96604625242924        1.58734965289253        0.29537051990188
h           -4.52488182479515        0.21353937391701        0.48861654635752
h           -3.39611764350914       -0.02608383049105        1.94406395232606
h            0.62453140413305       -2.93010188188912       -0.54686273496445
h           -2.18475391294063        1.81372100264979       -1.62029121407274
h           -2.23866731520199        0.09209260020262       -2.02691233766350
h           -3.73233033094396        0.93894888662222       -1.58453132996787
35
 energy: -46.163423146616 gnorm: 0.015360819674 xtb: 6.7.1 (edcfbbe)
c           -0.04213636695608       -0.56852482597967        0.30660118700126
c           -1.04321943395326        0.55290577328026        0.72601169807354
c           -0.37765508634330        1.94867684566891        0.61807868801861
c            0.55320921248871        2.14428516869244       -0.58207656654739
c            1.45178708935056        0.91518149111279       -0.79787401359549
c            0.55506834239828       -0.28843751309913       -1.09425330658216
c            1.21893003628295       -0.47301130679793        1.20355776256172
c            2.13269572228141        0.50199691073315        0.49104326914296
o            1.29950516473114       -1.39809493491718       -1.61894356125152
c           -0.74558884013146       -1.93342077967807        0.41326930166674
c            3.33147788048239        0.89436820230568        0.89057049575878
c           -2.43098559926112        0.50495190487360        0.10255315511061
c           -3.47845962965132        0.22058117705658        0.87041256740005
h           -1.21839094598909        0.38055235191451        1.79611676723318
o            0.12411554053599       -3.04414600263927        0.27658930799424
c           -2.64620479869878        0.85326546865507       -1.34443080751610
h           -1.15981533852523        2.71418585714935        0.60627525695461
h            0.20841088434676        2.11260451738739        1.52772383956926
h           -0.01705283760690        2.32290830097381       -1.49865968083511
h            1.17751704762375        3.02654981108726       -0.40801468993072
h            2.16099540068923        1.11374364678487       -1.60837575863425
h           -0.20043537704169       -0.08546870431641       -1.85372854378178
h            1.69184003539548       -1.45729576182022        1.29156904265445
h            0.98087233481213       -0.14191329701766        2.21716178556161
h            2.19577508982291       -1.36797959940710       -1.24686240190293
h           -1.54560585840861       -1.99227087825944       -0.34111837906447
h           -1.20829851148602       -2.03816934851113        1.40165019171360
h            3.76537564660836        0.55554907799727        1.82075532906337
h            3.93224458039936        1.57451015206287        0.30291447861828
h           -4.48688183337668        0.21030768188833        0.48104519898191
h           -3.37799066844172       -0.02195180307882        1.91870740654563
h            0.61072156112766       -2.90214775319900       -0.55728276238632
h           -2.17482226296864        1.80399599416259       -1.59799185547720
h           -2.23576422582460        0.08569131446657       -2.00386406826280
h           -3.71283424671335        0.93498014959209       -1.55842116754081
35
 energy: -46.164196298155 gnorm: 0.004889180418 xtb: 6.7.1 (edcfbbe)
c           -0.04664183130142       -0.56263896407726        0.30625129048223
c           -1.03325376791435        0.55682587187793        0.72733444856446
c           -0.37606780085975        1.94933314271981        0.61573812184700
c            0.54928258107955        2.13923696353153       -0.58461836835587
c            1.44333930753894        0.91364546403255       -0.79776077261613
c            0.54774103374412       -0.28696197856945       -1.09091409254004
c            1.20890503347522       -0.47059430607977        1.19807969252102
c            2.11830110493441        0.49829385644856        0.48660194599931
o            1.28699566911972       -1.38794153123196       -1.61494903042430
c           -0.74309750078543       -1.92681984249053        0.41361919480728
c            3.31403847818840        0.88838601990345        0.88701807654398
c           -2.41410208163462        0.50463276735289        0.10303557758848
c           -3.45820832918312        0.21487573503546        0.86718183461697
h           -1.21188278550382        0.38490432329538        1.79516033484776
o            0.13118023749214       -3.02540963868034        0.26901775662300
c           -2.62669571267047        0.85071059875951       -1.33996337989603
h           -1.15798978082939        2.71092683052613        0.60253973442432
h            0.21373745984347        2.11109413887917        1.51946902578358
h           -0.01942626902614        2.31234019732190       -1.49901978556412
h            1.17302311546824        3.01802815343113       -0.41010949703913
h            2.15446580737869        1.10802534205388       -1.60463253875759
h           -0.20777267388927       -0.08317386429231       -1.84702533924217
h            1.67763704979857       -1.45496947979745        1.27857663495213
h            0.97386696706488       -0.14353125284628        2.21033732588663
h            2.17004326991383       -1.37037615723905       -1.22137852748407
h           -1.54156116635447       -1.98524345455072       -0.33839082969131
h           -1.19506860497526       -2.03588643006660        1.40298450138800
h            3.74042245001792        0.55692083531964        1.81839730627245
h            3.90889046074440        1.57649901358195        0.31022048433616
h           -4.46255387304592        0.20243970362061        0.47863680996751
h           -3.36218311764013       -0.02708728847075        1.91184351280287
h            0.60074840069257       -2.88867394060535       -0.57195539354173
h           -2.15396606289499        1.79663897017277       -1.59029187545561
h           -2.22252272701300        0.08018368595006       -1.99361397852930
h           -3.69122463297430        0.93432580430783       -1.54671103480237
35
 energy: -46.164314927172 gnorm: 0.002899773346 xtb: 6.7.1 (edcfbbe)
c           -0.04718778034181       -0.56016582112958        0.30681275434090
c           -1.03117918801168        0.55828197646930        0.72923828423347
c           -0.37307748315620        1.94990369424155        0.61485953513858
c            0.54885322473921        2.14091982552578       -0.58856554583841
c            1.44105458427402        0.91416369960430       -0.79851875017090
c            0.54496510225945       -0.28644166483988       -1.09196643890410
c            1.20918766033340       -0.47231779327871        1.19623298931524
c            2.11309372002487        0.50294714005607        0.48836939296534
o            1.28262384608227       -1.38471785660977       -1.61700711094897
c           -0.74389901016729       -1.92458093721279        0.41405496890056
c            3.30592902805272        0.89876317270688        0.89372558642600
c           -2.41083253604704        0.50547342883758        0.10474089812786
c           -3.45462253518792        0.21069526988019        0.86791923330103
h           -1.20869998998487        0.38801744762453        1.79761644332211
o            0.13140786689332       -3.01985515596007        0.26302919058342
c           -2.62005116091002        0.85048080426635       -1.33905466198023
h           -1.15576763767841        2.71023669754298        0.60262562306893
h            0.21959511343818        2.11401191901099        1.51620500750253
h           -0.02175871840429        2.31107357405243       -1.50217701829523
h            1.17241219866151        3.02026996269694       -0.41690952358712
h            2.15355848243407        1.10594586205131       -1.60472505316791
h           -0.21184729495372       -0.08106152017989       -1.84670050147801
h            1.67897153065106       -1.45681927566316        1.27227417080024
h            0.97462158637795       -0.15000908396636        2.21012976808508
h            2.15697067164877       -1.38108704820949       -1.20253658734802
h           -1.54634099035442       -1.98125699301149       -0.33368976332374
h           -1.19047162287771       -2.03552152306402        1.40542018688206
h            3.73514999152446        0.55560878432147        1.81980542071312
h            3.90554762520788        1.57831358736402        0.31216468754345
h           -4.45778257903121        0.18919008605485        0.47628645893240
h           -3.35780211988602       -0.03404773354544        1.91198195496302
h            0.59004160844943       -2.88542187834338       -0.58439632629710
h           -2.14045924991185        1.79256536796745       -1.59015967047376
h           -2.21995953659317        0.07575715378873       -1.99018796096898
h           -3.68384469955570        0.93964412007468       -1.54618847604752
35
 energy: -46.164445580786 gnorm: 0.005993302515 xtb: 6.7.1 (edcfbbe)
c           -0.04750642137792       -0.55743839630228        0.30779992439267
c           -1.02690426368476        0.56199144719579        0.73163302767432
c           -0.36812928641931        1.95364510578799        0.61334567039406
c            0.54944644065428        2.14416022992112       -0.59508559027685
c            1.44012756568112        0.91561069417115       -0.80091227471091
c            0.54184136360039       -0.28513459932323       -1.09385543878829
c            1.21188553156592       -0.47573089974904        1.19228923128121
c            2.11137241077584        0.50446260139634        0.48666889331814
o            1.27554797798950       -1.37964050316578       -1.62316032415537
c           -0.74639257675700       -1.92227314405729        0.41565308965732
c            3.30071976931289        0.90699748689124        0.89911083629904
c           -2.40559932194234        0.50422597728728        0.10710055809618
c           -3.44837565868165        0.19666693541645        0.86791798763517
h           -1.20185260873648        0.39532337749256        1.80142140465579
o            0.12718454602967       -3.01505862240689        0.24999464384476
c           -2.61118664792421        0.85027044291587       -1.33753242809921
h           -1.15169965983998        2.71309351868010        0.60406674767493
h            0.23001353502992        2.12035347035296        1.51092213090115
h           -0.02495037045751        2.31066362186355       -1.50725346157887
h            1.17254000819777        3.02500422028580       -0.42888555957005
h            2.15407588460463        1.10220420696457       -1.60730518943909
h           -0.21735207140336       -0.07607530847254       -1.84577045491386
h            1.68198964023503       -1.46126279564896        1.26032261327521
h            0.98037751389821       -0.16152207786117        2.21007251754839
h            2.13211865823813       -1.40745072454726       -1.16674694208389
h           -1.55803846683180       -1.97363100157987       -0.32287657654358
h           -1.18268669422243       -2.03658891066964        1.41140022992179
h            3.72098376250639        0.56785092517792        1.83122366741650
h            3.89561845013535        1.59714808560620        0.32462690230322
h           -4.45068073420764        0.16785490919128        0.47314117061907
h           -3.34974237809327       -0.04733334480535        1.91248547602129
h            0.56572450183043       -2.88429815508463       -0.60936730162060
h           -2.11668090085849        1.78443782889416       -1.59073976795788
h           -2.22159390347249        0.06717407861591       -1.98580301349110
h           -3.67379588737567        0.95325860868996       -1.54519323338533
35
 energy: -46.164515802110 gnorm: 0.005199632824 xtb: 6.7.1 (edcfbbe)
c           -0.04645519249507       -0.55790370993801        0.30808573649542
c           -1.02415019591023        0.56455004021246        0.73159023022906
c           -0.36615543093245        1.95711835421878        0.61151901730380
c            0.55141230841107        2.14523814959575       -0.59776561861690
c            1.44250689479408        0.91647111635193       -0.80253341465966
c            0.54274936921926       -0.28484286132181       -1.09414262207478
c            1.21474843695083       -0.47683425697645        1.19051884136863
c            2.11251348126122        0.50768160300851        0.48708505986742
o            1.27418157394897       -1.37928778381015       -1.62565483859526
c           -0.74795623026975       -1.92231410616692        0.41690473641861
c            3.29758258275820        0.91730085336235        0.90519496740990
c           -2.40382223147373        0.50423341528738        0.10802065669540
c           -3.44538322727629        0.18904085149819        0.86747299022038
h           -1.19806952550749        0.40020479066751        1.80215258724711
o            0.11961665372617       -3.01859901826085        0.24134684891566
c           -2.61083820984014        0.85103189522827       -1.33656886375959
h           -1.14922208315541        2.71763139209102        0.60408892762170
h            0.23349943979330        2.12264363066971        1.50851878789238
h           -0.02320765185212        2.31088638360909       -1.51015956212990
h            1.17403827243693        3.02699896969066       -0.43355488822254
h            2.15745680011790        1.10051844596678       -1.60890235043201
h           -0.21724449022804       -0.07513927548046       -1.84493622057314
h            1.68593569035748       -1.46240909255303        1.25400111332829
h            0.98515286620019       -0.16749614768404        2.21056104865609
h            2.12050576318202       -1.42366078917770       -1.15305850685567
h           -1.56579982584239       -1.96822883374885       -0.31552118340916
h           -1.17816634753901       -2.03780870872942        1.41548881947835
h            3.71565851952614        0.57729109704312        1.83822058339962
h            3.89190252417783        1.61009307282891        0.33317316764727
h           -4.44747011725242        0.15659054681677        0.47203161133507
h           -3.34493899076509       -0.05933845070330        1.91100041861666
h            0.54914652999922       -2.88990344193713       -0.62274790470368
h           -2.10629419046076        1.77906810526977       -1.59311609430630
h           -2.23213169026213        0.06211240772111       -1.98512349946771
h           -3.67290236779915        0.96602064447441       -1.54248141602511
35
 energy: -46.164582089560 gnorm: 0.001977322797 xtb: 6.7.1 (edcfbbe)
c           -0.04325670764749       -0.55846957087605        0.30757345421453
c           -1.02114207655126        0.56642466689921        0.73088384395176
c           -0.36213314692006        1.95864445800662        0.60770311557297
c            0.55571372254678        2.14576872149172       -0.60113139961026
c            1.44617856120797        0.91611758589294       -0.80375634152922
c            0.54465937718830       -0.28508244295433       -1.09512447467928
c            1.21909980103694       -0.47874979677622        1.18923260433100
c            2.11511471591109        0.51048412447546        0.48808442565022
o            1.27424682516140       -1.38042473281729       -1.62908944096946
c           -0.74996664554327       -1.92029043233963        0.41864395319428
c            3.29354845532613        0.93075944628162        0.91335736984907
c           -2.40214540639189        0.50278861585024        0.10838788381978
c           -3.44147687669269        0.17708675905739        0.86606245451133
h           -1.19432872227442        0.40424866282695        1.80196664631128
o            0.10706397103176       -3.02381369751005        0.23085412395824
c           -2.61287439752251        0.85352628102232       -1.33488076278209
h           -1.14429907060117        2.72043248072337        0.60048913173149
h            0.23729684559689        2.12330879188305        1.50514543520874
h           -0.01777671121842        2.31144834711284       -1.51441722359660
h            1.17841819854842        3.02785473461661       -0.43750589485584
h            2.16193633591611        1.09786170144965       -1.60980480830620
h           -0.21580966287317       -0.07488554974610       -1.84496977671666
h            1.69231671842341       -1.46384933023197        1.24651923434932
h            0.99226805523927       -0.17491321611885        2.21156088224787
h            2.10787269747553       -1.44353133642814       -1.14290505957009
h           -1.57626305581678       -1.95867831019561       -0.30500026311226
h           -1.17053757172441       -2.03636259115488        1.42152533820310
h            3.70749608174890        0.59715019106449        1.85051420753658
h            3.88519839906254        1.63014252744990        0.34662859501253
h           -4.44364768273749        0.14334157371731        0.47163286938753
h           -3.33908371407843       -0.07583182468201        1.90825659286557
h            0.52618870648027       -2.89950742088688       -0.63820939954801
h           -2.09433972763398        1.77210975804229       -1.59714042189972
h           -2.25281026853807        0.05676483495713       -1.98547576594191
h           -3.67432631513710        0.98708527902124       -1.53490196247411
35
 energy: -46.164601800503 gnorm: 0.001370459220 xtb: 6.7.1 (edcfbbe)
c           -0.04119112376373       -0.55945504739470        0.30559186676021
c           -1.01733501600059        0.56769674292225        0.72907586877631
c           -0.35881024170751        1.95931913992810        0.60405490897447
c            0.55973751762160        2.14435243264263       -0.60379656070019
c            1.44916186838625        0.91419045077585       -0.80505090440659
c            0.54543870042471       -0.28510783139788       -1.09648003481736
c            1.22129084503720       -0.48121248142532        1.18666672244154
c            2.11498763347479        0.51285534839115        0.48930174683983
o            1.27363235662592       -1.38008570073824       -1.63452449172853
c           -0.75165694376205       -1.91802746330905        0.42040920088564
c            3.28600828722949        0.94519152542657        0.92180574697982
c           -2.39895476406887        0.50289661126509        0.10846559456191
c           -3.43569916268586        0.16868442632487        0.86554197308061
h           -1.18960912681031        0.40623916434030        1.80005585938971
o            0.09794050490413       -3.02606661734112        0.22303327252970
c           -2.61338514666403        0.85727062345351       -1.33304553014776
h           -1.14065572929915        2.72128762350062        0.59528220246098
h            0.24018878303509        2.12452006300454        1.50155008636467
h           -0.01184708336686        2.31088196268909       -1.51794154385422
h            1.18353173819734        3.02531631495677       -0.43908986054584
h            2.16613758200820        1.09412465366616       -1.61013738159944
h           -0.21486558668335       -0.07294512874298       -1.84569096984255
h            1.69670412871442       -1.46539030939792        1.23856300417319
h            0.99525114360137       -0.18211767517514        2.21005217457410
h            2.09554922355573       -1.46363215576511       -1.13047832877483
h           -1.58485739456926       -1.95166337752032       -0.29497938492922
h           -1.16171340032509       -2.03428683929602        1.42745038603227
h            3.69837001123995        0.61736512874761        1.86146612060985
h            3.87579141410932        1.64819011999619        0.35808735167986
h           -4.43786809427830        0.12962199291401        0.47191812733845
h           -3.33137996200340       -0.09250205033463        1.90533819931115
h            0.50639231844867       -2.90653426669959       -0.65124503107022
h           -2.08212401257732        1.76639720342303       -1.60053711563117
h           -2.27175344897532        0.05368479713492       -1.98523372511154
h           -3.67400811107417        1.00789990815913       -1.52477038428930
35
 energy: -46.164606360070 gnorm: 0.002339938854 xtb: 6.7.1 (edcfbbe)
c           -0.04118312147471       -0.56025901917265        0.30525310550646
c           -1.01709722387807        0.56683877657880        0.72882719117591
c           -0.35872088235958        1.95831161340017        0.60340369559355
c            0.56093931341911        2.14375031106375       -0.60373151909871
c            1.44899593829975        0.91242083182984       -0.80507782737457
c            0.54514480162049       -0.28632424649775       -1.09637746942610
c            1.22088984567930       -0.48212118158149        1.18680254809398
c            2.11397174283462        0.51225586070230        0.48984238194242
o            1.27274021174332       -1.38235450127040       -1.63432004237560
c           -0.75116759630247       -1.91844262668137        0.42065226044038
c            3.28349874791314        0.94739800550478        0.92296685239251
c           -2.39828091770844        0.50186942820513        0.10786803791500
c           -3.43466551542731        0.16682850174869        0.86512466044606
h           -1.18919363070923        0.40451978912018        1.79959532899301
o            0.09913577913657       -3.02617508329708        0.22455853259270
c           -2.61345351874657        0.85928708250761       -1.33284503986517
h           -1.14111308258875        2.71955208690676        0.59265546465560
h            0.23897153448629        2.12531720815872        1.50142243722306
h           -0.00984889365294        2.31150537482434       -1.51812251041511
h            1.18592525381257        3.02361155106514       -0.43773961569078
h            2.16610419173421        1.09227620991701       -1.61002069113110
h           -0.21534503855717       -0.07440262471091       -1.84570665707965
h            1.69653182617522       -1.46605780236681        1.23899231929466
h            0.99352754638711       -0.18300475516105        2.20974277803729
h            2.09694302803127       -1.46149226697805       -1.13823658021578
h           -1.58413700402244       -1.95373648658132       -0.29425986490154
h           -1.16052170406080       -2.03423623460298        1.42768901884867
h            3.69681140269631        0.62206753766914        1.86316177671131
h            3.87229875881082        1.65063838959882        0.35831663645835
h           -4.43752165940799        0.13240312210042        0.47303442785505
h           -3.33053885535298       -0.09192928679260        1.90544992933439
h            0.50740206187020       -2.90743343919507       -0.64963263782592
h           -2.08164938263314        1.76779861233830       -1.59955610694812
h           -2.27342580323529        0.05692979803316       -1.98613139364450
h           -3.67356844653338        1.01134875274087       -1.52289226120215
35
 energy: -46.164610140219 gnorm: 0.001306384257 xtb: 6.7.1 (edcfbbe)
c           -0.04135679767000       -0.56043641273033        0.30519438139136
c           -1.01712208494191        0.56650817470063        0.72898273315218
c           -0.35870479583610        1.95797814654580        0.60313771640577
c            0.56117951778910        2.14370101333052       -0.60406376966632
c            1.44870002528988        0.91184396711366       -0.80517663331481
c            0.54466359287880       -0.28665055664751       -1.09668538105151
c            1.22076706800938       -0.48257382064734        1.18679746017672
c            2.11362461325986        0.51168071184351        0.48979338521401
o            1.27187704743637       -1.38265599997372       -1.63500178732329
c           -0.75080744883223       -1.91898956585979        0.42068543465303
c            3.28288534376414        0.94758485277548        0.92304456113395
c           -2.39831235450853        0.50246287021297        0.10815876965030
c           -3.43482395689007        0.16803029665167        0.86555807835051
h           -1.18899864623935        0.40438454368032        1.79987884114183
o            0.10064990854950       -3.02588953191378        0.22510920715106
c           -2.61308058973516        0.86003294638857       -1.33267253136067
h           -1.14144229159269        2.71883742755896        0.59180932956432
h            0.23860204767112        2.12580178280057        1.50128040953350
h           -0.00956608012750        2.31190902877179       -1.51842241698595
h            1.18660639292571        3.02319596339072       -0.43780790472792
h            2.16584651208678        1.09146517734892       -1.61016534073527
h           -0.21595985549520       -0.07433455587706       -1.84590497446401
h            1.69627169148550       -1.46661830283325        1.23895987209207
h            0.99324541366937       -0.18362071890479        2.20987730984534
h            2.09691576760843       -1.46155668593393       -1.13866517389239
h           -1.58354662325453       -1.95516608855373       -0.29445799363150
h           -1.16043333609746       -2.03477177987214        1.42761926654680
h            3.69595493168355        0.62340983919074        1.86380603098162
h            3.87084564845461        1.65155799873876        0.35820674847615
h           -4.43762414196927        0.13229342189658        0.47302662934718
h           -3.33041908462432       -0.09232564611434        1.90554601088803
h            0.50881312557306       -2.90693442647316       -0.64915432226777
h           -2.08048487084032        1.76839798505522       -1.59881717164699
h           -2.27328021651671        0.05757839736867       -1.98603330717456
h           -3.67308576496480        1.01282883609521       -1.52273430113721
35
 energy: -46.164612741076 gnorm: 0.000878654229 xtb: 6.7.1 (edcfbbe)
c           -0.04173890674854       -0.56151604310237        0.30519589213051
c           -1.01683153790308        0.56583902348232        0.72877667834982
c           -0.35890074478443        1.95769438995428        0.60230652815881
c            0.56197587317183        2.14263038691093       -0.60468858458402
c            1.44872501575567        0.91018585067187       -0.80580358830207
c            0.54368013132294       -0.28754467786438       -1.09709212139428
c            1.22084213280608       -0.48372008044222        1.18636156173798
c            2.11299948989719        0.51114153530113        0.48995262967826
o            1.26982194273708       -1.38349477989187       -1.63662091187233
c           -0.75035397144030       -1.92078507774589        0.42115964039449
c            3.28069182997934        0.95050476292487        0.92445230407738
c           -2.39824842774933        0.50254334448727        0.10852554401444
c           -3.43492375718571        0.16834776197259        0.86588879623967
h           -1.18824822084247        0.40447485752145        1.79994315404463
o            0.10304916608935       -3.02639563618538        0.22629122359775
c           -2.61248694927155        0.86217764720453       -1.33200414738851
h           -1.14220434320772        2.71799840267673        0.58951799756297
h            0.23756926272410        2.12700093869820        1.50074485216961
h           -0.00806704846490        2.31229013929627       -1.51922058442788
h            1.18843450009282        3.02113695927731       -0.43747473429364
h            2.16615364522092        1.08903059904076       -1.61081225738358
h           -0.21749004255781       -0.07424538865530       -1.84560693759046
h            1.69633720924555       -1.46789641687396        1.23789918971068
h            0.99337740232636       -0.18562085653550        2.20990503017848
h            2.09726972855537       -1.46142284751125       -1.14096653045463
h           -1.58264701527816       -1.95830125497796       -0.29463045713932
h           -1.16049977071175       -2.03650255411943        1.42800916100175
h            3.69375198840378        0.62792232920532        1.86570650171279
h            3.86726275020386        1.65492989944850        0.35864316996133
h           -4.43784137404028        0.13342128096294        0.47339341854437
h           -3.33010486269222       -0.09327871444715        1.90556280465949
h            0.51121639774518       -2.90681165851818       -0.64795801690861
h           -2.07714211141504        1.76967289077331       -1.59672803126181
h           -2.27475881821055        0.05926271951818       -1.98633907344472
h           -3.67227085577460        1.01828955666648       -1.52158093516382
35
 energy: -46.164614098487 gnorm: 0.000453114975 xtb: 6.7.1 (edcfbbe)
c           -0.04160697722446       -0.56200465448845        0.30541575736217
c           -1.01664306636120        0.56565470361447        0.72882189616514
c           -0.35856169504598        1.95741278171454        0.60167162012745
c            0.56272718457984        2.14216656209799       -0.60494386095549
c            1.44891676536663        0.90939727694433       -0.80606345696116
c            0.54363081988358       -0.28827165913310       -1.09695320686072
c            1.22117372606914       -0.48425927171732        1.18630556441122
c            2.11307453622476        0.51093960267069        0.48999074474352
o            1.26922712462674       -1.38461244043013       -1.63670407891678
c           -0.75046296766657       -1.92112858528118        0.42148274026756
c            3.27975183340900        0.95211593876518        0.92518569632568
c           -2.39828840532675        0.50317921774092        0.10878938280383
c           -3.43496566441071        0.16880122710366        0.86597507054811
h           -1.18801298908252        0.40459168773678        1.80002582996137
o            0.10253067854365       -3.02718167152898        0.22685200452264
c           -2.61270517582938        0.86333097107468       -1.33156053536144
h           -1.14179855583048        2.71778230855810        0.58837934514117
h            0.23751500778334        2.12686024494398        1.50031265278520
h           -0.00685568476401        2.31234401865435       -1.51966862252803
h            1.18951457210371        3.02037827156595       -0.43726914062756
h            2.16635269487559        1.08786019074113       -1.61111642225433
h           -0.21792500540374       -0.07484115553057       -1.84496049429966
h            1.69686034671286       -1.46838374005037        1.23706713813042
h            0.99415985252306       -0.18668889460770        2.21005067647437
h            2.09812311551770       -1.46064469166112       -1.14447551357531
h           -1.58267265836851       -1.95852974099278       -0.29444370495841
h           -1.16075603433505       -2.03667044003855        1.42828425095038
h            3.69232050181961        0.63117771151118        1.86718471971585
h            3.86552801629918        1.65750471089962        0.35977975153402
h           -4.43775239713617        0.13255772485141        0.47316075597539
h           -3.32993407569869       -0.09544911352255        1.90500009511073
h            0.51112074386573       -2.90770672000071       -0.64718053545195
h           -2.07602579345770        1.76983264070357       -1.59654572702528
h           -2.27688660288034        0.06005505471056       -1.98648383061716
h           -3.67227406338285        1.02138922150487       -1.52065739634736
35
 energy: -46.164615213900 gnorm: 0.000468522832 xtb: 6.7.1 (edcfbbe)
c           -0.04129446778773       -0.56221961261507        0.30561912602255
c           -1.01620102494889        0.56568341662277        0.72893985700495
c           -0.35775662453553        1.95722971192814        0.60096871482941
c            0.56345056889809        2.14181194237197       -0.60557925975625
c            1.44907568596615        0.90873582986405       -0.80636610012286
c            0.54356802674317       -0.28891004500118       -1.09695852292601
c            1.22163422259812       -0.48485719381050        1.18616216228604
c            2.11296442431624        0.51118687257874        0.49014569892229
o            1.26849917823397       -1.38558489999629       -1.63685872462665
c           -0.75082276994450       -1.92091837212454        0.42181173878518
c            3.27820221688047        0.95469059026316        0.92658261130086
c           -2.39785791674548        0.50236498499873        0.10874908815462
c           -3.43428635855972        0.16593632883407        0.86536915378932
h           -1.18754698806161        0.40490818891550        1.80015581164663
o            0.10108763333416       -3.02773607067422        0.22702871849714
c           -2.61278546163274        0.86444075130946       -1.33098110370927
h           -1.14077686997133        2.71778244656794        0.58756039007985
h            0.23837161799712        2.12665165375030        1.49955211171791
h           -0.00586426543440        2.31209552876655       -1.52045639656923
h            1.19044066819536        3.01992109047110       -0.43787537303249
h            2.16657266055025        1.08659996539416       -1.61143346010044
h           -0.21841779686900       -0.07526185589705       -1.84436878615307
h            1.69769297217632       -1.46887992981017        1.23532223963828
h            0.99543988535523       -0.18841817614848        2.21031059363814
h            2.09822857448103       -1.46095239648530       -1.14653409520586
h           -1.58323197412552       -1.95762641373604       -0.29393852593332
h           -1.16098087994356       -2.03630098066930        1.42865884134416
h            3.69016875883292        0.63467857022207        1.86911388835314
h            3.86367542627883        1.66064693263235        0.36173118995322
h           -4.43719245398435        0.13189036184777        0.47311322127113
h           -3.32936915091288       -0.09742125593671        1.90451431357683
h            0.50978132349791       -2.90864902116602       -0.64704232878243
h           -2.07433649864343        1.76957677209592       -1.59628248147303
h           -2.27966178655182        0.06081825648075       -1.98672677837320
h           -3.67207084768388        1.02504531727983       -1.51929836773197
35
 energy: -46.164615718292 gnorm: 0.000269258701 xtb: 6.7.1 (edcfbbe)
c           -0.04145036420393       -0.56242805505913        0.30577508589427
c           -1.01589951021915        0.56585459010979        0.72883017091808
c           -0.35747396450779        1.95737496284442        0.60089926443770
c            0.56347814931676        2.14135943135629       -0.60600908681619
c            1.44910357417723        0.90825303338880       -0.80661622892348
c            0.54322127981324       -0.28916590660869       -1.09689494973407
c            1.22166992024328       -0.48528211654516        1.18594709330572
c            2.11271170243841        0.51112889870639        0.49015491388480
o            1.26781305759972       -1.38594802717086       -1.63673940579330
c           -0.75113619395628       -1.92102144966805        0.42197980781203
c            3.27739063368376        0.95552933600417        0.92716938305307
c           -2.39755123939125        0.50253433288721        0.10876936942932
c           -3.43384686555508        0.16546630936957        0.86529357029537
h           -1.18716136136065        0.40531838359355        1.80007852013863
o            0.10094282010007       -3.02767839698761        0.22760443169078
c           -2.61254987220982        0.86509835908796       -1.33080741894275
h           -1.14042413603337        2.71800062898463        0.58767937639757
h            0.23904726003878        2.12680162299455        1.49923680820844
h           -0.00597489337171        2.31163351570642       -1.52080061343029
h            1.19065437664205        3.01936774091904       -0.43858903961204
h            2.16671115626704        1.08580386261386       -1.61169494770386
h           -0.21895694095385       -0.07542705213120       -1.84414611910056
h            1.69782970759583       -1.46927153695542        1.23450104672670
h            0.99564052835401       -0.18939168713343        2.21026813755931
h            2.09865173212746       -1.46011151896154       -1.14787361028539
h           -1.58322457887330       -1.95772747062952       -0.29411099805060
h           -1.16169221214674       -2.03623847835690        1.42867187920341
h            3.68897116696753        0.63582156745787        1.86998189275919
h            3.86273997889749        1.66178380525073        0.36255087102096
h           -4.43671166520684        0.13083531910663        0.47286472471540
h           -3.32883419538592       -0.09862558089406        1.90426433849447
h            0.51018518304526       -2.90836716151698       -0.64619467990447
h           -2.07339681411502        1.76982123383175       -1.59604242425075
h           -2.28031281960322        0.06126209980649       -1.98670276275644
h           -3.67176489221504        1.02659469372287       -1.51858923432545
35
 energy: -46.164615944390 gnorm: 0.000148179594 xtb: 6.7.1 (edcfbbe)
c           -0.04164522561832       -0.56246527153660        0.30581454868256
c           -1.01568277700040        0.56609878832890        0.72904411223905
c           -0.35698607938902        1.95743440531911        0.60070270360133
c            0.56362768107029        2.14123438690152       -0.60655030597243
c            1.44904188640112        0.90786896585817       -0.80683499393643
c            0.54306340062587       -0.28950102174019       -1.09694622702421
c            1.22161756465645       -0.48562909658003        1.18575867442305
c            2.11240049489811        0.51114122184697        0.49019809751548
o            1.26739247000961       -1.38647704008157       -1.63680822304735
c           -0.75154648856096       -1.92095454916838        0.42209611645306
c            3.27657570559920        0.95632220071917        0.92784822300556
c           -2.39727930095991        0.50279263364267        0.10893116401281
c           -3.43339677571306        0.16473157176652        0.86524750449917
h           -1.18692181787811        0.40582257638360        1.80036082061473
o            0.10059007751818       -3.02760445023689        0.22813875601628
c           -2.61244849510362        0.86573303183484       -1.33058493193061
h           -1.13976200781408        2.71825133471412        0.58786295824260
h            0.24000844051407        2.12673856103450        1.49875536669955
h           -0.00616434468665        2.31109972025551       -1.52119427032518
h            1.19086067037226        3.01931854287695       -0.43971921275123
h            2.16677335677565        1.08517252939220       -1.61187816909087
h           -0.21918596466583       -0.07566444090210       -1.84414869109423
h            1.69784727096486       -1.46961396960387        1.23368592938543
h            0.99575520989750       -0.19031358766638        2.21030255309022
h            2.09927874679354       -1.45957399385453       -1.14906892091349
h           -1.58338377208989       -1.95769390397508       -0.29430168558121
h           -1.16253818575221       -2.03592078968858        1.42866885512110
h            3.68775756764412        0.63676948330607        1.87091095824605
h            3.86193899013712        1.66279024070802        0.36349551670346
h           -4.43618382642271        0.12934461462939        0.47258316448147
h           -3.32824948970092       -0.10025157505009        1.90400027517284
h            0.51056743138770       -2.90795795676772       -0.64530093691121
h           -2.07259093647440        1.77007704531266       -1.59580710971434
h           -2.28111834878668        0.06163895592193       -1.98667437259053
h           -3.67161342064990        1.02820012522360       -1.51787908100689
35
 energy: -46.164616010407 gnorm: 0.000073084457 xtb: 6.7.1 (edcfbbe)
c           -0.04160937889283       -0.56236306573573        0.30583788055740
c           -1.01564121217755        0.56629902123284        0.72893313648909
c           -0.35675486375237        1.95752808811844        0.60070073343006
c            0.56354918952341        2.14119052058391       -0.60676678756484
c            1.44908691312937        0.90786434951148       -0.80682598122457
c            0.54304543847850       -0.28944211110523       -1.09694535526072
c            1.22164679264483       -0.48564452079560        1.18581838629038
c            2.11240659225646        0.51115272448406        0.49025150096771
o            1.26743876119303       -1.38655217006367       -1.63659245961626
c           -0.75172993894458       -1.92073853409030        0.42207371173161
c            3.27656733888899        0.95624855159725        0.92799167085076
c           -2.39728808725482        0.50282150586229        0.10893401965179
c           -3.43327297267220        0.16418012553687        0.86517534624483
h           -1.18683905827901        0.40603577347539        1.80025005540911
o            0.10023202601890       -3.02756036511478        0.22819853721429
c           -2.61259224794664        0.86589725001941       -1.33053523038547
h           -1.13937906049113        2.71851158439628        0.58813014881762
h            0.24048885978986        2.12659954693744        1.49864085342850
h           -0.00639993428878        2.31071499051179       -1.52137513902464
h            1.19068149006888        3.01939417291749       -0.44025421751805
h            2.16684597544487        1.08515213891735       -1.61184340327460
h           -0.21913990260320       -0.07571359928708       -1.84425528255168
h            1.69787239034181       -1.46963617721293        1.23364397780501
h            0.99583871795856       -0.19038867442848        2.21039188685463
h            2.09948354216251       -1.45932922736376       -1.14914688159059
h           -1.58355737471899       -1.95742579322823       -0.29436026821005
h           -1.16281781537999       -2.03560200844686        1.42862737630385
h            3.68759756521931        0.63669036890539        1.87112731613087
h            3.86203653522811        1.66275897995212        0.36380237563054
h           -4.43603792430933        0.12850330309127        0.47251307882908
h           -3.32804714363896       -0.10083661035960        1.90389851414979
h            0.51055261735776       -2.90776669800547       -0.64508682725329
h           -2.07278550227724        1.77024212489090       -1.59582595264749
h           -2.28131622950260        0.06182826223322       -1.98666596152400
h           -3.67176239057594        1.02834546118695       -1.51775159282507
