54
 energy: -1030.689957182151 gnorm: 0.001454087840 xtb: 6.7.1 (edcfbbe)
c           -1.31288734857579       -1.50398671133444        1.99757999328637
c           -2.72027271693995       -1.29815185787703        1.40395539461939
c           -2.73040721707906       -0.68200596630013       -0.03236030803930
c           -1.68306587556004        0.49599547312540       -0.18054701830978
c           -0.28158000170845        0.28825049556077        0.53319478449178
c           -0.53863154440440       -0.17012588056023        1.99501641564863
c           -1.41180913048713        0.80436727872167       -1.66978611944251
c           -0.61878937063471        2.12276868809806       -1.80017579012366
c            0.70330000143050        2.09520685197278       -0.99823863894193
c            0.55918501203580        1.64465982466607        0.49131850589315
c            0.82209995367009       -0.71393732442733       -0.01203541570425
c            1.95854940985332        1.17494110805606        0.94447981510178
c            2.06848969512229       -0.18481753716626        0.32721315905045
c            3.27867698197638       -0.80960738425214        0.11783495240629
c            3.28111192764299       -2.07038321358524       -0.48097249786932
c            2.07567465015706       -2.63123209910696       -0.82057477466785
c            0.83610572242379       -1.99753727289428       -0.59111464541566
o           -0.20882734827787       -2.77480445826704       -0.95488876611130
o            4.42875087721920       -0.15461076868418        0.50718981468168
o           -2.44817621809300       -1.66785549973646       -1.02388749772538
c           -4.19957334267468       -0.23437481814932       -0.32876522038955
c           -2.41846370701424        1.71454720801758        0.44407768312940
c            1.40869596583178        3.46538967179353       -1.13711539649009
c            0.17117203045308        2.81679302498162        1.43554555242544
h           -1.40977439960490       -1.87260950923090        3.01206550002480
h           -0.76613583058446       -2.24802908763048        1.43204008315578
h           -3.27445497652922       -0.63223362820023        2.05184646228536
h           -3.26207717167277       -2.23636326792999        1.37819641454386
h            0.40506558489592       -0.29206401886753        2.50687151634732
h           -1.11077524729606        0.57237062440943        2.53009742033366
h           -0.84453646027043       -0.00654011447026       -2.10816044730745
h           -2.34442175159213        0.88322202504090       -2.21174383019433
h           -0.37451980471011        2.29083896279919       -2.84194887787527
h           -1.22950802929185        2.95596698275764       -1.48586811699057
h            1.33236374388145        1.35288974412253       -1.46844432295365
h            2.01625959493338        1.12068114312331        2.02485845618714
h            2.74390302673006        1.83795946495551        0.61145058965463
h            4.20512710832664       -2.59358603355522       -0.67181194177872
h            2.03161915726744       -3.60710615264980       -1.27874125887831
h           -1.06888039470935       -2.29310679691107       -1.00486165390499
h            5.20773071546982       -0.70043149748016        0.29550204829659
h           -3.14081210447470       -2.35102490157392       -1.02741544937291
h           -4.82218832828544       -1.12062842913306       -0.37562035842534
h           -4.59643978330996        0.40110631216817        0.44871175711169
h           -4.26411715829597        0.27902273586450       -1.27950263640308
h           -2.74780878246566        1.50539632357243        1.44984949556883
h           -1.80298324608235        2.58452979737603        0.46534238896104
h           -3.27870495379004        1.95766835427700       -0.15716940750458
h            0.77113653148412        4.26448684867028       -0.78393069497723
h            2.33430192135241        3.49380140629087       -0.57766729978725
h            1.63657600658227        3.65387570438337       -2.17934612591955
h            1.08161232267688        3.30138595955986        1.76392982101488
h           -0.42677424392478        3.57402628089573        0.95523018019750
h           -0.35094192331787        2.46805946754094        2.31445934106589
54
 energy: -1030.689955963065 gnorm: 0.002326978791 xtb: 6.7.1 (edcfbbe)
c           -1.31348724154745       -1.50408097780169        1.99615924252523
c           -2.72104786480771       -1.29737555329113        1.40347014710249
c           -2.73176092073605       -0.68215469688671       -0.03335414807313
c           -1.68290700172241        0.49463684409305       -0.18078745143450
c           -0.28075931997975        0.28984230927007        0.53269438699319
c           -0.53877808126234       -0.17021955484003        1.99416851776289
c           -1.41146856303530        0.80277784935236       -1.67015470682509
c           -0.61948511805576        2.12176250631999       -1.80074979570671
c            0.70208980148641        2.09407918817309       -0.99783955292957
c            0.56076360726402        1.64599916197298        0.49288367122336
c            0.82272736638037       -0.71327965933981       -0.01198952197497
c            1.95957962476445        1.17499305897043        0.94576547524478
c            2.06917267217780       -0.18431700371363        0.32740043859027
c            3.27932796448977       -0.80910996553141        0.11734390748301
c            3.28159386160627       -2.06982848902097       -0.48135193501901
c            2.07600731199138       -2.63097264430003       -0.82020622338240
c            0.83655201954162       -1.99719156709234       -0.59045008757779
o           -0.20875727984559       -2.77451687462176       -0.95301571308521
o            4.42931577206264       -0.15341521015108        0.50557861089297
o           -2.44875098840968       -1.66814597247036       -1.02436954696614
c           -4.20057799087974       -0.23300714359194       -0.32886031205724
c           -2.41833408821064        1.71329751468444        0.44373688153037
c            1.40792454312042        3.46425843169045       -1.13610859927854
c            0.17190848046286        2.81797080876101        1.43699423417235
h           -1.40992949421390       -1.87401179738176        3.01032481058568
h           -0.76768751041401       -2.24806937437483        1.42949393030733
h           -3.27447471371939       -0.63084309271275        2.05173679382678
h           -3.26359722046753       -2.23540592188376        1.37832026572331
h            0.40466300162347       -0.29350065987340        2.50625634554795
h           -1.11061352310562        0.57188625017037        2.53029231045328
h           -0.84378875753820       -0.00785589763366       -2.10854266789926
h           -2.34416779155512        0.88138495139721       -2.21205801302666
h           -0.37520132409761        2.29003735071693       -2.84251426798537
h           -1.23028626965970        2.95497320018013       -1.48639422859855
h            1.33139600135083        1.35199501992031       -1.46826638864143
h            2.01667314782612        1.11993973449624        2.02612292360529
h            2.74481611284025        1.83835102093398        0.61331646034468
h            4.20561931053085       -2.59299759261780       -0.67234055945007
h            2.03224255444236       -3.60687901174069       -1.27834229890944
h           -1.06865639472310       -2.29255868089400       -1.00345380718591
h            5.20866050363385       -0.69835669391050        0.29333294985659
h           -3.14056519002840       -2.35299425134006       -1.02609636983059
h           -4.82443339085312       -1.11853790240968       -0.37497802387579
h           -4.59611150028992        0.40368255334967        0.44846800398801
h           -4.26410834796359        0.27977404066820       -1.28009411374004
h           -2.74836011928335        1.50526453551407        1.44959895922266
h           -1.80291482573842        2.58317638265294        0.46436325678524
h           -3.27812057881478        1.95650169753474       -0.15831193051437
h            0.77124723706168        4.26426514430820       -0.78311097698734
h            2.33438238212643        3.49297920793748       -0.57797836388644
h            1.63487185460039        3.65198685821938       -2.17880892361914
h            1.08265394703269        3.30216417938718        1.76490483071124
h           -0.42573923427710        3.57565457580114        0.95702661248300
h           -0.35014850565958        2.46904457722167        2.31593727945892
54
 energy: -1030.689962000986 gnorm: 0.001046026470 xtb: 6.7.1 (edcfbbe)
c           -1.31394911579470       -1.50460827207126        1.99609824800105
c           -2.72152382118046       -1.29738201001218        1.40368649210062
c           -2.73161060983890       -0.68204266184497       -0.03309697056365
c           -1.68286420083643        0.49490768025567       -0.18075365816817
c           -0.28116874534696        0.28888897314319        0.53326846746513
c           -0.53891991706459       -0.17094986437260        1.99483017335463
c           -1.41140226410975        0.80269725230630       -1.67019317952957
c           -0.61929576113002        2.12160895076081       -1.80057936066070
c            0.70232300134787        2.09432148871604       -0.99771724439763
c            0.55987381218545        1.64539261988274        0.49266044523625
c            0.82276510020113       -0.71349423482481       -0.01179697636291
c            1.95898429921912        1.17508511776710        0.94565846010986
c            2.06909379874018       -0.18420157411495        0.32735520969910
c            3.27939391161289       -0.80870759278094        0.11700904057516
c            3.28177157037874       -2.06946592800063       -0.48157507991702
c            2.07620927072728       -2.63088717029253       -0.82021673047278
c            0.83670985862477       -1.99731402758384       -0.59032837180946
o           -0.20872484431049       -2.77467603007948       -0.95249726918250
o            4.42928179956611       -0.15270271841220        0.50495378988444
o           -2.44893689217632       -1.66817005091273       -1.02406397874882
c           -4.20037051123347       -0.23282461189889       -0.32908532970492
c           -2.41744567294753        1.71410776597590        0.44364680802547
c            1.40812323858430        3.46444039323331       -1.13654820425769
c            0.17133250420139        2.81744146015102        1.43686451565030
h           -1.41022533398700       -1.87499923714127        3.01009433271746
h           -0.76835222471802       -2.24836951664335        1.42892824451733
h           -3.27461697220510       -0.63045515490204        2.05182851322710
h           -3.26453969899695       -2.23514989924924        1.37864947967927
h            0.40456492734310       -0.29446577876255        2.50677041181928
h           -1.11060428712708        0.57126484889616        2.53097796792977
h           -0.84359083754584       -0.00799095705477       -2.10832608418266
h           -2.34403209859407        0.88106816711647       -2.21225144478215
h           -0.37474348302612        2.28976271040249       -2.84230814302435
h           -1.23036354040934        2.95476090514676       -1.48657826798115
h            1.33160358030340        1.35209912030304       -1.46794519813108
h            2.01595753246392        1.11988729078764        2.02603912400119
h            2.74418731710891        1.83866843562607        0.61349192157635
h            4.20586268311362       -2.59247167462290       -0.67269857721723
h            2.03264187783185       -3.60687800773521       -1.27818654244287
h           -1.06854885309302       -2.29260777904070       -1.00315525381647
h            5.20881138261238       -0.69728046997059        0.29245790976780
h           -3.14041222444142       -2.35342718986128       -1.02503884919131
h           -4.82454090716299       -1.11815643727153       -0.37493997859311
h           -4.59571264274348        0.40417793645656        0.44807240058290
h           -4.26388935655273        0.27977948372923       -1.28042500336751
h           -2.74797912506837        1.50588038549884        1.44929913207681
h           -1.80115816718343        2.58343227162370        0.46478199552473
h           -3.27686117592546        1.95814293754146       -0.15858734031081
h            0.77149896069186        4.26433723468188       -0.78321916733822
h            2.33463069364884        3.49293214309112       -0.57851494824881
h            1.63483512470534        3.65229194085041       -2.17926518590455
h            1.08208775330394        3.30187349395439        1.76454376490724
h           -0.42666959644293        3.57496219771673        0.95702487090862
h           -0.35032133782399        2.46851793375465        2.31606339452770
54
 energy: -1030.689961800362 gnorm: 0.001379476750 xtb: 6.7.1 (edcfbbe)
c           -1.31507732871886       -1.50583672894685        1.99618553178008
c           -2.72266422516105       -1.29705977035193        1.40442470689102
c           -2.73153819866846       -0.68189712795094       -0.03228585295747
c           -1.68292472484327        0.49503463286602       -0.18054884958339
c           -0.28169286981949        0.28749679096189        0.53407546877983
c           -0.53946241674752       -0.17254735815268        1.99547235835757
c           -1.41065962900518        0.80242872663900       -1.66988139261475
c           -0.61857313009921        2.12131266173787       -1.80046305674317
c            0.70285890092850        2.09474601610567       -0.99724243077796
c            0.55869312112412        1.64455917465683        0.49261466615331
c            0.82288392847931       -0.71398363862812       -0.01092552299385
c            1.95815743770953        1.17519135080123        0.94577887063561
c            2.06901022064157       -0.18383866717912        0.32718748170177
c            3.27959241728027       -0.80754781173940        0.11581010214813
c            3.28214220768986       -2.06838800393201       -0.48257349604804
c            2.07658592967078       -2.63060223962662       -0.82030576331748
c            0.83700179288277       -1.99775220339830       -0.58946660392488
o           -0.20872506304303       -2.77518205588121       -0.95088471540524
o            4.42930087632968       -0.15090761577578        0.50310083416073
o           -2.44953030944523       -1.66860809447240       -1.02294763557597
c           -4.19965950970623       -0.23144622879576       -0.32979449403258
c           -2.41851700203021        1.71421894076053        0.44235924782620
c            1.40831981058049        3.46479320087509       -1.13723276570607
c            0.17221751347916        2.81686718029707        1.43751418115814
h           -1.41084425316668       -1.87719862782033        3.00979306100354
h           -0.76993366599017       -2.24895688068163        1.42782388797763
h           -3.27473022576229       -0.62910878915488        2.05216443848207
h           -3.26699615722705       -2.23394027434512        1.37976265318405
h            0.40411804599561       -0.29646493857613        2.50715066716796
h           -1.11078638952077        0.56986217468715        2.53171733948574
h           -0.84240957463429       -0.00836381862486       -2.10724795299210
h           -2.34299432135205        0.87995278139513       -2.21254063708956
h           -0.37325319202856        2.28897837815522       -2.84207246549573
h           -1.23034475826894        2.95423255832904       -1.48741692691568
h            1.33220977614383        1.35226405511263       -1.46683988827849
h            2.01489441457398        1.11940061530897        2.02617138672348
h            2.74330264762369        1.83923603111785        0.61430741022610
h            4.20636070991858       -2.59090063262041       -0.67438041616480
h            2.03337329656518       -3.60682415808191       -1.27780934067114
h           -1.06827246385323       -2.29280541278495       -1.00241078536792
h            5.20918183432325       -0.69464300873487        0.28958852369115
h           -3.13983451769686       -2.35462091262896       -1.02189261381588
h           -4.82449156241151       -1.11629168889082       -0.37492201983318
h           -4.59481150025700        0.40645975157259        0.44661377177567
h           -4.26308085656424        0.28027308836897       -1.28156122566902
h           -2.74912709364142        1.50608306330785        1.44793221495826
h           -1.80194354582221        2.58312978347343        0.46375013497074
h           -3.27753481017029        1.95844907543644       -0.16022548708846
h            0.77180532421865        4.26428659722013       -0.78293333358172
h            2.33506739867930        3.49273501857148       -0.57963372736958
h            1.63428131768339        3.65301480551541       -2.17997370735590
h            1.08320066157385        3.30087548359269        1.76522819082352
h           -0.42556952270902        3.57495951802196        0.95833410113494
h           -0.34940646561847        2.46792666858835        2.31671378891576
54
 energy: -1030.689964200345 gnorm: 0.000688084455 xtb: 6.7.1 (edcfbbe)
c           -1.31560605062662       -1.50570803185855        1.99584521937510
c           -2.72321362051326       -1.29622607096030        1.40435131714019
c           -2.73198058633401       -0.68159327913572       -0.03254976492120
c           -1.68274041689481        0.49491480120120       -0.18055539761834
c           -0.28154740516024        0.28759482063524        0.53422627328762
c           -0.53956914032980       -0.17261405156574        1.99556349021488
c           -1.41035104339675        0.80173929500434       -1.66997359133514
c           -0.61845689839219        2.12069901395243       -1.80071079619050
c            0.70270433275282        2.09434522447397       -0.99705893543998
c            0.55888885137007        1.64459904806620        0.49300410769303
c            0.82299676019050       -0.71385637145531       -0.01091868983104
c            1.95826602638169        1.17508999109100        0.94612127616488
c            2.06911889992116       -0.18371010392572        0.32710490675740
c            3.27974267138841       -0.80717210037301        0.11521811624118
c            3.28228362052613       -2.06794742226068       -0.48324212310287
c            2.07666384388255       -2.63047679364279       -0.82035789130586
c            0.83710177717794       -1.99773449412908       -0.58927905244260
o           -0.20877943244748       -2.77534054400265       -0.94995585437052
o            4.42942611503739       -0.15020781195946        0.50200167009281
o           -2.44981394521318       -1.66890318781681       -1.02260612895024
c           -4.20030655708334       -0.23196664631309       -0.33020720343973
c           -2.41617604445659        1.71532602476620        0.44266827415736
c            1.40807230062891        3.46448787378584       -1.13669233666601
c            0.17076936314323        2.81643032159547        1.43775288363318
h           -1.41126655711872       -1.87750345032641        3.00931025588129
h           -0.77087819855767       -2.24882118547501        1.42707300204228
h           -3.27470796816986       -0.62783153041341        2.05211043690951
h           -3.26813079568866       -2.23277577752916        1.38006018132324
h            0.40391833677407       -0.29698601651508        2.50731428418849
h           -1.11077025641217        0.56977282823390        2.53198932580270
h           -0.84196629848128       -0.00910567373277       -2.10704853576852
h           -2.34260125902854        0.87914454693697       -2.21277846603160
h           -0.37288007744816        2.28812480613606       -2.84228964483425
h           -1.23029324052445        2.95370218766797       -1.48801266134294
h            1.33232320807550        1.35202034082020       -1.46652473556462
h            2.01475503039944        1.11891911326088        2.02649520326160
h            2.74332578872676        1.83938603848631        0.61501920395817
h            4.20652963450005       -2.59022938348843       -0.67553947514237
h            2.03352250201524       -3.60672688999290       -1.27780903847025
h           -1.06818044893735       -2.29279942443147       -1.00191481524215
h            5.20941380586509       -0.69349994086509        0.28774821765265
h           -3.13948493013990       -2.35550389628706       -1.02033741888087
h           -4.82513955939032       -1.11676380393418       -0.37524288592195
h           -4.59553986308392        0.40633197884185        0.44580256511437
h           -4.26319181145885        0.27958747154212       -1.28207739786184
h           -2.74803883631855        1.50716253597732        1.44783380164218
h           -1.79836613666223        2.58356706087785        0.46488524717404
h           -3.27453090540891        1.96076485819686       -0.16038613899269
h            0.77172639162780        4.26397227790482       -0.78207243010229
h            2.33514286951781        3.49249222854282       -0.57961525716633
h            1.63352398546807        3.65281755495948       -2.17953024513104
h            1.08154115619379        3.30106787127549        1.76522719526889
h           -0.42787285698623        3.57385790827381        0.95851167793143
h           -0.35020639611405        2.46713643489262        2.31721062248265
54
 energy: -1030.689964200345 gnorm: 0.000688084455 xtb: 6.7.1 (edcfbbe)
c           -1.31560605062662       -1.50570803185855        1.99584521937510
c           -2.72321362051326       -1.29622607096030        1.40435131714019
c           -2.73198058633401       -0.68159327913572       -0.03254976492120
c           -1.68274041689481        0.49491480120120       -0.18055539761834
c           -0.28154740516024        0.28759482063524        0.53422627328762
c           -0.53956914032980       -0.17261405156574        1.99556349021488
c           -1.41035104339675        0.80173929500434       -1.66997359133514
c           -0.61845689839219        2.12069901395243       -1.80071079619050
c            0.70270433275282        2.09434522447397       -0.99705893543998
c            0.55888885137007        1.64459904806620        0.49300410769303
c            0.82299676019050       -0.71385637145531       -0.01091868983104
c            1.95826602638169        1.17508999109100        0.94612127616488
c            2.06911889992116       -0.18371010392572        0.32710490675740
c            3.27974267138841       -0.80717210037301        0.11521811624118
c            3.28228362052613       -2.06794742226068       -0.48324212310287
c            2.07666384388255       -2.63047679364279       -0.82035789130586
c            0.83710177717794       -1.99773449412908       -0.58927905244260
o           -0.20877943244748       -2.77534054400265       -0.94995585437052
o            4.42942611503739       -0.15020781195946        0.50200167009281
o           -2.44981394521318       -1.66890318781681       -1.02260612895024
c           -4.20030655708334       -0.23196664631309       -0.33020720343973
c           -2.41617604445659        1.71532602476620        0.44266827415736
c            1.40807230062891        3.46448787378584       -1.13669233666601
c            0.17076936314323        2.81643032159547        1.43775288363318
h           -1.41126655711872       -1.87750345032641        3.00931025588129
h           -0.77087819855767       -2.24882118547501        1.42707300204228
h           -3.27470796816986       -0.62783153041341        2.05211043690951
h           -3.26813079568866       -2.23277577752916        1.38006018132324
h            0.40391833677407       -0.29698601651508        2.50731428418849
h           -1.11077025641217        0.56977282823390        2.53198932580270
h           -0.84196629848128       -0.00910567373277       -2.10704853576852
h           -2.34260125902854        0.87914454693697       -2.21277846603160
h           -0.37288007744816        2.28812480613606       -2.84228964483425
h           -1.23029324052445        2.95370218766797       -1.48801266134294
h            1.33232320807550        1.35202034082020       -1.46652473556462
h            2.01475503039944        1.11891911326088        2.02649520326160
h            2.74332578872676        1.83938603848631        0.61501920395817
h            4.20652963450005       -2.59022938348843       -0.67553947514237
h            2.03352250201524       -3.60672688999290       -1.27780903847025
h           -1.06818044893735       -2.29279942443147       -1.00191481524215
h            5.20941380586509       -0.69349994086509        0.28774821765265
h           -3.13948493013990       -2.35550389628706       -1.02033741888087
h           -4.82513955939032       -1.11676380393418       -0.37524288592195
h           -4.59553986308392        0.40633197884185        0.44580256511437
h           -4.26319181145885        0.27958747154212       -1.28207739786184
h           -2.74803883631855        1.50716253597732        1.44783380164218
h           -1.79836613666223        2.58356706087785        0.46488524717404
h           -3.27453090540891        1.96076485819686       -0.16038613899269
h            0.77172639162780        4.26397227790482       -0.78207243010229
h            2.33514286951781        3.49249222854282       -0.57961525716633
h            1.63352398546807        3.65281755495948       -2.17953024513104
h            1.08154115619379        3.30106787127549        1.76522719526889
h           -0.42787285698623        3.57385790827381        0.95851167793143
h           -0.35020639611405        2.46713643489262        2.31721062248265
