54
 energy: -1030.686301076207 gnorm: 0.001040138908 xtb: 6.7.1 (edcfbbe)
c           -1.71476872252353       -0.96861719863706        2.32592709905959
c           -2.08185097083752       -1.78033028339457        1.07428099898451
c           -2.60120965223631       -0.82821807303234       -0.04745456530907
c           -1.68831981367824        0.47397946868184       -0.16856250975218
c           -0.29682142765950        0.32891147742132        0.54267041895128
c           -0.51177994970613       -0.02830462464873        2.05401669175615
c           -1.44231928334785        0.82953123579606       -1.65652899458422
c           -0.61185766395441        2.12416413538615       -1.79991299697869
c            0.73858902562127        2.03057458283831       -1.05535783975441
c            0.55813992600162        1.66831004213406        0.44922758943137
c            0.78476067308323       -0.68115855828858       -0.00403907722192
c            1.91832806202891        1.18545650143536        1.00579760026465
c            2.03567445917963       -0.20142168241646        0.42516536572896
c            3.22193181569583       -0.87367214818766        0.25925324716150
c            3.20380882096037       -2.10799414609790       -0.40976902975788
c            2.01347375335046       -2.56981978858062       -0.89366588524306
c            0.78544902698656       -1.87955091013000       -0.72081799200610
o           -0.24645700906154       -2.53843469767950       -1.30841350702029
o            4.43495730318542       -0.39208936252618        0.69841987421162
o           -2.57848551702776       -1.49463269671116       -1.31602098244019
c           -4.10582330692443       -0.53126613874644        0.23882627712321
c           -2.47405456586046        1.64539164571525        0.47984576173538
c            1.53680459168982        3.33810751037661       -1.27044900337253
c            0.13928509012129        2.92318309741654        1.25947990289645
h           -2.57406162166225       -0.39605514197556        2.64663390345915
h           -1.46638838848494       -1.64326990040496        3.13638262109672
h           -2.85118931987297       -2.50458052348555        1.30785994896926
h           -1.21303397011549       -2.32430132079353        0.73225303410887
h            0.38826922852476       -0.49836647146556        2.42028799250497
h           -0.64789061649527        0.87521149470011        2.62547055779907
h           -0.90670441254370        0.02517361170220       -2.14117044801044
h           -2.39122292626775        0.94087994750751       -2.16516064145347
h           -0.41116947392879        2.29485785603683       -2.85057309008251
h           -1.17110038637428        2.97813966152967       -1.44788783882988
h            1.29752854214886        1.22378835538333       -1.50701370525647
h            1.89698727029092        1.17948532213303        2.08898837037212
h            2.72278556425917        1.83599610948906        0.69475945845420
h            4.12575666463795       -2.65206480322974       -0.55127163437222
h            1.96110077495516       -3.49931389832607       -1.44046006907626
h           -1.08106855348203       -2.02660606382896       -1.40723698051591
h            4.31018359069245        0.44971864638284        1.17213374974330
h           -3.17964588445055       -2.26117491110344       -1.29217458274947
h           -4.25265052293707       -0.05981436043495        1.19953821972167
h           -4.52995531870053        0.09528098848740       -0.53489666349704
h           -4.64230105346034       -1.47305776987662        0.24602685521911
h           -2.64572840076961        1.47886755541797        1.53116036081586
h           -1.94904172607729        2.57042095124537        0.37013701325573
h           -3.42540608751501        1.76483618604092       -0.01195454945690
h            0.97059821835090        4.19678278274965       -0.93604220826448
h            2.47952160558726        3.32232757736254       -0.74029054264760
h            1.74589587151339        3.46508565587449       -2.32598264143579
h           -0.39610700452565        2.67820513894186        2.16398968181828
h            1.03684655734525        3.45797392195517        1.54271165655390
h           -0.46312018000603        3.60422312330703        0.68005666428255
54
 energy: -1030.686302055192 gnorm: 0.001511074950 xtb: 6.7.1 (edcfbbe)
c           -1.71507476332659       -0.96936133072326        2.32575053666098
c           -2.08296660114039       -1.78076290329364        1.07426681157171
c           -2.60188468408594       -0.82848122777686       -0.04764829038129
c           -1.68816223145177        0.47334201922877       -0.16842471249769
c           -0.29612288968345        0.32999308487628        0.54231539033195
c           -0.51217581964336       -0.02901274924656        2.05322038168210
c           -1.44247864596172        0.82904615133947       -1.65651700105702
c           -0.61253006980812        2.12404296884817       -1.79985777550375
c            0.73803281240244        2.03009597286375       -1.05552335554122
c            0.55883395087843        1.66969900956127        0.44968161901510
c            0.78520236066514       -0.68112756224081       -0.00354372489957
c            1.91840388123037        1.18554345843667        1.00646303169287
c            2.03597604603378       -0.20123228274237        0.42555293381697
c            3.22246732624142       -0.87322591778105        0.25934489034669
c            3.20452201120058       -2.10707150830633       -0.41012396921446
c            2.01416346413855       -2.56916301680018       -0.89401459289147
c            0.78588749427300       -1.87981893396597       -0.72007503688695
o           -0.24607918706886       -2.53839548617708       -1.30750601565849
o            4.43540660962129       -0.39105355984348        0.69821128085584
o           -2.57874445007505       -1.49513499032873       -1.31595752471769
c           -4.10617753156168       -0.53016858025612        0.23871709948595
c           -2.47448553893163        1.64449132407417        0.47966397388215
c            1.53723980349187        3.33708615422081       -1.27056952600449
c            0.13977871679210        2.92422888952868        1.26029221963292
h           -2.57423501590769       -0.39696231880817        2.64726470059810
h           -1.46652390596447       -1.64435316682072        3.13592546226530
h           -2.85251299891837       -2.50476915656537        1.30804840242268
h           -1.21439448794102       -2.32512975587996        0.73203132155783
h            0.38802570771202       -0.49933817250020        2.41935943554088
h           -0.64822510429537        0.87413720068435        2.62555596194825
h           -0.90682370048160        0.02496071330349       -2.14161263359088
h           -2.39153753014288        0.94040272057985       -2.16491065703726
h           -0.41192113522242        2.29505045230972       -2.85048772845455
h           -1.17194061298602        2.97791790308509       -1.44765451040924
h            1.29653424664432        1.22301682725790       -1.50719809746252
h            1.89683363166385        1.17940740921511        2.08966184240639
h            2.72268136040397        1.83635618976823        0.69564406223819
h            4.12640675145961       -2.65121893199736       -0.55190391318496
h            1.96258046612194       -3.49864311545377       -1.44087153374476
h           -1.08055218697338       -2.02653140787230       -1.40652135607501
h            4.31009090308579        0.45127894619657        1.17109076280828
h           -3.17991471458476       -2.26179655484681       -1.29232689930030
h           -4.25211037861071       -0.05812897522690        1.19923113466683
h           -4.52934843551089        0.09666829145943       -0.53526648455765
h           -4.64402363346180       -1.47115353066584        0.24636311866821
h           -2.64701060537140        1.47792805506775        1.53083150685344
h           -1.94936903633436        2.56933462328386        0.37038604843452
h           -3.42537910465045        1.76454446890628       -0.01304010523998
h            0.97224045122966        4.19696464343792       -0.93686654605946
h            2.48039136063394        3.32097600721169       -0.74112231241532
h            1.74595058219574        3.46272406932836       -2.32644971566907
h           -0.39500955056187        2.67927600437346        2.16518453116659
h            1.03777353591138        3.45856068659664        1.54275991569361
h           -0.46256616367606        3.60570998182882        0.68136649800396
54
 energy: -1030.686305684920 gnorm: 0.000632158396 xtb: 6.7.1 (edcfbbe)
c           -1.71534061241187       -0.96980942591176        2.32581529658167
c           -2.08380173005545       -1.78103041870225        1.07439615217985
c           -2.60220032727354       -0.82860169961221       -0.04767887928586
c           -1.68835296265331        0.47326863307199       -0.16852182871317
c           -0.29669756838738        0.32894273103677        0.54282385963810
c           -0.51233829731040       -0.02939789014489        2.05393812298135
c           -1.44279019092153        0.82892318706695       -1.65667428057735
c           -0.61285650977879        2.12399846106280       -1.79956932404633
c            0.73772873882466        2.02990121561754       -1.05523447742645
c            0.55808082839122        1.66895173329807        0.44981993385684
c            0.78552049214891       -0.68108107200238       -0.00354293912367
c            1.91799283945221        1.18573467459019        1.00673633449396
c            2.03603215743572       -0.20091383556694        0.42568699957732
c            3.22289447402088       -0.87244610660293        0.25920578083902
c            3.20521746111639       -2.10607489619450       -0.41035641665112
c            2.01487033811171       -2.56862932935594       -0.89416316099973
c            0.78648484775045       -1.87972698451493       -0.72026955409005
o           -0.24567595060895       -2.53848511936164       -1.30692898363971
o            4.43567843528763       -0.38976709589644        0.69807591007429
o           -2.57893796528942       -1.49543217481332       -1.31581076335387
c           -4.10643695953041       -0.52950690825483        0.23834894510285
c           -2.47327272063330        1.64522422733820        0.47978363880622
c            1.53784840942979        3.33618400246591       -1.27139638693404
c            0.13901280237387        2.92348456835943        1.26044773542504
h           -2.57441503802939       -0.39755094680732        2.64787686775842
h           -1.46659423896061       -1.64510618173119        3.13569799386257
h           -2.85373214866993       -2.50465633822356        1.30821568262101
h           -1.21559847808269       -2.32593197478158        0.73200580804021
h            0.38784428429721       -0.49990791218680        2.41999558655042
h           -0.64827545915345        0.87396367228947        2.62614240702481
h           -0.90712921415651        0.02491464414621       -2.14192344098705
h           -2.39190557673881        0.94028996328848       -2.16496106406062
h           -0.41219270101215        2.29528020658285       -2.85015617819095
h           -1.17249940058335        2.97772150023972       -1.44729430277184
h            1.29569146827887        1.22241090748639       -1.50684083302977
h            1.89615966535906        1.17939161856879        2.08994884916576
h            2.72215154526986        1.83690946323449        0.69630742196582
h            4.12716305369455       -2.64999009858982       -0.55266802441014
h            1.96408334160373       -3.49798257262021       -1.44129057277859
h           -1.08011762304586       -2.02667829783516       -1.40605056023617
h            4.30991318732776        0.45305948769095        1.17002870513438
h           -3.18004592311446       -2.26218581020730       -1.29224553284366
h           -4.25183997156666       -0.05688764341550        1.19863035332914
h           -4.52904058851703        0.09746841366962       -0.53581583643075
h           -4.64520517234396       -1.46994127778247        0.24640877885117
h           -2.64749952766136        1.47769039094777        1.53051295599179
h           -1.94622755130271        2.56931478847852        0.37217870833986
h           -3.42341140654991        1.76714984649141       -0.01398875731928
h            0.97377118014401        4.19677704938682       -0.93787113084929
h            2.48116474130724        3.31941459872400       -0.74225428846413
h            1.74638894281136        3.46109989563914       -2.32741984686974
h           -0.39436959513149        2.67808221804832        2.16611922833682
h            1.03697962306323        3.45857972340843        1.54186767244800
h           -0.46472877946569        3.60433924273743        0.68210055274235
54
 energy: -1030.686305684920 gnorm: 0.000632158396 xtb: 6.7.1 (edcfbbe)
c           -1.71534061241187       -0.96980942591176        2.32581529658167
c           -2.08380173005545       -1.78103041870225        1.07439615217985
c           -2.60220032727354       -0.82860169961221       -0.04767887928586
c           -1.68835296265331        0.47326863307199       -0.16852182871317
c           -0.29669756838738        0.32894273103677        0.54282385963810
c           -0.51233829731040       -0.02939789014489        2.05393812298135
c           -1.44279019092153        0.82892318706695       -1.65667428057735
c           -0.61285650977879        2.12399846106280       -1.79956932404633
c            0.73772873882466        2.02990121561754       -1.05523447742645
c            0.55808082839122        1.66895173329807        0.44981993385684
c            0.78552049214891       -0.68108107200238       -0.00354293912367
c            1.91799283945221        1.18573467459019        1.00673633449396
c            2.03603215743572       -0.20091383556694        0.42568699957732
c            3.22289447402088       -0.87244610660293        0.25920578083902
c            3.20521746111639       -2.10607489619450       -0.41035641665112
c            2.01487033811171       -2.56862932935594       -0.89416316099973
c            0.78648484775045       -1.87972698451493       -0.72026955409005
o           -0.24567595060895       -2.53848511936164       -1.30692898363971
o            4.43567843528763       -0.38976709589644        0.69807591007429
o           -2.57893796528942       -1.49543217481332       -1.31581076335387
c           -4.10643695953041       -0.52950690825483        0.23834894510285
c           -2.47327272063330        1.64522422733820        0.47978363880622
c            1.53784840942979        3.33618400246591       -1.27139638693404
c            0.13901280237387        2.92348456835943        1.26044773542504
h           -2.57441503802939       -0.39755094680732        2.64787686775842
h           -1.46659423896061       -1.64510618173119        3.13569799386257
h           -2.85373214866993       -2.50465633822356        1.30821568262101
h           -1.21559847808269       -2.32593197478158        0.73200580804021
h            0.38784428429721       -0.49990791218680        2.41999558655042
h           -0.64827545915345        0.87396367228947        2.62614240702481
h           -0.90712921415651        0.02491464414621       -2.14192344098705
h           -2.39190557673881        0.94028996328848       -2.16496106406062
h           -0.41219270101215        2.29528020658285       -2.85015617819095
h           -1.17249940058335        2.97772150023972       -1.44729430277184
h            1.29569146827887        1.22241090748639       -1.50684083302977
h            1.89615966535906        1.17939161856879        2.08994884916576
h            2.72215154526986        1.83690946323449        0.69630742196582
h            4.12716305369455       -2.64999009858982       -0.55266802441014
h            1.96408334160373       -3.49798257262021       -1.44129057277859
h           -1.08011762304586       -2.02667829783516       -1.40605056023617
h            4.30991318732776        0.45305948769095        1.17002870513438
h           -3.18004592311446       -2.26218581020730       -1.29224553284366
h           -4.25183997156666       -0.05688764341550        1.19863035332914
h           -4.52904058851703        0.09746841366962       -0.53581583643075
h           -4.64520517234396       -1.46994127778247        0.24640877885117
h           -2.64749952766136        1.47769039094777        1.53051295599179
h           -1.94622755130271        2.56931478847852        0.37217870833986
h           -3.42341140654991        1.76714984649141       -0.01398875731928
h            0.97377118014401        4.19677704938682       -0.93787113084929
h            2.48116474130724        3.31941459872400       -0.74225428846413
h            1.74638894281136        3.46109989563914       -2.32741984686974
h           -0.39436959513149        2.67808221804832        2.16611922833682
h            1.03697962306323        3.45857972340843        1.54186767244800
h           -0.46472877946569        3.60433924273743        0.68210055274235
