35
 energy: -46.154197791512 gnorm: 0.050370539526 xtb: 6.7.1 (edcfbbe)
c            0.09488588898219       -0.66537567434686        0.09370069187839
c           -0.99090455839024        0.29418164696630        0.72296160067500
c           -0.40487484602187        1.72347783764463        0.93482461278926
c            0.46626204900124        2.23810106062061       -0.23417658044701
c            1.43570772170635        1.14220189341839       -0.75270755014900
c            0.62129050448630       -0.07229225234882       -1.25159600682244
c            1.38754661314125       -0.61088474575007        0.98249224865566
c            2.22439235472864        0.53200968494585        0.40108453387486
o            1.41972373051962       -0.98831270475880       -2.01770696109373
c           -0.43138649246667       -2.10534420317967       -0.05629744293695
c            3.44281746379556        0.90875619863451        0.80584239111858
c           -2.35967303661144        0.29821190801446        0.02470620061690
c           -3.34155623363979       -0.49622295677467        0.48534557795000
h           -1.18029750355128       -0.12255865504667        1.72450157327420
o           -0.86390010404597       -2.68943413523572        1.18300861053794
c           -2.64564480795081        1.24219106930200       -1.13195050419726
h           -1.21924022832477        2.43577756633955        1.14277124111569
h            0.21267185973780        1.71056908908584        1.84711638948425
h           -0.15769696288163        2.58142107668535       -1.07504930733738
h            1.04993505660335        3.11055978725506        0.10174165185484
h            2.08355115104295        1.55813856683437       -1.54058125875048
h           -0.18979945935014        0.21282390641924       -1.93344222133611
h            1.94675486057816       -1.56153492127853        0.92014811140188
h            1.15984608115599       -0.45566424598881        2.04899363977646
h            2.27043372778511       -1.13291559541368       -1.55251816429621
h            0.34878010456878       -2.72553887067489       -0.52981535584010
h           -1.31148015267566       -2.12249751275532       -0.71475015716248
h            3.94841844186581        0.42596363516820        1.64631663289250
h            3.98052630287166        1.72279644900359        0.31313321246827
h           -4.33384126919904       -0.50233093506437        0.02710687562053
h           -3.18726511357979       -1.17399564413935        1.32721021448801
h           -0.07414739907896       -2.82699041893489        1.74348430667933
h           -2.48646782483012        2.29456043982774       -0.84403546662749
h           -2.00338684891113        1.05540852779707       -2.00630523762455
h           -3.68974727807512        1.14301144897417       -1.46278674139157
35
 energy: -46.160321231066 gnorm: 0.014955245635 xtb: 6.7.1 (edcfbbe)
c            0.09902749888380       -0.64864597007233        0.09941125432040
c           -0.98487931158377        0.29613990726838        0.71368410186607
c           -0.39586990506953        1.70959871127844        0.92144936107519
c            0.46630930829287        2.22211536655276       -0.23664586000564
c            1.42931768757216        1.13409584974991       -0.74109964060209
c            0.61251232423568       -0.06604070235022       -1.23999884515159
c            1.38138057421891       -0.60241551779049        0.97752764011527
c            2.20698660529403        0.53403139737370        0.40875248239221
o            1.40248558521133       -0.97758719167831       -1.99612817956214
c           -0.42973787926917       -2.08170329195522       -0.05820088754246
c            3.41373005778911        0.90265853315247        0.80628728087827
c           -2.34166013284891        0.29529408946227        0.01727594347820
c           -3.31271441712721       -0.48647600913545        0.47859909539351
h           -1.18265717391235       -0.11943263059270        1.71010796431214
o           -0.85150992474189       -2.66952672693305        1.16738714793507
c           -2.63190182614040        1.23579134231628       -1.12226664753977
h           -1.21149923764205        2.41281234745797        1.11567143617308
h            0.22106812025437        1.69681063844382        1.82559817078652
h           -0.15530583933036        2.55435560016766       -1.07229867088989
h            1.04655982144840        3.08575836558870        0.10488583254825
h            2.07656897571904        1.54340525629482       -1.52322190627855
h           -0.19414135419380        0.20892971787706       -1.92022049305179
h            1.93713878791752       -1.54547824854262        0.90196779404816
h            1.15476937760384       -0.44555442565984        2.03516705203157
h            2.24317284345867       -1.11802604921134       -1.53134512050639
h            0.34181523990361       -2.70815216479645       -0.52687482091334
h           -1.31308337833667       -2.09425300177794       -0.70314662565909
h            3.91996797879039        0.42141356994085        1.63142281057655
h            3.94885708520512        1.70724845599685        0.32189239423109
h           -4.29598086353370       -0.49868559648943        0.02834021099095
h           -3.16222709480570       -1.16437325796282        1.30584342275426
h           -0.07036594042572       -2.80066124917909        1.72632720788514
h           -2.47732425131078        2.27555600333307       -0.82548004395942
h           -1.99834989234784        1.03990903466045       -1.98862895783181
h           -3.67022565619265        1.12935616845762       -1.43927054315812
35
 energy: -46.161117384595 gnorm: 0.004608369665 xtb: 6.7.1 (edcfbbe)
c            0.09605776582860       -0.64313056848078        0.09684953060095
c           -0.97455123053365        0.29833779331578        0.71512018012123
c           -0.39241653082893        1.70882573358908        0.91849498242630
c            0.46363168698725        2.21653509913857       -0.24106444530997
c            1.42364292131961        1.13216913339862       -0.74153569693502
c            0.60929318335605       -0.06521288117684       -1.23732153832341
c            1.37044618016733       -0.60108623496801        0.97179383044110
c            2.19296974465386        0.53017363790634        0.40549411948015
o            1.39414719964699       -0.97525161734581       -1.98678006868427
c           -0.43747264198699       -2.07159715419707       -0.06079342128405
c            3.39564755029629        0.89723408110090        0.80646497834862
c           -2.32442797423719        0.29429069770578        0.01859931958020
c           -3.28720947071073       -0.49417308375415        0.47560762348077
h           -1.17650500125100       -0.11674211764010        1.70982391417739
o           -0.84638318885813       -2.65746224950620        1.16132151509980
c           -2.61521237430971        1.23252189742639       -1.11626545798690
h           -1.20737419787939        2.40831708731269        1.11155294726535
h            0.22834362224611        1.69452534298970        1.81604736944246
h           -0.15727834762712        2.54011569438203       -1.07581805107546
h            1.04149872440198        3.07836529543655        0.09950367292433
h            2.07464886626437        1.53668754772414       -1.51978898220082
h           -0.19589189829875        0.20728260358926       -1.91561573978977
h            1.92375229742374       -1.54115624246755        0.88947376914753
h            1.14483719668056       -0.44586405997663        2.02687614665697
h            2.22533991904532       -1.11773811746182       -1.51498142146882
h            0.32816206008079       -2.69533606067484       -0.53936498833563
h           -1.32501634663674       -2.07167602574209       -0.69628468938891
h            3.89352136603820        0.42268125459189        1.63511456783579
h            3.92657011269973        1.70625317112621        0.33428061299314
h           -4.26782479850192       -0.51009919296012        0.02931442098156
h           -3.13585679005576       -1.17188802087505        1.29781418201655
h           -0.06737597698115       -2.77080210027023        1.72066104713297
h           -2.46255767921263        2.26662665607612       -0.81525705643191
h           -1.98527986362358        1.03488796991791       -1.97989275884193
h           -3.65164229261709        1.12165335201511       -1.42667305295644
35
 energy: -46.161266409729 gnorm: 0.002762766517 xtb: 6.7.1 (edcfbbe)
c            0.09455599556464       -0.64088007201086        0.09628802440371
c           -0.97168398715856        0.30075455803569        0.71648870429406
c           -0.38776596127222        1.71033447664828        0.91768940693522
c            0.46328516329612        2.21727494967709       -0.24639334885595
c            1.42235204032484        1.13074161766695       -0.74252801258699
c            0.60741880450338       -0.06604012874524       -1.23879129712474
c            1.36933477691913       -0.60505758017411        0.96881078580733
c            2.18712179754331        0.53204969891977        0.40897374396939
o            1.39211157782151       -0.97711114361448       -1.98402090276819
c           -0.44592467253168       -2.06673092005048       -0.06273350841033
c            3.38612947307915        0.90419844000687        0.81809762245211
c           -2.32111725738301        0.29494876663467        0.02163999555731
c           -3.27876738834305       -0.50221188491887        0.47554734926668
h           -1.17130112712304       -0.11354975690928        1.71202172884917
o           -0.84479143615411       -2.65427909564184        1.15924862381206
c           -2.61165997232366        1.23330738198905       -1.11279978523497
h           -1.20224893496782        2.40912967860750        1.11272009895730
h            0.23716168321505        1.69788728275454        1.81224995523735
h           -0.16029821075893        2.53555501398023       -1.08093381201772
h            1.04031236239950        3.08115522060995        0.08976417833486
h            2.07623185572987        1.53281038804197       -1.51954622784848
h           -0.19750626877539        0.20623552183281       -1.91783974838140
h            1.92411271334495       -1.54391282449971        0.88203353840655
h            1.14371539443276       -0.45440527660248        2.02452118502051
h            2.21794785040395       -1.12381172643099       -1.50463651559795
h            0.31426396444293       -2.68908120724520       -0.55248690363749
h           -1.33822977155769       -2.05984080230558       -0.69158640252198
h            3.88496728385037        0.42119304678734        1.64140086462055
h            3.92120942303520        1.70779482215135        0.34186974907416
h           -4.25658254610478       -0.52936659430827        0.02355086812097
h           -3.12117898660886       -1.18377570168863        1.29367195222917
h           -0.06420357934079       -2.75028191173254        1.71981939884411
h           -2.45678198626193        2.26647614749948       -0.81088319142911
h           -1.98190890419809        1.03459182639605       -1.97610782781710
h           -3.64804737605671        1.12216610988472       -1.42234892882030
35
 energy: -46.161427503045 gnorm: 0.004528219307 xtb: 6.7.1 (edcfbbe)
c            0.09108632819682       -0.63899788484334        0.09435102758884
c           -0.96677897047474        0.30670895098047        0.71881467846147
c           -0.37950623725841        1.71579054878322        0.91565145771930
c            0.46440867404290        2.21905183664590       -0.25677310330662
c            1.42313827857669        1.12841239172125       -0.74566584140213
c            0.60621401548333       -0.06801852433328       -1.24195179559851
c            1.36807256388300       -0.61324187950733        0.96248244304102
c            2.18321223644895        0.52928372289546        0.40931955512358
o            1.39046807485523       -0.98160301406104       -1.98139529457504
c           -0.46169640053277       -2.06094114475798       -0.06632001740735
c            3.37668842354272        0.90798303717764        0.83212172945389
c           -2.31580830961613        0.29401849756548        0.02498347822015
c           -3.26207102068964       -0.52373051366575        0.46954891885518
h           -1.16173535409332       -0.10492765725339        1.71675550772615
o           -0.84073769707148       -2.65389701059272        1.15609380084623
c           -2.61031685728193        1.23670782656161       -1.10498099306482
h           -1.19200788784660        2.41521919216337        1.11615034835620
h            0.25388565640585        1.70524148301567        1.80467098497581
h           -0.16483883436704        2.52816660540746       -1.09075624782217
h            1.03996745522459        3.08772737352714        0.06974680274935
h            2.08170845924588        1.52560667598834       -1.52158507048768
h           -0.19763432663322        0.20512206760490       -1.92285137326306
h            1.92337126583830       -1.55138783054524        0.86598874750657
h            1.14534870021712       -0.47169473320840        2.02077027748268
h            2.20588293622244       -1.14046224012215       -1.48703146123735
h            0.28662033271090       -2.68196299444161       -0.57854027628322
h           -1.36445239277630       -2.04194557291254       -0.68084051890449
h            3.86363142159177        0.42909198751109        1.66559983778939
h            3.90717881235121        1.72285760783129        0.36895387962031
h           -4.23907171231141       -0.56247121597420        0.01547331373855
h           -3.09450619008823       -1.20507302489887        1.28669972045882
h           -0.05672238664295       -2.71171872903588        1.72009221000966
h           -2.45120856846144        2.26861205706219       -0.80044833603959
h           -1.98213802851616        1.03829943603066       -1.96985364365706
h           -3.64741866718970        1.12644099292629       -1.41250338553392
35
 energy: -46.161491188129 gnorm: 0.003976009448 xtb: 6.7.1 (edcfbbe)
c            0.08957551175188       -0.64046034289101        0.09225717221025
c           -0.96499586610081        0.31016495275714        0.71917274317611
c           -0.37582724092391        1.71945494525884        0.91235498497907
c            0.46672504048169        2.21919510016470       -0.26274070663270
c            1.42613369736691        1.12703113782460       -0.74806001659856
c            0.60785091763796       -0.06960920522846       -1.24379533134030
c            1.36794781278104       -0.61709722100989        0.95931664170290
c            2.18206871492181        0.53010258414555        0.41171355571704
o            1.39148918782301       -0.98503949765470       -1.98255199894495
c           -0.46654923525987       -2.06145370662618       -0.06783610414481
c            3.36943369725642        0.91582053638977        0.84546430891077
c           -2.31601649917591        0.29613521618626        0.02784243884747
c           -3.25659633779597       -0.53098135583201        0.46686908655824
h           -1.15793201856499       -0.09806183423157        1.71917560354632
o           -0.83578103588570       -2.65886079325283        1.15557160795797
c           -2.61525906109928        1.24120294603006       -1.09902465579115
h           -1.18587886543759        2.42135131967927        1.11646331290668
h            0.26087517953629        1.70720058550534        1.79927855070399
h           -0.16377834906201        2.52413342884798       -1.09748696122155
h            1.04143245310727        3.09052779442451        0.05885879460926
h            2.08744372546903        1.52153192820867       -1.52337578877271
h           -0.19471283340956        0.20454822164100       -1.92604855528371
h            1.92363428802583       -1.55474522532584        0.85609743219963
h            1.14791661948773       -0.48201445134206        2.01941629781000
h            2.20188262390470       -1.15311434307673       -1.48219013221531
h            0.27506606184771       -2.68301736456657       -0.58978995221139
h           -1.37515725862411       -2.03891842545595       -0.67366370434579
h            3.85363591634972        0.43462965046600        1.67943514251460
h            3.90117491274231        1.73150098609696        0.38513488202836
h           -4.23226094060240       -0.57687174413844        0.01029046297207
h           -3.08222587139125       -1.21828345135140        1.27807236104762
h           -0.05124167288605       -2.69699846770052        1.72100115509341
h           -2.45386114885286        2.27280872248569       -0.79393594936139
h           -1.99025871935065        1.04344807514737       -1.96699991822971
h           -3.65371961308221        1.13300761967021       -1.40351539925733
35
 energy: -46.161537573034 gnorm: 0.001572057873 xtb: 6.7.1 (edcfbbe)
c            0.08977073282397       -0.64206339543453        0.09100200565511
c           -0.96440969979908        0.31219395953688        0.71794718173906
c           -0.37174913680979        1.72076043222320        0.90781062967885
c            0.46979581287632        2.21824698278890       -0.26823063070786
c            1.42915497054153        1.12429005799046       -0.74982035507293
c            0.60855334961255       -0.07121961134876       -1.24540756055886
c            1.36914859418464       -0.62051705827238        0.95768331950734
c            2.18231159026828        0.52976697395106        0.41367029188972
o            1.39030736318779       -0.98833343010574       -1.98594615143022
c           -0.46726684989905       -2.06230429824956       -0.06842446399844
c            3.36325445502049        0.92272540698502        0.85709493212686
c           -2.31697052549376        0.29673649452789        0.02796204905940
c           -3.25331249830743       -0.53744419928085        0.46130687801714
h           -1.15644982262005       -0.09304197246011        1.71935952811224
o           -0.82860740885180       -2.66385185492542        1.15662162881725
c           -2.62131739762544        1.24693935635554       -1.09313109489092
h           -1.17946036517121        2.42528925322269        1.11352789608619
h            0.26617834199439        1.70690201597331        1.79399445197409
h           -0.16068395746774        2.52051843854825       -1.10407432258390
h            1.04412296880868        3.09106557199155        0.05034344145448
h            2.09209170910147        1.51619456122432       -1.52499019513227
h           -0.19339366171082        0.20481886301567       -1.92778704677542
h            1.92519144547104       -1.55740152222670        0.84762232277275
h            1.15231272099046       -0.49101476239458        2.01912724304202
h            2.19770830978931       -1.16505994189851       -1.48406491357735
h            0.26978671640115       -2.68423477000304       -0.59550535359402
h           -1.38035799044746       -2.03969663923145       -0.66693101182080
h            3.84335749933677        0.44523921843622        1.69555734516575
h            3.89434824706417        1.74162422476640        0.40189940236524
h           -4.22997748522232       -0.58204246025017        0.00789671034735
h           -3.07615008542027       -1.22695240680434        1.26978988067084
h           -0.04489962039951       -2.68996303594805        1.72169664371264
h           -2.45809345944982        2.27801730312281       -0.78664628293526
h           -2.00051557978036        1.05087467044061       -1.96500671172607
h           -3.66154549001100        1.14120589497923       -1.39317632624935
35
 energy: -46.161563385737 gnorm: 0.002293159434 xtb: 6.7.1 (edcfbbe)
c            0.09012728114920       -0.64519227543612        0.08974227983538
c           -0.96309985381936        0.31307089951264        0.71544578409625
c           -0.36712631259278        1.72053385582277        0.90161576548309
c            0.47384212687926        2.21472884059597       -0.27513997308869
c            1.43262875610031        1.11895688371843       -0.75299645083381
c            0.60805927955262       -0.07430382875795       -1.24669044554585
c            1.37026992719331       -0.62420833807204        0.95527576600570
c            2.18190700340797        0.52862320165341        0.41499061889983
o            1.38492767964353       -0.99273697271332       -1.99225663005717
c           -0.46535488353240       -2.06503119108086       -0.06831188035727
c            3.35388014004346        0.93226632001126        0.87107877797558
c           -2.31743039557162        0.29971433333161        0.02832410736284
c           -3.25103042766885       -0.53918547194449        0.45689185218285
h           -1.15485918308615       -0.08938980616889        1.71775409260463
o           -0.81804395683857       -2.66982160728716        1.15958983012300
c           -2.62709918969476        1.25668215249604       -1.08517479955239
h           -1.17252826610334        2.42758226192402        1.10791857818912
h            0.27184757839093        1.70534657245978        1.78696634687238
h           -0.15595120994812        2.51502324584721       -1.11214171917266
h            1.04834659381716        3.08798106746100        0.04154539316091
h            2.09751922101602        1.50699385152968       -1.52814988135500
h           -0.19476885819858        0.20482145164617       -1.92666660786906
h            1.92730185082229       -1.55943291465709        0.83782227198565
h            1.15601020982902       -0.50077006040326        2.01745919905526
h            2.19092363132036       -1.17871273304363       -1.49280587153358
h            0.26949884658270       -2.68591885195114       -0.59798260910954
h           -1.38247668946726       -2.04523449290103       -0.65967508807067
h            3.82767608422615        0.46363547898281        1.71806980413972
h            3.88275319902020        1.75678634848721        0.42364546260737
h           -4.22729852890717       -0.58511767638969        0.00290561062748
h           -3.07002934666216       -1.23899803014596        1.25576041291204
h           -0.03505211909001       -2.68437723208286        1.72383210335288
h           -2.46007989711687        2.28609685093630       -0.77553157868537
h           -2.01309974673003        1.06295558923205       -1.96255894946943
h           -3.66995675098045        1.15490059863307       -1.37778021163047
35
 energy: -46.161574033173 gnorm: 0.001844418778 xtb: 6.7.1 (edcfbbe)
c            0.09046591434983       -0.64630235904439        0.08908830357552
c           -0.96201983224783        0.31221729031891        0.71460249862745
c           -0.36577547798888        1.71962867147896        0.89998624275448
c            0.47484869202982        2.21328446719051       -0.27743446184629
c            1.43302235782447        1.11671664479934       -0.75449895164295
c            0.60751972480686       -0.07592227311579       -1.24759785717185
c            1.37039399878589       -0.62529364453062        0.95448578486627
c            2.18031525349388        0.52916324678419        0.41592615128005
o            1.38218293453383       -0.99459055718955       -1.99488863391786
c           -0.46435916129571       -2.06635382662052       -0.06782561855202
c            3.34867085709012        0.93784801022858        0.87691748139584
c           -2.31563590532951        0.29857831764326        0.02646022345795
c           -3.24851101202130       -0.54283270982465        0.45249616326276
h           -1.15416373434565       -0.09015456052373        1.71682044126187
o           -0.81547779163955       -2.67063710984128        1.16094190762725
c           -2.62726570711959        1.26046187732145       -1.08240801682951
h           -1.17105752836666        2.42668548987096        1.10601994553161
h            0.27361971755675        1.70511529831373        1.78498447626282
h           -0.15493925677287        2.51320466120350       -1.11452713197319
h            1.04973710565149        3.08635589006757        0.03891045864036
h            2.09868217867417        1.50342730595004       -1.52959113720195
h           -0.19634317901573        0.20419891320039       -1.92598211971522
h            1.92834989295683       -1.55969431009004        0.83554634694347
h            1.15586276667439       -0.50350928811956        2.01667905583970
h            2.18853556677475       -1.18218543138342       -1.49678692458056
h            0.27090953519880       -2.68681783012278       -0.59744612257001
h           -1.38192938585206       -2.04792677646399       -0.65837212869415
h            3.82196778649721        0.46984161561569        1.72437904801109
h            3.87800611340388        1.76144977780685        0.42876994877437
h           -4.22697214168474       -0.58289978332514        0.00289651473658
h           -3.06910738995583       -1.24042743069814        1.25307324785131
h           -0.03210897348600       -2.68277290068106        1.72507078679946
h           -2.45878202421138        2.28859685119464       -0.76941290738609
h           -2.01556731644463        1.06943766835320       -1.96178590460425
h           -3.67084078553902        1.16037711547890       -1.37272574967318
35
 energy: -46.161584095874 gnorm: 0.000739485643 xtb: 6.7.1 (edcfbbe)
c            0.09116362582598       -0.64739136052307        0.08880641970566
c           -0.96067459057628        0.31029257922738        0.71403569396871
c           -0.36450600000813        1.71773852688146        0.89938969504935
c            0.47528059742598        2.21206729838987       -0.27923925309792
c            1.43227629863796        1.11432371329207       -0.75628521411374
c            0.60628265657131       -0.07808276904673       -1.24887378452644
c            1.37099209853000       -0.62627052798174        0.95394438906353
c            2.17883147941334        0.52902869000175        0.41544110108580
o            1.37871314223020       -0.99666879169588       -1.99741087252246
c           -0.46335374524283       -2.06811250461596       -0.06622676993081
c            3.34442268244720        0.94233145628964        0.87926731803376
c           -2.31400497938025        0.29898898999211        0.02595441335210
c           -3.24767502979348       -0.54255982091289        0.45089778308558
h           -1.15309821691269       -0.09248365994515        1.71609501749380
o           -0.81587507787456       -2.66924697223874        1.16298476163523
c           -2.62538768172397        1.26435225947840       -1.08008815166205
h           -1.17035941755022        2.42388821520907        1.10509432612388
h            0.27529643048680        1.70474623001230        1.78405464446607
h           -0.15517982878617        2.51259808102617       -1.11558817026894
h            1.05117380697026        3.08442587421267        0.03718312993089
h            2.09805353890224        1.50018857721439       -1.53168149769138
h           -0.19941535618505        0.20279856320175       -1.92505283596644
h            1.93012267106380       -1.55999959044267        0.83541148450832
h            1.15558561537495       -0.50461286363291        2.01608215087692
h            2.18684130787447       -1.18290848257705       -1.50129292393595
h            0.27359319590094       -2.68881677272263       -0.59415668942572
h           -1.37972388193141       -2.05117505925625       -0.65892578034599
h            3.81604010056375        0.47749386117196        1.72946991899051
h            3.87192904574164        1.76728587281077        0.43112816274085
h           -4.22598316135479       -0.58183294633563        0.00000433558049
h           -3.06844280691824       -1.24319443759979        1.24904982324794
h           -0.03144260865782       -2.68434062529078        1.72641824590786
h           -2.45482861995174        2.29083060066661       -0.76311453603644
h           -2.01511797455072        1.07613619338764       -1.96080723055400
h           -3.66929552357647        1.16644992359796       -1.36919774362778
35
 energy: -46.161588172929 gnorm: 0.000663903564 xtb: 6.7.1 (edcfbbe)
c            0.09131166370717       -0.64909437666687        0.08911356095462
c           -0.96001517337088        0.30939220922921        0.71373787710937
c           -0.36400545289440        1.71696294234112        0.89947153737891
c            0.47548597615436        2.21079450223761       -0.27986186789632
c            1.43206405252659        1.11305401863232       -0.75791849891773
c            0.60550248827208       -0.07979908106564       -1.24901048156796
c            1.37195333023209       -0.62648421877654        0.95311341997512
c            2.17883380814604        0.52939190710216        0.41451178920666
o            1.37685240962895       -0.99824406385010       -1.99836077805753
c           -0.46296223933824       -2.07041540319591       -0.06443098137883
c            3.34246456284427        0.94650753809604        0.87999574619444
c           -2.31337796190536        0.29928173015742        0.02543290613207
c           -3.24776237405162       -0.54190379449909        0.44915221251185
h           -1.15285457856175       -0.09335997365521        1.71577916338317
o           -0.81811428158946       -2.66854879577901        1.16504672745995
c           -2.62432446954989        1.26719628109789       -1.07856043524170
h           -1.16973307872497        2.42312176832758        1.10584553918277
h            0.27637913249756        1.70380712968158        1.78368605902811
h           -0.15541559745849        2.51239668032581       -1.11540925504526
h            1.05224826944750        3.08250292430706        0.03662698285275
h            2.09750569687358        1.49863498644515       -1.53385314822871
h           -0.20139523700350        0.20104291485340       -1.92388972097668
h            1.93168543164681       -1.55995844986369        0.83484251183725
h            1.15664335463442       -0.50488639951599        2.01539451682101
h            2.18707337549278       -1.18209304797704       -1.50458372879274
h            0.27532477210289       -2.69208779211067       -0.58957506072512
h           -1.37769720745188       -2.05443507486296       -0.65993878563879
h            3.81361658755481        0.48371465552123        1.73149912870475
h            3.86813598516332        1.77259400386306        0.43169421347222
h           -4.22568170839240       -0.58025144138647       -0.00272142355090
h           -3.06872833426916       -1.24482286567600        1.24541053275642
h           -0.03296023104266       -2.69023669408455        1.72705717624503
h           -2.45319770374808        2.29275555872977       -0.75896335171284
h           -2.01426581808386        1.08103739840819       -1.95993170563417
h           -3.66835565650260        1.17070064485529       -1.36763101670001
35
 energy: -46.161590564278 gnorm: 0.000470718141 xtb: 6.7.1 (edcfbbe)
c            0.09145906893075       -0.64956399724078        0.08952053943631
c           -0.95982464548149        0.30925850000843        0.71435002328794
c           -0.36271183829284        1.71643453268787        0.89939062990147
c            0.47560533635417        2.21046151325110       -0.28055659698005
c            1.43136353070925        1.11217172475304       -0.75889358587048
c            0.60489335240650       -0.08111571367549       -1.24938261497729
c            1.37270865127121       -0.62708480010343        0.95276972275671
c            2.17865226014739        0.52939408615951        0.41385371861743
o            1.37619469552235       -0.99989280825807       -1.99842492458006
c           -0.46325010700239       -2.07098543560636       -0.06298870299161
c            3.34081316607692        0.94937767745954        0.88045547245185
c           -2.31313045963929        0.29982702762500        0.02550516162691
c           -3.24716911238617       -0.54295627946191        0.44678494480273
h           -1.15303302496697       -0.09306400255329        1.71655171901300
o           -0.82014595615516       -2.66795075720291        1.16643749770266
c           -2.62389323146191        1.26947426702876       -1.07703466961949
h           -1.16781487724091        2.42299337640888        1.10698872966759
h            0.27850322576423        1.70247198919999        1.78298989070329
h           -0.15592588338271        2.51209271956230       -1.11560462339850
h            1.05290806692965        3.08209405807923        0.03530182122308
h            2.09634128571939        1.49731383417056       -1.53543092298907
h           -0.20232190838426        0.19928359594105       -1.92405425115147
h            1.93254062302088       -1.56043289717208        0.83309384999123
h            1.15869150169269       -0.50641798480755        2.01549844315591
h            2.18740800416129       -1.18205959243548       -1.50548660434162
h            0.27526634525117       -2.69347797353028       -0.58686112920476
h           -1.37722009309957       -2.05495601323239       -0.65987431711303
h            3.81168485541966        0.48850545064156        1.73313179169639
h            3.86484909436157        1.77661894039150        0.43243284034204
h           -4.22467168214227       -0.58112073164470       -0.00580920665226
h           -3.06787182022404       -1.24739486668960        1.24164106599167
h           -0.03432197989269       -2.69379337696588        1.72773195523465
h           -2.45317241951782        2.29459747621116       -0.75589294604945
h           -2.01337684416606        1.08478462351044       -1.95849550791811
h           -3.66779338731652        1.17338015873646       -1.36686785262439
35
 energy: -46.161590406565 gnorm: 0.000909948938 xtb: 6.7.1 (edcfbbe)
c            0.09160483227293       -0.65002052950908        0.08991334230098
c           -0.95964121165198        0.30912165263259        0.71495194524193
c           -0.36144561882390        1.71591198307978        0.89930739476902
c            0.47572636358106        2.21014103967011       -0.28123379469572
c            1.43067712908438        1.11130950901415       -0.75984599515471
c            0.60429970730633       -0.08240278263256       -1.24975465399733
c            1.37344633529892       -0.62767323429170        0.95243523243873
c            2.17847706158519        0.52939086184900        0.41320688321862
o            1.37555117032770       -1.00150330839500       -1.99849855269240
c           -0.46352821026514       -2.07154338396168       -0.06157930194027
c            3.33920287716504        0.95217612382195        0.88090156937534
c           -2.31289491476690        0.30036378473105        0.02558339864593
c           -3.24660092891158       -0.54397195781841        0.44448535344525
h           -1.15320930704195       -0.09277876916282        1.71731274630742
o           -0.82212552593787       -2.66736912206899        1.16779428238519
c           -2.62347088483433        1.27169495003434       -1.07554631596698
h           -1.16594040461013        2.42286093877760        1.10809703805457
h            0.28057414679844        1.70116180605790        1.78231019979022
h           -0.15642004246521        2.51180289052666       -1.11579312757047
h            1.05355903306590        3.08169785346119        0.03401111324382
h            2.09520015371466        1.49602481291590       -1.53697208820984
h           -0.20322646182081        0.19757054679604       -1.92422017311086
h            1.93337632532425       -1.56089990008589        0.83139150313565
h            1.16069241313731       -0.50791144124171        2.01560267568397
h            2.18773413314588       -1.18202940244192       -1.50637870523770
h            0.27521496307439       -2.69483574744799       -0.58420974422511
h           -1.37674950808494       -2.05546855706294       -0.65981535882944
h            3.80979023865862        0.49319051275495        1.73473613677225
h            3.86163391792307        1.78055721444821        0.43316275318960
h           -4.22369265040106       -0.58196205159385       -0.00881953280686
h           -3.06704405618463       -1.24990354401422        1.23796517389386
h           -0.03564562278022       -2.69725972797748        1.72839115973550
h           -2.45313644168859        2.29639237751440       -0.75290326681690
h           -2.01251058701728        1.08843002509524       -1.95709577631098
h           -3.66724463119153        1.17600289777137       -1.36612215292102
35
 energy: -46.161592115452 gnorm: 0.000347308679 xtb: 6.7.1 (edcfbbe)
c            0.09139929411666       -0.64992350381968        0.09028870259888
c           -0.95947496661979        0.30985433819474        0.71479164137068
c           -0.36147659301747        1.71654380375510        0.89971564211998
c            0.47532169512403        2.20994636520147       -0.28134885098810
c            1.43076159375530        1.11145761629974       -0.75968073683717
c            0.60418822423947       -0.08215952250034       -1.24907649507248
c            1.37336867301012       -0.62764302831916        0.95233149073545
c            2.17830938619413        0.52962050131380        0.41348642953949
o            1.37578842902602       -1.00141665439850       -1.99737794413059
c           -0.46407481961262       -2.07105217376985       -0.06180766516174
c            3.33920196375991        0.95194393782355        0.88086529466945
c           -2.31248125731895        0.30023156332107        0.02525807292476
c           -3.24556924217352       -0.54502522144105        0.44370886817036
h           -1.15301273177048       -0.09214337332498        1.71700026783031
o           -0.82238051955817       -2.66715679988903        1.16770094693664
c           -2.62359156223791        1.27176114837798       -1.07547596083702
h           -1.16570125968208        2.42364570611915        1.10896001487745
h            0.28116178921579        1.70164913583253        1.78229412931617
h           -0.15692534453763        2.51116687742124       -1.11599614138782
h            1.05296016636529        3.08174757962271        0.03345935571164
h            2.09540654634366        1.49596036694854       -1.53681856771992
h           -0.20305384042297        0.19727717497773       -1.92404318164577
h            1.93317997067964       -1.56072332082731        0.83063641420530
h            1.16079769901415       -0.50842327160530        2.01541930058497
h            2.18759397567603       -1.18202795044597       -1.50486958448820
h            0.27416092686666       -2.69434313388524       -0.58498827673329
h           -1.37773463892425       -2.05445310885360       -0.65918879275524
h            3.81033289740758        0.49244657731035        1.73409494959100
h            3.86204869675066        1.77982242846373        0.43277539530937
h           -4.22272414342198       -0.58348945660836       -0.00950249456328
h           -3.06586365081910       -1.25054021985409        1.23745629352404
h           -0.03607988714900       -2.69687528214349        1.72840155498890
h           -2.45417270069252        2.29655608584322       -0.75259538928607
h           -2.01224459044743        1.08900004843651       -1.95676620347050
h           -3.66718638615320        1.17503308766899       -1.36633711878643
35
 energy: -46.161592527338 gnorm: 0.000185093929 xtb: 6.7.1 (edcfbbe)
c            0.09114637641801       -0.64984499954338        0.09045122536663
c           -0.95945690480750        0.31006771943137        0.71514017279425
c           -0.36144313873253        1.71676491869866        0.89967360915584
c            0.47519486363638        2.21006955538940       -0.28154291491286
c            1.43075306041542        1.11155258784011       -0.75965370095740
c            0.60426300137826       -0.08215298821924       -1.24872261406809
c            1.37317042774889       -0.62748182076990        0.95226770076626
c            2.17815891949011        0.52982828400306        0.41359992380217
o            1.37608956695341       -1.00155779829682       -1.99687690112349
c           -0.46454400410341       -2.07071249756021       -0.06175344932017
c            3.33926734710182        0.95185094201607        0.88079109020207
c           -2.31213740059561        0.30021095890223        0.02518584133546
c           -3.24476087992499       -0.54577943960023        0.44294766822943
h           -1.15311239971113       -0.09184113579096        1.71735027530661
o           -0.82263670992404       -2.66707906944348        1.16790854176246
c           -2.62367805257539        1.27209811682437       -1.07512522308058
h           -1.16552069154059        2.42391963278838        1.10921606930710
h            0.28157916557847        1.70192843752216        1.78195673189752
h           -0.15730272844960        2.51070294161041       -1.11618681160063
h            1.05256520245120        3.08222746387196        0.03276777958904
h            2.09553059567712        1.49600224298418       -1.53669073541670
h           -0.20289761248075        0.19685478859944       -1.92395674517373
h            1.93301154419139       -1.56040947675489        0.83027731943250
h            1.16060776676510       -0.50857487195122        2.01530330010485
h            2.18760277420495       -1.18229210860635       -1.50404812947517
h            0.27336913657424       -2.69402533419036       -0.58511575503167
h           -1.37842164270676       -2.05397140571882       -0.65857007183112
h            3.81088260524643        0.49199891864983        1.73358481657862
h            3.86238209576440        1.77951729836018        0.43251118222680
h           -4.22174427496108       -0.58474698024398       -0.01064366681831
h           -3.06488981595982       -1.25165189648876        1.23635176391631
h           -0.03650370393113       -2.69706154562946        1.72850490484511
h           -2.45554050495956        2.29687253964009       -0.75143741260891
h           -2.01171266443276        1.09059621276896       -1.95622403262432
h           -3.66703752681294        1.17438813015341       -1.36647039143466
35
 energy: -46.161592858653 gnorm: 0.000197680236 xtb: 6.7.1 (edcfbbe)
c            0.09121459388372       -0.64986894208368        0.09069227243324
c           -0.95936728422135        0.31029209860052        0.71511967752330
c           -0.36126430635469        1.71689738414014        0.89975292806852
c            0.47495822147292        2.20996764613244       -0.28185980037226
c            1.43055787315804        1.11136461065404       -0.75975797185403
c            0.60406469788392       -0.08235683639428       -1.24864803997443
c            1.37329882026430       -0.62754405998282        0.95245294703120
c            2.17804330223651        0.52984325444507        0.41357355303412
o            1.37603321362757       -1.00194188649430       -1.99660517091031
c           -0.46455811694107       -2.07068224461743       -0.06139197326278
c            3.33916838783265        0.95201927472153        0.88056784968433
c           -2.31197231497284        0.30035539475085        0.02502725468549
c           -3.24417054722416       -0.54666131274095        0.44169847933587
h           -1.15312090862793       -0.09151866997421        1.71733599667003
o           -0.82308912657511       -2.66689299613258        1.16834385964855
c           -2.62380502806374        1.27302920529611       -1.07450094985440
h           -1.16521224524827        2.42411467147888        1.10956220572938
h            0.28207058113771        1.70196671531240        1.78181092071975
h           -0.15774201934993        2.51030877305375       -1.11644228417195
h            1.05230423063460        3.08224612026515        0.03209535475208
h            2.09532260996470        1.49570022786783       -1.53685517641825
h           -0.20313067633962        0.19636326667338       -1.92400283060178
h            1.93321950744093       -1.56038848153688        0.83025493330047
h            1.16088728966499       -0.50875015333365        2.01552388192961
h            2.18756563530138       -1.18243872566795       -1.50371721002179
h            0.27328076581667       -2.69424453575974       -0.58444538814308
h           -1.37835683655862       -2.05393378626324       -0.65825263194732
h            3.81099475016764        0.49252771736199        1.73347223283059
h            3.86214467452510        1.77969527470248        0.43208564291224
h           -4.22100095871764       -0.58580871648735       -0.01221486061486
h           -3.06424221700121       -1.25287813919475        1.23474826885990
h           -0.03693175538689       -2.69781670140655        1.72886633503199
h           -2.45720935717064        2.29765180076402       -0.74948555559820
h           -2.01090691049290        1.09334186827386       -1.95531939360594
h           -3.66681475278073        1.17430920482214       -1.36671399568804
35
 energy: -46.161593264239 gnorm: 0.000204897074 xtb: 6.7.1 (edcfbbe)
c            0.09122650446273       -0.64990844374637        0.09097608973684
c           -0.95942211104197        0.31038932535021        0.71514751909660
c           -0.36109426495223        1.71690547921707        0.89966600284854
c            0.47483280006359        2.20989374818718       -0.28218044654569
c            1.43040861229701        1.11118952709699       -0.75987953114850
c            0.60394913152623       -0.08264562491502       -1.24852989417846
c            1.37333304242539       -0.62740957734012        0.95271107049886
c            2.17799898469985        0.52986536559182        0.41349444867068
o            1.37593558295872       -1.00233265379041       -1.99638127066472
c           -0.46446724851619       -2.07078398996604       -0.06098285122337
c            3.33925848201186        0.95200343128041        0.88014242780743
c           -2.31190361114664        0.30037376772064        0.02477520623982
c           -3.24370814635053       -0.54764883850069        0.44031084994456
h           -1.15331968032969       -0.09128241781186        1.71740204745923
o           -0.82338946365783       -2.66674804748242        1.16880575711138
c           -2.62408301605303        1.27419154487640       -1.07364242588901
h           -1.16495931471114        2.42417444302676        1.10954940055077
h            0.28239253007872        1.70202061601864        1.78160651565878
h           -0.15804450871700        2.50992974682664       -1.11671463596163
h            1.05217104751722        3.08227835087935        0.03144788121439
h            2.09514726745066        1.49538008595053       -1.53706884301640
h           -0.20332598518194        0.19585706185040       -1.92388400773548
h            1.93326086674029       -1.56028800888052        0.83073213766013
h            1.16089567062153       -0.50840151362523        2.01576555261912
h            2.18748154416316       -1.18268902170869       -1.50344571691796
h            0.27355232016174       -2.69445913603981       -0.58363967394102
h           -1.37810687905377       -2.05415783202009       -0.65812073913713
h            3.81116933496082        0.49282326511679        1.73316356053667
h            3.86214254725806        1.77961130535546        0.43143137790453
h           -4.22037539076997       -0.58687459695569       -0.01392499652977
h           -3.06358385068482       -1.25459451483506        1.23267828675185
h           -0.03713325033264       -2.69816605057930        1.72936300352706
h           -2.45978885489374        2.29859017975133       -0.74671430750708
h           -2.00969513371374        1.09713708091406       -1.95393159364412
h           -3.66652176630470        1.17404426443281       -1.36735684065566
35
 energy: -46.161593830365 gnorm: 0.000182824338 xtb: 6.7.1 (edcfbbe)
c            0.09127152762456       -0.64992873830578        0.09124333882276
c           -0.95958375624375        0.31040237510137        0.71510187036880
c           -0.36121487004343        1.71692985907606        0.89939790688557
c            0.47471359052932        2.20973376731894       -0.28251661104459
c            1.43028042777609        1.11095642512048       -0.76007194870673
c            0.60384341265835       -0.08301607515931       -1.24849456112336
c            1.37321023399440       -0.62699551117020        0.95321848364779
c            2.17804900113917        0.52980983129753        0.41329005585950
o            1.37579658612866       -1.00281351443640       -1.99617900311618
c           -0.46402401419451       -2.07102152542203       -0.06034151878240
c            3.33969157000142        0.95162698204057        0.87935666475400
c           -2.31192134161958        0.30040141600821        0.02439097484415
c           -3.24318074084664       -0.54902597064837        0.43833103908298
h           -1.15372744502888       -0.09105768935892        1.71741219643425
o           -0.82340388150350       -2.66660320114753        1.16947680275988
c           -2.62465049914636        1.27591682230971       -1.07235011706775
h           -1.16499807395702        2.42429731785173        1.10923522706234
h            0.28227853507425        1.70209464550025        1.78132253560474
h           -0.15825253255211        2.50960330959111       -1.11701671578718
h            1.05202161116291        3.08220142104232        0.03091685717809
h            2.09497098263292        1.49498377426041       -1.53738232247842
h           -0.20359549920779        0.19527542541002       -1.92376323626597
h            1.93311642678216       -1.56001649869450        0.83212009452939
h            1.16055115310874       -0.50716574441367        2.01616608309016
h            2.18728677788096       -1.18318631607240       -1.50313651591785
h            0.27439897690890       -2.69472154538920       -0.58244117280293
h           -1.37733618262932       -2.05481328074500       -0.65802236199151
h            3.81171153769967        0.49250480711480        1.73233312324139
h            3.86270515492739        1.77891449840617        0.43021653719050
h           -4.21966340162203       -0.58831026907497       -0.01629861617497
h           -3.06277766387141       -1.25696332509789        1.22973388543746
h           -0.03720056684860       -2.69827553882176        1.73012684457347
h           -2.46448080635220        2.29997931185714       -0.74222317557092
h           -2.00756076948061        1.10332617196882       -1.95162555780873
h           -3.66609166789610        1.17322490392854       -1.36875572558646
35
 energy: -46.161594229761 gnorm: 0.000138819690 xtb: 6.7.1 (edcfbbe)
c            0.09114528871945       -0.65001655378100        0.09161590234910
c           -0.95988684589056        0.31043481756965        0.71503113584339
c           -0.36124484242845        1.71687726847883        0.89927897943790
c            0.47463356456397        2.20965867964326       -0.28268757375623
c            1.43009879413575        1.11082778100740       -0.76028931989909
c            0.60369375573700       -0.08341602432840       -1.24828439997702
c            1.37307705975307       -0.62651355808688        0.95358710290536
c            2.17816052840001        0.52982190142301        0.41295998212129
o            1.37562277383697       -1.00328543169978       -1.99577351830495
c           -0.46369374539071       -2.07135680937836       -0.05963955161454
c            3.34024171579515        0.95117901530293        0.87834530229804
c           -2.31201607260960        0.30030108307896        0.02385488772969
c           -3.24275666793019       -0.55042022832924        0.43626623602543
h           -1.15428361871983       -0.09091996566091        1.71733217159670
o           -0.82324104547673       -2.66655452193544        1.17021475744317
c           -2.62519900905172        1.27761123770016       -1.07115488628513
h           -1.16492740594817        2.42436532427594        1.10902059635686
h            0.28220026716582        1.70209951013150        1.78125724898565
h           -0.15837207306279        2.50965530610294       -1.11713157910680
h            1.05204512086261        3.08208394142166        0.03072467004401
h            2.09460817518096        1.49476319217193       -1.53780455126700
h           -0.20388412644281        0.19459742815277       -1.92352062003725
h            1.93288992977666       -1.55973790779030        0.83346037205070
h            1.16025649903051       -0.50574376727816        2.01641082340925
h            2.18707162828560       -1.18366185916110       -1.50265821752259
h            0.27523403119823       -2.69492999489827       -0.58123176671646
h           -1.37668531160413       -2.05571249185165       -0.65787482619035
h            3.81225640651592        0.49202773345250        1.73132525714977
h            3.86353115623217        1.77800440150160        0.42870702515869
h           -4.21907432384620       -0.58978919350576       -0.01870128135252
h           -3.06193263057761       -1.25951116188689        1.22656335661216
h           -0.03716351428712       -2.69776509965813        1.73108860050802
h           -2.46938381504860        2.30132743997815       -0.73774344338374
h           -2.00523210654315        1.10967757039097       -1.94929169955145
h           -3.66555574734548        1.17228925869235       -1.37048581191882
35
 energy: -46.161594237325 gnorm: 0.000245354175 xtb: 6.7.1 (edcfbbe)
c            0.09104923119027       -0.65007715760026        0.09184829223131
c           -0.96008809075378        0.31046559580786        0.71496510003998
c           -0.36120043146145        1.71683316620194        0.89919275860147
c            0.47459782807517        2.20964901499120       -0.28282549021785
c            1.43001227347420        1.11077559366652       -0.76040269128807
c            0.60364463010551       -0.08366025844878       -1.24812970686819
c            1.37299797629247       -0.62622290375679        0.95378762092436
c            2.17823939479130        0.52984918476682        0.41278529384913
o            1.37553718693169       -1.00357398673337       -1.99550913439433
c           -0.46352315116542       -2.07156575512923       -0.05923901909151
c            3.34057577019870        0.95092781299417        0.87777973388833
c           -2.31210873107094        0.30021664981380        0.02353475525398
c           -3.24255065929953       -0.55122859639891        0.43510025011248
h           -1.15460708313743       -0.09084651860431        1.71725541290669
o           -0.82314711285364       -2.66655349352288        1.17062181714051
c           -2.62555719874982        1.27860513233457       -1.07044360994684
h           -1.16483143413783        2.42439027564090        1.10884104849646
h            0.28219350701751        1.70212049564464        1.78122551191534
h           -0.15843436442115        2.50967610994459       -1.11725855751537
h            1.05205281844152        3.08207018593076        0.03055765563763
h            2.09442777707690        1.49465963731747       -1.53802516403273
h           -0.20400838247172        0.19420360325542       -1.92334772751138
h            1.93275116540741       -1.55958066153350        0.83426912871458
h            1.16005980119202       -0.50488556344873        2.01653394398726
h            2.18695922504446       -1.18397255108471       -1.50235255309236
h            0.27572572685614       -2.69504000527013       -0.58052848072466
h           -1.37630656800838       -2.05626332337796       -0.65783514592182
h            3.81253468138496        0.49179297338373        1.73081855205503
h            3.86405586241350        1.77743957086267        0.42781472657195
h           -4.21878728584401       -0.59061869664050       -0.02002926194791
h           -3.06142480132659       -1.26108536138849        1.22467479594310
h           -0.03710999590379       -2.69752477245264        1.73160121594187
h           -2.47226810792659        2.30212461716672       -0.73510969456706
h           -2.00393235393034        1.11339793145153       -1.94794584905489
h           -3.66529531044534        1.17177037546212       -1.37145416689520
35
 energy: -46.161594409469 gnorm: 0.000123031006 xtb: 6.7.1 (edcfbbe)
c            0.09106582763149       -0.65008569021519        0.09188961414742
c           -0.96010302302088        0.31038518857512        0.71506750455655
c           -0.36147485720565        1.71682842749930        0.89925291494919
c            0.47455742750881        2.20948738906275       -0.28264013273086
c            1.42988975531747        1.11067215100468       -0.76051825728701
c            0.60345021319520       -0.08372133392830       -1.24817726042312
c            1.37296570238950       -0.62611954353346        0.95387876231134
c            2.17822594516163        0.52979656892160        0.41261217413973
o            1.37542899742085       -1.00359899047531       -1.99551339535030
c           -0.46337508238477       -2.07163081095213       -0.05902448685244
c            3.34065137330580        0.95080944877886        0.87742054611575
c           -2.31199884490940        0.30028130880971        0.02341724287006
c           -3.24237422435111       -0.55145447670942        0.43452604830046
h           -1.15478121920440       -0.09086858376989        1.71736020098609
o           -0.82298488409498       -2.66647179009782        1.17091683984470
c           -2.62549423753957        1.27894910657480       -1.07027753306342
h           -1.16504752952038        2.42442345041479        1.10904522089443
h            0.28199705765033        1.70198277992581        1.78120329573596
h           -0.15847758465568        2.50978052499851       -1.11694745537287
h            1.05214121644350        3.08178349659425        0.03084461115504
h            2.09419629323745        1.49454718778144       -1.53824425613199
h           -0.20425760423237        0.19402435334996       -1.92338639923658
h            1.93269528667524       -1.55947533573089        0.83440646904432
h            1.16009457206818       -0.50465802797592        2.01661904445380
h            2.18685439111809       -1.18392092382609       -1.50234352860625
h            0.27589819045200       -2.69512381014650       -0.58027678095808
h           -1.37620007027053       -2.05644091865413       -0.65756427038262
h            3.81280611106672        0.49149418759133        1.73021306087576
h            3.86407971774254        1.77739184776777        0.42750412458437
h           -4.21849470317210       -0.59098415224591       -0.02085233973018
h           -3.06135569938358       -1.26131926003992        1.22407422426425
h           -0.03708250504456       -2.69702552425910        1.73205030254951
h           -2.47297439025224        2.30236276417904       -0.73438761400928
h           -2.00330940006806        1.11451336793672       -1.94745126806889
h           -3.66497842608853        1.17165394403978       -1.37192586243355
35
 energy: -46.161594525621 gnorm: 0.000051298206 xtb: 6.7.1 (edcfbbe)
c            0.09104781782807       -0.65013431459128        0.09197006699191
c           -0.96014004545636        0.31031859907698        0.71512464638405
c           -0.36149204982857        1.71671680180244        0.89953513748092
c            0.47441516037301        2.20951427793466       -0.28240221611486
c            1.42964738059383        1.11069555207066       -0.76050821998403
c            0.60323176169929       -0.08371445553879       -1.24813222169181
c            1.37305270765892       -0.62617352922506        0.95381336220508
c            2.17819914042460        0.52978198403003        0.41246672702955
o            1.37517572564848       -1.00357863957397       -1.99556443906729
c           -0.46332473559840       -2.07171124057039       -0.05875953808302
c            3.34066402847110        0.95085992212088        0.87715341742387
c           -2.31193286413808        0.30030010320830        0.02327815865345
c           -3.24238151782256       -0.55151660764639        0.43407235663894
h           -1.15494866631281       -0.09103202450584        1.71734586547758
o           -0.82277597250652       -2.66651014517882        1.17126899146889
c           -2.62518515654932        1.27904270574010       -1.07042497166224
h           -1.16506535622435        2.42427737832217        1.10942460031451
h            0.28198951206231        1.70175557977241        1.78148295884263
h           -0.15865238251400        2.51003420911416       -1.11661945025847
h            1.05211335559991        3.08169048897440        0.03120795814943
h            2.09381004357228        1.49463785144411       -1.53831874652859
h           -0.20456225202537        0.19396984233650       -1.92325965070097
h            1.93280515152975       -1.55948446157159        0.83420279666663
h            1.16034668347890       -0.50474590764622        2.01657858403324
h            2.18669347722290       -1.18382711511692       -1.50251358609990
h            0.27588393706285       -2.69522041172171       -0.58005394623898
h           -1.37622536164413       -2.05663423506329       -0.65713628827529
h            3.81298438044436        0.49157103971573        1.72988196175913
h            3.86409741462144        1.77734050622029        0.42705603976149
h           -4.21845526012315       -0.59090552489493       -0.02142251073581
h           -3.06158429440659       -1.26137437921341        1.22368150427918
h           -0.03699106691576       -2.69653411257331        1.73248744869763
h           -2.47255481193963        2.30241232219717       -0.73446959429343
h           -2.00298445712970        1.11455540523470       -1.94757544589488
h           -3.66466763417070        1.17189085656246       -1.37210039548730
35
 energy: -46.161594628009 gnorm: 0.000061366827 xtb: 6.7.1 (edcfbbe)
c            0.09101267029003       -0.65023515087845        0.09206623804628
c           -0.96021354554776        0.31016881398093        0.71523455206209
c           -0.36153850122508        1.71651373999127        0.89984073951655
c            0.47433881567072        2.20948049269167       -0.28205853767704
c            1.42941632530572        1.11068179173582       -0.76055445173740
c            0.60300989100825       -0.08376571015340       -1.24806618435910
c            1.37314666096035       -0.62619707684328        0.95373374990899
c            2.17821259678194        0.52975234744364        0.41224454986153
o            1.37496811267791       -1.00355174636281       -1.99564025222797
c           -0.46330044300843       -2.07183504510238       -0.05848223900328
c            3.34073736956215        0.95088261531790        0.87673354889076
c           -2.31186680957350        0.30033313652568        0.02311118677543
c           -3.24244915912906       -0.55148079579364        0.43360178349071
h           -1.15523157123708       -0.09128039519502        1.71737870165752
o           -0.82250165819117       -2.66652446822520        1.17170752877574
c           -2.62490958163189        1.27919726762551       -1.07056431879601
h           -1.16509255108268        2.42404633780975        1.10992119769719
h            0.28199562498978        1.70138639287770        1.78174000748191
h           -0.15876323863613        2.51033977847874       -1.11611940517590
h            1.05222001043637        3.08147704870908        0.03172591066804
h            2.09338158071858        1.49472459058091       -1.53848882010941
h           -0.20485872236689        0.19381472391781       -1.92312151958860
h            1.93288929784743       -1.55947992272905        0.83395056646139
h            1.16063825170003       -0.50481308361337        2.01653437869493
h            2.18660354249066       -1.18367048273575       -1.50273595981133
h            0.27586501155559       -2.69537457890971       -0.57978672510865
h           -1.37631489852193       -2.05692183660583       -0.65666125331587
h            3.81321488220072        0.49170068200706        1.72943885599409
h            3.86396257301413        1.77750682653894        0.42665576057669
h           -4.21835539994741       -0.59088904349570       -0.02224937082253
h           -3.06184858713154       -1.26151133368441        1.22310310316161
h           -0.03687728175765       -2.69561574220030        1.73311606890325
h           -2.47194849729901        2.30250389021447       -0.73459271654355
h           -2.00286672097118        1.11455432980805       -1.94778495074618
h           -3.66444225696595        1.17234992751961       -1.37216036246064
35
 energy: -46.161594685187 gnorm: 0.000057156186 xtb: 6.7.1 (edcfbbe)
c            0.09100236013633       -0.65032571853711        0.09215581421079
c           -0.96030004411147        0.31002068919367        0.71528471311052
c           -0.36158133589556        1.71630283815731        0.90011806700920
c            0.47426055592406        2.20942163613597       -0.28174529903129
c            1.42921118972150        1.11066033184779       -0.76057401363664
c            0.60280824584573       -0.08381524231918       -1.24801840054276
c            1.37323126688471       -0.62620282583084        0.95370400339433
c            2.17818119081993        0.52978821446127        0.41212905079440
o            1.37479251781278       -1.00352867767872       -1.99567913133024
c           -0.46321665693436       -2.07196941954399       -0.05822014733465
c            3.34073371508618        0.95100892131404        0.87643842957385
c           -2.31179292601261        0.30026053520545        0.02282741366876
c           -3.24245825131117       -0.55164526219684        0.43294302892422
h           -1.15552776189142       -0.09153941432556        1.71734756382658
o           -0.82223956561335       -2.66650463318914        1.17211788161144
c           -2.62472418227242        1.27940537337208       -1.07064070814108
h           -1.16510710596599        2.42382127230312        1.11036956936418
h            0.28199919658990        1.70100825357211        1.78197956651535
h           -0.15885649078879        2.51057922682648       -1.11567194378583
h            1.05230794914231        3.08124848666913        0.03220920591265
h            2.09300229344422        1.49479756343328       -1.53861125697579
h           -0.20513002000613        0.19368002511577       -1.92301545820981
h            1.93297998155141       -1.55948133258539        0.83383447831186
h            1.16086216425900       -0.50481393705496        2.01653335966557
h            2.18653250088532       -1.18350832229657       -1.50290130349803
h            0.27594642253810       -2.69555682219863       -0.57949186543156
h           -1.37631147427689       -2.05720997297518       -0.65629346111299
h            3.81351155625441        0.49173231358248        1.72891775684471
h            3.86393478753445        1.77750815991475        0.42609556624373
h           -4.21835123719097       -0.59077244845122       -0.02296141128406
h           -3.06212488962073       -1.26167871011981        1.22250277123365
h           -0.03672393078780       -2.69463087738550        1.73377294091817
h           -2.47137755275041        2.30262554594412       -0.73458980133494
h           -2.00290137080830        1.11466361743133       -1.94800121637278
h           -3.66433930520598        1.17291893345475       -1.37209440197023
