50
 energy: -1149.556631339819 gnorm: 0.000586369494 xtb: 6.7.1 (edcfbbe)
c           -0.36384195559928       -0.42087297630041       -2.77823930281916
c            0.77426877049193        0.57338676733795       -2.47114270687389
c           -2.53896036114163        3.11514220950280        0.54992789294253
c           -3.60451455351937        2.63335822595492       -0.20981413306819
c           -3.52131426363142        1.37974174229889       -0.79109934697404
c           -2.37958260155479        0.57759928379726       -0.61923078888107
c           -1.30757788779892        1.03642261882374        0.16820027485516
c           -1.41708169203123        2.31389222698983        0.72797599028525
n           -2.32820862532510       -0.67883493187087       -1.19770144133833
c           -1.01291132026677       -1.17023833523833       -1.57027062804685
c           -0.06387028246963       -1.20257718938799       -0.33732526176392
c           -0.07961630539843        0.17242420375174        0.45786473815454
c            1.35665325742273       -1.34628968510014       -0.94103695978453
c            1.68468206408790        0.12726061303314       -1.28492673993496
c            1.20912704917758        0.83705835648299       -0.04210632437392
c            3.12496530034538        0.50361237085218       -1.51828728561541
c            3.84493481726482        1.21375947372690       -0.64459411933186
c            3.35889172613322        1.62322631589955        0.72630432136406
n            2.23669283987380        0.70206221110071        1.10411212471866
c            1.35871138223164        1.04605153927171        2.27490318920227
c            0.16814299914871        0.11043261875496        2.01714894750333
o            2.74772407546139       -0.54030684610768        1.32732633418571
h            1.09400853849064        1.91544721478482       -0.19582585566917
c           -0.44265453805201       -2.40372649157431        0.50295588802555
o            0.11833879853401       -3.48045742884224        0.45623673323143
o           -1.51291031070891       -2.16214803457210        1.27826954964546
c           -1.96126610593759       -3.26889144787483        2.09579908032055
h            0.02364635553722       -1.18430358692218       -3.46032198086814
h           -1.15999744124493        0.09812622791236       -3.32412447352875
h            1.38724878165616        0.67951647521145       -3.37412155882848
h            0.36757738901193        1.56918460487931       -2.25830826412597
h           -2.57941744042947        4.10177501943946        1.00075573102434
h           -4.49374236323511        3.23957875922846       -0.35998066858677
h           -4.34040822247024        0.99980153813158       -1.39810399279266
h           -0.60230728312664        2.70469547111400        1.32929785522801
h           -3.02371908416373       -0.82278257923295       -1.91780559546079
h           -1.14913657609459       -2.21390455097143       -1.88339076507688
h            2.05579510925483       -1.71909537957023       -0.19864229559165
h            1.35674837813826       -2.00119401459398       -1.81774319343045
h            3.57098348603659        0.21330351803700       -2.46867984001549
h            4.86749941376543        1.49558728662942       -0.88452532735442
h            3.01490966049441        2.66752279409712        0.74961389126534
h            4.14359115151229        1.49103738899503        1.47674962298539
h            1.90941770903113        0.82641279403302        3.19116988196661
h            1.09144781151616        2.10805180203086        2.23936241666150
h           -0.72073937287801        0.42305848916205        2.56846297258803
h            0.44478006436739       -0.89427026027521        2.33886640654879
h           -2.83353129549634       -2.89633598795480        2.63258084975754
h           -2.22985213012253       -4.12156963228682        1.46688928023999
h           -1.17418689031158       -3.56242004332401        2.79583597929029
50
 energy: -1149.556632386608 gnorm: 0.000661960531 xtb: 6.7.1 (edcfbbe)
c           -0.36467225153510       -0.42033381850545       -2.77831174570154
c            0.77425430527634        0.57294242148698       -2.47106291664492
c           -2.53950963540383        3.11518107341262        0.55030073672987
c           -3.60476900911847        2.63342449790962       -0.20996257520167
c           -3.52132293806519        1.37982965716887       -0.79136468848994
c           -2.37960725604094        0.57776319839993       -0.61922330351022
c           -1.30768429944773        1.03671365547272        0.16824832194259
c           -1.41755502124219        2.31403586306513        0.72846706298663
n           -2.32828346214767       -0.67877443818521       -1.19755641167932
c           -1.01271639690027       -1.16977641061628       -1.56986704736584
c           -0.06368857171104       -1.20248305562044       -0.33699790073510
c           -0.07968527441882        0.17278538755803        0.45793019641346
c            1.35693884911020       -1.34609978825398       -0.94026736295364
c            1.68475358419024        0.12729045472002       -1.28482047780637
c            1.20904397452500        0.83730048717220       -0.04222785506777
c            3.12505136751934        0.50320753093317       -1.51826064130952
c            3.84526038530632        1.21322508480403       -0.64464042458366
c            3.35922034371667        1.62294410868143        0.72613060979082
n            2.23679798419794        0.70220154070006        1.10391469435900
c            1.35862702229396        1.04642657567453        2.27452094779354
c            0.16808054020810        0.11080079710029        2.01717157895883
o            2.74752769802786       -0.54049869225715        1.32733070770916
h            1.09404151596025        1.91571931915906       -0.19595878105633
c           -0.44323124621042       -2.40415834827195        0.50219256169577
o            0.11993999423323       -3.47993503592661        0.45781697475195
o           -1.51354816841131       -2.16274281144035        1.27758123454772
c           -1.96111434325981       -3.26960560883114        2.09543853359035
h            0.02213101953257       -1.18367180512120       -3.46083441349397
h           -1.16098164909586        0.09912202112349       -3.32351615401837
h            1.38734408438741        0.67781219456186       -3.37411795651877
h            0.36849298059141        1.56933649814654       -2.25921370848050
h           -2.58029788146485        4.10173729534883        1.00142491385561
h           -4.49397377044797        3.23962615335478       -0.36042547809620
h           -4.34024000620670        0.99985274267514       -1.39862947134994
h           -0.60301547022268        2.70479185428168        1.33021196318027
h           -3.02316909404952       -0.82201826447610       -1.91846370140216
h           -1.14871593635366       -2.21345560022930       -1.88308384865246
h            2.05598378511015       -1.71848038746803       -0.19764611199607
h            1.35728791030324       -2.00124625470311       -1.81675532106071
h            3.57099746771342        0.21250665248812       -2.46857305947451
h            4.86797993326390        1.49446119782859       -0.88460491653011
h            3.01548583821915        2.66732670095909        0.74918306480878
h            4.14379283488630        1.49076129074030        1.47666724212360
h            1.90933182083842        0.82715418332579        3.19088314158050
h            1.09136119707874        2.10843402988581        2.23862781388792
h           -0.72070513435512        0.42333399422152        2.56853608051231
h            0.44492657227351       -0.89373154970142        2.33901499315438
h           -2.83296765582319       -2.89719746751538        2.63301773163584
h           -2.23034508385176       -4.12206123472818        1.46640838843229
h           -1.17341498235588       -3.56346721590842        2.79462744554932
50
 energy: -1149.556632386608 gnorm: 0.000661960531 xtb: 6.7.1 (edcfbbe)
c           -0.36467225153510       -0.42033381850545       -2.77831174570154
c            0.77425430527634        0.57294242148698       -2.47106291664492
c           -2.53950963540383        3.11518107341262        0.55030073672987
c           -3.60476900911847        2.63342449790962       -0.20996257520167
c           -3.52132293806519        1.37982965716887       -0.79136468848994
c           -2.37960725604094        0.57776319839993       -0.61922330351022
c           -1.30768429944773        1.03671365547272        0.16824832194259
c           -1.41755502124219        2.31403586306513        0.72846706298663
n           -2.32828346214767       -0.67877443818521       -1.19755641167932
c           -1.01271639690027       -1.16977641061628       -1.56986704736584
c           -0.06368857171104       -1.20248305562044       -0.33699790073510
c           -0.07968527441882        0.17278538755803        0.45793019641346
c            1.35693884911020       -1.34609978825398       -0.94026736295364
c            1.68475358419024        0.12729045472002       -1.28482047780637
c            1.20904397452500        0.83730048717220       -0.04222785506777
c            3.12505136751934        0.50320753093317       -1.51826064130952
c            3.84526038530632        1.21322508480403       -0.64464042458366
c            3.35922034371667        1.62294410868143        0.72613060979082
n            2.23679798419794        0.70220154070006        1.10391469435900
c            1.35862702229396        1.04642657567453        2.27452094779354
c            0.16808054020810        0.11080079710029        2.01717157895883
o            2.74752769802786       -0.54049869225715        1.32733070770916
h            1.09404151596025        1.91571931915906       -0.19595878105633
c           -0.44323124621042       -2.40415834827195        0.50219256169577
o            0.11993999423323       -3.47993503592661        0.45781697475195
o           -1.51354816841131       -2.16274281144035        1.27758123454772
c           -1.96111434325981       -3.26960560883114        2.09543853359035
h            0.02213101953257       -1.18367180512120       -3.46083441349397
h           -1.16098164909586        0.09912202112349       -3.32351615401837
h            1.38734408438741        0.67781219456186       -3.37411795651877
h            0.36849298059141        1.56933649814654       -2.25921370848050
h           -2.58029788146485        4.10173729534883        1.00142491385561
h           -4.49397377044797        3.23962615335478       -0.36042547809620
h           -4.34024000620670        0.99985274267514       -1.39862947134994
h           -0.60301547022268        2.70479185428168        1.33021196318027
h           -3.02316909404952       -0.82201826447610       -1.91846370140216
h           -1.14871593635366       -2.21345560022930       -1.88308384865246
h            2.05598378511015       -1.71848038746803       -0.19764611199607
h            1.35728791030324       -2.00124625470311       -1.81675532106071
h            3.57099746771342        0.21250665248812       -2.46857305947451
h            4.86797993326390        1.49446119782859       -0.88460491653011
h            3.01548583821915        2.66732670095909        0.74918306480878
h            4.14379283488630        1.49076129074030        1.47666724212360
h            1.90933182083842        0.82715418332579        3.19088314158050
h            1.09136119707874        2.10843402988581        2.23862781388792
h           -0.72070513435512        0.42333399422152        2.56853608051231
h            0.44492657227351       -0.89373154970142        2.33901499315438
h           -2.83296765582319       -2.89719746751538        2.63301773163584
h           -2.23034508385176       -4.12206123472818        1.46640838843229
h           -1.17341498235588       -3.56346721590842        2.79462744554932
