35
 energy: -46.152200524823 gnorm: 0.051271385275 xtb: 6.7.1 (edcfbbe)
c            0.11982195264153       -0.58041925712569        0.44604853031151
c           -0.94947953867043        0.53680309974310        0.74597319846467
c           -0.37196563551100        1.96675588373120        0.46084578834007
c            0.57344142150735        2.07380400162622       -0.75803597343211
c            1.55303398911790        0.87132572131956       -0.82578768355468
c            0.70798815450798       -0.40731075457624       -0.98098599291363
c            1.38129967713653       -0.30056382528125        1.33447628408455
c            2.24534308673165        0.65763993146951        0.51487014677907
o            1.49965801594199       -1.57622689710104       -1.26804470892997
c           -0.44523149382820       -2.00132547539407        0.69615316198087
c            3.40021996083746        1.21169601856002        0.89948947809190
c           -2.34723707008729        0.33953597007528        0.15362779633296
c           -3.38637461918746        0.14444959000944        0.98439801188264
h           -1.09997731587678        0.48492764532302        1.83733333348164
o           -1.18664496547314       -2.53901226020195       -0.40609882576928
c           -2.58281596097665        0.42873887143673       -1.34192891659475
h           -1.20158938907610        2.68366253016576        0.35550310854443
h            0.18720872434481        2.28436439147214        1.35524271607375
h            0.00141452548265        2.11626737610127       -1.70017429615392
h            1.14394335964525        3.01426307277510       -0.69319248097696
h            2.26329185940406        1.01576053268042       -1.65708810166819
h           -0.06169634224664       -0.28159167480110       -1.75733436755217
h            1.93268496507857       -1.23676658313565        1.51990793130808
h            1.11679335625414        0.11140765442211        2.32136176166325
h            1.96718909280634       -1.42344032230106       -2.11499637320953
h           -1.14181457557246       -1.97894221413649        1.54895076673566
h            0.38153022220413       -2.68136959246879        0.96908986000237
h            3.82702226347892        1.02857406160213        1.88878809329730
h            3.96400215414902        1.87559756568587        0.23935471000715
h           -4.40774656703844        0.03649063310365        0.61136035729755
h           -3.25621201351487        0.07595395053446        2.06710118778901
h           -0.53131315168919       -2.70310264734915       -1.11633279122516
h           -3.65939917815888        0.45955808398067       -1.56600530118553
h           -2.12291382278614        1.32772113584482       -1.78201953861779
h           -2.16137503594830       -0.44625167945316       -1.85888008607796
35
 energy: -46.158275353623 gnorm: 0.014908183462 xtb: 6.7.1 (edcfbbe)
c            0.11952187914919       -0.56481217634193        0.44554081475070
c           -0.94288880889130        0.53690010268141        0.74128981174113
c           -0.36488087348196        1.94946727518661        0.45579561519424
c            0.56965194371488        2.05718948177505       -0.75385553600842
c            1.54235539934413        0.86676836346532       -0.81467416237577
c            0.70410967847284       -0.40611798729986       -0.97322614499997
c            1.37026407599374       -0.29155497742800        1.32491282064702
c            2.22199148487378        0.66347700809718        0.51916628800690
o            1.48617126612827       -1.56547894159686       -1.27565457878767
c           -0.44521047334498       -1.97749808250390        0.69893070734009
c            3.36794678376024        1.20557625132603        0.89648043509700
c           -2.33004991164777        0.33635935891833        0.15065830801241
c           -3.35888285009667        0.14314984275327        0.96980217022573
h           -1.09816277046015        0.48667134588515        1.82694791379525
o           -1.16992252223564       -2.51241422432755       -0.39801530339852
c           -2.56757347546135        0.42755146710930       -1.33029426450439
h           -1.19480266850634        2.65367328288615        0.34043046953812
h            0.19645763858535        2.26503575868495        1.34062289645392
h            0.00080621593414        2.09353604246139       -1.68848080066792
h            1.13758960967469        2.99019939357090       -0.68083432767995
h            2.25409007754559        1.00831196186149       -1.63573139412701
h           -0.06355415904326       -0.28505719125318       -1.74419612401425
h            1.92341505066681       -1.22102144305425        1.49445675061716
h            1.10934718436314        0.11709242402292        2.30381429812029
h            1.96172680381613       -1.40407782503496       -2.10492810569625
h           -1.14918298507601       -1.95926840426630        1.53736938068850
h            0.37652204677164       -2.66194432408523        0.95214454213925
h            3.80073824026272        1.01340317390588        1.86802185239836
h            3.93128681993518        1.85850897306041        0.24452966834992
h           -4.36945427603765        0.03280748552889        0.60251829121240
h           -3.24014215200507        0.07820101257744        2.04222605326926
h           -0.51995694881509       -2.67720256548293       -1.10034126744741
h           -3.63780447888068        0.46055710472077       -1.53940784047395
h           -2.10835781906611        1.32108231930325       -1.75713297474363
h           -2.16106492031413       -0.45009674877030       -1.83591547806577
35
 energy: -46.159016681022 gnorm: 0.004525463835 xtb: 6.7.1 (edcfbbe)
c            0.11821684511975       -0.56113961213452        0.44799438873206
c           -0.93192020564251        0.53916322635840        0.74224769373550
c           -0.36289196967769        1.94726217064173        0.45399898391342
c            0.56423205508571        2.04879566835368       -0.75679663212707
c            1.53397268978787        0.86319842336024       -0.81373081675702
c            0.69624301610446       -0.40609022791464       -0.96901601143004
c            1.36208239954405       -0.28924910202155        1.32227879078224
c            2.20825301305748        0.65940717867468        0.51653477408938
o            1.47045234452829       -1.56112492173375       -1.28027402838846
c           -0.45212502015369       -1.96837146516252        0.69852520786742
c            3.35394370993636        1.19650552655329        0.89074191614357
c           -2.31298440251514        0.33540267760965        0.15188754498384
c           -3.33892647539551        0.13721138077074        0.96754852188824
h           -1.09018475526301        0.48877240126187        1.82569387265177
o           -1.16828084518917       -2.49284650442309       -0.40052292636220
c           -2.54681527651090        0.42490891589900       -1.32501990549849
h           -1.19278519213802        2.64727177636277        0.33917316913043
h            0.20365708323619        2.26070821968147        1.33231137445259
h           -0.00459218599680        2.07950423839556       -1.68769297412480
h            1.13181260967564        2.97849193463356       -0.68438947839565
h            2.24843458083140        1.00071089363121       -1.62981724065771
h           -0.07417688095492       -0.28288044833270       -1.73488693479030
h            1.91509384767105       -1.21707509843347        1.48067171708481
h            1.10358358524520        0.11465207901053        2.30016093218333
h            1.96080645693032       -1.38812827972168       -2.09354623645497
h           -1.15976698218612       -1.94514085037128        1.52964232252218
h            0.36766023843919       -2.65161507692815        0.95096100208147
h            3.77677929021467        1.01637660178283        1.86413116674856
h            3.90851249592775        1.85829256514777        0.24721618610151
h           -4.34417300675430        0.01939200100962        0.59967059964571
h           -3.22544187773617        0.06918632091977        2.03652677693396
h           -0.51970127488074       -2.65220567953653       -1.09954185204504
h           -3.61462280361930        0.46546619372093       -1.52779541429113
h           -2.08125001836559        1.31167076080188       -1.74800055628394
h           -2.15099698272751       -0.45750934953049       -1.82391514945841
35
 energy: -46.159143682994 gnorm: 0.002908099459 xtb: 6.7.1 (edcfbbe)
c            0.11727060243052       -0.55935863929692        0.44984274852945
c           -0.92923757798287        0.54138877519819        0.74564140624147
c           -0.35971406237369        1.94775059213185        0.45323453408477
c            0.56297683086206        2.04813006417995       -0.76160201953679
c            1.53104345054200        0.86174617836860       -0.81441350320545
c            0.69278729057580       -0.40696369418543       -0.96828815124117
c            1.36240381010049       -0.29231644562202        1.32112204057954
c            2.20108222806934        0.66452706010296        0.51859960932550
o            1.46289528221229       -1.56195775068310       -1.28301885350458
c           -0.46002834095749       -1.96437696785447        0.69777173200385
c            3.34363320445484        1.20786327336748        0.89512609335709
c           -2.30811083686971        0.33335789690203        0.15424795265985
c           -3.33360371853726        0.12756309263287        0.96897104841455
h           -1.08690053994534        0.49292822263191        1.82939032817867
o           -1.17241685593039       -2.48391376684170       -0.40403412862112
c           -2.53845206997430        0.42320758060672       -1.32316505615599
h           -1.19028361586859        2.64663533192218        0.34012528640004
h            0.21077177226350        2.26354343414989        1.32797426361949
h           -0.00840165909149        2.07404061907191       -1.69078561653000
h            1.12996310315842        2.97836991890945       -0.69416207987683
h            2.24763163530376        0.99660244264547       -1.62894144166815
h           -0.08049785865279       -0.28137987230887       -1.73128048379408
h            1.91874381320613       -1.21936779388723        1.47323341982091
h            1.10464317764295        0.10576609544149        2.30139379565496
h            1.96792962218360       -1.37994768392528       -2.08529567022281
h           -1.17060601234233       -1.93801569969088        1.52593784941292
h            0.35697488909780       -2.64923917564492        0.95455715127328
h            3.77358262404981        1.01341634629379        1.86285886910288
h            3.90546852990267        1.85676766357149        0.24513306199294
h           -4.33759247268149        0.00587866177117        0.59901154349644
h           -3.22099301090810        0.06155346971583        2.03820301968431
h           -0.52244475835955       -2.63784921394669       -1.10258042121406
h           -3.60539853963470        0.47301160677094       -1.52725204223780
h           -2.06294604052480        1.30425442100117       -1.74635349409294
h           -2.15007378979278       -0.46464150516305       -1.81823200732441
35
 energy: -46.159284848129 gnorm: 0.003931005344 xtb: 6.7.1 (edcfbbe)
c            0.11549463359744       -0.55776867702207        0.45247948413015
c           -0.92532512954383        0.54686552984558        0.74961312475296
c           -0.35450415071242        1.95153894528333        0.45161699165200
c            0.56289258511186        2.04762826260201       -0.76897574000106
c            1.52904851569911        0.85905844616373       -0.81626286736382
c            0.68797857661650       -0.40801618144926       -0.96787957960380
c            1.36474053274789       -0.29910405081663        1.31873148775395
c            2.19867531689737        0.66304790732693        0.51756192757553
o            1.45106963859300       -1.56447952771539       -1.28808449059416
c           -0.47370102439762       -1.95967259804280        0.69735101469604
c            3.33893934629576        1.21215112619007        0.89612134581619
c           -2.30275773303830        0.33311471849348        0.15833777795797
c           -3.32704868182667        0.11340546879616        0.97207147562222
h           -1.08085059379920        0.50275052834059        1.83428089247963
o           -1.18012670794088       -2.47311900979504       -0.40925918564455
c           -2.52943096940129        0.42141381215264       -1.32028427064634
h           -1.18530269361907        2.65067986828987        0.34189227638060
h            0.22253062972736        2.26947390268090        1.32162545262719
h           -0.01312541236659        2.06770459114544       -1.69565715295234
h            1.12942063589138        2.97887337977282       -0.70999254508541
h            2.24751238194800        0.98910824528084       -1.63020099693654
h           -0.08927662142940       -0.27755377845270       -1.72680037049516
h            1.92328971161676       -1.22707024629831        1.46045881463331
h            1.11161426884004        0.09044412606195        2.30419453109402
h            1.98303849507178       -1.36742093201565       -2.07086387392694
h           -1.19034191499529       -1.92762060446254        1.52035981787148
h            0.33721446421628       -2.64917523137503        0.96304063288246
h            3.76237966826780        1.02303201527812        1.86808901518987
h            3.89426001748142        1.86986828655292        0.24898839340867
h           -4.32893183329575       -0.02044499283801        0.59880003185417
h           -3.21371903631288        0.04473625600744        2.04148917435518
h           -0.52702718305165       -2.61767279902632       -1.10744550102056
h           -3.59513726844958        0.48979520106611       -1.52723987169736
h           -2.03503389376976        1.29097792358772       -1.74649617399313
h           -2.15635846504125       -0.47757537327211       -1.80869025816563
35
 energy: -46.159372255829 gnorm: 0.004600828102 xtb: 6.7.1 (edcfbbe)
c            0.11388582534818       -0.55794355117678        0.45313043489772
c           -0.92165989312263        0.55333018298982        0.75027285902198
c           -0.34996331542568        1.95731719140714        0.44830841400876
c            0.56536696382268        2.04717275752902       -0.77492734137952
c            1.52986977523094        0.85653227378055       -0.81856420729466
c            0.68497887374000       -0.40840738638271       -0.96884321289215
c            1.36707557747323       -0.30566310916538        1.31581124051986
c            2.19823579932174        0.66235193123925        0.51727413755546
o            1.44344605675916       -1.56684245185004       -1.29179653910343
c           -0.48523658223986       -1.95707904334427        0.69749229621524
c            3.33313277513644        1.22038071073669        0.90002850985578
c           -2.29990968521566        0.33428341287356        0.16178237566987
c           -3.32118468344517        0.09821223044951        0.97520569510906
h           -1.07450033369784        0.51366012418136        1.83580176454557
o           -1.18570010147318       -2.46911173755251       -0.41321052058157
c           -2.52797400360686        0.42199851946827       -1.31710641946331
h           -1.17917133891560        2.65934124886218        0.34139585855040
h            0.23164415515898        2.27402445466306        1.31608115224355
h           -0.01244132904162        2.06398380608729       -1.70078048798782
h            1.13246304098727        2.97863698308256       -0.72213996916852
h            2.25002712101708        0.98254085214428       -1.63224617135415
h           -0.09394987716076       -0.27502659824012       -1.72586152254861
h            1.92569136201583       -1.23586871368136        1.44587790490285
h            1.12028075814183        0.07464877927368        2.30712097065401
h            2.00017226604839       -1.35916370772970       -2.05511308955829
h           -1.20928292468124       -1.91812779586632        1.51437664352873
h            0.31848559375381       -2.65198168528264        0.97366351116956
h            3.75332638003277        1.03371329128699        1.87419322504644
h            3.88391234507193        1.88514739665532        0.25572075638735
h           -4.32174889138370       -0.04489795119895        0.60099912421973
h           -3.20568541577400        0.02571047357220        2.04435038652934
h           -0.52927640133276       -2.60544244874702       -1.11085762878872
h           -3.59247499735440        0.51262041708683       -1.52473000528606
h           -2.01454406591680        1.27789034423331       -1.74925567832204
h           -2.17519072364422       -0.48896666304828       -1.80048368229559
35
 energy: -46.159429369249 gnorm: 0.002835401862 xtb: 6.7.1 (edcfbbe)
c            0.11281222184126       -0.55768440197123        0.45192577991049
c           -0.92021404572262        0.55773626683654        0.74963876851039
c           -0.34532223465140        1.95990600018153        0.44402887369230
c            0.56976152284107        2.04745971302512       -0.77906648353725
c            1.53142788025783        0.85435218785705       -0.82025957264875
c            0.68407113395630       -0.40902210621267       -0.97052636833464
c            1.36872363365126       -0.31101718979277        1.31287039198757
c            2.19862245005032        0.66105132966601        0.51713804764570
o            1.44126039944173       -1.56908657126876       -1.29341915735392
c           -0.49190194545835       -1.95430428628651        0.69760083121354
c            3.32767462484065        1.22732492802898        0.90440991337910
c           -2.29978643320543        0.33608156399015        0.16399611983063
c           -3.31734390605101        0.08712428971075        0.97790991607181
h           -1.07095056165797        0.52078752635429        1.83558541625674
o           -1.18665774373444       -2.47003504207386       -0.41564912976488
c           -2.53199758319436        0.42542748194182       -1.31431873700190
h           -1.17264701738186        2.66439865487785        0.33720217201653
h            0.23717388995183        2.27552558736353        1.31169858955700
h           -0.00750482185443        2.06420909377423       -1.70532822147750
h            1.13858315040322        2.97806910553211       -0.72789886285094
h            2.25246996166259        0.97792706042706       -1.63371905424095
h           -0.09464010367435       -0.27538776079718       -1.72761143028370
h            1.92627452224012       -1.24338998495346        1.43301027591860
h            1.12723927931684        0.06210293582795        2.30822662854838
h            2.01284607709132       -1.35812799039238       -2.04287128454220
h           -1.22210978392957       -1.90974151163320        1.50895675747592
h            0.30675710460155       -2.65176132713026        0.98268609472186
h            3.74448194329657        1.04627874826780        1.88108038378869
h            3.87503977239393        1.89832965247442        0.26353193112485
h           -4.31721785240140       -0.06250039057268        0.60485816426967
h           -3.19903583834100        0.00897989960926        2.04635985845414
h           -0.52734224600619       -2.60262195444862       -1.11159675404060
h           -3.59538158137706        0.53573336696727       -1.51934268737824
h           -2.00436714202971        1.26918474022419       -1.75248689074747
h           -2.19869862153900       -0.49433507706750       -1.79564949556408
35
 energy: -46.159463120004 gnorm: 0.001158980541 xtb: 6.7.1 (edcfbbe)
c            0.11178136429604       -0.55820927583880        0.44994746462044
c           -0.91894580733377        0.56027964133257        0.74752853194147
c           -0.34287384931422        1.96142962550537        0.44021399742690
c            0.57367562460420        2.04655035270566       -0.78123282347409
c            1.53289431441006        0.85172477706281       -0.82194588698229
c            0.68331635904292       -0.41006251508222       -0.97216967117686
c            1.36897467092823       -0.31447586299202        1.30997337272476
c            2.19781473532713        0.66050740901512        0.51707379733054
o            1.44020103516884       -1.57177085934737       -1.29360157954160
c           -0.49474245142587       -1.95296189637005        0.69766522456255
c            3.32101660999483        1.23444856443262        0.90879983527285
c           -2.29961135046661        0.33723471485040        0.16487182761978
c           -3.31349327633975        0.07932704645815        0.98005473114046
h           -1.06803650858720        0.52448360985772        1.83347496075202
o           -1.18436550292781       -2.47368443900502       -0.41739788076356
c           -2.53708842049362        0.43073285145352       -1.31225271374164
h           -1.16896125321405        2.66715829701974        0.33161571507474
h            0.23879039861709        2.27666479830236        1.30853420242291
h           -0.00154833399169        2.06583385137335       -1.70866052629526
h            1.14511173636739        2.97537376396219       -0.72813947403292
h            2.25468732248165        0.97368368948492       -1.63494682613368
h           -0.09421288199591       -0.27726391205155       -1.73048623922494
h            1.92593510726937       -1.24786164451355        1.42288864554482
h            1.13046948308049        0.05356861564699        2.30741037494392
h            2.02317699095209       -1.35949553109248       -2.03256324369543
h           -1.22956065365184       -1.90478142956053        1.50432019907254
h            0.30116489881201       -2.65045200740663        0.98919932420084
h            3.73680431412380        1.05673276998397        1.88636415648121
h            3.86756620358712        1.90776844654356        0.26991082727125
h           -4.31365775690054       -0.07194110158606        0.60955397126199
h           -3.19255704082185       -0.00278664420926        2.04780660560306
h           -0.52231310907253       -2.60668128102429       -1.11037820521830
h           -3.59948998507711        0.55674706195235       -1.51214555205042
h           -1.99971820574727        1.26530019597714       -1.75433829284619
h           -2.22010467607340       -0.49414714450383       -1.79397806548491
35
 energy: -46.159477333995 gnorm: 0.001080761457 xtb: 6.7.1 (edcfbbe)
c            0.11111939231367       -0.55905402840913        0.44805072677795
c           -0.91785602429498        0.56058379195344        0.74644871167651
c           -0.34113200928099        1.96047683882033        0.43599190572450
c            0.57736226189070        2.04529919748603       -0.78381766951883
c            1.53350576905828        0.84829953964542       -0.82378316488016
c            0.68268712971287       -0.41241953869111       -0.97355016872603
c            1.36894953457766       -0.31726638064411        1.30757216150165
c            2.19576404377403        0.66024112509365        0.51676861180433
o            1.43929891073609       -1.57570813556361       -1.29346674291751
c           -0.49613045570189       -1.95244854211915        0.69709819337535
c            3.31323505500649        1.24185868982567        0.91259159658131
c           -2.29925655373264        0.33887509209339        0.16598121133623
c           -3.31012919772606        0.07554427825152        0.98273041116193
h           -1.06542768479553        0.52554354939352        1.83241360026769
o           -1.18049810073751       -2.47763795543526       -0.41991693443220
c           -2.54135287490485        0.43828207033067       -1.31003926748146
h           -1.16739764099733        2.66520302660059        0.32376517842074
h            0.23807992858849        2.27826841978392        1.30492957584293
h            0.00427900317812        2.06807123064842       -1.71249242950413
h            1.15199163974507        2.97198932561266       -0.72735437621946
h            2.25574587954861        0.96878624776107       -1.63635708474809
h           -0.09396118413015       -0.28083140919275       -1.73309688686564
h            1.92641803603550       -1.25064562870637        1.41515196550706
h            1.13149495034864        0.04681173436402        2.30615600285385
h            2.03351671082430       -1.36132433510560       -2.02274496321301
h           -1.23491547817348       -1.90250981978725        1.49942310673561
h            0.29846086463459       -2.64856910129288        0.99381529186871
h            3.72747977928496        1.06837427088861        1.89152096567469
h            3.85944234678926        1.91635583511516        0.27473452864359
h           -4.31088911517345       -0.07823107868151        0.61476451417915
h           -3.18605309162136       -0.01365253791559        2.04955067078530
h           -0.51491374279849       -2.61436576032614       -1.10843567156912
h           -3.60260660010739        0.57988563654666       -1.50394786027851
h           -1.99434991097506        1.26507153538461       -1.75368828556775
h           -2.23986146526799       -0.49018264539202       -1.79379664019018
35
 energy: -46.159480668387 gnorm: 0.000975534286 xtb: 6.7.1 (edcfbbe)
c            0.11141041861846       -0.56010869192329        0.44812588127821
c           -0.91716990707733        0.55948739792705        0.74606166224908
c           -0.34223934453501        1.96009297361325        0.43505328522683
c            0.57734090745008        2.04399653358598       -0.78452781163469
c            1.53354415602296        0.84698538640555       -0.82431622400827
c            0.68288929189174       -0.41378746472847       -0.97335394936894
c            1.36911822992424       -0.31748470126633        1.30759163956169
c            2.19517775439730        0.66035326349562        0.51660168984649
o            1.43994474580383       -1.57675146548212       -1.29303981997721
c           -0.49559991660479       -1.95399427055206        0.69653672403393
c            3.31156316126295        1.24381361768155        0.91294762983680
c           -2.29861497546020        0.33701209009517        0.16631192459596
c           -3.30928457829234        0.07293553970397        0.98343676488234
h           -1.06409952750816        0.52458833973542        1.83213893544337
o           -1.17916324143236       -2.47849556088848       -0.42115601139563
c           -2.54126954593962        0.44134950539335       -1.30934934929237
h           -1.16961081809732        2.66322324820856        0.32099521869965
h            0.23592935927833        2.28036158899974        1.30381507521198
h            0.00487064451200        2.06764766399134       -1.71356783829866
h            1.15249645540803        2.97027770864928       -0.72723630315319
h            2.25589730442243        0.96700500511989       -1.63688754138847
h           -0.09433804375706       -0.28294689004712       -1.73264101372648
h            1.92743345109834       -1.25025789857772        1.41593393773978
h            1.13074849458924        0.04676535977063        2.30597192193430
h            2.03385679618274       -1.36222993540961       -2.02191659441416
h           -1.23483557468450       -1.90480925453645        1.49842204714123
h            0.29924253255142       -2.64976925613375        0.99343014339066
h            3.72466444766980        1.07182496042422        1.89266909080983
h            3.85717692017325        1.91881708841546        0.27493421270504
h           -4.31125048017179       -0.07396298081806        0.61642174226255
h           -3.18485975024940       -0.01360153977393        2.05034359321614
h           -0.51246736868059       -2.61762144511960       -1.10821226875637
h           -3.60201313735744        0.58576071917059       -1.50227392921774
h           -1.99280864540150        1.26838837798585       -1.75050896016300
h           -2.24158011037953       -0.48589047477857       -1.79578472066364
35
 energy: -46.159483093996 gnorm: 0.000561426722 xtb: 6.7.1 (edcfbbe)
c            0.11179814128661       -0.56107752250952        0.44857021304914
c           -0.91664833508589        0.55848915921421        0.74628660924123
c           -0.34316686853199        1.95957540481612        0.43427457735526
c            0.57693880364716        2.04299713814892       -0.78537759198107
c            1.53338848230267        0.84611726043541       -0.82449152416206
c            0.68305932598292       -0.41488890407519       -0.97308823156666
c            1.36936099952537       -0.31762395611863        1.30807696524847
c            2.19476977552650        0.66061249204666        0.51670892937066
o            1.44016208050877       -1.57744927368703       -1.29297745093756
c           -0.49527765708167       -1.95554695091024        0.69613130039768
c            3.31067535017088        1.24532735144944        0.91302768518222
c           -2.29853279586665        0.33792976492149        0.16703166706182
c           -3.30968326504216        0.07554979672045        0.98417993717883
h           -1.06304035987811        0.52414963725641        1.83256132814392
o           -1.17883983280990       -2.47841817563042       -0.42195539824330
c           -2.54043476282488        0.44353181786757       -1.30869634119875
h           -1.17152024857744        2.66139339378356        0.31907613579556
h            0.23428959709462        2.28176202691530        1.30279536054102
h            0.00463391017559        2.06629271928481       -1.71452273487599
h            1.15185342823260        2.96941572000941       -0.72832830503813
h            2.25595397909674        0.96584587725337       -1.63700159898219
h           -0.09485759101467       -0.28419597468533       -1.73183102670851
h            1.92845018124907       -1.24992741619160        1.41774532817194
h            1.13031805758242        0.04730187519470        2.30629960244178
h            2.03390444031709       -1.36207775511188       -2.02204249148984
h           -1.23431818109308       -1.90711701980589        1.49837304686129
h            0.29990908100792       -2.65139154391322        0.99243982934962
h            3.72336934235124        1.07335862086252        1.89292217625658
h            3.85588919928803        1.92013864935207        0.27441010248845
h           -4.31156528938016       -0.07376484886316        0.61680947068616
h           -3.18434015794328       -0.01577645353936        2.05071631901353
h           -0.51176197777075       -2.61875726060793       -1.10856676955757
h           -3.60088562114301        0.58922113283862       -1.50197799634827
h           -1.99087086963705        1.27113646620200       -1.74793675614149
h           -2.24088025603734       -0.48315871058674       -1.79667158199671
35
 energy: -46.159483680483 gnorm: 0.000370938287 xtb: 6.7.1 (edcfbbe)
c            0.11189359304015       -0.56108080227449        0.44847946626386
c           -0.91681531724452        0.55827544200489        0.74672082216707
c           -0.34273857577668        1.95897259503053        0.43367770033182
c            0.57723442263443        2.04305699240405       -0.78585735953534
c            1.53338767232176        0.84601863180555       -0.82442064509520
c            0.68320909932022       -0.41509095311031       -0.97329842606792
c            1.36934741427685       -0.31785037593034        1.30818089046105
c            2.19488373120876        0.66030276343693        0.51677426168329
o            1.44010776000745       -1.57777949522958       -1.29322174791955
c           -0.49524428776221       -1.95548048381305        0.69611980025696
c            3.31048965454762        1.24549385578397        0.91315693440347
c           -2.29872182348223        0.33761667033265        0.16734454082126
c           -3.30978164620225        0.07452320871878        0.98426606642133
h           -1.06306059366773        0.52409231396074        1.83303957235137
o           -1.17898484519944       -2.47854546949516       -0.42171059222054
c           -2.54066314395487        0.44421009220366       -1.30829693196577
h           -1.17106605918421        2.66072440237708        0.31820803855906
h            0.23439802861624        2.28144201197503        1.30225173252535
h            0.00495444825016        2.06573716286232       -1.71503831276506
h            1.15193647868011        2.96965798979575       -0.72918088884563
h            2.25606169459642        0.96572236264970       -1.63681472565232
h           -0.09462802119552       -0.28419085635093       -1.73200745255205
h            1.92821835531060       -1.25034533381678        1.41773755938875
h            1.13067864242438        0.04716856614910        2.30647289611482
h            2.03473067896099       -1.36203115162173       -2.02191201306419
h           -1.23397004067492       -1.90700557698026        1.49868888196677
h            0.30006640647988       -2.65126277374362        0.99223557029974
h            3.72278602478988        1.07436427592467        1.89333476546576
h            3.85507125924913        1.92103689767440        0.27487429874242
h           -4.31167961032016       -0.07373724365801        0.61688569647008
h           -3.18450876069446       -0.01628512558259        2.05079848612356
h           -0.51229012835291       -2.61850724154000       -1.10874271079826
h           -3.60114111187548        0.59008271949633       -1.50180221014088
h           -1.99100774565788        1.27194871909901       -1.74710656436197
h           -2.24105354784139       -0.48228025220138       -1.79686661522606
35
 energy: -46.159484064650 gnorm: 0.000208585358 xtb: 6.7.1 (edcfbbe)
c            0.11191649594861       -0.56112443019964        0.44845099455018
c           -0.91681041459050        0.55841475728517        0.74638358237708
c           -0.34265983225683        1.95909233523620        0.43350307227557
c            0.57734519113678        2.04276232837811       -0.78592086801198
c            1.53366172618293        0.84590981716325       -0.82444453959899
c            0.68339078544439       -0.41514008021497       -0.97325706173541
c            1.36939130213093       -0.31797943081331        1.30809361621833
c            2.19494515942102        0.66029428312546        0.51689353939306
o            1.44041287650216       -1.57780733277900       -1.29306133742127
c           -0.49503516765345       -1.95548046393866        0.69623181818518
c            3.31019002997094        1.24591478024403        0.91351808922161
c           -2.29881344522225        0.33768734978943        0.16724757071811
c           -3.30965411307385        0.07404665293805        0.98422305051991
h           -1.06298923371089        0.52423730555916        1.83265786079051
o           -1.17914707402443       -2.47873949526550       -0.42131160594116
c           -2.54103664366520        0.44478816022268       -1.30826122249999
h           -1.17087401357211        2.66097794739224        0.31796739603714
h            0.23448342411076        2.28141871955770        1.30212587014618
h            0.00520288124701        2.06533409817407       -1.71519578926472
h            1.15200306145083        2.96937877912949       -0.72928020260413
h            2.25645910572379        0.96552352084573       -1.63674632990377
h           -0.09438150698605       -0.28433805125235       -1.73201653453808
h            1.92817907549412       -1.25051410312971        1.41753033193612
h            1.13074918386339        0.04697128759196        2.30634167182616
h            2.03429663877719       -1.36264718707114       -2.02211163786152
h           -1.23349413874211       -1.90700221360656        1.49901694515871
h            0.30035258469573       -2.65124702773449        0.99209517902547
h            3.72253384551039        1.07494181294247        1.89368505469259
h            3.85474651841852        1.92148431204050        0.27531735433491
h           -4.31155522054120       -0.07425411272212        0.61697836159889
h           -3.18426766515051       -0.01713845802389        2.05070266085168
h           -0.51283835171182       -2.61846925411255       -1.10871305729657
h           -3.60158440324170        0.59029767327238       -1.50151102907132
h           -1.99180214865024        1.27275517316017       -1.74692993264888
h           -2.24121640760817       -0.48137491484744       -1.79723208685257
35
 energy: -46.159484361599 gnorm: 0.000164341670 xtb: 6.7.1 (edcfbbe)
c            0.11196991097645       -0.56127549124898        0.44845972331076
c           -0.91659492792288        0.55852728094265        0.74613231747854
c           -0.34255650257131        1.95923904122360        0.43325835289801
c            0.57742005305516        2.04240120249651       -0.78620482948021
c            1.53386690495053        0.84564931040953       -0.82447751245420
c            0.68345217564679       -0.41532614885779       -0.97324697527020
c            1.36940029194433       -0.31805096287050        1.30810790468375
c            2.19483885296087        0.66042466700729        0.51708534584985
o            1.44027370491460       -1.57811477354043       -1.29299337205239
c           -0.49497835625472       -1.95555612624481        0.69641065958349
c            3.30967563154774        1.24662663967529        0.91397661094935
c           -2.29862590582237        0.33761562847337        0.16716156132684
c           -3.30925219402870        0.07318225969336        0.98417821735247
h           -1.06272673832439        0.52449138631394        1.83239828601692
o           -1.17982232556770       -2.47852655837414       -0.42081051677189
c           -2.54113610235103        0.44553279492057       -1.30822009317982
h           -1.17068926220969        2.66125103633987        0.31777067667560
h            0.23478434944999        2.28150929817313        1.30178740951602
h            0.00526570792717        2.06467101833844       -1.71548184054501
h            1.15196829158308        2.96909923548552       -0.72985563619624
h            2.25685160920289        0.96508845004089       -1.63663899782190
h           -0.09428946019683       -0.28442208554710       -1.73204323872272
h            1.92826822221305       -1.25055935050371        1.41732588517091
h            1.13075696175408        0.04668673715167        2.30643036003064
h            2.03422391298119       -1.36304787772325       -2.02214472465938
h           -1.23301048994678       -1.90708713369651        1.49959946538701
h            0.30048511267772       -2.65149473392534        0.99174285572322
h            3.72208893237064        1.07568514157573        1.89412679343086
h            3.85421750662486        1.92217403885861        0.27573603800264
h           -4.31117083115601       -0.07525091961245        0.61699941419298
h           -3.18371985739671       -0.01858732899531        2.05059559288060
h           -0.51400364821939       -2.61800775389447       -1.10872359597066
h           -3.60182497949038        0.59051227425885       -1.50116534610848
h           -1.99242023175598        1.27408358675321       -1.74647181422011
h           -2.24088621393808       -0.48016924476035       -1.79783419240019
35
 energy: -46.159484822507 gnorm: 0.000234220960 xtb: 6.7.1 (edcfbbe)
c            0.11218898962194       -0.56141180826515        0.44861176645733
c           -0.91642361315460        0.55844640941730        0.74596447153070
c           -0.34237438739769        1.95910593537626        0.43288426178627
c            0.57750177690985        2.04196616170829       -0.78670928766946
c            1.53419209102690        0.84536964846649       -0.82442616689701
c            0.68379096952499       -0.41566136490185       -0.97306211617316
c            1.36949288784913       -0.31795964398461        1.30836349925623
c            2.19480216159818        0.66063364691636        0.51739403809824
o            1.44045203677370       -1.57852867498547       -1.29269507698688
c           -0.49464329874982       -1.95566734818530        0.69672002133906
c            3.30925194896379        1.24739001825283        0.91452183288885
c           -2.29842450873829        0.33744960360645        0.16696576953528
c           -3.30883417814712        0.07202983086314        0.98394395491515
h           -1.06262258014871        0.52460879585217        1.83223068263852
o           -1.18122191669382       -2.47789352415858       -0.41977389519733
c           -2.54125181833560        0.44676850763645       -1.30825776391848
h           -1.17045546673048        2.66120179894477        0.31748049708983
h            0.23515936021812        2.28142181109422        1.30128302347905
h            0.00524301562344        2.06361354364079       -1.71594072667072
h            1.15179368393249        2.96886087420189       -0.73087843078503
h            2.25739697190007        0.96462140791667       -1.63640611680335
h           -0.09396300864203       -0.28466445965655       -1.73187428616408
h            1.92850916203091       -1.25037018265595        1.41763961234650
h            1.13063891021700        0.04669527839075        2.30668051576485
h            2.03301008333452       -1.36419479982908       -2.02307574633450
h           -1.23148806021796       -1.90751002137622        1.50103077716431
h            0.30117779235657       -2.65187850229975        0.99053096256190
h            3.72146837547126        1.07686091025416        1.89485220389961
h            3.85372080629913        1.92299204029269        0.27622933487332
h           -4.31075818908964       -0.07666442158379        0.61676566569121
h           -3.18310540641794       -0.02076310136274        2.05025776657699
h           -0.51642430090955       -2.61726950978424       -1.10869186611574
h           -3.60224093849168        0.58972306906623       -1.50089242834254
h           -1.99436847054185        1.27715489519787       -1.74537145663176
h           -2.23909077561704       -0.47750228572963       -1.79932450859615
35
 energy: -46.159485329709 gnorm: 0.000123642256 xtb: 6.7.1 (edcfbbe)
c            0.11242561789061       -0.56142766223350        0.44884672651676
c           -0.91623069882490        0.55849278142313        0.74575630418297
c           -0.34193411083565        1.95894063571307        0.43230787659440
c            0.57775016333654        2.04143094719980       -0.78747700788795
c            1.53457774783381        0.84490815290471       -0.82440890305856
c            0.68408427907482       -0.41612283007463       -0.97282172824435
c            1.36971976548517       -0.31799251003382        1.30860821965462
c            2.19477787395300        0.66084363729395        0.51769870231166
o            1.44039621138329       -1.57920399801674       -1.29228948679001
c           -0.49438922320024       -1.95557674201929        0.69723840378102
c            3.30860968365561        1.24854046730649        0.91524249878192
c           -2.29816070077124        0.33710563696126        0.16670923035903
c           -3.30817042216638        0.06973632523232        0.98353696508243
h           -1.06253712054670        0.52499273079188        1.83202485573668
o           -1.18338670859803       -2.47677594477303       -0.41826260533243
c           -2.54142392083135        0.44856380272413       -1.30828976259019
h           -1.16991280690906        2.66114746088753        0.31694581614681
h            0.23582252630074        2.28133345291906        1.30052542095555
h            0.00539935271076        2.06232678133787       -1.71665593401767
h            1.15186335096662        2.96846156103549       -0.73223718493995
h            2.25803586478519        0.96382467707427       -1.63619563128101
h           -0.09368042414262       -0.28494060261911       -1.73162833401449
h            1.92891768646627       -1.25033827894249        1.41764892968176
h            1.13083221350539        0.04640385747967        2.30701304619403
h            2.03186842991712       -1.36553394762192       -2.02391120504644
h           -1.22954557663274       -1.90768484718471        1.50311648133362
h            0.30183090809616       -2.65223453578232        0.98891138212193
h            3.72031793428871        1.07879022307569        1.89591328324150
h            3.85290567571172        1.92437735948493        0.27704330548303
h           -4.31003309843005       -0.07937905747614        0.61638587380497
h           -3.18212937654579       -0.02432013949631        2.04969194171376
h           -0.51993737148944       -2.61640026504036       -1.10841199632820
h           -3.60288038034364        0.58921519264047       -1.50042054387098
h           -1.99672783712702        1.28138325163595       -1.74376037702428
h           -2.23695540233852       -0.47391303547041       -1.80142377864490
35
 energy: -46.159485622898 gnorm: 0.000096557131 xtb: 6.7.1 (edcfbbe)
c            0.11260148747343       -0.56150371583937        0.44899947896094
c           -0.91594545781183        0.55856419529481        0.74574474130987
c           -0.34159141302472        1.95884658178927        0.43166266095500
c            0.57815743793999        2.04111448703615       -0.78811375097502
c            1.53484402225226        0.84443877533416       -0.82451623197376
c            0.68425604683483       -0.41658204017278       -0.97268102341500
c            1.36984275664927       -0.31792402745245        1.30876215804074
c            2.19473027479402        0.66103685210831        0.51782986223311
o            1.44030999209740       -1.57988781839173       -1.29190226589844
c           -0.49431437609537       -1.95551368439803        0.69776493086477
c            3.30789646175875        1.24970318929725        0.91580733461505
c           -2.29778936966741        0.33682145384436        0.16655266833420
c           -3.30739919994580        0.06728554557920        0.98315346718547
h           -1.06235022760245        0.52542175522350        1.83203252628388
o           -1.18538837035759       -2.47584890375480       -0.41689351924058
c           -2.54152302430891        0.45045952582472       -1.30823403761191
h           -1.16947969437509        2.66113637250305        0.31616627142133
h            0.23621446014250        2.28141236579506        1.29976725992083
h            0.00583287353361        2.06166779807308       -1.71729956142790
h            1.15231012084737        2.96813883771944       -0.73313741810144
h            2.25843490976867        0.96300666342295       -1.63622922129579
h           -0.09353484465215       -0.28538208400682       -1.73147528284105
h            1.92909726547193       -1.25027908209043        1.41738165407904
h            1.13112865909061        0.04616907135517        2.30732346648323
h            2.03094654519863       -1.36681734066680       -2.02437073993471
h           -1.22806981216467       -1.90774753377260        1.50491750797757
h            0.30216359409092       -2.65256699161826        0.98768352693180
h            3.71912560606220        1.08053236059190        1.89677205409272
h            3.85197488143058        1.92590075445133        0.27779835269001
h           -4.30916179667352       -0.08241659314791        0.61598914078450
h           -3.18103033359489       -0.02813439061915        2.04915260837515
h           -0.52300036186651       -2.61623161624253       -1.10788576080984
h           -3.60322543518665        0.58947582373942       -1.49999794225202
h           -1.99849112696351        1.28510372893299       -1.74228938339256
h           -2.23547244551772       -0.47042577740556       -1.80326474776215
35
 energy: -46.159485599903 gnorm: 0.000241877024 xtb: 6.7.1 (edcfbbe)
c            0.11277223097896       -0.56158094617316        0.44914444310266
c           -0.91566566456867        0.55862978145090        0.74574191806953
c           -0.34125849423504        1.95875178735876        0.43103740489566
c            0.57855396719164        2.04081178056997       -0.78872950138470
c            1.53510049552881        0.84398457274155       -0.82462070329261
c            0.68442291390528       -0.41702751003553       -0.97254724336716
c            1.36995788283940       -0.31785377374095        1.30891194595324
c            2.19468287278270        0.66122424367338        0.51795612247873
o            1.44022686158279       -1.58055085799239       -1.29153069888695
c           -0.49424363385327       -1.95545546477190        0.69827286073454
c            3.30720405814025        1.25082984514629        0.91635454596320
c           -2.29742500189797        0.33654723780239        0.16640339038555
c           -3.30665043564030        0.06492085463471        0.98278368716490
h           -1.06216782925494        0.52583366819826        1.83204886188260
o           -1.18732831668451       -2.47495268121725       -0.41557081286501
c           -2.54161502265916        0.45228926824323       -1.30817931026705
h           -1.16905757633164        2.66112469526913        0.31541459344241
h            0.23659695412095        2.28148265514413        1.29903169233092
h            0.00625183602711        2.06103087496448       -1.71791976520255
h            1.15274379231903        2.96783109749998       -0.73401012519937
h            2.25881976829944        0.96221501320685       -1.63626224959371
h           -0.09339480843256       -0.28580961166754       -1.73132817172997
h            1.92926547094944       -1.25021892287066        1.41712108190493
h            1.13141273773221        0.04594328192607        2.30762657961503
h            2.03004828920460       -1.36806286848851       -2.02482204763711
h           -1.22664266173451       -1.90781195009534        1.50665945998769
h            0.30248406810411       -2.65289191745900        0.98649145107161
h            3.71796996339338        1.08221841659835        1.89760318846883
h            3.85106688289753        1.92738531068613        0.27853364486297
h           -4.30831626563586       -0.08534819240281        0.61560527637716
h           -3.17996730324575       -0.03180990496380        2.04863315448368
h           -0.52596653746636       -2.61606873637464       -1.10737811842826
h           -3.60355384072243        0.58971155209118       -1.49959299883085
h           -2.00020336084844        1.28870265892400       -1.74086809098259
h           -2.23402418715806       -0.46705071953939       -1.80504468090097
35
 energy: -46.159485817606 gnorm: 0.000089924749 xtb: 6.7.1 (edcfbbe)
c            0.11270641508351       -0.56144381278216        0.44922539844102
c           -0.91573756896883        0.55880236032401        0.74559366917835
c           -0.34121851109403        1.95888617979483        0.43103299948104
c            0.57855021541985        2.04078195752626       -0.78880145102599
c            1.53505619633564        0.84394056013457       -0.82468642377333
c            0.68427866805748       -0.41698954520318       -0.97250530280213
c            1.37014446906061       -0.31816564936018        1.30875896659357
c            2.19468158353759        0.66112338893825        0.51786662097813
o            1.44004982383338       -1.58051967901637       -1.29154737835265
c           -0.49444513928755       -1.95528142202670        0.69827631604016
c            3.30710596295623        1.25088009479916        0.91629516829140
c           -2.29751920814232        0.33655958015248        0.16643874416865
c           -3.30664368161319        0.06457784624693        0.98281607793976
h           -1.06211409276316        0.52602784728678        1.83189574883621
o           -1.18707927626327       -2.47497315146310       -0.41572860003508
c           -2.54163112803535        0.45236828104404       -1.30812004396335
h           -1.16909755856912        2.66112690963386        0.31526764695061
h            0.23654051946668        2.28178435552081        1.29904918059333
h            0.00632082588542        2.06124152620863       -1.71804751050773
h            1.15291167269369        2.96768008149586       -0.73394932419049
h            2.25873666720352        0.96210104284345       -1.63638084599765
h           -0.09355980776220       -0.28577971279162       -1.73125776147119
h            1.92949996015558       -1.25053561222137        1.41682721622164
h            1.13168410730990        0.04555155390357        2.30749935706198
h            2.03066685786456       -1.36768307853478       -2.02413278663247
h           -1.22719026539362       -1.90746291190647        1.50632819536529
h            0.30212406431643       -2.65269477307473        0.98699581707383
h            3.71773440365880        1.08245380241718        1.89764528937155
h            3.85101894431335        1.92731442921958        0.27840904792771
h           -4.30829204523219       -0.08577001781444        0.61565294470020
h           -3.17987162509525       -0.03236051207317        2.04863427067961
h           -0.52549083230455       -2.61614926787540       -1.10730570466518
h           -3.60348806873708        0.59104443936104       -1.49939307117384
h           -1.99919106193498        1.28806677631115       -1.74093342152217
h           -2.23514138032738       -0.46752932868190       -1.80474826517376
35
 energy: -46.159485918971 gnorm: 0.000063242827 xtb: 6.7.1 (edcfbbe)
c            0.11262181848320       -0.56140389255502        0.44921803632603
c           -0.91575809576186        0.55892440271291        0.74555833399137
c           -0.34129034022087        1.95900845867290        0.43092540117486
c            0.57861069412541        2.04077482659395       -0.78880878330449
c            1.53501109593891        0.84387525198151       -0.82477149208825
c            0.68416525326175       -0.41700144431882       -0.97253421597586
c            1.37010827608823       -0.31818939655739        1.30866784993187
c            2.19467187059332        0.66106054965147        0.51777394280277
o            1.43996971450226       -1.58052102931146       -1.29155203954441
c           -0.49460982239883       -1.95519974822084        0.69830860578412
c            3.30708710548519        1.25084681733675        0.91617866605142
c           -2.29754415051515        0.33655204827628        0.16649606070921
c           -3.30654537489366        0.06406665838346        0.98284281980528
h           -1.06206200233068        0.52620121479919        1.83185974212307
o           -1.18679517107952       -2.47513954158678       -0.41583166273119
c           -2.54170917837825        0.45264307635246       -1.30802489900258
h           -1.16920365317495        2.66118383897135        0.31499857711999
h            0.23635707779168        2.28203896564207        1.29896808978581
h            0.00650045659242        2.06141550015781       -1.71813174789898
h            1.15309632013578        2.96758772939752       -0.73382833636530
h            2.25868137953593        0.96197428950045       -1.63649401726158
h           -0.09368426786593       -0.28585100505246       -1.73127169050384
h            1.92942200098920       -1.25057453855444        1.41674404744374
h            1.13171280092592        0.04557524417727        2.30738976512143
h            2.03135320133648       -1.36739136592953       -2.02343738882164
h           -1.22767691212213       -1.90720203402511        1.50605661797225
h            0.30184678093741       -2.65253886941883        0.98751038775540
h            3.71779069556970        1.08232538108420        1.89747158107120
h            3.85098003720494        1.92727721259171        0.27828908634863
h           -4.30815883518584       -0.08643521171747        0.61566803681424
h           -3.17970668050882       -0.03314739585003        2.04861835626221
h           -0.52502350901606       -2.61628818734656       -1.10723741078573
h           -3.60345360813344        0.59256222097063       -1.49915609448783
h           -1.99832669148775        1.28764732906321       -1.74090955639540
h           -2.23633818079585       -0.46768281753551       -1.80458388462081
35
 energy: -46.159486012428 gnorm: 0.000073267261 xtb: 6.7.1 (edcfbbe)
c            0.11256915079960       -0.56135687315756        0.44925831672226
c           -0.91580421684827        0.55904427519654        0.74547664818820
c           -0.34140721291005        1.95913734143890        0.43074313869733
c            0.57864873548497        2.04080803145499       -0.78886710332710
c            1.53494566777309        0.84384761594320       -0.82480909913593
c            0.68407151054380       -0.41701556876305       -0.97253025874087
c            1.37002211441917       -0.31804834239370        1.30873707421194
c            2.19467751597630        0.66103383713723        0.51771795214236
o            1.43990455509041       -1.58056486061893       -1.29143385247172
c           -0.49464948332633       -1.95515059160957        0.69841903900968
c            3.30725073960668        1.25062118615993        0.91595163038138
c           -2.29759777988484        0.33651675615869        0.16650943069448
c           -3.30641008501226        0.06313764368119        0.98279699772910
h           -1.06205676301224        0.52638033411990        1.83177832969994
o           -1.18657738207524       -2.47528705432429       -0.41577236676430
c           -2.54191382199304        0.45326353353519       -1.30794229431276
h           -1.16935458644916        2.66123435080868        0.31454407092584
h            0.23606345925158        2.28233631717219        1.29884452900713
h            0.00670525495804        2.06157697679005       -1.71829936926437
h            1.15323185053023        2.96755718593761       -0.73375262895730
h            2.25858429855430        0.96190995113220       -1.63656748992585
h           -0.09377275926005       -0.28598575355043       -1.73130152674223
h            1.92926195649687       -1.25044865648256        1.41706039534463
h            1.13159616432305        0.04597217878287        2.30736202794108
h            2.03207489065335       -1.36720559705878       -2.02262335378040
h           -1.22792260056538       -1.90704817902520        1.50596706321807
h            0.30173590923780       -2.65243943171612        0.98796091786414
h            3.71802083164505        1.08213346428092        1.89722654996719
h            3.85124780050158        1.92682421589397        0.27793021820192
h           -4.30798149745597       -0.08756288160238        0.61560178579746
h           -3.17946224881347       -0.03464714049240        2.04850825360435
h           -0.52472771642695       -2.61635310291622       -1.10712048568382
h           -3.60350316099654        0.59435536224293       -1.49887768323988
h           -1.99771184805438        1.28768214594304       -1.74080019943506
h           -2.23765913713354       -0.46728413176219       -1.80472587295987
