35
 energy: -657.274598709608 gnorm: 0.001228285713 xtb: 6.7.1 (edcfbbe)
c           -0.01799776020971       -0.56885122432509        0.28536419635796
c           -1.02545468295384        0.58457535081351        0.68421774496494
c           -0.34463732572050        1.98782864338454        0.60285844883089
c            0.58002691233495        2.18135662509314       -0.61850488223811
c            1.47587135472803        0.93585758932652       -0.83841284774434
c            0.58549582306490       -0.28905379985760       -1.12614841988765
c            1.25321563047341       -0.45956208601137        1.18854289053634
c            2.16295063108173        0.53506329176859        0.46491790157349
o            1.43405550708189       -1.34232052206299       -1.60109826261156
c           -0.75258915430665       -1.92266457981297        0.41529548664306
c            3.34631335420527        0.98096748036470        0.89980838655918
c           -2.39360056194444        0.53673031532054       -0.01428312115648
c           -2.63189982407640        0.93059967078446       -1.27683213336349
h           -1.23599683794968        0.41268032524323        1.75451175683348
o            0.02969721102915       -3.08146840393918        0.04680223812903
c           -3.53978014708991        0.06663275313745        0.86458227296432
h           -1.12022519722530        2.76873476851629        0.62364398331038
h            0.25730508646683        2.12963659879054        1.51469893299035
h           -0.00431340547828        2.37015254694230       -1.53424243002052
h            1.21072972320717        3.07116157306436       -0.46025220737564
h            2.19132404802199        1.12100434738685       -1.65504231991594
h           -0.19883361654708       -0.07356279408386       -1.87210723980573
h            1.76603872573350       -1.43184446260185        1.27382912719343
h            1.00881198763271       -0.14309671487601        2.21529212555349
h            1.04509568795800       -2.19309396301445       -1.29459025942144
h           -1.61605020942540       -1.94254040490465       -0.26515929460027
h           -1.13489769780573       -2.03826095775153        1.44612622379877
h            3.76817171710443        0.66270040074184        1.85696257456250
h            3.94443659583549        1.68084613402166        0.31058510875921
h           -3.64216865799385        0.89548951732484       -1.69189825507489
h           -1.85917730246254        1.31074852107459       -1.94374539862133
h            0.67257760594152       -3.26657094631601        0.76118319040435
h           -3.65421369366660        0.73554159535318        1.73559909795076
h           -4.49466754337133        0.04720231918192        0.31966098249775
h           -3.35474026818085       -0.94186951784880        1.27015115215768
35
 energy: -657.274602072883 gnorm: 0.000560673030 xtb: 6.7.1 (edcfbbe)
c           -0.01775611670578       -0.56870649034608        0.28566531173435
c           -1.02603359833995        0.58489405489837        0.68487000352197
c           -0.34407906386893        1.98769331970002        0.60316790483050
c            0.58054582909711        2.18179151592261       -0.61799801041488
c            1.47612923266008        0.93594117062908       -0.83864057648614
c            0.58546483379435       -0.28882975085581       -1.12599648612338
c            1.25410030124805       -0.45968237426950        1.18847881265856
c            2.16427113877230        0.53432795770469        0.46407014326186
o            1.43335328015633       -1.34286363128675       -1.60165663753161
c           -0.75250770304453       -1.92243221168553        0.41568072437694
c            3.34818265575485        0.97926735545562        0.89790805207831
c           -2.39466310985520        0.53726646315529       -0.01415610045894
c           -2.63320428879058        0.93146610289897       -1.27625987626126
h           -1.23706672470545        0.41310487334852        1.75491210379539
o            0.02991856707343       -3.08190581354860        0.04960188663729
c           -3.54125561088078        0.06609414024434        0.86390421761062
h           -1.11883237521394        2.76922093560149        0.62450130091002
h            0.25797528650947        2.12796963071516        1.51500985702641
h           -0.00366903072711        2.37164182604679       -1.53344134122489
h            1.21195815712201        3.07082412088755       -0.45867967438361
h            2.19090035363961        1.12127678970861       -1.65556679861121
h           -0.19867885015143       -0.07331408234732       -1.87191228508068
h            1.76666500283320       -1.43213227118380        1.27256370518845
h            1.01105021464579       -0.14312273130580        2.21546198920562
h            1.04464620100397       -2.19392876207492       -1.29557162117815
h           -1.61453420001989       -1.94293077130620       -0.26643769753128
h           -1.13639232229964       -2.03695567850285        1.44594880293111
h            3.76885288426305        0.66387204648232        1.85627212653179
h            3.94481879435191        1.68169799634205        0.31060709572166
h           -3.64301201037503        0.89503966009373       -1.69203791467484
h           -1.86051959341340        1.31037464478356       -1.94371477679632
h            0.67358799666461       -3.26468705523495        0.76444940127834
h           -3.65723618932155        0.73437446181706        1.73496328560690
h           -4.49543051388214        0.04682792209765        0.31777765995007
h           -3.35667613077564       -0.94272513639475        1.26857262486000
35
 energy: -657.274602072883 gnorm: 0.000560673030 xtb: 6.7.1 (edcfbbe)
c           -0.01775611670578       -0.56870649034608        0.28566531173435
c           -1.02603359833995        0.58489405489837        0.68487000352197
c           -0.34407906386893        1.98769331970002        0.60316790483050
c            0.58054582909711        2.18179151592261       -0.61799801041488
c            1.47612923266008        0.93594117062908       -0.83864057648614
c            0.58546483379435       -0.28882975085581       -1.12599648612338
c            1.25410030124805       -0.45968237426950        1.18847881265856
c            2.16427113877230        0.53432795770469        0.46407014326186
o            1.43335328015633       -1.34286363128675       -1.60165663753161
c           -0.75250770304453       -1.92243221168553        0.41568072437694
c            3.34818265575485        0.97926735545562        0.89790805207831
c           -2.39466310985520        0.53726646315529       -0.01415610045894
c           -2.63320428879058        0.93146610289897       -1.27625987626126
h           -1.23706672470545        0.41310487334852        1.75491210379539
o            0.02991856707343       -3.08190581354860        0.04960188663729
c           -3.54125561088078        0.06609414024434        0.86390421761062
h           -1.11883237521394        2.76922093560149        0.62450130091002
h            0.25797528650947        2.12796963071516        1.51500985702641
h           -0.00366903072711        2.37164182604679       -1.53344134122489
h            1.21195815712201        3.07082412088755       -0.45867967438361
h            2.19090035363961        1.12127678970861       -1.65556679861121
h           -0.19867885015143       -0.07331408234732       -1.87191228508068
h            1.76666500283320       -1.43213227118380        1.27256370518845
h            1.01105021464579       -0.14312273130580        2.21546198920562
h            1.04464620100397       -2.19392876207492       -1.29557162117815
h           -1.61453420001989       -1.94293077130620       -0.26643769753128
h           -1.13639232229964       -2.03695567850285        1.44594880293111
h            3.76885288426305        0.66387204648232        1.85627212653179
h            3.94481879435191        1.68169799634205        0.31060709572166
h           -3.64301201037503        0.89503966009373       -1.69203791467484
h           -1.86051959341340        1.31037464478356       -1.94371477679632
h            0.67358799666461       -3.26468705523495        0.76444940127834
h           -3.65723618932155        0.73437446181706        1.73496328560690
h           -4.49543051388214        0.04682792209765        0.31777765995007
h           -3.35667613077564       -0.94272513639475        1.26857262486000
