35
 energy: -46.158479089382 gnorm: 0.007845136000 xtb: 6.7.1 (edcfbbe)
c            0.09331228114135       -0.66074572859279        0.09151856334056
c           -0.94857172622034        0.30537779083532        0.72133247651964
c           -0.33825077264989        1.70556978685578        0.90646513070168
c            0.48387014661441        2.20080766157524       -0.28465793102614
c            1.42582907853182        1.09668283318597       -0.77318080154262
c            0.58879993326091       -0.09098857084032       -1.25364577555553
c            1.38955788571575       -0.64649550248648        0.92836894221139
c            2.17789486636508        0.52177817353121        0.39714813777599
o            1.43191755273452       -0.96939760882957       -1.96941530917270
c           -0.46530032910619       -2.08459327182374       -0.03198347881417
c            3.32239811317225        0.96925729142950        0.87769728488893
c           -2.29995507131917        0.30414297733477        0.02750508971219
c           -3.21534900752481       -0.58407221565882        0.39064960317311
h           -1.14482886200730       -0.09504445414212        1.72360761076378
o           -0.86319621848250       -2.63623577786819        1.19972407013163
c           -2.63142618366606        1.33201532039025       -1.01547638114998
h           -1.13228536370175        2.41791771987144        1.13708873990388
h            0.32143008834243        1.67740525204330        1.77599294548699
h           -0.15875477007035        2.51413961541408       -1.10734833289070
h            1.07223583947513        3.06627501425875        0.02691077041193
h            2.08872246932557        1.46343260334849       -1.55763615319023
h           -0.24084687210673        0.21988732409744       -1.89760360124088
h            1.95584546466669       -1.56523841679360        0.74992857503231
h            1.20423777973363       -0.56192404124901        2.00047035878646
h            0.90159772119952       -1.67321942204145       -2.35499010084356
h            0.29555226613097       -2.72930814260943       -0.49821220812077
h           -1.36124691330320       -2.08943543832588       -0.65808322489161
h            3.79701831418256        0.51608609762869        1.73194797246747
h            3.83475007329928        1.80439676369957        0.43198339609142
h           -4.18837594165598       -0.61682021837333       -0.07138078313163
h           -3.02464096474030       -1.32548044368736        1.14708045550830
h           -0.10142392244494       -2.63927283296953        1.79013798859326
h           -1.99739514268510        1.23936935734919       -1.89507827393976
h           -3.66468303612392        1.21209591613711       -1.33321238789078
h           -2.51313332311364        2.33989082903687       -0.62255379017587
35
 energy: -46.158528643078 gnorm: 0.003887863054 xtb: 6.7.1 (edcfbbe)
c            0.09360067363622       -0.66084822514845        0.09218308097022
c           -0.94918698436451        0.30601209576351        0.72087211819937
c           -0.33906469695425        1.70642230251103        0.90686505180197
c            0.48331491385936        2.20176508480487       -0.28410442864426
c            1.42593465289684        1.09751955369422       -0.77201203436461
c            0.58853622063968       -0.09008103323946       -1.25286858907473
c            1.38979442342067       -0.64614363992381        0.92960023549109
c            2.17910492875198        0.52131617055489        0.39763357734535
o            1.43265996214554       -0.97029895616457       -1.97119921719982
c           -0.46338682349018       -2.08551065239028       -0.03369701611365
c            3.32514006429318        0.96785873266637        0.87712607044170
c           -2.30096582112870        0.30473928872113        0.02655298174166
c           -3.21780118405161       -0.58230178974153        0.39133872243826
h           -1.14561189225332       -0.09486288293557        1.72289569565805
o           -0.86184975231036       -2.63956141011202        1.19961537077791
c           -2.63276317978884        1.33217236903324       -1.01656212276109
h           -1.13331304779175        2.41837685094605        1.13680324975719
h            0.31962682793468        1.67752580947213        1.77693677020786
h           -0.15812804582489        2.51392912098834       -1.10778935493832
h            1.07220377353592        3.06680873194402        0.02719643115026
h            2.08856182061975        1.46400506912486       -1.55741716614757
h           -0.23960874430009        0.22026821625633       -1.89780345870586
h            1.95569749594235       -1.56518246015390        0.75167900763984
h            1.20421346043180       -0.56050041423446        2.00100802963813
h            0.89967959993349       -1.67376461139985       -2.35768669784602
h            0.29757455066217       -2.73075549269312       -0.49754305911081
h           -1.35920961069123       -2.09160014280365       -0.65998582185845
h            3.79886935815141        0.51573818637861        1.73265234243417
h            3.83745249911675        1.80340418696123        0.43144095722581
h           -4.19132399183293       -0.61514316258204       -0.07012477610084
h           -3.02836535453969       -1.32330361456170        1.14921304135678
h           -0.09843093213457       -2.64010843254406        1.79066290061698
h           -1.99816627979024        1.23845976718940       -1.89537040780265
h           -3.66622253086270        1.21250191582892       -1.33412813331797
h           -2.51326090089218        2.33939970952071       -0.62288377298197
35
 energy: -46.158545847186 gnorm: 0.001071279553 xtb: 6.7.1 (edcfbbe)
c            0.09394869214566       -0.66078665232574        0.09239880247387
c           -0.95023134013765        0.30561887839584        0.72068564107449
c           -0.34023114920210        1.70635053139108        0.90681247182878
c            0.48297230516005        2.20229271414229       -0.28331695331870
c            1.42652561729740        1.09835620996452       -0.77097480505233
c            0.58834074332490       -0.08861588392495       -1.25198326575789
c            1.38956637033718       -0.64521178316100        0.93112016498949
c            2.17958103373011        0.52181713891609        0.39891349071480
o            1.43360078298547       -0.97074659310632       -1.97272368216155
c           -0.46132161593039       -2.08581116639383       -0.03534877893800
c            3.32683407405713        0.96706337418794        0.87727163627701
c           -2.30218498146311        0.30475486608008        0.02598407323615
c           -3.22057313682948       -0.58003323369265        0.39298666106599
h           -1.14716134799419       -0.09548290217029        1.72248713682315
o           -0.86007832129751       -2.64254374669397        1.19968422519801
c           -2.63336189033265        1.33149845964143       -1.01809689212011
h           -1.13487570922714        2.41788889422016        1.13600800741835
h            0.31756211956235        1.67737180681297        1.77738773816489
h           -0.15754213947957        2.51350479824629       -1.10776080845364
h            1.07158255812734        3.06728734800298        0.02833365507180
h            2.08915548829073        1.46491764652046       -1.55672138750867
h           -0.23804926041928        0.22079472674733       -1.89833408696296
h            1.95548974061893       -1.56447114299551        0.75459848318437
h            1.20283718667832       -0.55806779722748        2.00183141433186
h            0.89743749028518       -1.67237916765525       -2.36055186848126
h            0.30024489476872       -2.73087239209161       -0.49681518055650
h           -1.35733932330193       -2.09327630532072       -0.66110713690674
h            3.80226202113981        0.51247435016536        1.73065382080520
h            3.84099232349627        1.80055830658253        0.42957007297002
h           -4.19467538298938       -0.61244197191281       -0.06756351461910
h           -3.03240886511883       -1.32100100768181        1.15165133085325
h           -0.09509396761603       -2.64001051534661        1.79044277079652
h           -1.99854837995141        1.23664647378920       -1.89645018804573
h           -3.66689621028419        1.21231533408638       -1.33553163594099
h           -2.51305496746099        2.33849664553897       -0.62444183452990
35
 energy: -46.158548604224 gnorm: 0.000825621024 xtb: 6.7.1 (edcfbbe)
c            0.09407863595899       -0.66063282858796        0.09224454234520
c           -0.95068787659902        0.30520182313863        0.72042668958516
c           -0.34110359800415        1.70609411105493        0.90715243753459
c            0.48271560581101        2.20230135495143       -0.28239698106386
c            1.42672603921670        1.09868857592339       -0.77036232331921
c            0.58845897001782       -0.08782262645094       -1.25145251195529
c            1.38921181850694       -0.64466751175655        0.93177594662835
c            2.18056537067175        0.52085617777780        0.39824833456622
o            1.43401366434567       -0.97069735366037       -1.97285698695138
c           -0.46034410038963       -2.08551860112181       -0.03612895539668
c            3.32929803212906        0.96392519661120        0.87476088325657
c           -2.30261129095913        0.30431069901831        0.02579044898762
c           -3.22169825858924       -0.57888115354429        0.39429766386129
h           -1.14777397619600       -0.09616665516677        1.72203303010974
o           -0.85885756052517       -2.64284576655268        1.19961972300182
c           -2.63304408460940        1.33021321701709       -1.01947082292205
h           -1.13609844654097        2.41745908688192        1.13585437729857
h            0.31617908820041        1.67726363871742        1.77811710840614
h           -0.15757646661204        2.51377028330938       -1.10695493897148
h            1.07075745044855        3.06738465843640        0.03002342338848
h            2.08906809438743        1.46575650114030       -1.55598026250545
h           -0.23719138088427        0.22128986887377       -1.89849754581739
h            1.95481891549700       -1.56442014777481        0.75705502214415
h            1.20161563055214       -0.55581695814930        2.00225813258114
h            0.89625482186318       -1.67003717382188       -2.36208625828403
h            0.30149006473505       -2.73033471408105       -0.49701134181071
h           -1.35672225406856       -2.09350807954802       -0.66108862179422
h            3.80308035321284        0.51110579492244        1.72997166365835
h            3.84228087919676        1.79900658432303        0.42883449237880
h           -4.19630330272279       -0.61051805067758       -0.06527088317327
h           -3.03447608920053       -1.31882526192909        1.15415088530772
h           -0.09344580398109       -2.63884196053896        1.78949199878469
h           -1.99815128544859        1.23447536658192       -1.89765928774937
h           -3.66650833433912        1.21108444876151       -1.33703556565665
h           -2.51271387211184        2.33760369765252       -0.62675393852962
35
 energy: -46.158551224596 gnorm: 0.000781282793 xtb: 6.7.1 (edcfbbe)
c            0.09403514076617       -0.66033961908994        0.09204550218367
c           -0.95105543145973        0.30486224340805        0.72034162808519
c           -0.34188369933439        1.70582589358351        0.90759642717151
c            0.48237323667519        2.20239722692434       -0.28149683587074
c            1.42660399596591        1.09912494224262       -0.76976698813883
c            0.58873627386544       -0.08726743961443       -1.25115994373075
c            1.38869874065504       -0.64404121731767        0.93232190210706
c            2.18027685488684        0.52130077558695        0.39875906872128
o            1.43452068043119       -0.97038242788479       -1.97221811076333
c           -0.45993227331519       -2.08510983289820       -0.03653280966021
c            3.32989684827877        0.96295438773029        0.87423712186007
c           -2.30297608455753        0.30407848241913        0.02596808439453
c           -3.22265423248275       -0.57774923697538        0.39588504100406
h           -1.14802943234178       -0.09691216853971        1.72178534005908
o           -0.85785495694848       -2.64245220543996        1.19943464845056
c           -2.63263082710325        1.32872683736053       -1.02081197241444
h           -1.13719727736785        2.41702900551674        1.13592211924914
h            0.31492398030786        1.67712416650968        1.77896012252620
h           -0.15766872821311        2.51421574524917       -1.10620575429385
h            1.07004146091257        3.06753219158665        0.03155730676507
h            2.08891440397174        1.46687196599971       -1.55494637842464
h           -0.23658191717556        0.22167128019151       -1.89871142191780
h            1.95442607298908       -1.56405176711192        0.75939403802891
h            1.20002453409411       -0.55392335825521        2.00261179693433
h            0.89603623331892       -1.66766807374666       -2.36325988018857
h            0.30194986026770       -2.72967019078684       -0.49768527045777
h           -1.35662115194947       -2.09335275455924       -0.66091491837843
h            3.80529221689347        0.50780010292851        1.72728957805324
h            3.84479167488151        1.79575599888215        0.42635525477349
h           -4.19720056920594       -0.60948164465825       -0.06378166556662
h           -3.03577122975370       -1.31707375487733        1.15631688110141
h           -0.09234685010612       -2.63758453944252        1.78858734745082
h           -1.99749467714960        1.23191045997161       -1.89873020883205
h           -3.66599263750762        1.20946258087327       -1.33867441598480
h           -2.51234478021970        2.33667218596495       -0.62937305637284
35
 energy: -46.158553056290 gnorm: 0.000480316385 xtb: 6.7.1 (edcfbbe)
c            0.09386830833494       -0.65981419543113        0.09200363647257
c           -0.95149267702435        0.30473007365174        0.72054402881862
c           -0.34272140623165        1.70576638444740        0.90812273790420
c            0.48212118032943        2.20270299416007       -0.28042760556862
c            1.42649889081944        1.09982255966823       -0.76917802055468
c            0.58914023660687       -0.08670705087331       -1.25106654954445
c            1.38815177415127       -0.64333767645716        0.93290064737708
c            2.18044914935634        0.52127269702163        0.39875096636952
o            1.43513894472642       -0.96959160233635       -1.97133622674377
c           -0.46011407011042       -2.08463473293055       -0.03650450010437
c            3.33147586228130        0.96093441799349        0.87274477307359
c           -2.30324936225479        0.30375291151467        0.02603380064435
c           -3.22344469639756       -0.57704398094234        0.39727011940240
h           -1.14836272530994       -0.09758850813908        1.72182764790693
o           -0.85714126958626       -2.64209437287230        1.19921212419942
c           -2.63230853776521        1.32692609947199       -1.02232196814482
h           -1.13834986892056        2.41676927303112        1.13602229547889
h            0.31355591848990        1.67726121819764        1.77989912550287
h           -0.15771939174568        2.51495091721448       -1.10518264074983
h            1.06979738629925        3.06771714715854        0.03302702356469
h            2.08864141409260        1.46834443196751       -1.55413917326798
h           -0.23612673666355        0.22235178265967       -1.89880902634024
h            1.95364094710763       -1.56377594827838        0.76162445804204
h            1.19874218369909       -0.55195360907901        2.00301930029185
h            0.89666845436580       -1.66535272141648       -2.36483809548558
h            0.30165127521842       -2.72882401099977       -0.49866076388577
h           -1.35699429203122       -2.09283945886816       -0.66071924550034
h            3.80751429843591        0.50455155459790        1.72478681647137
h            3.84710437815277        1.79303238928975        0.42437883766823
h           -4.19801862800512       -0.60875193978533       -0.06232501947742
h           -3.03686437372819       -1.31520737555924        1.15888306418793
h           -0.09163287905888       -2.63674476958261        1.78819121288138
h           -1.99669314030050        1.22888519440188       -1.89976083000512
h           -3.66552019954536        1.20731410183522       -1.34062986924660
h           -2.51210089481836        2.33543204699956       -0.63224350371439
35
 energy: -46.158554356953 gnorm: 0.000198133136 xtb: 6.7.1 (edcfbbe)
c            0.09369535762366       -0.65920026413681        0.09225804451463
c           -0.95214524962222        0.30492918888241        0.72059375804739
c           -0.34395944004154        1.70612506427205        0.90888377754163
c            0.48164733213685        2.20321444673433       -0.27903773916269
c            1.42640890804187        1.10078313841252       -0.76814371302974
c            0.58949956654503       -0.08591686981282       -1.25073387569765
c            1.38760993514358       -0.64252396601097        0.93381655025228
c            2.18092120513293        0.52108407254813        0.39887169568317
o            1.43601717928008       -0.96856711057938       -1.97038173351020
c           -0.45998192356613       -2.08425672513553       -0.03669847592292
c            3.33391410161040        0.95802815448827        0.87068845026019
c           -2.30395252238859        0.30367289013727        0.02621759274902
c           -3.22482384670113       -0.57570442594763        0.39938738362727
h           -1.14899602800710       -0.09783949877390        1.72169630646804
o           -0.85618399875606       -2.64232236379449        1.19877924241325
c           -2.63220726424028        1.32475499670735       -1.02435866716367
h           -1.14000068060076        2.41690883332409        1.13599794408440
h            0.31153716004499        1.67779628782236        1.78124803609035
h           -0.15774231471407        2.51587786781177       -1.10398544458724
h            1.06928430715332        3.06800831874108        0.03507690604210
h            2.08835993647209        1.47010306958921       -1.55298735009168
h           -0.23546723370952        0.22322956866450       -1.89876356192327
h            1.95270451421916       -1.56351375981065        0.76432905481498
h            1.19743602738711       -0.54947497463300        2.00362661676802
h            0.89769825050070       -1.66273773380502       -2.36729030029659
h            0.30165025371010       -2.72797035003824       -0.49990920623572
h           -1.35717637174176       -2.09215527135258       -0.66058789308157
h            3.81054186890329        0.50038730362770        1.72173468235597
h            3.85045218402963        1.78922489729276        0.42163002423092
h           -4.19917879979339       -0.60814116728600       -0.06060138740864
h           -3.03842626267606       -1.31277749103988        1.16214395311324
h           -0.09057593055754       -2.63628462938026        1.78793508899429
h           -1.99600481958635        1.22495660973949       -1.90115015779690
h           -3.66520495628883        1.20462455879575       -1.34313686997326
h           -2.51204499197367        2.33393357567737       -0.63604915424548
35
 energy: -46.158554583869 gnorm: 0.000202333711 xtb: 6.7.1 (edcfbbe)
c            0.09361349437273       -0.65879962460039        0.09246175504460
c           -0.95255017976990        0.30497907463079        0.72076508473387
c           -0.34460776141621        1.70631783269925        0.90909273525533
c            0.48153417739103        2.20366281354569       -0.27834434421916
c            1.42644888487045        1.10138535150198       -0.76752700656757
c            0.58970383881824       -0.08538322890210       -1.25046551045256
c            1.38727632489049       -0.64201651155235        0.93439955734760
c            2.18119686787500        0.52101530304079        0.39900548724465
o            1.43662825391333       -0.96782226820572       -1.96990420371551
c           -0.45997155943152       -2.08390287745935       -0.03690677952984
c            3.33529189090765        0.95638178428550        0.86955042838024
c           -2.30415317384831        0.30318796755269        0.02596090442430
c           -3.22521028482084       -0.57559945360350        0.40000333995680
h           -1.14951466054294       -0.09786163345496        1.72182803857773
o           -0.85590363852811       -2.64264335387969        1.19835437382944
c           -2.63222968047614        1.32343500617880       -1.02549246814938
h           -1.14092922761972        2.41695792544482        1.13565487723338
h            0.31036114397131        1.67819579745246        1.78184720835444
h           -0.15755680748244        2.51642760459042       -1.10346656954120
h            1.06904959214353        3.06840980142222        0.03615006330713
h            2.08834544312496        1.47097827026257       -1.55230848906678
h           -0.23506830726950        0.22373431140543       -1.89862463862772
h            1.95210963598817       -1.56326593504705        0.76554789978975
h            1.19683203613421       -0.54828344499992        2.00407358449167
h            0.89874722938340       -1.66147675077288       -2.36846630794382
h            0.30168046505401       -2.72721977777481       -0.50057802692223
h           -1.35731596276481       -2.09156842101957       -0.66059616710740
h            3.81225483072893        0.49800330175775        1.72001413357078
h            3.85224127908157        1.78717355280513        0.42022162925887
h           -4.20012106207854       -0.60738575982148       -0.05886129155831
h           -3.03944680705785       -1.31103543642337        1.16453400325925
h           -0.09032886035676       -2.63652028313121        1.78770820315931
h           -1.99581414866951        1.22282839975379       -1.90201021033505
h           -3.66513265085358        1.20300567738081       -1.34444635711715
h           -2.51215516269253        2.33296122666866       -0.63807535844152
35
 energy: -46.158554736133 gnorm: 0.000085855175 xtb: 6.7.1 (edcfbbe)
c            0.09357543006685       -0.65868144696126        0.09250689819212
c           -0.95261584255976        0.30505334084431        0.72083351958596
c           -0.34473997691171        1.70642910604636        0.90906693339630
c            0.48155812851810        2.20377895882140       -0.27825349912418
c            1.42650994113846        1.10152617705328       -0.76739488340257
c            0.58974351172602       -0.08520124113813       -1.25035752888976
c            1.38719625273379       -0.64195043870108        0.93448609962207
c            2.18128401762262        0.52093972581287        0.39900009455222
o            1.43678961486168       -0.96756908840005       -1.96976188049065
c           -0.46000629396746       -2.08373737533949       -0.03703511236764
c            3.33564092744562        0.95590073494880        0.86924618369188
c           -2.30436896450276        0.30338821051235        0.02631593861157
c           -3.22553143968559       -0.57506841531315        0.40083008072695
h           -1.14949078466000       -0.09766315283823        1.72195941613061
o           -0.85598805903700       -2.64272537383738        1.19813607384230
c           -2.63228004788445        1.32306759816439       -1.02575736918005
h           -1.14112776102454        2.41704202676158        1.13552274935019
h            0.31012537942296        1.67835653793759        1.78189655058814
h           -0.15746285384314        2.51656023946356       -1.10342897008761
h            1.06900340239462        3.06854047064008        0.03633726877646
h            2.08842741897449        1.47110036897231       -1.55214924523661
h           -0.23497494702905        0.22388829761477       -1.89856917028402
h            1.95197605397224       -1.56323150897312        0.76564231959048
h            1.19675383970256       -0.54820757873412        2.00416161989383
h            0.89913862585067       -1.66126195257881       -2.36845814004970
h            0.30167754770759       -2.72694897615259       -0.50074357271904
h           -1.35735321668928       -2.09133371729825       -0.66068604278150
h            3.81252864196389        0.49751389939478        1.71974473165966
h            3.85252476586445        1.78680818030670        0.42008309582589
h           -4.20012251871401       -0.60760632897190       -0.05865219630503
h           -3.03942998436241       -1.31093396172613        1.16482868873685
h           -0.09046327879472       -2.63683667851946        1.78749271650614
h           -1.99590718199992        1.22192891929385       -1.90225735239873
h           -3.66521424081061        1.20261277122211       -1.34461690822948
h           -2.51207065452039        2.33277791340327       -0.63886952980911
35
 energy: -46.158554780447 gnorm: 0.000061040369 xtb: 6.7.1 (edcfbbe)
c            0.09358057002336       -0.65865706044124        0.09248050344923
c           -0.95255106821710        0.30518563535642        0.72072509755502
c           -0.34477389376056        1.70659338144260        0.90910409776785
c            0.48151995979577        2.20379224501603       -0.27827227295921
c            1.42652356523499        1.10155123204644       -0.76732691374155
c            0.58976984261311       -0.08513860708594       -1.25034053141659
c            1.38720839168286       -0.64201403560327        0.93445164880110
c            2.18125427186313        0.52096153748185        0.39909741700472
o            1.43686052203418       -0.96750813961992       -1.96970877447162
c           -0.46000150975705       -2.08369165113889       -0.03719707752074
c            3.33560897386109        0.95590466326009        0.86937914617378
c           -2.30437313036940        0.30338797160495        0.02635508450605
c           -3.22551948629997       -0.57502244272013        0.40105909745055
h           -1.14935157279315       -0.09753152190314        1.72185186816250
o           -0.85613274179212       -2.64267530900124        1.19795449803316
c           -2.63231541976887        1.32291081306867       -1.02583934205646
h           -1.14117634790003        2.41721288483156        1.13550610653923
h            0.31010094814783        1.67854839875383        1.78193741882966
h           -0.15745926409573        2.51656814612497       -1.10349551886494
h            1.06894363538099        3.06855731239605        0.03632497232790
h            2.08849064213825        1.47109578203295       -1.55205394354543
h           -0.23490820936315        0.22395132930341       -1.89862172969704
h            1.95202079539744       -1.56327458953066        0.76555903571414
h            1.19675030369407       -0.54835751576093        2.00413090862046
h            0.89924675612572       -1.66131682519089       -2.36824879629312
h            0.30164852278473       -2.72698565588000       -0.50085209005053
h           -1.35731964918672       -2.09121064070458       -0.66088312187436
h            3.81252125866888        0.49744686441472        1.71982808172179
h            3.85262521186914        1.78667490719955        0.42010144433686
h           -4.20015144740826       -0.60763474718892       -0.05834120313494
h           -3.03941118260272       -1.31072044063757        1.16522846309358
h           -0.09060399051832       -2.63703408534517        1.78729182472012
h           -1.99605608157107        1.22154790987351       -1.90239632666204
h           -3.66529770992542        1.20245944657506       -1.34454209311500
h           -2.51196601301609        2.33267904870102       -0.63914740148022
