35
 energy: -46.154945194807 gnorm: 0.006930187369 xtb: 6.7.1 (edcfbbe)
c            0.03307907671466       -0.77740611754449       -0.02675413641185
c            0.64883517178752        0.41409268478350       -0.81342334756045
c           -0.40204487857816        1.52246056697464       -0.99734093004195
c           -1.24478956865160        1.80178341269842        0.24626493780912
c           -1.77222955368532        0.49140484291775        0.84082652347259
c           -0.58722643406021       -0.35241258545617        1.32029813708506
c           -1.23258406644619       -1.25884227825783       -0.76373527893843
c           -2.33970940183679       -0.37529719596630       -0.25095854711121
o            0.23171146360268        0.33532100734859        2.22826985338741
c            1.03517728135872       -1.92110720515129        0.14245718966313
c           -3.58579088038896       -0.35713059555825       -0.68630991010412
c            1.98768443788079        0.90970521270311       -0.29695294253159
c            3.10014133867376        0.30672168343592       -0.69585298930835
h            0.86257469828223       -0.00079875830036       -1.80564052640012
o            1.37797223731062       -2.43530749227915       -1.12474471659841
c            2.06357006231442        2.10971696993487        0.59825883876511
h            0.09060526984015        2.43818617418042       -1.32711275078808
h           -1.07927905737826        1.22123933394116       -1.79933927449733
h           -0.66588844869507        2.31646979952649        1.01063650564784
h           -2.08807429432528        2.43784474028028       -0.03075810371363
h           -2.48383451480065        0.70049072471041        1.64090730392713
h           -0.97863142453366       -1.26203506815924        1.81218476190303
h           -1.12201492999719       -1.21456017723821       -1.84600105981801
h           -1.43860969853748       -2.30025728371930       -0.50350881112312
h            1.00136752414373       -0.20876706659251        2.42197737257324
h            0.57388733585430       -2.70999403070087        0.75917493143641
h            1.93374540865689       -1.55859393429065        0.66388215459418
h           -3.91550016503506       -0.99552774194115       -1.48868093625967
h           -4.32567526461682        0.29745267823181       -0.25823277791443
h            4.07320645050495        0.62823529047839       -0.36144001286016
h            3.08422022036670       -0.53025180043497       -1.37348238690863
h            2.02661673549805       -3.13701551779009       -1.01207843684848
h            1.45048589584275        1.97760012627633        1.48455395625784
h            3.09311234747064        2.28215859031128        0.90425970460070
h            1.71465330735981        2.99855539492874        0.07468333993310
35
 energy: -46.154991055925 gnorm: 0.003538260057 xtb: 6.7.1 (edcfbbe)
c            0.03323119653659       -0.77777754065114       -0.02685266304716
c            0.64922269392923        0.41535586323729       -0.81251655796429
c           -0.40177187544983        1.52383598553102       -0.99714274307739
c           -1.24548367331086        1.80250807561919        0.24620709541350
c           -1.77337295124553        0.49160928014293        0.84053455355543
c           -0.58920531838568       -0.35411385438236        1.31995652416310
c           -1.23323358207900       -1.25855256635508       -0.76400085817451
c           -2.34122370963314       -0.37566953902655       -0.25113259937738
o            0.22968768709470        0.33199384746796        2.23210753191819
c            1.03491841915035       -1.92232964003033        0.14388143742411
c           -3.58788933296775       -0.35833609977494       -0.68608956489736
c            1.98904853448931        0.91170362444211       -0.29722612717979
c            3.10170526799648        0.30885199955713       -0.69748051720242
h            0.86270668701199        0.00105634010268       -1.80536905608197
o            1.38012715065371       -2.43870152122235       -1.12462955297124
c            2.06659715171436        2.11254706420733        0.59699781010583
h            0.09097130289590        2.43944498975278       -1.32654516088448
h           -1.07792973948077        1.22182529561609       -1.79959715906587
h           -0.66743568312066        2.31780349234616        1.01110250758650
h           -2.08859307118256        2.43834536545439       -0.03117920672591
h           -2.48470600694718        0.70038139285802        1.64124509116104
h           -0.98097290568378       -1.26284233088720        1.81193456915527
h           -1.12272550469213       -1.21390175312085       -1.84634993290981
h           -1.43912387954450       -2.30009736037577       -0.50419946051706
h            0.99921596175075       -0.21462447352187        2.42672441414068
h            0.57260994559973       -2.71165671384292        0.75792603728425
h            1.93356232146212       -1.55996122191412        0.66359437609506
h           -3.91699727132838       -0.99628337052100       -1.48931165419963
h           -4.32782817466434        0.29662374116759       -0.25826271372404
h            4.07518892399934        0.62967600633230       -0.36316245406654
h            3.08550519628521       -0.52815893749670       -1.37559500370528
h            2.02755917012719       -3.14319900701955       -1.00857059004187
h            1.45413230925731        1.98169014106961        1.48377438958847
h            3.09635365102453        2.28445794981009        0.90255986350929
h            1.71691279063395        3.00062985970934        0.07295501003110
35
 energy: -46.155006449179 gnorm: 0.001069503513 xtb: 6.7.1 (edcfbbe)
c            0.03322029227876       -0.77766128585533       -0.02726567400510
c            0.64977982861770        0.41606365802074       -0.81240405605577
c           -0.40144650617616        1.52475266959963       -0.99654661733382
c           -1.24599740701656        1.80322241272198        0.24633543653330
c           -1.77410087351059        0.49199951341420        0.84000274476059
c           -0.59041845683526       -0.35465298214762        1.31916990273013
c           -1.23347085324183       -1.25784924810734       -0.76529813815825
c           -2.34185645155486       -0.37516264004008       -0.25226461773761
o            0.22927639193508        0.33103175215754        2.23409407614642
c            1.03461305568112       -1.92245565396442        0.14543523187616
c           -3.58894718310922       -0.35898648955112       -0.68647452840664
c            1.99009180358652        0.91234320150759       -0.29714954912479
c            3.10287867535609        0.31054160811607       -0.69917521627587
h            0.86335754876686        0.00230314063670       -1.80568987187363
o            1.38215449292051       -2.44189455568505       -1.12430067123965
c            2.06823636074220        2.11343748613966        0.59689877734961
h            0.09151704110107        2.44039245459147       -1.32504337381656
h           -1.07698985973560        1.22287310880212       -1.79943664983389
h           -0.66866109873390        2.31855749643081        1.01197311387223
h           -2.08915327996859        2.43877230335320       -0.03127471434396
h           -2.48511166436355        0.70049133447169        1.64124574765785
h           -0.98254469857889       -1.26233621328054        1.81150998277826
h           -1.12288506645794       -1.21264764081664       -1.84768773759396
h           -1.43937629397651       -2.29951098635744       -0.50601588789270
h            0.99684870441991       -0.21912878519964        2.43109768435300
h            0.57134196250442       -2.71188218152449        0.75706017049887
h            1.93351359722806       -1.56021776986630        0.66303146696894
h           -3.91821311438784       -0.99866241485976       -1.48838313631549
h           -4.32955800444293        0.29438963528889       -0.25722790394467
h            4.07680246525547        0.63291488174736       -0.36738655976800
h            3.08663269597483       -0.52651819175514       -1.37752776835563
h            2.02657533520597       -3.14978420728561       -1.00352438582839
h            1.45612061537538        1.98295505665406        1.48416479750342
h            3.09819911116570        2.28522046210951        0.90175802221578
h            1.71833451587121        3.00122345481460        0.07258753797765
35
 energy: -46.155009325514 gnorm: 0.000770830828 xtb: 6.7.1 (edcfbbe)
c            0.03330724686056       -0.77734297845913       -0.02749850990789
c            0.64995263178784        0.41637079990404       -0.81236784523273
c           -0.40096925967506        1.52540165260990       -0.99636435458760
c           -1.24591259508814        1.80332505779658        0.24628123506613
c           -1.77419598020993        0.49214087628725        0.83965277369896
c           -0.59070937427966       -0.35453720541842        1.31858387650493
c           -1.23317314064347       -1.25744967858509       -0.76600757063812
c           -2.34198858181926       -0.37579338085930       -0.25200665160031
o            0.22950396808801        0.33162567783977        2.23370560185500
c            1.03444751206712       -1.92191433231944        0.14626617133558
c           -3.58944180000693       -0.36121040115674       -0.68501780881952
c            1.99045844065110        0.91291336434233       -0.29802616127688
c            3.10313161308287        0.31219997744764       -0.70161230507842
h            0.86329246184193        0.00279226957634       -1.80571578964908
o            1.38275981003200       -2.44307193839277       -1.12383135979611
c            2.06854332484646        2.11305383283686        0.59728824459742
h            0.09223035687772        2.44114420475426       -1.32425606813851
h           -1.07639181224844        1.22399094671239       -1.79951469346751
h           -0.66888579817025        2.31855434595072        1.01223643382957
h           -2.08898581814038        2.43888423080717       -0.03162737389323
h           -2.48515165453636        0.70054810554995        1.64091705004851
h           -0.98248360276035       -1.26189787771509        1.81131205813943
h           -1.12252759682550       -1.21118325318248       -1.84833618056283
h           -1.43884194404848       -2.29937264704168       -0.50769791796066
h            0.99439465144106       -0.22099844104167        2.43348882775067
h            0.57117313681408       -2.71117330365676        0.75747663118108
h            1.93360097620600       -1.55947117385933        0.66266361662404
h           -3.91791926882719       -0.99938943226638       -1.48841029694704
h           -4.32980584932207        0.29321476270480       -0.25704208084480
h            4.07708921758916        0.63382741086821       -0.36925256718710
h            3.08673905795547       -0.52528576813191       -1.37940066109749
h            2.02381292217302       -3.15329826366994       -1.00006209196282
h            1.45661579993196        1.98145615540118        1.48457690528483
h            3.09856419865621        2.28472197124514        0.90199320527118
h            1.71853043159555        3.00135881740288        0.07389329277913
35
 energy: -46.155011489195 gnorm: 0.000876022508 xtb: 6.7.1 (edcfbbe)
c            0.03348659639317       -0.77680806576111       -0.02753322553766
c            0.65014358599315        0.41655740985133       -0.81244902098386
c           -0.40053958668131        1.52583570230501       -0.99632841839828
c           -1.24574728900088        1.80348218303658        0.24616196110860
c           -1.77418050134713        0.49235602503131        0.83920101894599
c           -0.59090067113840       -0.35415698715967        1.31828163317119
c           -1.23257519069691       -1.25681515381704       -0.76668698631154
c           -2.34153009911754       -0.37524502534713       -0.25284522363690
o            0.22936338043133        0.33222383071492        2.23329894836635
c            1.03453703138089       -1.92101693001078        0.14684656852855
c           -3.58910522766286       -0.36165143138994       -0.68536374511703
c            1.99070618576870        0.91272125131109       -0.29829351879986
c            3.10315668587905        0.31260913559631       -0.70306173329183
h            0.86325832418667        0.00284530898556       -1.80571359691904
o            1.38289055119493       -2.44342243126873       -1.12313272004840
c            2.06882684797874        2.11216387732413        0.59790828601198
h            0.09300319639429        2.44163521844126       -1.32363733231610
h           -1.07586534337181        1.22510571921612       -1.79985776993811
h           -0.66889132564803        2.31838638993231        1.01240611024585
h           -2.08865987103921        2.43924863666558       -0.03193215035085
h           -2.48553564269863        0.70067147285808        1.64007257572745
h           -0.98233831379303       -1.26158294368977        1.81102363490921
h           -1.12143241224052       -1.20946723976904       -1.84887806042570
h           -1.43831481805119       -2.29900188501530       -0.50953044468579
h            0.99125058746087       -0.22269345885230        2.43651188213158
h            0.57160880787949       -2.70992238312305        0.75860871838021
h            1.93397554666376       -1.55820151120815        0.66246119210306
h           -3.91802264147307       -1.00197265990786       -1.48682762271189
h           -4.33042823540069        0.29047919043120       -0.25561297885193
h            4.07732073190325        0.63508449329329       -0.37217056004706
h            3.08661252985083       -0.52335016238052       -1.38266112591607
h            2.02013221826971       -3.15618505301657       -0.99725655669017
h            1.45690080519372        1.97948982332890        1.48496799951923
h            3.09883065256876        2.28363366986386        0.90279920710286
h            1.71882658586657        3.00109836781140        0.07551069004378
35
 energy: -46.155013103908 gnorm: 0.000491376588 xtb: 6.7.1 (edcfbbe)
c            0.03372225790383       -0.77627983378110       -0.02750687789218
c            0.65030762703920        0.41681377005785       -0.81277407528224
c           -0.40039978176476        1.52608026342973       -0.99644595429968
c           -1.24575133158344        1.80370763541062        0.24598336668588
c           -1.77426288076543        0.49252598696127        0.83886634489357
c           -0.59093640803247       -0.35362636456235        1.31834901257419
c           -1.23203210404936       -1.25641359186007       -0.76701129436258
c           -2.34137624906222       -0.37552209019583       -0.25288876311866
o            0.22874519537708        0.33259622660243        2.23340877539173
c            1.03497333097608       -1.92023767905059        0.14687973298206
c           -3.58919067411264       -0.36306630028229       -0.68479615969824
c            1.99096887073951        0.91294038396703       -0.29901422525093
c            3.10328173682525        0.31331060914980       -0.70498482041136
h            0.86314430662281        0.00281288663752       -1.80598394676018
o            1.38259395025918       -2.44314210391443       -1.12254734974742
c            2.06924272191369        2.11134362239788        0.59852838312361
h            0.09331935373072        2.44190856410917       -1.32344234000022
h           -1.07559510090928        1.22573397365281       -1.80025925652982
h           -0.66880771051090        2.31844888939437        1.01225245133249
h           -2.08859743920845        2.43962294687751       -0.03201767952533
h           -2.48592468126705        0.70092461417201        1.63944022153346
h           -0.98251463708781       -1.26132687413571        1.81069184134404
h           -1.12071445594634       -1.20831115098940       -1.84916626350895
h           -1.43745951157049       -2.29884435873241       -0.51066366764569
h            0.98863876699874       -0.22367698202635        2.43980809371123
h            0.57247700500779       -2.70866116742572        0.75989257553210
h            1.93461624170954       -1.55696281702218        0.66227082258643
h           -3.91786884685000       -1.00345491010442       -1.48630629082875
h           -4.33067906525107        0.28909707908380       -0.25537066555058
h            4.07755577698644        0.63547755041851       -0.37411909868025
h            3.08632497580169       -0.52272418518945       -1.38447141042642
h            2.01720236896859       -3.15800452285883       -0.99643937363131
h            1.45734057633709        1.97770391617594        1.48540395577681
h            3.09925947848010        2.28250662749515        0.90357743127396
h            1.71916001819106        3.00083377041897        0.07714413972702
35
 energy: -46.155014333194 gnorm: 0.000199063980 xtb: 6.7.1 (edcfbbe)
c            0.03405833098282       -0.77562676946037       -0.02750228981925
c            0.65057920551091        0.41752175169953       -0.81291419607504
c           -0.39989951768477        1.52702926533088       -0.99676213454667
c           -1.24569839208219        1.80418172300397        0.24547776059724
c           -1.77459382527567        0.49297216209059        0.83819174292836
c           -0.59140700301832       -0.35311868607352        1.31831251733455
c           -1.23138279106934       -1.25597227797906       -0.76747175815826
c           -2.34130355769423       -0.37589363103738       -0.25314540254371
o            0.22725619676273        0.33275882300224        2.23424291024677
c            1.03561001749302       -1.91938450080596        0.14732650359674
c           -3.58950546950901       -0.36530540658512       -0.68407484024156
c            1.99160710566972        0.91337058286228       -0.29984744873186
c            3.10365323083357        0.31456297658069       -0.70795205322436
h            0.86308306920773        0.00328304217804       -1.80613153339753
o            1.38241285998972       -2.44329893009726       -1.12150161559002
c            2.07034781734379        2.11039382209340        0.59942245847491
h            0.09401402805546        2.44296551702483       -1.32319849523438
h           -1.07479739561494        1.22697319443296       -1.80092517812863
h           -0.66881662758266        2.31867527198717        1.01200545034873
h           -2.08836766914752        2.44028520281412       -0.03252394028067
h           -2.48657454825565        0.70152687439430        1.63850882717369
h           -0.98353555512561       -1.26111728440867        1.80975809895198
h           -1.11982760290857       -1.20690971153525       -1.84959750871599
h           -1.43633232919114       -2.29872594021764       -0.51211385811479
h            0.98399012786528       -0.22598676491998        2.44641293587064
h            0.57358814121052       -2.70705878268629        0.76183040650265
h            1.93546916466411       -1.55519838688839        0.66198720229872
h           -3.91784210623094       -1.00623481761233       -1.48532661938190
h           -4.33142243759872        0.28644519942734       -0.25471839393528
h            4.07823700758047        0.63653972732393       -0.37777719207027
h            3.08606035372480       -0.52039518087101       -1.38880262614668
h            2.01290129947518       -3.16201835525167       -0.99511695083110
h            1.45861005951396        1.97530804202835        1.48620571861423
h            3.10046634412703        2.28088199490594        0.90448065445675
h            1.72012614987514        3.00070463753057        0.07952848308981
35
 energy: -46.155014496323 gnorm: 0.000149059888 xtb: 6.7.1 (edcfbbe)
c            0.03414401837769       -0.77540255032154       -0.02745648800634
c            0.65071700533678        0.41761599385064       -0.81308223182572
c           -0.39981363236872        1.52710409233667       -0.99678085872331
c           -1.24570352547352        1.80443234596132        0.24532859276826
c           -1.77468102529213        0.49322500732485        0.83792459617389
c           -0.59163975860226       -0.35302781907700        1.31828264538185
c           -1.23123525272801       -1.25586567451286       -0.76749962317083
c           -2.34125156639201       -0.37575214767093       -0.25341299896332
o            0.22669453729430        0.33280419821014        2.23462350864545
c            1.03583512527837       -1.91910651336916        0.14757114807368
c           -3.58950604544843       -0.36562301736116       -0.68418878004265
c            1.99183505512974        0.91356615202151       -0.30033080001494
c            3.10382798839548        0.31535093588945       -0.70937678514695
h            0.86308167835895        0.00334896432856       -1.80632962976223
o            1.38228683020966       -2.44338559332755       -1.12120262700530
c            2.07066070807143        2.10990374132281        0.59984778249240
h            0.09418064992279        2.44301901938619       -1.32309596627487
h           -1.07461778006026        1.22707743312510       -1.80102171957384
h           -0.66885213699961        2.31878912992145        1.01199647138935
h           -2.08829436719804        2.44061589588033       -0.03273086200191
h           -2.48666768064002        0.70188624332443        1.63820305048593
h           -0.98401963391077       -1.26104251988421        1.80942346393576
h           -1.11961614283099       -1.20693015379542       -1.84962233667781
h           -1.43614563994235       -2.29859800303559       -0.51202131383686
h            0.98254244084460       -0.22648488717060        2.44861935766789
h            0.57392061014761       -2.70653530817582        0.76238142708877
h            1.93574925208768       -1.55463964973628        0.66183815900707
h           -3.91786980867066       -1.00725629088791       -1.48486977486823
h           -4.33164791369946        0.28573159902747       -0.25462943293788
h            4.07846386877335        0.63689188880032       -0.37895212485382
h            3.08603658700010       -0.51977539203255       -1.39001302703828
h            2.01214774974304       -3.16278916537173       -0.99520237328312
h            1.45906388303179        1.97419059160857        1.48666652119889
h            3.10082495211506        2.28026938825576        0.90481102296488
h            1.72031265203551        3.00052644943596        0.08058964205195
35
 energy: -46.155014618771 gnorm: 0.000100666781 xtb: 6.7.1 (edcfbbe)
c            0.03414208773527       -0.77531108158827       -0.02735291756398
c            0.65072548210739        0.41758596066375       -0.81309960801201
c           -0.39972985295245        1.52713865965238       -0.99686234297098
c           -1.24562379177780        1.80451987460823        0.24520494252889
c           -1.77474159982602        0.49338668109273        0.83779530002406
c           -0.59178051876250       -0.35293351936751        1.31828625180703
c           -1.23119936853799       -1.25590560885269       -0.76737525493240
c           -2.34128077797290       -0.37579547535046       -0.25339898427013
o            0.22636202110210        0.33291099663175        2.23484963090908
c            1.03594096324779       -1.91895689146352        0.14774039480662
c           -3.58954946963505       -0.36592597321667       -0.68411255252796
c            1.99187873298054        0.91337246248904       -0.30031721595466
c            3.10383585699470        0.31545906585562       -0.70983283330600
h            0.86303518752271        0.00323827757681       -1.80631630676064
o            1.38212573518957       -2.44336383009810       -1.12107613292666
c            2.07074797220969        2.10944872960934        0.60020351270498
h            0.09433543389934        2.44301223532836       -1.32318512250702
h           -1.07453720457383        1.22710488712239       -1.80109451830000
h           -0.66877304346100        2.31883362360261        1.01190888804797
h           -2.08814917531727        2.44076623484274       -0.03291074574141
h           -2.48669621837672        0.70213827137046        1.63806611245396
h           -0.98428355531880       -1.26091740367217        1.80930398000386
h           -1.11957686582745       -1.20725518639450       -1.84950397002034
h           -1.43609089195426       -2.29857045700507       -0.51160260175147
h            0.98170561562927       -0.22659960516408        2.44985025753161
h            0.57417527611323       -2.70630902090125        0.76269101602726
h            1.93590139755593       -1.55432788740564        0.66171771563294
h           -3.91773836295327       -1.00747949179676       -1.48491984809152
h           -4.33164510780289        0.28572727720785       -0.25495090313011
h            4.07856961905724        0.63740501777183       -0.38008783088215
h            3.08601509024355       -0.51903014184847       -1.39125093749828
h            2.01216990180601       -3.16264801719058       -0.99551191591921
h            1.45923483357797        1.97339177425558        1.48702876258404
h            3.10093874444165        2.27977310189550        0.90510300424566
h            1.72031953553293        3.00025084402000        0.08130040907678
35
 energy: -46.155014705897 gnorm: 0.000100088709 xtb: 6.7.1 (edcfbbe)
c            0.03411178012279       -0.77533957797104       -0.02720271480952
c            0.65065055437540        0.41752563829773       -0.81297747342173
c           -0.39962687734812        1.52720345912685       -0.99697684379497
c           -1.24549815984394        1.80450219432082        0.24512005174329
c           -1.77478538538368        0.49346305599817        0.83777494795503
c           -0.59186828124299       -0.35285766065273        1.31834324835065
c           -1.23122869214773       -1.25604029998208       -0.76715606254530
c           -2.34127752349337       -0.37572913773154       -0.25342614768526
o            0.22618425549568        0.33296869536042        2.23500997031779
c            1.03594944781357       -1.91894206493978        0.14784527272272
c           -3.58948745126144       -0.36578858088337       -0.68431409658365
c            1.99186447784652        0.91334825191363       -0.30043326275801
c            3.10381494248371        0.31571444878139       -0.71040254848161
h            0.86289188212920        0.00302266038337       -1.80612575837140
o            1.38197701778242       -2.44331651956138       -1.12105342423587
c            2.07074253376989        2.10915029133363        0.60043952544741
h            0.09449528674814        2.44302950050275       -1.32340536831517
h           -1.07448292239442        1.22712843532458       -1.80115719703679
h           -0.66864087145645        2.31881816129554        1.01180497885257
h           -2.08795863324649        2.44081646900972       -0.03303728086699
h           -2.48679827162535        0.70225471386366        1.63799010500709
h           -0.98440649591877       -1.26081089580947        1.80935994128110
h           -1.11955605397904       -1.20767018745033       -1.84928299565348
h           -1.43620599815955       -2.29863138334372       -0.51111763704562
h            0.98121428864260       -0.22674068604506        2.45046443108125
h            0.57436869807904       -2.70635577752054        0.76286296787153
h            1.93598241306583       -1.55425450548013        0.66163649637999
h           -3.91763664005895       -1.00746306065018       -1.48503879006652
h           -4.33164542665156        0.28582203312375       -0.25518777835358
h            4.07858311366158        0.63759032469504       -0.38068639697557
h            3.08595872697312       -0.51850016237971       -1.39216315314856
h            2.01263206658474       -3.16205710843444       -0.99565384298103
h            1.45932700965595        1.97275607240892        1.48726325596847
h            3.10094976146921        2.27943194724909        0.90531871946186
h            1.72016910940915        3.00008564012763        0.08185249600769
