35
 energy: -657.272607213535 gnorm: 0.002600861553 xtb: 6.7.1 (edcfbbe)
c            0.12267376243040       -0.56952618018126        0.42501162241994
c           -0.97545275539214        0.52670415968648        0.72154403412310
c           -0.36445405908723        1.95779869832001        0.56354200205147
c            0.58420324330615        2.14118289736779       -0.64491109304498
c            1.54142781383150        0.93086525973291       -0.81316075680774
c            0.68723248176392       -0.33960071338982       -1.01000824649627
c            1.37246426393371       -0.28126420535542        1.32683143294046
c            2.26673634531884        0.64105241390555        0.49525568389541
o            1.43755654144016       -1.45860055770470       -1.51382339441948
c           -0.36600331963364       -2.01957257992507        0.64721576414538
c            3.47818277496984        1.09109463440618        0.84288558760117
c           -2.31174987728739        0.34579124294839       -0.01237064588273
c           -2.59312759623734        0.87078582217499       -1.21697107624319
h           -1.21037035192692        0.41198101463446        1.79536178301355
o           -1.22754987687441       -2.52342503481512       -0.37594227552966
c           -3.38739303774087       -0.39751865907991        0.75878486893422
h           -1.17767336252619        2.69809366090120        0.51780361111941
h            0.20276407153342        2.18938438082469        1.47945188990976
h            0.01730423698325        2.27073464693145       -1.58083261247030
h            1.17522257713107        3.06122590797282       -0.50783450672772
h            2.22871907216542        1.10845759179295       -1.65544953287187
h           -0.11166303580989       -0.19153818586006       -1.74915595202450
h            1.90684195560466       -1.21640268203464        1.56903018822846
h            1.09406842362583        0.16702397996359        2.29397727992156
h            2.23826943363911       -1.57893374646429       -0.96092455136266
h           -0.93186307171969       -2.08191864780684        1.59110995667334
h            0.51500343095548       -2.67802569587554        0.76292347507589
h            3.92979463873466        0.84236751284676        1.80697593119880
h            4.06402611584819        1.72971177344074        0.17682097619740
h           -3.58012039560285        0.74080845335224       -1.66734760069612
h           -1.87933679276781        1.45071681306609       -1.80158614632580
h           -0.67573883474937       -2.62632938949677       -1.17726064604004
h           -4.33816114280134       -0.42182380610662        0.20430440059990
h           -3.09405733693127       -1.43719579639543        0.96858049666018
h           -3.57126535387794        0.09002535117654        1.73244727819647
35
 energy: -657.272620974023 gnorm: 0.000913324223 xtb: 6.7.1 (edcfbbe)
c            0.12273525629007       -0.56922482296451        0.42537824322924
c           -0.97629322551577        0.52722245693613        0.72205331661497
c           -0.36466530776103        1.95829884401258        0.56350002716949
c            0.58484390122517        2.14223950148913       -0.64411661550712
c            1.54169207927843        0.93137451555968       -0.81282336409389
c            0.68708589979206       -0.33881021399065       -1.00979845519837
c            1.37314287096791       -0.28108550052454        1.32712202180321
c            2.26771096272468        0.64091147023538        0.49532186416849
o            1.43650960419837       -1.45831446369774       -1.51508751247160
c           -0.36545859116881       -2.01936564622585        0.64884003233642
c            3.47967087978732        1.08938654377834        0.84182009380809
c           -2.31289938618000        0.34596847400419       -0.01218207318964
c           -2.59415163015957        0.87008919787454       -1.21713577020559
h           -1.21140628491730        0.41291767706060        1.79566055215394
o           -1.22749009249862       -2.52555355946005       -0.37317384537224
c           -3.38852680263858       -0.39833284710096        0.75835386542080
h           -1.17727067847675        2.69906393650355        0.51740968002566
h            0.20201997353444        2.18881707156698        1.47983700184358
h            0.01881640387155        2.27310522363481       -1.58029429712740
h            1.17650897064153        3.06157049893164       -0.50508630170349
h            2.22881750101110        1.10913790079800       -1.65505691317376
h           -0.11153583181513       -0.19006014258459       -1.74888378763724
h            1.90726641868023       -1.21645523078933        1.56800230919787
h            1.09548954123949        0.16700674154751        2.29431875548739
h            2.23796447886701       -1.57896591244028       -0.96368886048879
h           -0.93190368835846       -2.08038479702495        1.59216168838774
h            0.51547204370073       -2.67746899492274        0.76503622671275
h            3.93191341259220        0.84140200525230        1.80551735955268
h            4.06500255087456        1.72827185655574        0.17595171787957
h           -3.57992097242735        0.73795544698202       -1.66950522428067
h           -1.87969921681322        1.44839818166226       -1.80208194960014
h           -0.67749440861156       -2.62289717550345       -1.17755103698134
h           -4.33756161997224       -0.42409570163168        0.20247533510161
h           -3.09472681701888       -1.43718503238601        0.96903729501020
h           -3.57514697345623        0.08919266173174        1.73094913716517
35
 energy: -657.272627189425 gnorm: 0.002149491246 xtb: 6.7.1 (edcfbbe)
c            0.12279444275445       -0.56846273815935        0.42646663374874
c           -0.97793454127241        0.52844700316324        0.72282134948104
c           -0.36573698092888        1.95986522953793        0.56453798521418
c            0.58591454789374        2.14425947357635       -0.64127680288590
c            1.54197575930189        0.93248372470560       -0.81207170239584
c            0.68573143664463       -0.33654244625910       -1.00920500486291
c            1.37436331333955       -0.28009672892430        1.32803654242913
c            2.26933105193880        0.64113369430290        0.49551002060039
o            1.43276087714455       -1.45716911246863       -1.51805510958190
c           -0.36419627741915       -2.01868090993375        0.65316186868636
c            3.48272119567472        1.08661858326959        0.83939643505776
c           -2.31396282541769        0.34335019987679       -0.01321276583880
c           -2.59365695422718        0.86389920176129       -1.22000969083460
h           -1.21371289540184        0.41485045801172        1.79601523500679
o           -1.22722466386575       -2.52983373076201       -0.36646125913163
c           -3.39093039438743       -0.40090148062103        0.75636679647886
h           -1.17757527869500        2.70119127896397        0.51734412512458
h            0.19962824957993        2.18892635041774        1.48183141167235
h            0.02205466129643        2.27878402056832       -1.57814298286083
h            1.17929340799642        3.06185060696417       -0.49796299132462
h            2.22848292032593        1.11070140152009       -1.65452494527348
h           -0.11288112301098       -0.18579981605617       -1.74759608575945
h            1.90799290616670       -1.21593862082795        1.56665954326808
h            1.09802070936397        0.16768375073071        2.29536413266947
h            2.23674196612183       -1.57831016841892       -0.97086848461220
h           -0.93148473294995       -2.07652256444740        1.59572364039313
h            0.51678778543502       -2.67592988789046        0.77105365710199
h            3.93879866802275        0.83615465637765        1.80037504748342
h            4.06877916115501        1.72238950275366        0.17151618540779
h           -3.57888898674024        0.73280553475941       -1.67387914242473
h           -1.87951636487282        1.44487438492712       -1.80229804923758
h           -0.68225745964029       -2.61195481777042       -1.17760051208683
h           -4.33623342793072       -0.43137529738503        0.19598432308372
h           -3.09513059936244       -1.43765544445242        0.97145941283893
h           -3.58433783797364        0.08903452033231        1.72582579488776
35
 energy: -657.272632144190 gnorm: 0.001210051747 xtb: 6.7.1 (edcfbbe)
c            0.12279600580953       -0.56825180046383        0.42680720346033
c           -0.97804887346312        0.52818179136261        0.72318265553898
c           -0.36609502453325        1.95957633393905        0.56500088597899
c            0.58573097591703        2.14448164380058       -0.64068772284604
c            1.54156124383500        0.93263059379519       -0.81187629632811
c            0.68529232691919       -0.33636086205886       -1.00894179529594
c            1.37441095659743       -0.27988152882616        1.32813072708610
c            2.26953826964096        0.64055653582394        0.49505205876699
o            1.43192330969263       -1.45690040336971       -1.51830001704358
c           -0.36423092732617       -2.01836591537528        0.65352183710260
c            3.48373202817227        1.08501019798741        0.83809016367527
c           -2.31388662493991        0.34396041174105       -0.01302502715058
c           -2.59320954664221        0.86516269018408       -1.21964871937474
h           -1.21402894652722        0.41425082865266        1.79637253240149
o           -1.22719038664636       -2.52930880637109       -0.36612625827961
c           -3.39079223159524       -0.40114559118965        0.75579301882641
h           -1.17822946470068        2.70067317130802        0.51768525791122
h            0.19895266827838        2.18906021294672        1.48245357236168
h            0.02179233182626        2.27943745323308       -1.57748616989761
h            1.17920023865946        3.06200317160358       -0.49728688371886
h            2.22764331601839        1.11094368790942       -1.65471303973215
h           -0.11379470229135       -0.18528502295871       -1.74683590552817
h            1.90790371419948       -1.21575054483939        1.56731911090850
h            1.09808390756243        0.16827120100339        2.29539520099367
h            2.23639962184604       -1.57801387894144       -0.97168766619933
h           -0.93122105308397       -2.07622878617152        1.59638565796525
h            0.51684729690408       -2.67565377899803        0.77158790633913
h            3.93936013957605        0.83573871959493        1.79972411877732
h            4.06915462049479        1.72172581152023        0.17035133758264
h           -3.57722833239427        0.73098188433485       -1.67534132305570
h           -1.87788310335862        1.44390059196853       -1.80296226044811
h           -0.68265176158385       -2.61040770728510       -1.17702856690973
h           -4.33595344766532       -0.43270455524964        0.19454048397275
h           -3.09426585725047       -1.43771638361790        0.97193287476346
h           -3.58510096419567        0.08955843818783        1.72490660395324
35
 energy: -657.272636161637 gnorm: 0.000897871501 xtb: 6.7.1 (edcfbbe)
c            0.12263482307845       -0.56785447626701        0.42768011074242
c           -0.97805516627063        0.52757574692207        0.72405481441330
c           -0.36700878755432        1.95904630619087        0.56638666775810
c            0.58495294202505        2.14478524756488       -0.63927782517523
c            1.54034101711934        0.93296140498979       -0.81150830645209
c            0.68426564054102       -0.33618706731034       -1.00826234065514
c            1.37411321130683       -0.27897925817295        1.32836518661311
c            2.26928828249660        0.64014196783485        0.49428536537884
o            1.43037528829819       -1.45618937192367       -1.51831741061694
c           -0.36421350745738       -2.01791663386117        0.65391245424477
c            3.48489161731110        1.08290044879395        0.83568774640447
c           -2.31257437588472        0.34364918560993       -0.01358439113210
c           -2.59039192715896        0.86482657221215       -1.22064480099404
h           -1.21484559908524        0.41285254771041        1.79720940626643
o           -1.22707349508946       -2.52754760686194       -0.36585273966613
c           -3.38992476725311       -0.40139146199865        0.75434870112200
h           -1.18000278795126        2.69936866197974        0.51869623155755
h            0.19735140015284        2.18968899313771        1.48413794942141
h            0.02067122428838        2.28038263630029       -1.57584993121022
h            1.17837678309550        3.06233535045186       -0.49596201930536
h            2.22552786709253        1.11155148086253       -1.65515930664938
h           -0.11587687193339       -0.18478438262939       -1.74512219732552
h            1.90738621737309       -1.21464547227498        1.56972204184614
h            1.09750670494191        0.17056014388038        2.29515683521212
h            2.23565716802012       -1.57703488977359       -0.97254249858711
h           -0.93033015297770       -2.07647450747664        1.59756838807403
h            0.51707068006363       -2.67544686636883        0.77167491005073
h            3.94092706904275        0.83298789635033        1.79719215927712
h            4.07031166000338        1.71887215084659        0.16690364661777
h           -3.57394226564059        0.72981415683926       -1.67705821199258
h           -1.87467275475861        1.44398578616977       -1.80342184800380
h           -0.68286438245733       -2.60838880485468       -1.17561769527128
h           -4.33465060273645       -0.43587279523419        0.19128404846489
h           -3.09217582877651       -1.43727724512090        0.97403305001229
h           -3.58653468935713        0.09183413101290        1.72216941016533
35
 energy: -657.272636161637 gnorm: 0.000897871501 xtb: 6.7.1 (edcfbbe)
c            0.12263482307845       -0.56785447626701        0.42768011074242
c           -0.97805516627063        0.52757574692207        0.72405481441330
c           -0.36700878755432        1.95904630619087        0.56638666775810
c            0.58495294202505        2.14478524756488       -0.63927782517523
c            1.54034101711934        0.93296140498979       -0.81150830645209
c            0.68426564054102       -0.33618706731034       -1.00826234065514
c            1.37411321130683       -0.27897925817295        1.32836518661311
c            2.26928828249660        0.64014196783485        0.49428536537884
o            1.43037528829819       -1.45618937192367       -1.51831741061694
c           -0.36421350745738       -2.01791663386117        0.65391245424477
c            3.48489161731110        1.08290044879395        0.83568774640447
c           -2.31257437588472        0.34364918560993       -0.01358439113210
c           -2.59039192715896        0.86482657221215       -1.22064480099404
h           -1.21484559908524        0.41285254771041        1.79720940626643
o           -1.22707349508946       -2.52754760686194       -0.36585273966613
c           -3.38992476725311       -0.40139146199865        0.75434870112200
h           -1.18000278795126        2.69936866197974        0.51869623155755
h            0.19735140015284        2.18968899313771        1.48413794942141
h            0.02067122428838        2.28038263630029       -1.57584993121022
h            1.17837678309550        3.06233535045186       -0.49596201930536
h            2.22552786709253        1.11155148086253       -1.65515930664938
h           -0.11587687193339       -0.18478438262939       -1.74512219732552
h            1.90738621737309       -1.21464547227498        1.56972204184614
h            1.09750670494191        0.17056014388038        2.29515683521212
h            2.23565716802012       -1.57703488977359       -0.97254249858711
h           -0.93033015297770       -2.07647450747664        1.59756838807403
h            0.51707068006363       -2.67544686636883        0.77167491005073
h            3.94092706904275        0.83298789635033        1.79719215927712
h            4.07031166000338        1.71887215084659        0.16690364661777
h           -3.57394226564059        0.72981415683926       -1.67705821199258
h           -1.87467275475861        1.44398578616977       -1.80342184800380
h           -0.68286438245733       -2.60838880485468       -1.17561769527128
h           -4.33465060273645       -0.43587279523419        0.19128404846489
h           -3.09217582877651       -1.43727724512090        0.97403305001229
h           -3.58653468935713        0.09183413101290        1.72216941016533
