35
 energy: -46.149212851078 gnorm: 0.049654042582 xtb: 6.7.1 (edcfbbe)
c            0.10904817065080       -0.71247657260850       -0.24353248801043
c            0.62689783058300        0.62580095701945       -0.91489078203247
c           -0.46543787317755        1.74124679227101       -0.84998549522507
c           -1.26463425172680        1.78388667448536        0.47098186704341
c           -1.71768098574074        0.36408545734110        0.89834721567277
c           -0.47733678432278       -0.51931274359890        1.17932369763729
c           -1.19881892224914       -1.14079882119601       -0.98651287844040
c           -2.32955483824189       -0.38978316989237       -0.27702986519192
o            0.47286928314325       -0.01450441397809        2.11368948303333
c            1.20228459960905       -1.80216866900014       -0.31050161682416
c           -3.62288674538486       -0.40064153284106       -0.61812219075691
c            2.02797431114013        1.12937034191345       -0.52949893785996
c            3.07948502452596        0.79065385382079       -1.29739938596903
h            0.72244567707970        0.35411981695583       -1.98000385393065
o            0.76502442092010       -3.09616233553269        0.13219288010016
c            2.22348118916795        2.07787561039299        0.63811487850539
h           -0.00953840111438        2.72348700230449       -1.05072991776427
h           -1.17478282937260        1.57293854136668       -1.67574354039412
h           -0.66525252884003        2.22632198769218        1.28212542664697
h           -2.15025490699991        2.42674965601164        0.33930093195110
h           -2.40118975476357        0.42432850297690        1.76119681961156
h           -0.83975170935514       -1.50761096701755        1.52948966742299
h           -1.15880978057386       -0.92443179655246       -2.06598090362486
h           -1.33915144188018       -2.22862616855484       -0.88092628387061
h            0.02708583869053        0.07111887435170        2.98110617947062
h            2.09111914992249       -1.47553211932905        0.25356013976519
h            1.51434096262802       -1.93694905150074       -1.35903186477464
h           -3.98489507019382       -0.95828895940023       -1.48600431883977
h           -4.37120164478680        0.15143658583564       -0.04391245742349
h            4.08870512718089        1.14816285259283       -1.07873091665947
h            2.97364465672519        0.14360154595190       -2.17183213120387
h            0.74186490022550       -3.09204746867134        1.10935004340088
h            1.63918692436816        3.00324394396840        0.50131033526579
h            1.88997187245143        1.62444015375328        1.57899495279314
h            3.28101950533236        2.36545536390416        0.73303512580164
35
 energy: -46.155364643985 gnorm: 0.014786244133 xtb: 6.7.1 (edcfbbe)
c            0.10397475937540       -0.69403617245091       -0.24894967963858
c            0.62180705756706        0.62541241931711       -0.91518813332808
c           -0.46663224082091        1.72306938347440       -0.84224413404463
c           -1.25267189974704        1.76955104025874        0.47010534668594
c           -1.70353666580609        0.36102766360706        0.88653794421139
c           -0.46515977450408       -0.50630569941009        1.17205822213759
c           -1.19178045017694       -1.12905001874660       -0.98276824274810
c           -2.30939212050776       -0.38209775536129       -0.28372056102261
o            0.46744687792167        0.00383672862081        2.10709406757404
c            1.19298788421278       -1.77902805624926       -0.31681594657976
c           -3.58953764959253       -0.39626374247252       -0.61671391947108
c            2.01130245200903        1.11924182295719       -0.52483343513914
c            3.05326256068493        0.78859033206819       -1.28213206116288
h            0.72155634334586        0.35869022985655       -1.97600975239668
o            0.76026970669666       -3.06027015668843        0.12740420284188
c            2.20222822097025        2.05824324880537        0.63285738654507
h           -0.00629687753429        2.69726297305452       -1.03168235242205
h           -1.17851699912565        1.55149863381745       -1.65595979300101
h           -0.64639226026974        2.19833359967987        1.27312928237520
h           -2.13281982285847        2.40753720405640        0.33642692235300
h           -2.38278891817582        0.42234598897252        1.74401072900972
h           -0.81964344659165       -1.49124253746801        1.52617929973303
h           -1.15882337264995       -0.91574469334508       -2.05329275160296
h           -1.33002980091252       -2.20980240313381       -0.86849196173657
h            0.02073211475387        0.08453944377061        2.96380096069102
h            2.07193174702120       -1.45812761996928        0.25519384924822
h            1.49571464808288       -1.92740938979836       -1.35901387463333
h           -3.95326712050856       -0.95449812206191       -1.46783015544026
h           -4.33251373381303        0.14663722505810       -0.04932443344555
h            4.05154340605958        1.14355643279736       -1.06732191698382
h            2.96024784705312        0.14457832407711       -2.14516152658540
h            0.73487534356487       -3.05673596602088        1.09543402292623
h            1.62809855467849        2.97706063698055        0.49041563671707
h            1.87336987761152        1.59564134593535        1.56171142547975
h            3.25372472760625        2.33294738124696        0.72684514817967
35
 energy: -46.156289292548 gnorm: 0.004923415014 xtb: 6.7.1 (edcfbbe)
c            0.10818850899295       -0.68567676710477       -0.25335805973150
c            0.61061596100164        0.62551014867103       -0.92099675978664
c           -0.47028760541618        1.72107324435178       -0.84599444977315
c           -1.23987801011019        1.76320399282736        0.47142889373932
c           -1.69321024577564        0.36029424046915        0.88582429956508
c           -0.45338548353477       -0.49874354848185        1.16681412498236
c           -1.18251083857133       -1.12288198625882       -0.97821379104265
c           -2.29412308996686       -0.38254647889887       -0.27946255082635
o            0.46817249143439        0.02166319167065        2.09840629166814
c            1.19594775562241       -1.76739621660223       -0.32318955972425
c           -3.57111468250841       -0.39706589080326       -0.61120681569370
c            1.99318810952862        1.11382270614459       -0.52694468829673
c            3.03576878950031        0.77920500152491       -1.27485290292963
h            0.71307256497633        0.36040722507534       -1.98009844596613
o            0.76273915300801       -3.03877405349633        0.12649476953840
c            2.17679554244592        2.03940036366154        0.63560793628359
h           -0.01213311371326        2.69217519710138       -1.03852532805953
h           -1.18889624921814        1.54243958437507       -1.64806455371975
h           -0.62288978529018        2.17985402237804        1.26859526181957
h           -2.11518713973010        2.40383593523265        0.34627553560694
h           -2.37094921748824        0.42049892803753        1.74156793303348
h           -0.79697140093845       -1.48511934499861        1.52356401630871
h           -1.15276301265309       -0.91320234945018       -2.04610503491861
h           -1.31505098500048       -2.20108007476634       -0.85783917124673
h            0.01907928278551        0.10684976780350        2.94815980881126
h            2.07014264681682       -1.43974818581313        0.24783342424671
h            1.49014326874013       -1.91859203460108       -1.36393751523790
h           -3.93100428123070       -0.94470441390776       -1.46520809367037
h           -4.31009731273060        0.15265137690854       -0.05359163468166
h            4.03076500575196        1.12600912315835       -1.05236537361743
h            2.95014774019749        0.13629047972480       -2.13438863136198
h            0.72418508254565       -3.02743222022716        1.08978751304794
h            1.60866085573020        2.95658002229499        0.49421728894434
h            1.84151595966292        1.56624130351402        1.55349383398730
h            3.22659471075569        2.30394743572083        0.73802224402816
35
 energy: -46.156441147155 gnorm: 0.002778739580 xtb: 6.7.1 (edcfbbe)
c            0.10931594320965       -0.68179660458098       -0.25649618392225
c            0.60769284460987        0.62641939741678       -0.92789922188920
c           -0.47580913532802        1.71877581816462       -0.84908583411709
c           -1.23466828699637        1.76395633701257        0.47504460700430
c           -1.68851564440234        0.35995958010737        0.88597726801495
c           -0.44806767852637       -0.49767040875836        1.16625288538521
c           -1.18083434367197       -1.12525461682629       -0.97644296814574
c           -2.28908175032048       -0.37805999464372       -0.28174067566000
o            0.46993337447403        0.02343679546344        2.09913443220522
c            1.19985570592654       -1.76104152435398       -0.32683608067769
c           -3.56583580878732       -0.38644751012386       -0.61725437352477
c            1.98869512578994        1.11223575118079       -0.52984167953393
c            3.03428989566728        0.77135925222282       -1.27138752033762
h            0.70924642447041        0.36145475831029       -1.98740071286539
o            0.77032962904293       -3.03001514010210        0.12702989907323
c            2.16656825963188        2.03282042566923        0.63718996789035
h           -0.02020404861489        2.68950832323856       -1.04733452781655
h           -1.20113293309260        1.53774867375750       -1.64456104853952
h           -0.60673803694022        2.17251149066745        1.26788780041833
h           -2.10721882186006        2.41026039152102        0.36069724005923
h           -2.36574701564721        0.41913023006141        1.74201509127342
h           -0.78872209226295       -1.48544210817691        1.52229876454410
h           -1.15169261944594       -0.92098146302096       -2.04552721034882
h           -1.31297960630924       -2.20312099477499       -0.85043519855560
h            0.01563514913805        0.11947686127762        2.94472247939640
h            2.07506445757094       -1.42803529299627        0.23975889917420
h            1.49070479464081       -1.91297158824070       -1.36811191770472
h           -3.92624566539140       -0.94518297211345       -1.46413314633573
h           -4.30548344341128        0.15428067309632       -0.05198141568566
h            4.02960826786131        1.11273955860670       -1.04140832216105
h            2.94931950816177        0.13200706088151       -2.13385175531745
h            0.71872894452644       -3.01033898630114        1.08964197734097
h            1.59924175056843        2.95039904911346        0.49747340121312
h            1.82389504955694        1.55332991732938        1.54879389682549
h            3.21612278178172        2.29353858515048        0.74956099864705
35
 energy: -46.156547917838 gnorm: 0.002946907190 xtb: 6.7.1 (edcfbbe)
c            0.11163445126184       -0.67956137710748       -0.26032084497416
c            0.60341556423522        0.62873123869648       -0.93491157834638
c           -0.48327526334031        1.71825911658707       -0.85340299946261
c           -1.22768530387222        1.76435672438686        0.47992148817987
c           -1.68441090798240        0.35887506319477        0.88758664362502
c           -0.44302703482965       -0.49831721095789        1.16544577924099
c           -1.17993721013231       -1.12995359364127       -0.97316380748817
c           -2.28654558787062       -0.38014571272592       -0.27869078956807
o            0.47116288517462        0.01945583797654        2.10264962281501
c            1.20705905606371       -1.75522851526383       -0.33251221358292
c           -3.56360830324950       -0.38392305880626       -0.61680504919416
c            1.98385698596794        1.11256356874004       -0.53411867559160
c            3.03303543803027        0.76310778254458       -1.26782579793982
h            0.70287956403699        0.36445067932862       -1.99531996908715
o            0.78656052670936       -3.02272789711622        0.12846257714692
c            2.15611626371332        2.02771700600670        0.63808169601801
h           -0.03311368893452        2.68971337316478       -1.06200511947341
h           -1.21762042909716        1.53078440997776       -1.63966753917227
h           -0.58506348326267        2.16302421611445        1.26643558989704
h           -2.09623464119276        2.41900947951355        0.38114742626510
h           -2.36029591468158        0.41673118939353        1.74506488665464
h           -0.78228273539508       -1.48779068774391        1.51883921747165
h           -1.15390752209392       -0.93399656072147       -2.04466647664675
h           -1.31010120020130       -2.20755515096105       -0.83910502359592
h            0.00692309106765        0.13606727929187        2.94125324862258
h            2.08473330563202       -1.41423813956246        0.22677263119847
h            1.49343431773487       -1.90839567234444       -1.37504406117680
h           -3.92025702533940       -0.93394458385163       -1.47149696663961
h           -4.29994182744623        0.16974690409828       -0.05895398860555
h            4.02975875902578        1.09465224823675       -1.02647847883108
h            2.94872623725712        0.12405835269621       -2.13129344922283
h            0.71344383918928       -2.98861555374187        1.09045271869132
h            1.58970558772120        2.94631419506181        0.50013576422417
h            1.80481275955548        1.54125907254221        1.54268877298946
h            3.20532042216526        2.28450570222842        0.76259458088591
35
 energy: -46.156585010753 gnorm: 0.002477054181 xtb: 6.7.1 (edcfbbe)
c            0.11282276552526       -0.68140044305205       -0.26056941514542
c            0.60173463701262        0.62945993748514       -0.93515890957533
c           -0.48567307493426        1.71863252470475       -0.85351821337665
c           -1.22476797986963        1.76375045112102        0.48251869750274
c           -1.68404006236458        0.35824515886643        0.88904026125647
c           -0.44361731301572       -0.50130491575823        1.16538825084828
c           -1.18021735361229       -1.13225840002686       -0.97142831778901
c           -2.28647331241950       -0.37797793215812       -0.27950515995410
o            0.47032338420903        0.01077063531662        2.10642077805043
c            1.21058262623693       -1.75519416288781       -0.33513079383600
c           -3.56253688298361       -0.37586253547866       -0.62153908039572
c            1.98296570109793        1.11291531967444       -0.53450452667951
c            3.03280266217795        0.76007187682966       -1.26550490885793
h            0.70051349726142        0.36604305421401       -1.99601794072821
o            0.79722637530916       -3.02327992272002        0.13033825336240
c            2.15469372649543        2.02917770664868        0.63688675408482
h           -0.03921785701712        2.69104489470663       -1.06772983042488
h           -1.22249884134286        1.52615080516780       -1.63633819268721
h           -0.57782023333658        2.15816496341296        1.26712639132674
h           -2.09114989473180        2.42195866132713        0.38975989764805
h           -2.36042280387625        0.41529971254811        1.74652863547380
h           -0.78541550768552       -1.49134611306645        1.51531973732292
h           -1.15493345230447       -0.94166394004583       -2.04411258387161
h           -1.31110963404147       -2.20932414485573       -0.83254845951230
h           -0.00047494501350        0.14230308759957        2.93994595118985
h            2.09028044593929       -1.41062641609475        0.21959114839868
h            1.49368967353458       -1.90955987172592       -1.37875208768699
h           -3.91954729207446       -0.92946339792363       -1.47395142132986
h           -4.29886040708315        0.17687646559957       -0.06264291516212
h            4.02928593067260        1.09127507984121       -1.02328673384788
h            2.94855491434816        0.12002410749602       -2.12832513418255
h            0.71353364967007       -2.98124500141746        1.09147098946498
h            1.58910297521019        2.94838585263508        0.49774982013768
h            1.80236082496188        1.54319304703725        1.54117236162017
h            3.20357403366456        2.28575358021508        0.76305651268217
35
 energy: -46.156605675306 gnorm: 0.001398101850 xtb: 6.7.1 (edcfbbe)
c            0.11255531006730       -0.68365903715914       -0.26012627168037
c            0.60138012277403        0.62874768741153       -0.93439694302587
c           -0.48710803683765        1.71662896519314       -0.85137581798126
c           -1.22344269798371        1.76269585278308        0.48530436363463
c           -1.68364478500874        0.35702102712530        0.88993950012060
c           -0.44467378725333       -0.50485998600416        1.16579856668700
c           -1.18096506526396       -1.13483262898152       -0.97064865469589
c           -2.28674913344137       -0.37764351666815       -0.27994714689118
o            0.47053165384435        0.00351692445144        2.10844446393713
c            1.21169091309693       -1.75563040411141       -0.33695737187698
c           -3.56176855681747       -0.37070306562615       -0.62481254497022
c            1.98289870471032        1.11327970510694       -0.53399655184781
c            3.03281033476144        0.75991119276391       -1.26411236086449
h            0.70018925166800        0.36608790642403       -1.99539301860451
o            0.80417071731453       -3.02422452993556        0.13309829407513
c            2.15454130220558        2.03196845287130        0.63559767051501
h           -0.04274092081402        2.68942402345969       -1.06837031688896
h           -1.22454810978329        1.52147946837196       -1.63270185348417
h           -0.57480667250038        2.15471319911055        1.26916364827183
h           -2.08862898424939        2.42247904090771        0.39534253865853
h           -2.36022598292147        0.41343823859863        1.74733839713811
h           -0.78935782580566       -1.49501896710499        1.51355333992783
h           -1.15624555074873       -0.94826044143155       -2.04389666449152
h           -1.31310842781026       -2.21120051486869       -0.82760018473721
h           -0.00453850751652        0.14838429436303        2.93734523449633
h            2.09372589267518       -1.40895588578399        0.21309089987999
h            1.49031029717529       -1.91209422350455       -1.38169151074541
h           -3.91906808494832       -0.92095912200624       -1.47916273651900
h           -4.29739770844672        0.18535487782736       -0.06831249715727
h            4.02880792492334        1.09240007237397       -1.02284914478045
h            2.94932907383930        0.11722629620097       -2.12491397444005
h            0.71535258109785       -2.97688682640308        1.09296797591751
h            1.58956587319109        2.95140020896167        0.49430215929168
h            1.80315196595387        1.54815174592240        1.54155105423953
h            3.20327789447288        2.28960969459625        0.76017727421861
35
 energy: -46.156618836741 gnorm: 0.001273884742 xtb: 6.7.1 (edcfbbe)
c            0.11210089014209       -0.68750038761782       -0.25968883933727
c            0.60054951404952        0.62671112231013       -0.93203154835989
c           -0.48792992450374        1.71400219282535       -0.84833613895196
c           -1.22199919313847        1.75943094932171        0.48882449472362
c           -1.68294921822077        0.35385731858621        0.89146995142060
c           -0.44453261247799       -0.50888341340384        1.16589526717731
c           -1.18169814371167       -1.13797098944729       -0.96999279053183
c           -2.28635913916484       -0.37731107185821       -0.28094316003342
o            0.47290733791141       -0.00151976963726        2.10756292248961
c            1.21143079037073       -1.75798289581064       -0.33927709188682
c           -3.55980067782660       -0.36265274487208       -0.63024953413589
c            1.98179843251454        1.11291883577087       -0.53195436758836
c            3.03189339738237        0.76081270463771       -1.26212657718464
h            0.69986079058910        0.36479001193929       -1.99285339838819
o            0.80906754033644       -3.02595501692294        0.13820677532755
c            2.15331471518148        2.03579218442361        0.63449708639068
h           -0.04441994641192        2.68678048265994       -1.06647789599324
h           -1.22609768966090        1.51751456839416       -1.62837644109176
h           -0.57274479587620        2.15017151642217        1.27256587436344
h           -2.08685251362779        2.41947234337956        0.40024288984384
h           -2.35987022314306        0.40850377659490        1.74864401892469
h           -0.79088981687252       -1.49864377800051        1.51390839430269
h           -1.15669570583973       -0.95498983045855       -2.04338970757889
h           -1.31607816110375       -2.21335614522294       -0.82270708573577
h           -0.00496866055409        0.15878309438179        2.93118826013183
h            2.09647866459122       -1.40904952745351        0.20432465138833
h            1.48303510844444       -1.91861539655327       -1.38518346077549
h           -3.91809526685579       -0.90806342164113       -1.48713158771481
h           -4.29458994515990        0.19681268090119       -0.07620868499067
h            4.02727183343268        1.09650035240605       -1.02315771791444
h            2.94964560910114        0.11616193931772       -2.12136270215381
h            0.71801662868325       -2.97266944259160        1.09674727318620
h            1.58819476327175        2.95466419056759        0.48999918981611
h            1.80404205857031        1.55526952484208        1.54340656290146
h            3.20223453519756        2.29520376704536        0.75571493328597
35
 energy: -46.156625350884 gnorm: 0.000752747620 xtb: 6.7.1 (edcfbbe)
c            0.11216524914218       -0.68895062228605       -0.25969679774857
c            0.60013612841870        0.62518968155865       -0.93187885463166
c           -0.48836854074049        1.71237639455277       -0.84693070958195
c           -1.22253590775395        1.75774832861948        0.49059343583596
c           -1.68208407014357        0.35150927283899        0.89239317506638
c           -0.44322322393040       -0.51071116812522        1.16616361237828
c           -1.18165236330717       -1.13924338386332       -0.96965899840093
c           -2.28549383947693       -0.37750465441287       -0.28119609295188
o            0.47477152869739       -0.00128023594343        2.10589844483482
c            1.21075703332226       -1.75988906590450       -0.34043666437842
c           -3.55820597171183       -0.35801704969865       -0.63322474704720
c            1.98058082756967        1.11295116985649       -0.53160156504863
c            3.03109451862494        0.76190103222436       -1.26192966373090
h            0.69959776603759        0.36378348804575       -1.99283172798263
o            0.80866838373573       -3.02641620469344        0.14111029346792
c            2.15176671402650        2.03702038549911        0.63414936071871
h           -0.04420983831573        2.68494596048168       -1.06416857782364
h           -1.22699372754570        1.51727662324931       -1.62691804968224
h           -0.57306606026467        2.14894941186214        1.27423506197635
h           -2.08798448935050        2.41733750186176        0.40218887101519
h           -2.35904053480261        0.40476670022534        1.74954558193667
h           -0.78788455724997       -1.50025243162144        1.51636596161020
h           -1.15619129038587       -0.95684921875417       -2.04315223808201
h           -1.31668023315661       -2.21443660325946       -0.82161046089012
h           -0.00322961196449        0.16556078505760        2.92784252559266
h            2.09749058062651       -1.41028430776490        0.19969171935967
h            1.47889143996180       -1.92330409941309       -1.38662498293528
h           -3.91664359376838       -0.90056839707309       -1.49195199113791
h           -4.29239263717155        0.20258947080118       -0.07944807853167
h            4.02648731949069        1.09797437016361       -1.02256718841725
h            2.94968646989652        0.11580844385188       -2.12025437861056
h            0.71937358688760       -2.97066205388678        1.09987700683500
h            1.58533606888986        2.95488307644417        0.48918815590878
h            1.80376192804812        1.55725071714142        1.54390608011027
h            3.20058592328465        2.29753640760055        0.75468229629334
35
 energy: -46.156628125634 gnorm: 0.000544470315 xtb: 6.7.1 (edcfbbe)
c            0.11226495670252       -0.69025791381485       -0.25971652105886
c            0.59973827508866        0.62419728424579       -0.93077118021836
c           -0.48882160325448        1.71157143635119       -0.84579005364356
c           -1.22361931547248        1.75563816159973        0.49201364371096
c           -1.68178128422309        0.34884492808500        0.89358268475554
c           -0.44157360682808       -0.51162036148939        1.16659449367111
c           -1.18179231067333       -1.14049721123591       -0.96924497861682
c           -2.28493869976123       -0.37803973446972       -0.28126079934722
o            0.47684161325625        0.00001686767128        2.10453842120599
c            1.20987572803830       -1.76244115147068       -0.34153579029263
c           -3.55678831554736       -0.35316594016564       -0.63636047256346
c            1.98001665970802        1.11202056405397       -0.53047039835756
c            3.03084191837279        0.76088073267363       -1.26057524566425
h            0.69901654772931        0.36318285202382       -1.99189538178172
o            0.80740790476516       -3.02719855749271        0.14406470082689
c            2.15059754260757        2.03793519390627        0.63395589226722
h           -0.04407813414116        2.68420482092509       -1.06148884072518
h           -1.22735905048201        1.51799922305279       -1.62635752864819
h           -0.57522814583055        2.14873992339707        1.27571889997847
h           -2.09025360045089        2.41359624005615        0.40275402429877
h           -2.35856492341313        0.40060752735012        1.75099675772861
h           -0.78416596707505       -1.50105022338014        1.51867349032275
h           -1.15603900543431       -0.95834718006417       -2.04294464920773
h           -1.31701758565443       -2.21571129886191       -0.82104210642441
h           -0.00115899760124        0.17300593477955        2.92519763157844
h            2.09886753321969       -1.41267450207751        0.19465028743497
h            1.47416719829010       -1.92866674565843       -1.38818125863936
h           -3.91494540798996       -0.89256371474917       -1.49725641746998
h           -4.29010436809210        0.20885954235965       -0.08275137694900
h            4.02555358746084        1.10036477472382       -1.02324800517185
h            2.94917115708422        0.11651672752920       -2.12019881045069
h            0.72363617438562       -2.97001771313280        1.10344638522999
h            1.58226596752829        2.95457357231110        0.48880266334634
h            1.80416058972989        1.55842630892992        1.54438103260962
h            3.19907794357797        2.30005935727375        0.75346862159188
35
 energy: -46.156629295618 gnorm: 0.000462524665 xtb: 6.7.1 (edcfbbe)
c            0.11246573093245       -0.69052492750178       -0.25960330814583
c            0.59955911681042        0.62414516920732       -0.93059488983352
c           -0.48914353755532        1.71143526223504       -0.84505969103767
c           -1.22454627842302        1.75510236491222        0.49247297505850
c           -1.68186116125538        0.34804208887027        0.89417921942944
c           -0.44131799940402       -0.51204847482351        1.16687142893659
c           -1.18182797816944       -1.14085056049244       -0.96880104434447
c           -2.28487199828924       -0.37798566548599       -0.28124310107987
o            0.47708211588902       -0.00008055257523        2.10465648124003
c            1.20976204362727       -1.76329204837261       -0.34212925412523
c           -3.55625565837940       -0.35072604145962       -0.63782345874595
c            1.97978370155067        1.11306920097842       -0.53129041118017
c            3.03040326067288        0.76218588203721       -1.26167913957914
h            0.69837331915135        0.36348941898606       -1.99190428369601
o            0.80749489988743       -3.02736228644894        0.14521331369278
c            2.15050760791735        2.03821214735800        0.63371946330370
h           -0.04460342490589        2.68430280183285       -1.06034925936265
h           -1.22728231946625        1.51792942872420       -1.62601650720940
h           -0.57687218865343        2.14909817404094        1.27625910081150
h           -2.09174747189489        2.41218642559171        0.40257736381379
h           -2.35854075834324        0.39937193594497        1.75174021788720
h           -0.78342150522743       -1.50164598636765        1.51887123699107
h           -1.15613715325566       -0.95912154299010       -2.04265125115967
h           -1.31688760556119       -2.21609078780136       -0.82028230885611
h           -0.00133026412836        0.17539193406017        2.92469559436512
h            2.09986449028191       -1.41344650135198        0.19220647709788
h            1.47220864679990       -1.93036410511819       -1.38917822079306
h           -3.91419070998135       -0.88958171016123       -1.49908991144607
h           -4.28925201569640        0.21150217949587       -0.08407105016641
h            4.02569923592976        1.09868333162433       -1.02220249667658
h            2.94919253299236        0.11450356921049       -2.11891650823994
h            0.72798037961185       -2.97005941340083        1.10499254758452
h            1.58104668946725        2.95429412418750        0.48950952054424
h            1.80522964266375        1.55773607149964        1.54411150186097
h            3.19870759002460        2.30148881879011        0.75255946838717
35
 energy: -46.156630313279 gnorm: 0.000312589317 xtb: 6.7.1 (edcfbbe)
c            0.11248554185164       -0.69009578810206       -0.25951333623397
c            0.59947315519724        0.62437975413912       -0.93113787730361
c           -0.48936222529445        1.71151160594070       -0.84495648438289
c           -1.22487736212017        1.75563432116238        0.49233675801355
c           -1.68188880485714        0.34847103398875        0.89411808035626
c           -0.44180408762962       -0.51221574365098        1.16694074309776
c           -1.18178310459379       -1.14063444792218       -0.96863146816448
c           -2.28500137167460       -0.37790761713858       -0.28107457440975
o            0.47629292527660       -0.00080368420804        2.10534203493378
c            1.21002479677912       -1.76263711566238       -0.34226277134250
c           -3.55635593557166       -0.35085651502562       -0.63762426738116
c            1.97990634924200        1.11259500504741       -0.53132589356578
c            3.03053763193574        0.76075265000253       -1.26117444637181
h            0.69827065702465        0.36381083683520       -1.99248951737402
o            0.80838327229669       -3.02677805520950        0.14531092152225
c            2.15072795333580        2.03778745506176        0.63359983007008
h           -0.04508210933843        2.68446101309914       -1.06042220921538
h           -1.22741434361884        1.51772889118374       -1.62588505727055
h           -0.57711271020906        2.14942897755738        1.27615919015328
h           -2.09207344977633        2.41279655780103        0.40246260247899
h           -2.35849662325322        0.40004147687619        1.75169920969302
h           -0.78423015349798       -1.50204149193108        1.51816374140276
h           -1.15633654585637       -0.95933229646725       -2.04252184310037
h           -1.31654244684557       -2.21583488249541       -0.81961323057966
h           -0.00253072346171        0.17431981399673        2.92521046844413
h            2.10017501857453       -1.41250331503768        0.19180748755440
h            1.47221291871489       -1.92945871395042       -1.38946914590813
h           -3.91409592056209       -0.88954310067677       -1.49903270530284
h           -4.28931478320270        0.21174126788355       -0.08426249230432
h            4.02567782952349        1.09781242999465       -1.02225323793829
h            2.94895012380341        0.11403346627008       -2.11903169173725
h            0.73080051750305       -2.96981975681356        1.10527769443759
h            1.58104547102230        2.95381011685258        0.48981016056576
h            1.80573784890395        1.55694798228783        1.54387218658980
h            3.19887166599897        2.30138759354663        0.75232095590006
35
 energy: -46.156630897288 gnorm: 0.000156859812 xtb: 6.7.1 (edcfbbe)
c            0.11224497668949       -0.68981185707179       -0.25971977666701
c            0.59924205985401        0.62473908069081       -0.93110568506073
c           -0.48955561383068        1.71183680504974       -0.84515494245831
c           -1.22471064102422        1.75578196187322        0.49229851746797
c           -1.68199626053649        0.34867199090056        0.89395123615773
c           -0.44192020867645       -0.51193741548744        1.16674973922406
c           -1.18198073578127       -1.14070864833014       -0.96869145765446
c           -2.28515404203542       -0.37778738278396       -0.28121218688098
o            0.47596702774757       -0.00094558845625        2.10562734183075
c            1.21008512901914       -1.76196970086088       -0.34240417060430
c           -3.55651478154417       -0.35087552320546       -0.63772107709251
c            1.97987877732531        1.11237828190110       -0.53132765778978
c            3.03048391420635        0.75973289187998       -1.26086619144977
h            0.69792192667408        0.36415009737053       -1.99240827099037
o            0.80910475786608       -3.02607954638594        0.14580792745688
c            2.15078609390047        2.03730356894603        0.63373917671860
h           -0.04527545584238        2.68475940466835       -1.06068259579983
h           -1.22774398636298        1.51800165957265       -1.62596357481498
h           -0.57699731955960        2.14956099754533        1.27622314903136
h           -2.09194646897208        2.41291837597767        0.40247461150916
h           -2.35854541247338        0.40034546461200        1.75156991251859
h           -0.78455738451364       -1.50186205088544        1.51750109923778
h           -1.15667774482103       -0.95981171366968       -2.04259118522345
h           -1.31672131660459       -2.21581500802266       -0.81910668828867
h           -0.00307447083814        0.17343195565653        2.92540570394188
h            2.10029617122377       -1.41131902471992        0.19114961668088
h            1.47191244799563       -1.92893422062800       -1.38966876231350
h           -3.91424515992579       -0.88953006264374       -1.49915409228399
h           -4.28950311999078        0.21178571032904       -0.08448411319789
h            4.02571515539838        1.09658809183192       -1.02208079216091
h            2.94859597018972        0.11350451656502       -2.11904479012569
h            0.73419865637381       -2.96940837321485        1.10602822337408
h            1.58068533776868        2.95314849675198        0.49057694903349
h            1.80634658267218        1.55593009776444        1.54395505402437
h            3.19892611404876        2.30121639171511        0.75207956797629
35
 energy: -46.156631255140 gnorm: 0.000133158609 xtb: 6.7.1 (edcfbbe)
c            0.11212841507511       -0.68981269237385       -0.25983935364979
c            0.59898548636707        0.62486035103135       -0.93112370868439
c           -0.48955960437607        1.71218795218754       -0.84501476881159
c           -1.22493923062216        1.75575801893021        0.49233247209462
c           -1.68222252835693        0.34863389733443        0.89393498619484
c           -0.44207286130570       -0.51194077427627        1.16656449751374
c           -1.18213992959504       -1.14067081499260       -0.96872849451936
c           -2.28531618373319       -0.37753670657151       -0.28144299578830
o            0.47586808744077       -0.00104549444999        2.10550733111527
c            1.20998557879434       -1.76190649310922       -0.34263492288083
c           -3.55659359118300       -0.35028350686949       -0.63823499701163
c            1.97971665311318        1.11215622908802       -0.53126471647328
c            3.03023036978262        0.75925865767904       -1.26078929290427
h            0.69759455997566        0.36439018271375       -1.99245636643324
o            0.80947406288148       -3.02566041443708        0.14706513969463
c            2.15085771049743        2.03692634920807        0.63388001097742
h           -0.04516207263933        2.68511521442905       -1.06032774727846
h           -1.22773646325833        1.51862372374693       -1.62589176260164
h           -0.57748350178775        2.14965994916869        1.27639646179273
h           -2.09224925018735        2.41278360460788        0.40242198343857
h           -2.35883351091018        0.40018069261259        1.75152825341105
h           -0.78466974098712       -1.50191434297590        1.51718584492760
h           -1.15680196652020       -0.96011987603138       -2.04266614216189
h           -1.31694585426805       -2.21569336905357       -0.81873861975737
h           -0.00328716503388        0.17326566940361        2.92524000355110
h            2.10058414077539       -1.41071412271428        0.18981923167651
h            1.47089585535109       -1.92970320860321       -1.39001613015754
h           -3.91436808138740       -0.88895478224819       -1.49965484342571
h           -4.28961522886971        0.21246813029859       -0.08509793053092
h            4.02557128248546        1.09581504120635       -1.02201892389287
h            2.94817879440190        0.11302865274805       -2.11896505249454
h            0.73880894897011       -2.96913159884691        1.10762746368810
h            1.57991129242537        2.95235821443948        0.49149039503011
h            1.80756519000937        1.55499997883147        1.54428338942057
h            3.19891131229538        2.30160741312423        0.75137912025748
35
 energy: -46.156631238312 gnorm: 0.000271007389 xtb: 6.7.1 (edcfbbe)
c            0.11204300020281       -0.68981849024226       -0.25993344964710
c            0.59876510689318        0.62496402698054       -0.93113143865617
c           -0.48955018903739        1.71250315321794       -0.84490107640309
c           -1.22513598441684        1.75573082310384        0.49234603021783
c           -1.68241842923804        0.34860214630171        0.89393309115280
c           -0.44219445951897       -0.51192948488300        1.16640976319241
c           -1.18226728044152       -1.14063137920738       -0.96874929939235
c           -2.28545322919328       -0.37732047363380       -0.28163127090637
o            0.47579353095488       -0.00112240694046        2.10541020930894
c            1.20991541559975       -1.76185394759276       -0.34282890772062
c           -3.55666073282051       -0.34978553768795       -0.63866188070528
c            1.97958100094544        1.11194825533170       -0.53119347203406
c            3.03001400515128        0.75883411120218       -1.26070752012738
h            0.69731957425216        0.36458791515345       -1.99248658647823
o            0.80978734244504       -3.02532588156977        0.14806769020593
c            2.15091690563110        2.03660948014531        0.63399880706998
h           -0.04505819191767        2.68543570993303       -1.06003880876409
h           -1.22771663284982        1.51915980176822       -1.62583277653651
h           -0.57792208904904        2.14976089690669        1.27653240620583
h           -2.09251669061646        2.41264872837870        0.40234538472814
h           -2.35908381048117        0.40004515031131        1.75150496819240
h           -0.78476424104596       -1.50194287375505        1.51692219643847
h           -1.15689967081484       -0.96037389487458       -2.04271709783267
h           -1.31712540398905       -2.21558218930411       -0.81841873027390
h           -0.00345954832420        0.17313290764847        2.92509987498685
h            2.10082035919352       -1.41021837295950        0.18873994350117
h            1.47008711178289       -1.93031522097262       -1.39030568834519
h           -3.91447708531607       -0.88850559241888       -1.50004656820260
h           -4.28971395255358        0.21303694977679       -0.08560769227146
h            4.02544146701710        1.09517381526152       -1.02198010052170
h            2.94781805660154        0.11262388554942       -2.11889541123091
h            0.74263522283617       -2.96894415451727        1.10891452607702
h            1.57927919782856        2.95170392114844        0.49223240517679
h            1.80856900314539        1.55423655971385        1.54456356863285
h            3.19890229676397        2.30192138796216        0.75079672628897
35
 energy: -46.156631454784 gnorm: 0.000096889974 xtb: 6.7.1 (edcfbbe)
c            0.11191552167324       -0.68984768944096       -0.25999675101135
c            0.59879408754446        0.62492877220933       -0.93110987694818
c           -0.48970987459388        1.71227889733913       -0.84488201765607
c           -1.22497093522430        1.75577602508727        0.49257087414483
c           -1.68234235411050        0.34858059331314        0.89380816734258
c           -0.44226758368969       -0.51213582073082        1.16640963316630
c           -1.18234272109150       -1.14077315776213       -0.96885201739417
c           -2.28541619129885       -0.37736141475538       -0.28171838823434
o            0.47573313668944       -0.00129556338148        2.10537021504088
c            1.20978964855841       -1.76194610687782       -0.34286019406428
c           -3.55661004022687       -0.34968673450864       -0.63878099307361
c            1.97955975019836        1.11218543539039       -0.53134451705840
c            3.03004476397811        0.75911883552881       -1.26083478640784
h            0.69730319536672        0.36458702132113       -1.99249180878783
o            0.80986169154518       -3.02521551553478        0.14871056791935
c            2.15088241741806        2.03666604781728        0.63399746465633
h           -0.04516798972118        2.68518652721440       -1.06001970985866
h           -1.22789490365484        1.51895078937275       -1.62582587490971
h           -0.57740805431327        2.14942761631169        1.27667902329733
h           -2.09219438004097        2.41292176482752        0.40282592548766
h           -2.35901367384219        0.39996905181775        1.75135634724847
h           -0.78478939866557       -1.50214455912968        1.51693742866688
h           -1.15696185535523       -0.96049521513966       -2.04285313815278
h           -1.31725700097206       -2.21574794746977       -0.81855229402946
h           -0.00355238775893        0.17331482631416        2.92506343491203
h            2.10096449682474       -1.41014272808243        0.18819126609711
h            1.46954163195726       -1.93085144168573       -1.39037392533408
h           -3.91437574330666       -0.88809460088277       -1.50038180824422
h           -4.28962287108329        0.21315207917788       -0.08569992537536
h            4.02548575382260        1.09525050662851       -1.02189303606274
h            2.94788414613196        0.11284905262098       -2.11898038006050
h            0.74285398993860       -2.96831167589172        1.10953146398775
h            1.57908293565541        2.95167150797573        0.49242946419770
h            1.80866293131188        1.55414196129195        1.54450419957178
h            3.19880883595567        2.30208258494984        0.75081578225329
35
 energy: -46.156631573903 gnorm: 0.000065108010 xtb: 6.7.1 (edcfbbe)
c            0.11187494629234       -0.68991648516624       -0.26004471148261
c            0.59878042833568        0.62481709691168       -0.93121788197765
c           -0.48977193769914        1.71211298993651       -0.84481136599451
c           -1.22477407910153        1.75566086884049        0.49277688194094
c           -1.68235886462056        0.34848138120923        0.89377959992414
c           -0.44232274180307       -0.51228471523303        1.16638683724899
c           -1.18236529294479       -1.14077673433657       -0.96895314203934
c           -2.28539871121028       -0.37731754702712       -0.28185171978417
o            0.47569675099119       -0.00143866741102        2.10531318898233
c            1.20971889977597       -1.76207335196191       -0.34295036928590
c           -3.55656453275069       -0.34946656296396       -0.63901663331111
c            1.97946373775548        1.11224076016759       -0.53142157693848
c            3.02998763521874        0.75941678787638       -1.26098745307693
h            0.69730016759579        0.36450941964171       -1.99261951476482
o            0.81008980088640       -3.02497946289982        0.14975699333980
c            2.15073725092707        2.03659947417740        0.63404391602012
h           -0.04527896371917        2.68501648288780       -1.06008274746450
h           -1.22811323326864        1.51873569062427       -1.62560030497346
h           -0.57677125777713        2.14881814087162        1.27675846770260
h           -2.09177111998644        2.41314893805040        0.40344297217055
h           -2.35908835729389        0.39978357734171        1.75128232752168
h           -0.78486176754484       -1.50226746807832        1.51691591748174
h           -1.15693555145530       -0.96048125914203       -2.04296520177903
h           -1.31735039770610       -2.21576010980771       -0.81870079169524
h           -0.00350510021730        0.17329840579623        2.92498890083235
h            2.10127888199503       -1.40996292319771        0.18726147479600
h            1.46873248589053       -1.93167444132838       -1.39052689819125
h           -3.91428873223209       -0.88772910412973       -1.50071562141098
h           -4.28952020325419        0.21355596148551       -0.08605558915571
h            4.02539705014439        1.09557864433886       -1.02194613078411
h            2.94793144122143        0.11296586361289       -2.11901207728730
h            0.74325902412329       -2.96721379982949        1.11052454966981
h            1.57875337512071        2.95151441013403        0.49268118162467
h            1.80869341417183        1.55387400879277        1.54450202279944
h            3.19861652975963        2.30220345505182        0.75081431466864
35
 energy: -46.156631586810 gnorm: 0.000142540935 xtb: 6.7.1 (edcfbbe)
c            0.11183437091144       -0.68998528089151       -0.26009267195387
c            0.59876676912689        0.62470542161403       -0.93132588700713
c           -0.48983400080440        1.71194708253389       -0.84474071433294
c           -1.22457722297877        1.75554571259370        0.49298288973705
c           -1.68237537513062        0.34838216910531        0.89375103250570
c           -0.44237789991645       -0.51243360973524        1.16636404133168
c           -1.18238786479808       -1.14078031091101       -0.96905426668451
c           -2.28538123112172       -0.37727367929887       -0.28198505133400
o            0.47566036529293       -0.00158177144057        2.10525616292379
c            1.20964815099353       -1.76220059704599       -0.34304054450753
c           -3.55651902527450       -0.34924639141928       -0.63925227354861
c            1.97936772531261        1.11229608494479       -0.53149863681856
c            3.02993050645937        0.75971474022395       -1.26114011974601
h            0.69729713982486        0.36443181796229       -1.99274722074181
o            0.81031791022763       -3.02474341026486        0.15080341876024
c            2.15059208443608        2.03653290053753        0.63409036738390
h           -0.04538993771716        2.68484643856121       -1.06014578507033
h           -1.22833156288243        1.51852059187579       -1.62537473503721
h           -0.57613446124098        2.14820866543155        1.27683791210788
h           -2.09134785993192        2.41337611127329        0.40406001885343
h           -2.35916304074559        0.39959810286567        1.75120830779489
h           -0.78493413642411       -1.50239037702697        1.51689440629660
h           -1.15690924755538       -0.96046730314441       -2.04307726540527
h           -1.31744379444015       -2.21577227214565       -0.81884928936101
h           -0.00345781267568        0.17328198527829        2.92491436675267
h            2.10159326716532       -1.40978311831299        0.18633168349489
h            1.46792333982379       -1.93249744097103       -1.39067987104842
h           -3.91420172115751       -0.88736360737669       -1.50104943457774
h           -4.28941753542510        0.21395984379315       -0.08641125293605
h            4.02530834646618        1.09590678204922       -1.02199922550547
h            2.94797873631091        0.11308267460481       -2.11904377451410
h            0.74366405830799       -2.96611592376725        1.11151763535186
h            1.57842381458602        2.95135731229233        0.49293289905164
h            1.80872389703178        1.55360605629359        1.54449984602709
h            3.19842422356359        2.30232432515380        0.75081284708398
