35
 energy: -46.157764251321 gnorm: 0.006752459445 xtb: 6.7.1 (edcfbbe)
c            0.09088106114027       -0.64904132788761        0.07277982713225
c           -0.94182355731735        0.31639547074020        0.71261183111578
c           -0.33812151744983        1.72188255626301        0.87975259608984
c            0.49187991471796        2.20054989197512       -0.31180145033817
c            1.44529714134045        1.09338494208451       -0.77279656674245
c            0.61174951077108       -0.09431146424179       -1.26201044365923
c            1.37804505491065       -0.65300916468937        0.92008359110771
c            2.17354438236315        0.51801937102955        0.41544286018409
o            1.39078719531629       -1.07994198487855       -1.91074490794670
c           -0.48105784431317       -2.05806100801198       -0.07654097603392
c            3.31131382046733        0.96849367922916        0.91075737450358
c           -2.30812433862279        0.30762620053632        0.05483159602430
c           -3.24274485903694       -0.51354663112757        0.51360836892760
h           -1.10625797129021       -0.08798031533899        1.71723764896095
o           -0.80282248295575       -2.56926832763851        1.20101003683220
c           -2.62917187156505        1.25134385875451       -1.06714417427288
h           -1.13627243080351        2.43627401947958        1.09056880348326
h            0.31529298563972        1.70863260855714        1.75395907427723
h           -0.14567116636455        2.49164109720411       -1.14782010860863
h            1.07029205407427        3.07729807876363       -0.01214064780538
h            2.12555620134189        1.47491839525358       -1.54089821418281
h           -0.19712958168735        0.21581262769563       -1.93537472175761
h            1.92868767535465       -1.57643355309856        0.73115803442400
h            1.17254356721958       -0.60238952626694        1.98797279538093
h            1.93851942525901       -0.64572017578613       -2.57370242044048
h            0.27262173332080       -2.68577267879013       -0.56765411925154
h           -1.37461789060913       -2.02493397889730       -0.71524448651694
h            3.77173042507136        0.51680678562901        1.77296514478565
h            3.82856055789653        1.80725270990084        0.47554718061073
h           -4.22987299527437       -0.55297747154504        0.08256305083658
h           -3.05194731475240       -1.19000166822732        1.32889435228887
h           -1.13578823050330       -3.46520717253552        1.09353662538458
h           -2.44160259718194        2.28289949071161       -0.77619871524395
h           -2.03546172450197        1.03772616785984       -1.95394605446584
h           -3.67893062293023        1.16058037561429       -1.33742794169265
35
 energy: -46.157808990737 gnorm: 0.003295517544 xtb: 6.7.1 (edcfbbe)
c            0.09136586483141       -0.64862106222571        0.07369014498318
c           -0.94249282918163        0.31755987249687        0.71238019042847
c           -0.33872018618488        1.72322199156252        0.87956156753029
c            0.49167556339287        2.20132997430899       -0.31206990617173
c            1.44605987451764        1.09428343226902       -0.77222503904230
c            0.61203381765848       -0.09303844904167       -1.26129373106379
c            1.37902908057941       -0.65234110898227        0.92130847009643
c            2.17533034168933        0.51831784726782        0.41542727124216
o            1.39194361438757       -1.07976477246782       -1.91315399664416
c           -0.48013645096237       -2.05860298503120       -0.07662331977247
c            3.31418007081603        0.96757878181384        0.91049905995348
c           -2.30917951394648        0.30810475629403        0.05365991527627
c           -3.24471839346736       -0.51202202844485        0.51413600081816
h           -1.10711669124953       -0.08638481706082        1.71750256173337
o           -0.80276004299647       -2.57343792481252        1.20116202237983
c           -2.63033257715558        1.25169760615686       -1.06827991893929
h           -1.13763286256159        2.43645271687936        1.09003355882908
h            0.31322915406618        1.70898175010559        1.75477699898580
h           -0.14508859043699        2.49090203959507       -1.14869486030574
h            1.07004867903886        3.07777143124486       -0.01219485017618
h            2.12575113520657        1.47430690426609       -1.54078946403423
h           -0.19711830884866        0.21449365955056       -1.93445283613823
h            1.92963177158874       -1.57657394273775        0.73374426106421
h            1.17316654586791       -0.60120892310139        1.98918497867667
h            1.93819462101206       -0.64295175883614       -2.57816659187616
h            0.27291983027368       -2.68796107122305       -0.56679835388191
h           -1.37415447481079       -2.02635362526482       -0.71408568730322
h            3.77374473581947        0.51624521043602        1.77369012490555
h            3.83132036666200        1.80659861952868        0.47550159994613
h           -4.23211417235742       -0.55174117593823        0.08340717716451
h           -3.05471544662676       -1.18759841612265        1.33090784131625
h           -1.13518380875854       -3.47101184008044        1.09099621827500
h           -2.44170092742134        2.28252842340288       -0.77636842050911
h           -2.03631174670873        1.03728638973002       -1.95447212281188
h           -3.68026433468792        1.16089437278258       -1.33806602154351
35
 energy: -46.157823040404 gnorm: 0.001023287590 xtb: 6.7.1 (edcfbbe)
c            0.09181389896830       -0.64881959945120        0.07474311289612
c           -0.94317852395863        0.31771894131228        0.71238897550440
c           -0.33942425272872        1.72382274493501        0.87899173033547
c            0.49160491667235        2.20206836214223       -0.31206678599138
c            1.44645850226087        1.09481440485424       -0.77150505622153
c            0.61176712640239       -0.09187762389011       -1.26011410125358
c            1.37926884377306       -0.65129807498252        0.92327771069113
c            2.17589230644148        0.51917145945296        0.41633340899173
o            1.39295982606871       -1.07937055631003       -1.91502227615901
c           -0.47902771427484       -2.05911779060303       -0.07733293606493
c            3.31574490109289        0.96699225019917        0.91083585410996
c           -2.31013395387713        0.30837329519620        0.05306907741574
c           -3.24666514099588       -0.50976125943572        0.51550695640891
h           -1.10850965869779       -0.08560047874248        1.71784567389892
o           -0.80204004797723       -2.57743956770454        1.20100231150635
c           -2.63074990728967        1.25134511926448       -1.06966037621889
h           -1.13878650368270        2.43655349271937        1.08871714573988
h            0.31160153893979        1.70962078038960        1.75480533372485
h           -0.14453451730954        2.49023854573020       -1.14922272707253
h            1.06960880079081        3.07852672524454       -0.01197481664486
h            2.12597780471353        1.47390743930089       -1.54019647678842
h           -0.19723761494209        0.21331225713648       -1.93343685067197
h            1.93012362230276       -1.57603626915716        0.73757822079481
h            1.17282171602391       -0.59890483360824        1.99103061567822
h            1.93628750382574       -0.63953773734820       -2.58197410209171
h            0.27440666502161       -2.68848791989762       -0.56675049572808
h           -1.37357677645321       -2.02710114993355       -0.71339447921160
h            3.77646138124732        0.51355694453265        1.77244215640729
h            3.83446738835955        1.80425185077053        0.47422920450678
h           -4.23429566513730       -0.54938922110304        0.08510729794644
h           -3.05746864471942       -1.18503044975769        1.33301330487463
h           -1.13287954902387       -3.47627840877907        1.08781067331462
h           -2.44135787434072        2.28180028637349       -0.77758487676293
h           -2.03676289598287        1.03604461649440       -1.95552031778676
h           -3.68075379246829        1.16087330297582       -1.33913724668716
35
 energy: -46.157825624885 gnorm: 0.000737644585 xtb: 6.7.1 (edcfbbe)
c            0.09190916037618       -0.64882026763094        0.07520968824067
c           -0.94353677583432        0.31760089049062        0.71239512947180
c           -0.34009610566940        1.72394439269834        0.87909449223509
c            0.49136992693696        2.20214640504997       -0.31163895908308
c            1.44650289502861        1.09492548185251       -0.77099447531750
c            0.61160293213092       -0.09131162801832       -1.25929206407140
c            1.37883931685197       -0.65074021857999        0.92437172159123
c            2.17653832040844        0.51840344811812        0.41595032253398
o            1.39346025985959       -1.07894672211258       -1.91539570671480
c           -0.47813399475609       -2.05902874712516       -0.07796172975569
c            3.31770809659551        0.96426942182691        0.90902985325067
c           -2.31040764535540        0.30818134810372        0.05286322032879
c           -3.24750369686509       -0.50845316311078        0.51646877515554
h           -1.10927334395466       -0.08544212410240        1.71783575210441
o           -0.80094594597044       -2.57912844344471        1.20052454008635
c           -2.63048063889940        1.25037330641833       -1.07078107932169
h           -1.13970360700973        2.43662586471803        1.08821833077633
h            0.31061526575923        1.71015206656485        1.75513772300457
h           -0.14447076709969        2.49029096170504       -1.14903975758579
h            1.06907787369243        3.07867181018105       -0.01128838646339
h            2.12596486200133        1.47409373561360       -1.53969979200340
h           -0.19714276822382        0.21320405390323       -1.93278946709343
h            1.92946694424453       -1.57593248292674        0.74057970674397
h            1.17185590638211       -0.59641351820964        1.99193581266264
h            1.93395374814667       -0.63764337536112       -2.58349275612281
h            0.27571983098888       -2.68752339019283       -0.56745822670497
h           -1.37299569903766       -2.02700443165946       -0.71322152498789
h            3.77687452025258        0.51224790836883        1.77213481362140
h            3.83576383696208        1.80259178363193        0.47368222741514
h           -4.23562180345503       -0.54696722883430        0.08702324885249
h           -3.05926344942262       -1.18247514700923        1.33518746537910
h           -1.12978394987054       -3.47835804136831        1.08551664699737
h           -2.44093704040027        2.28102373025990       -0.77946422826009
h           -2.03657893550592        1.03431719743208       -1.95648804092186
h           -3.68046382024277        1.16006700106980       -1.34031843265285
35
 energy: -46.157827729970 gnorm: 0.000783716325 xtb: 6.7.1 (edcfbbe)
c            0.09180600269799       -0.64853492934455        0.07532016231951
c           -0.94390896663599        0.31745001981469        0.71244704877697
c           -0.34072876001710        1.72386159888768        0.87935812827547
c            0.49111087771483        2.20223519691213       -0.31105660160743
c            1.44639207042108        1.09517330581302       -0.77043455568748
c            0.61167833763489       -0.09087903072753       -1.25881775604138
c            1.37808980624524       -0.65008330766816        0.92521345495042
c            2.17607967657308        0.51873513236896        0.41662829665381
o            1.39403952608927       -1.07842532508481       -1.91491965997175
c           -0.47752781263264       -2.05867762258574       -0.07850657861735
c            3.31805612413128        0.96332807382197        0.90884315859193
c           -2.31077245630168        0.30832482659996        0.05318704816468
c           -3.24849352133271       -0.50673663570249        0.51804074749633
h           -1.10968048139453       -0.08563430730170        1.71778228351432
o           -0.79979031885804       -2.57987552717977        1.19984591617451
c           -2.63016004160498        1.24909640812576       -1.07187520701534
h           -1.14055852575625        2.43649301548299        1.08806145445400
h            0.30968995631915        1.71039177803675        1.75563602802941
h           -0.14440351616390        2.49062262638804       -1.14872995611985
h            1.06860267573339        3.07883175724128       -0.01041841071682
h            2.12604496381117        1.47480173966432       -1.53887240478124
h           -0.19681176786091        0.21344865182972       -1.93263412452076
h            1.92878112568328       -1.57551560294825        0.74334769372372
h            1.17012797017636       -0.59409381004306        1.99248788402676
h            1.93189740144560       -0.63661639605320       -2.58426380209870
h            0.27656123584833       -2.68625116861184       -0.56851502316570
h           -1.37265614480405       -2.02678464985915       -0.71328697315712
h            3.77860200765447        0.50915203340726        1.77002083561842
h            3.83813953073351        1.79944157834470        0.47166486416453
h           -4.23649054984739       -0.54536615266387        0.08832192958183
h           -3.06063029455852       -1.18041428425495        1.33703739160891
h           -1.12641029904940       -3.47941726888816        1.08374050949452
h           -2.44042961362514        2.28015709057363       -0.78193652805150
h           -2.03624549499225        1.03183273784343       -1.95729622873929
h           -3.68011701443224        1.15887032608126       -1.34158618193745
35
 energy: -46.157829175582 gnorm: 0.000489331229 xtb: 6.7.1 (edcfbbe)
c            0.09163681989232       -0.64808817170272        0.07516779236118
c           -0.94420591990067        0.31741242464995        0.71247703066089
c           -0.34123304063322        1.72383792740699        0.87967013651151
c            0.49107938947687        2.20252313745428       -0.31029690248302
c            1.44639232029327        1.09567008298286       -0.76994280251677
c            0.61201006879431       -0.09049060520069       -1.25880480255586
c            1.37752953320224       -0.64954783180535        0.92563275375958
c            2.17625492453651        0.51857885002633        0.41666538790228
o            1.39447706289943       -1.07776561177246       -1.91415795212528
c           -0.47761679961921       -2.05826790341258       -0.07876001439509
c            3.31920802874008        0.96182042682528        0.90784283454947
c           -2.31096246777186        0.30818008693533        0.05326266147924
c           -3.24908349219412       -0.50596065380118        0.51902111084581
h           -1.10982132970111       -0.08613413774352        1.71765773884136
o           -0.79922592763075       -2.57970451000561        1.19927121091063
c           -2.62997544696934        1.24775047964001       -1.07285310453795
h           -1.14121490718499        2.43638809565207        1.08812361926977
h            0.30884959765047        1.71047487826410        1.75620023808065
h           -0.14430456253952        2.49127563465185       -1.14801896975773
h            1.06853329705012        3.07908473599005       -0.00934632320120
h            2.12599959089900        1.47582881604689       -1.53821580752310
h           -0.19633735111240        0.21422369221992       -1.93283785340350
h            1.92790480239031       -1.57535366314009        0.74510354127662
h            1.16887688555442       -0.59246039374617        1.99273971379771
h            1.93077879137354       -0.63651414384412       -2.58490296862219
h            0.27640741235368       -2.68540936920472       -0.56950064156440
h           -1.37293006592516       -2.02641194840738       -0.71350244467679
h            3.77988179198667        0.50710804128167        1.76868646710093
h            3.83964146650285        1.79770515761460        0.47067731659194
h           -4.23714318273045       -0.54438630645612        0.08945279059105
h           -3.06154536359513       -1.17863398440019        1.33891145003638
h           -1.12412336155180       -3.47973383698687        1.08320906153838
h           -2.44003318936467        2.27916605656570       -0.78418126036489
h           -2.03591359516036        1.02931736194785       -1.95790110211871
h           -3.67990807096612        1.15745906379439       -1.34271506286801
35
 energy: -46.157830499174 gnorm: 0.000203383539 xtb: 6.7.1 (edcfbbe)
c            0.09149864482996       -0.64741208795144        0.07511206073951
c           -0.94479413437753        0.31761727666704        0.71235348957847
c           -0.34229357066464        1.72418191344320        0.88024996321658
c            0.49085812923310        2.20307894719005       -0.30903427608429
c            1.44659007561530        1.09672308193881       -0.76895082189347
c            0.61259662103064       -0.08956839862019       -1.25861736231236
c            1.37696022898476       -0.64876783718706        0.92644905054466
c            2.17676163374218        0.51844340969095        0.41689462023966
o            1.39545480186442       -1.07649261096037       -1.91331291772233
c           -0.47757203368226       -2.05779008776650       -0.07926369274225
c            3.32140775498803        0.95927908600998        0.90636717699022
c           -2.31163415192510        0.30821577408230        0.05338124267640
c           -3.25043556771129       -0.50414209205014        0.52107864250675
h           -1.11029218687717       -0.08643762741072        1.71739377351782
o           -0.79852610683257       -2.57983384719042        1.19841328614953
c           -2.62993720424000        1.24551172904086       -1.07477154607333
h           -1.14262627414797        2.43651276429794        1.08805555579995
h            0.30700133155899        1.71082575054209        1.75736956750639
h           -0.14405362144183        2.49221043537881       -1.14698234495837
h            1.06815291779573        3.07948342992843       -0.00734221293246
h            2.12609667670869        1.47743934825937       -1.53699146187726
h           -0.19544402710028        0.21547326561554       -1.93295526051746
h            1.92691985239975       -1.57520500186872        0.74790275132419
h            1.16729989258874       -0.59009798490545        1.99331410724085
h            1.92911473892829       -0.63600288224535       -2.58692096805146
h            0.27628337902073       -2.68454866444050       -0.57097736811655
h           -1.37321428632765       -2.02560066724362       -0.71374244299775
h            3.78241593616592        0.50346595563158        1.76650252237747
h            3.84262579324523        1.79450900587460        0.46889702497420
h           -4.23844409128047       -0.54290682793397        0.09144934750060
h           -3.06315023501727       -1.17562967666843        1.34204405409412
h           -1.12074534399394       -3.48100547241284        1.08250126359088
h           -2.43935216077453        2.27737823634834       -0.78819462010011
h           -2.03578200163163        1.02480941036083       -1.95918816040211
h           -3.67985770162912        1.15522482487529       -1.34464920039584
35
 energy: -46.157830767815 gnorm: 0.000206432462 xtb: 6.7.1 (edcfbbe)
c            0.09150364758884       -0.64703966697702        0.07508395685604
c           -0.94514849389035        0.31759210371775        0.71234408060224
c           -0.34291021839752        1.72429888355246        0.88046531082477
c            0.49081323076468        2.20358710405842       -0.30824968618265
c            1.44672943305256        1.09741842809536       -0.76825111989981
c            0.61288851450191       -0.08886210084675       -1.25845652566399
c            1.37670937433240       -0.64835184969693        0.92688551906433
c            2.17699047739391        0.51849601741579        0.41720002225021
o            1.39600346610402       -1.07566204715119       -1.91305825772486
c           -0.47753598461508       -2.05744292691471       -0.07965586442026
c            3.32258488368442        0.95788861149487        0.90574602525248
c           -2.31189632259347        0.30777548706468        0.05310416718455
c           -3.25099004970491       -0.50359680579116        0.52186879423518
h           -1.11073971922980       -0.08662479726168        1.71732265977539
o           -0.79831048225492       -2.57976492877370        1.19795831928227
c           -2.62992284204831        1.24402180829555       -1.07601637009934
h           -1.14353446328734        2.43645002423506        1.08772539730184
h            0.30580676502523        1.71106654685648        1.75800876439426
h           -0.14374931092467        2.49283910342097       -1.14639255349027
h            1.06791451574182        3.07994415205872       -0.00604964712175
h            2.12623747250245        1.47839004847345       -1.53611406905406
h           -0.19492324440537        0.21632743211407       -1.93290987357701
h            1.92651088656948       -1.57499894820777        0.74892980234354
h            1.16668943472438       -0.58919269558141        1.99365402668758
h            1.92832280425130       -0.63564615282383       -2.58816761066582
h            0.27629009025501       -2.68402509594318       -0.57161776960884
h           -1.37329660049602       -2.02506039734581       -0.71395599982629
h            3.78405486539846        0.50111175729173        1.76512471054580
h            3.84436440344388        1.79260058450395        0.46795028943676
h           -4.23944754146291       -0.54161883763208        0.09318962159272
h           -3.06426689132553       -1.17338349216605        1.34437448217404
h           -1.11919763165885       -3.48154327342251        1.08236572064481
h           -2.43878246820357        2.27611063286658       -0.79066517670238
h           -2.03597805483418        1.02192308875841       -1.96020275918324
h           -3.67990023695674        1.15391408058174       -1.34570354383737
35
 energy: -46.157830945881 gnorm: 0.000098319247 xtb: 6.7.1 (edcfbbe)
c            0.09149686766943       -0.64687934032503        0.07505620785954
c           -0.94527736218151        0.31761433740316        0.71233866586393
c           -0.34322138624567        1.72438958627543        0.88056380544070
c            0.49081066146103        2.20381770552920       -0.30786882426579
c            1.44681952674970        1.09773643193568       -0.76792162012417
c            0.61295483098389       -0.08845579424911       -1.25834626416677
c            1.37664219579763       -0.64828588273106        0.92693020755793
c            2.17716311479458        0.51839551984209        0.41724863244013
o            1.39615522043160       -1.07520897108626       -1.91302465028350
c           -0.47748818275196       -2.05726837902248       -0.07984656721488
c            3.32320530582493        0.95706058479892        0.90537862978638
c           -2.31216909677124        0.30793709112659        0.05334132906589
c           -3.25148407074659       -0.50271144758680        0.52286282865731
h           -1.11083640594807       -0.08660129329165        1.71730476585803
o           -0.79827777515605       -2.57957797537990        1.19781040469207
c           -2.62992137164198        1.24324393540727       -1.07665975664951
h           -1.14399818474209        2.43645629761926        1.08757791550714
h            0.30522837363603        1.71119717618053        1.75829715992695
h           -0.14356625735711        2.49320679820458       -1.14610680298390
h            1.06781176288991        3.08013715423775       -0.00537586940058
h            2.12635044835849        1.47883532465266       -1.53569745057891
h           -0.19472466916335        0.21685667866072       -1.93282862938375
h            1.92637135112738       -1.57495869686251        0.74890774504721
h            1.16661506773792       -0.58915181118427        1.99368622324325
h            1.92803683991672       -0.63538735187516       -2.58856801594147
h            0.27636392582949       -2.68380994844610       -0.57174472626872
h           -1.37324997497652       -2.02487261960699       -0.71409390143088
h            3.78465595175059        0.50010296735369        1.76465314938999
h            3.84499738074021        1.79185489970010        0.46775704175097
h           -4.23970744817244       -0.54145780011859        0.09370658922541
h           -3.06457713112173       -1.17268799550846        1.34513725302004
h           -1.11876274163026       -3.48151489929896        1.08247781948747
h           -2.43820694157853        2.27548310281103       -0.79227858163696
h           -2.03632113016863        1.02003532586015       -1.96080548220932
h           -3.68000498630060        1.15341116729483       -1.34603438789035
35
 energy: -46.157831028323 gnorm: 0.000079678096 xtb: 6.7.1 (edcfbbe)
c            0.09149725396938       -0.64682626093225        0.07500411963137
c           -0.94521947591113        0.31769922003188        0.71227968277411
c           -0.34330300761318        1.72450641001548        0.88068147701539
c            0.49077729769718        2.20381187997752       -0.30777173682209
c            1.44684808610271        1.09780405583420       -0.76787154327999
c            0.61294803749290       -0.08831539327291       -1.25833183685691
c            1.37667528174927       -0.64839804250105        0.92679952522990
c            2.17714412581065        0.51840177783185        0.41729392813981
o            1.39612725044337       -1.07505368360123       -1.91310262997771
c           -0.47746709696874       -2.05720712789085       -0.07990526396877
c            3.32318937393145        0.95701036205567        0.90546728224338
c           -2.31214391079914        0.30790053421594        0.05336497941190
c           -3.25150692660836       -0.50258460752344        0.52311256190218
h           -1.11070811658546       -0.08655378465900        1.71722598144394
o           -0.79841735739280       -2.57939261610852        1.19778490579942
c           -2.62986171119577        1.24288710239653       -1.07689343261724
h           -1.14412701324247        2.43654360158147        1.08765922270419
h            0.30512198418144        1.71131668718109        1.75844078736489
h           -0.14352837270298        2.49332323802486       -1.14604096561511
h            1.06779514277753        3.08008148149785       -0.00519017548583
h            2.12640309022531        1.47895624180751       -1.53561908270939
h           -0.19470543556164        0.21705874124938       -1.93281565457397
h            1.92642720014977       -1.57502396371309        0.74854444949230
h            1.16669346655649       -0.58950206975096        1.99357288394711
h            1.92805825985759       -0.63512793373481       -2.58849749750769
h            0.27639342419996       -2.68384842623430       -0.57166313655320
h           -1.37317561723864       -2.02485519497645       -0.71422035240234
h            3.78468046716435        0.49992730360905        1.76465455147219
h            3.84508608531203        1.79172015091227        0.46779762579671
h           -4.23977443931645       -0.54132697709336        0.09404712280450
h           -3.06465947623918       -1.17231699063855        1.34560787827692
h           -1.11903680326681       -3.48125708707471        1.08246148806493
h           -2.43768578682776        2.27517293993531       -0.79299509381152
h           -2.03660045203389        1.01909187420112       -1.96112313563899
h           -3.68006111907176        1.15331843566682       -1.34592407230351
