35
 energy: -46.158368968997 gnorm: 0.008159526985 xtb: 6.7.1 (edcfbbe)
c            0.08645539413831       -0.63072827277949        0.10462568404637
c           -0.93684803531514        0.40043385267744        0.65352437598960
c           -0.31057386313762        1.80982427490198        0.73238854032454
c            0.58622368555977        2.19753927427379       -0.44417953569683
c            1.49644606356312        1.02977983815632       -0.82908198426739
c            0.62200668357563       -0.14921441796612       -1.26083292775871
c            1.36042292050284       -0.60959070907013        0.96915944372946
c            2.19347224657199        0.50531736162392        0.39907927957684
o            1.43961202333793       -1.09136332608361       -1.91970326245067
c           -0.51239501372706       -2.04101514600443        0.02895289881283
c            3.33136256367622        0.95748536032429        0.89129076279496
c           -2.28142086271096        0.39130645787340       -0.04968162812202
c           -2.54385196672725        1.00758578274649       -1.19224233732831
h           -1.13778107600418        0.10923644784841        1.69365272165050
o           -0.83219371926877       -2.59429901904960        1.28088057636759
c           -3.38657047480068       -0.32060306954207        0.68329981540279
h           -1.11259462219302        2.54312662632693        0.83933051297193
h            0.29751332443184        1.85535768942216        1.63803599672585
h           -0.00391326150173        2.49725891500660       -1.31080952488086
h            1.19685358543036        3.05388086155326       -0.15134420526706
h            2.19483764837259        1.31865870648433       -1.61521135801574
h           -0.19237719468524        0.15796639157000       -1.92696035175389
h            1.89087475563790       -1.55736735969011        0.85605758397934
h            1.15025278510971       -0.47561910461076        2.03054606689979
h            0.89090618349479       -1.79752275609653       -2.27355810250747
h            0.22717955440067       -2.72784005850878       -0.39196401467369
h           -1.39392357731769       -2.03155836860024       -0.63269505488037
h            3.76571704436869        0.54559419074177        1.78659099579169
h            3.87827647641857        1.75291574587676        0.41463948948374
h           -3.53160941716495        0.97992929803423       -1.62270464211907
h           -1.81602676410473        1.56933545619541       -1.74678525207405
h           -1.41068600312511       -1.98367576567902        1.75156917417617
h           -3.47788141574114        0.06846361663034        1.69768682605229
h           -4.33732220372198       -0.17817922067895        0.17576601107789
h           -3.20158580851871       -1.39204038981685        0.75036185413251
35
 energy: -46.158421409757 gnorm: 0.004074599283 xtb: 6.7.1 (edcfbbe)
c            0.08665120713480       -0.63061895681878        0.10524832323520
c           -0.93785386063983        0.40052612303030        0.65283332251001
c           -0.31129782515394        1.81000616006866        0.73333528592090
c            0.58570437707342        2.19849008392328       -0.44303016714946
c            1.49662279810553        1.03085409631386       -0.82804147478077
c            0.62226499410911       -0.14850004634952       -1.25994698246213
c            1.36099945862496       -0.60908334612868        0.97016137821454
c            2.19490643524058        0.50522859806478        0.39939788257736
o            1.44106663426606       -1.09224198619333       -1.92180183836020
c           -0.51143398306449       -2.04157970803229        0.02768957768032
c            3.33416861386118        0.95636106532848        0.89090370768696
c           -2.28307317016892        0.39041255965819       -0.05051698825491
c           -2.54566147898505        1.00691830650093       -1.19350996683692
h           -1.13827678043588        0.10809781905458        1.69185721985740
o           -0.83298380122057       -2.59507837643727        1.28188312355814
c           -3.38794297831190       -0.32040132920016        0.68398488474451
h           -1.11301338713446        2.54350780694368        0.83954688046151
h            0.29640459627961        1.85549876103407        1.63911100506588
h           -0.00314050699852        2.49721533926091       -1.31071529971847
h            1.19709134623524        3.05439885324292       -0.15093585416907
h            2.19482796714588        1.31962372247105       -1.61503029193756
h           -0.19063755089282        0.15814545737846       -1.92702832129186
h            1.89214791871724       -1.55706576250222        0.85817943231672
h            1.15113315817039       -0.47428622864131        2.03122054635625
h            0.88962848198326       -1.79786251108850       -2.27680390899079
h            0.22779452421489       -2.72932655755143       -0.39264910806789
h           -1.39352899011771       -2.03325911987192       -0.63175910005230
h            3.76795006335725        0.54500409374529        1.78701852952596
h            3.88108150126775        1.75215615804653        0.41427843282925
h           -3.53382180544727        0.98033454592137       -1.62366180061290
h           -1.81754293939457        1.56815511482894       -1.74851239637360
h           -1.41264599750788       -1.98101370034177        1.75072343180219
h           -3.47787940730144        0.06988935948292        1.69789488917354
h           -4.33905852395802       -0.17866833964240        0.17660562635279
h           -3.20179343022895       -1.39145889140848        0.75175444737998
35
 energy: -46.158439182065 gnorm: 0.001081656825 xtb: 6.7.1 (edcfbbe)
c            0.08716442903239       -0.63052770106169        0.10503966302097
c           -0.93860682941592        0.39996659358172        0.65242413716295
c           -0.31256747547327        1.80971817849147        0.73358512730279
c            0.58515257164583        2.19898149881131       -0.44199900009400
c            1.49726282981322        1.03186022852179       -0.82713706188862
c            0.62242398135382       -0.14701125370208       -1.25936441112664
c            1.36095835726288       -0.60803572375824        0.97134506131064
c            2.19569991337071        0.50582502456913        0.40026426981798
o            1.44264255162058       -1.09254801415534       -1.92360130558943
c           -0.51030602193206       -2.04166141422627        0.02654703559815
c            3.33615609349988        0.95538865753342        0.89094403510296
c           -2.28435411071696        0.38996319866939       -0.05101902752973
c           -2.54684210476868        1.00603462732677       -1.19445085347767
h           -1.13902540549344        0.10695718695126        1.69073684075863
o           -0.83335879534309       -2.59542866527804        1.28322709038362
c           -3.38898813061859       -0.31978562905613        0.68493238489905
h           -1.11437476693411        2.54309329727122        0.83932535093266
h            0.29445890050986        1.85490811348260        1.63967997231538
h           -0.00288721134187        2.49694372951986       -1.31034316121369
h            1.19631652439180        3.05485582542484       -0.14963837976117
h            2.19540098421069        1.32100365437493       -1.61442662571471
h           -0.18872062482600        0.15856526232695       -1.92793657597927
h            1.89243822054916       -1.55631130916300        0.86106254412009
h            1.15041371478904       -0.47200781284988        2.03194080672360
h            0.88811200423978       -1.79617410425502       -2.28030784241164
h            0.22920628435337       -2.72992992295350       -0.39212898751185
h           -1.39281654583331       -2.03492040305152       -0.63090312434294
h            3.77132614574647        0.54163980824850        1.78542657435980
h            3.88466260135351        1.74942277598318        0.41294989859705
h           -3.53510230974135        0.97959984638703       -1.62478380782406
h           -1.81815027886325        1.56553713622937       -1.75059888794866
h           -1.41402622668390       -1.97812722885039        1.74910808381864
h           -3.47827099687239        0.07221377961626        1.69811026044382
h           -4.34033514309999       -0.17904992065989        0.17760738917539
h           -3.20220547095984       -1.39058015620888        0.75406695476047
35
 energy: -46.158441895013 gnorm: 0.000750203638 xtb: 6.7.1 (edcfbbe)
c            0.08730892328161       -0.63031695782381        0.10480927748026
c           -0.93896408583004        0.39973249284627        0.65222128152206
c           -0.31331971385433        1.80959147957899        0.73381606028089
c            0.58483411270896        2.19922592411837       -0.44122177498958
c            1.49737865290797        1.03233342307918       -0.82656753031863
c            0.62262021280993       -0.14621225380367       -1.25891714249052
c            1.36059513303046       -0.60747568431774        0.97178292979503
c            2.19648432786039        0.50507068772333        0.39978590784353
o            1.44327549164979       -1.09252345063662       -1.92354879706211
c           -0.50937522132687       -2.04142967465762        0.02605655577224
c            3.33839118786759        0.95230241051798        0.88895540202864
c           -2.28455005793854        0.38918454861839       -0.05160532509909
c           -2.54671683981448        1.00390076520618       -1.19568132351781
h           -1.13963815644274        0.10659956090208        1.69047693952740
o           -0.83280316770292       -2.59496122304341        1.28364693318059
c           -3.38945804093462       -0.31902651237705        0.68547599469817
h           -1.11545448241354        2.54267913667225        0.83913246125519
h            0.29315372899889        1.85487837367903        1.64028458852154
h           -0.00320335788392        2.49723907259193       -1.30956159677752
h            1.19532616291851        3.05532290762379       -0.14815583208308
h            2.19519645153448        1.32213555366873       -1.61377918112603
h           -0.18772372310987        0.15880564959984       -1.92835786221347
h            1.89157720688076       -1.55614498359933        0.86315746761022
h            1.14917140529057       -0.46995883385075        2.03203347335407
h            0.88727990188387       -1.79383900653706       -2.28196647679925
h            0.23059609466583       -2.72966526529758       -0.39143821554567
h           -1.39200165439798       -2.03558400030606       -0.63085229710587
h            3.77230854967157        0.53979458972183        1.78456512793286
h            3.88620532825712        1.74749267235605        0.41218754433182
h           -3.53532143575907        0.97867762743463       -1.62523482716112
h           -1.81809064491257        1.56345015163107       -1.75184162012672
h           -1.41367482150588       -1.97676959566107        1.74765598286398
h           -3.47893385403563        0.07475797311766        1.69794877077065
h           -4.34076283430353       -0.17914554927110        0.17789452351887
h           -3.20285312122684       -1.38974284541359        0.75652700831903
35
 energy: -46.158444031910 gnorm: 0.000795611422 xtb: 6.7.1 (edcfbbe)
c            0.08728878111567       -0.62998143759534        0.10470923825999
c           -0.93940510297155        0.39956651300227        0.65218277738786
c           -0.31411845143627        1.80950041625526        0.73423232935296
c            0.58435807031752        2.19946108355440       -0.44041044081644
c            1.49719131332747        1.03288447358144       -0.82598958620299
c            0.62283476023916       -0.14560387231478       -1.25856269121981
c            1.36009363254979       -0.60675550675798        0.97229071475435
c            2.19621651596906        0.50551508697431        0.40019443817543
o            1.44382092901255       -1.09225611022558       -1.92265576880532
c           -0.50859286436731       -2.04115175363145        0.02575323667528
c            3.33920066093756        0.95097254645774        0.88827241399661
c           -2.28486933790722        0.38918623333895       -0.05165739168533
c           -2.54673827720698        1.00271498055290       -1.19634577750831
h           -1.14022726940511        0.10620374678895        1.69046921072991
o           -0.83205373140979       -2.59448355536147        1.28354847332535
c           -3.38997956159211       -0.31812712407538        0.68595628914603
h           -1.11655823285953        2.54233457267580        0.83924789131544
h            0.29186589043820        1.85492219430313        1.64105640885191
h           -0.00358910104065        2.49758609630185       -1.30880531692131
h            1.19436472421944        3.05574552081870       -0.14683548528089
h            2.19490466870309        1.32344875973065       -1.61288169266022
h           -0.18708617749960        0.15898482976792       -1.92866752525947
h            1.89093203416430       -1.55559585621719        0.86539840514558
h            1.14756252382980       -0.46789424503298        2.03218519798409
h            0.88710538105666       -1.79139373502462       -2.28327818981102
h            0.23183584318316       -2.72907650955351       -0.39119402739066
h           -1.39119716574403       -2.03592983203494       -0.63119098621012
h            3.77471994360899        0.53590215611257        1.78188323252654
h            3.88889912681137        1.74385371449672        0.40990293203141
h           -3.53492937060140        0.97614971018894       -1.62664469565543
h           -1.81762039095625        1.56049997219282       -1.75362164292806
h           -1.41290183225041       -1.97619177746451        1.74658122532467
h           -3.47993411525698        0.07730524820981        1.69777328512758
h           -4.34112627887027       -0.17915328918943        0.17786103834234
h           -3.20340987928335       -1.38876408673488        0.75892690809259
35
 energy: -46.158445605665 gnorm: 0.000499241964 xtb: 6.7.1 (edcfbbe)
c            0.08719478887990       -0.62963265458000        0.10488112848660
c           -0.93982893470602        0.39947825353154        0.65232245550605
c           -0.31486756516310        1.80953547570574        0.73466705256130
c            0.58390734000579        2.19962904599978       -0.43971626253071
c            1.49700610122177        1.03340898621672       -0.82560792658863
c            0.62307594644254       -0.14530685771541       -1.25842076056908
c            1.35968878761941       -0.60597118043936        0.97293240810092
c            2.19641414019222        0.50545006046096        0.40009055779066
o            1.44423667702586       -1.09174907578743       -1.92168534421653
c           -0.50836142088204       -2.04097328327220        0.02584416535944
c            3.34066195315677        0.94911908469021        0.88690067574267
c           -2.28499226341869        0.38878859893686       -0.05186306630441
c           -2.54652244184501        1.00111421203352       -1.19733765674601
h           -1.14076424733682        0.10587712463591        1.69058976091290
o           -0.83166220455941       -2.59451830110827        1.28312303068025
c           -3.39042224791508       -0.31746503792785        0.68620973506397
h           -1.11743599615642        2.54227972226377        0.83951768175353
h            0.29083835510057        1.85507736934810        1.64167732749362
h           -0.00398628373570        2.49794561373966       -1.30811674959382
h            1.19390568029681        3.05590296953367       -0.14604962800906
h            2.19456826465970        1.32452074797423       -1.61243617397102
h           -0.18689635953035        0.15926187254106       -1.92862725388387
h            1.89022177141527       -1.55507573716847        0.86746755252035
h            1.14668160371906       -0.46585031280708        2.03261653271124
h            0.88769855361066       -1.78974841580352       -2.28452716954004
h            0.23234241268569       -2.72839880495339       -0.39154363800491
h           -1.39081051732285       -2.03583171064422       -0.63158508796017
h            3.77655193004690        0.53321897060826        1.77995475336465
h            3.89079654607412        1.74156798583571        0.40832102898091
h           -3.53471941938471        0.97448544092705       -1.62761262636732
h           -1.81736212345774        1.55870262704138       -1.75475425737220
h           -1.41234870501712       -1.97665520462834        1.74665633757499
h           -3.48087131783119        0.07947407705700        1.69742726872731
h           -4.34132719013541       -0.17930705494285        0.17742066643530
h           -3.20375395493047       -1.38797544321165        0.76094791008170
35
 energy: -46.158447099858 gnorm: 0.000248549600 xtb: 6.7.1 (edcfbbe)
c            0.08704091119933       -0.62898296146822        0.10540835186234
c           -0.94076586454837        0.39948945411807        0.65239644253863
c           -0.31619900469919        1.80967914161332        0.73554133789991
c            0.58303478452503        2.20016019088048       -0.43832643975541
c            1.49672625552793        1.03450125153286       -0.82467582495606
c            0.62353877560143       -0.14473901114988       -1.25794471530088
c            1.35908245956005       -0.60452134489431        0.97426642836692
c            2.19705951365898        0.50530898673719        0.39999121021548
o            1.44532268673690       -1.09091989066041       -1.92036877328240
c           -0.50783628823083       -2.04074574686126        0.02583112650357
c            3.34377401174281        0.94555638571797        0.88422788995305
c           -2.28568944298458        0.38854905853996       -0.05219248732427
c           -2.54669302525047        0.99904683673249       -1.19881990964095
h           -1.14200142388013        0.10535010847182        1.69038904195695
o           -0.83100786370892       -2.59508224181209        1.28248104035889
c           -3.39146221358563       -0.31629880893890        0.68665733401791
h           -1.11897705188805        2.54225206422489        0.83991978796906
h            0.28889848980051        1.85527875537236        1.64294008282331
h           -0.00468979264654        2.49860139465390       -1.30682361959135
h            1.19284170937119        3.05646120757334       -0.14431269488008
h            2.19398523901887        1.32652210068046       -1.61152712061734
h           -0.18631930492976        0.15962644948446       -1.92832964190988
h            1.88911671262093       -1.55422089923285        0.87152442109541
h            1.14530523943829       -0.46187589768771        2.03347345740613
h            0.88906288514889       -1.78713486565225       -2.28749061799494
h            0.23327351059599       -2.72739763865038       -0.39234920708338
h           -1.39019831024199       -2.03548760600712       -0.63188146312846
h            3.78009447499684        0.52854727478216        1.77658485312652
h            3.89483027573566        1.73698775033972        0.40498418154853
h           -3.53464204841249        0.97135939582403       -1.62965681499413
h           -1.81710413292545        1.55512881026095       -1.75721521495247
h           -1.41151936599276       -1.97751550541692        1.74707019222612
h           -3.48286692814742        0.08336342748614        1.69671664843164
h           -4.34200291131147       -0.17999101938623        0.17668157643621
h           -3.20415530307061       -1.38647744311696        0.76451356886599
35
 energy: -46.158447285127 gnorm: 0.000249467096 xtb: 6.7.1 (edcfbbe)
c            0.08698168808300       -0.62864967874714        0.10576692365632
c           -0.94129163612123        0.39944771996788        0.65249341577419
c           -0.31695156186481        1.80972407359116        0.73603886204031
c            0.58256903356290        2.20044614604289       -0.43750587896122
c            1.49656684236753        1.03508673076859       -0.82413511612799
c            0.62358225639089       -0.14430035529206       -1.25758354566992
c            1.35872448790237       -0.60370126109920        0.97507464214427
c            2.19724865419408        0.50545268624312        0.40012390825325
o            1.44583521194502       -1.09031888163105       -1.91983056914832
c           -0.50756509969854       -2.04057513056437        0.02580777734927
c            3.34518735514812        0.94401373165020        0.88294243971332
c           -2.28586951507445        0.38783286600036       -0.05285880833461
c           -2.54641334208484        0.99720207689701       -1.20017910371795
h           -1.14293049420243        0.10512635184414        1.69031898769842
o           -0.83036696183909       -2.59561466025303        1.28231026092950
c           -3.39202321137772       -0.31570911511526        0.68668551058008
h           -1.11983540880802        2.54220305317747        0.84020263192313
h            0.28781772525304        1.85529461599348        1.64364503678913
h           -0.00505424522587        2.49887964806795       -1.30605648588526
h            1.19214715824505        3.05681422935940       -0.14321507282477
h            2.19365988802336        1.32750939272432       -1.61101591498510
h           -0.18615581792633        0.15980888227182       -1.92810151362296
h            1.88853446619471       -1.55367914068973        0.87363584545854
h            1.14456382611067       -0.45979785891901        2.03401979315981
h            0.88991937346903       -1.78586524106085       -2.28892320100351
h            0.23367863600132       -2.72681340248903       -0.39279353699218
h           -1.39008454441240       -2.03519396320712       -0.63163182583618
h            3.78243107164755        0.52571039149545        1.77425575592373
h            3.89708387869710        1.73429917335736        0.40276245528556
h           -3.53466582315226        0.97062828308454       -1.63041472295742
h           -1.81695693050428        1.55380233190378       -1.75821371652468
h           -1.41070956351180       -1.97822404105069        1.74761502087957
h           -3.48414229375963        0.08579779371658        1.69594714254759
h           -4.34229114387315       -0.18059917070620        0.17589259281557
h           -3.20436630097392       -1.38565911324166        0.76660443786107
35
 energy: -46.158447522636 gnorm: 0.000073693269 xtb: 6.7.1 (edcfbbe)
c            0.08695278436999       -0.62861764874212        0.10583913210485
c           -0.94136589869191        0.39944202205325        0.65256475744104
c           -0.31703742007677        1.80969392140867        0.73619515138166
c            0.58250181581894        2.20048143065086       -0.43731596679653
c            1.49648278117935        1.03514855753551       -0.82407150541083
c            0.62345990268000       -0.14419492675406       -1.25748903863423
c            1.35868069069094       -0.60365515613500        0.97512898615475
c            2.19734549297566        0.50529318493506        0.39996488200223
o            1.44578324919852       -1.09014324915252       -1.91980075878558
c           -0.50756299471297       -2.04051677270546        0.02584772363474
c            3.34552360282968        0.94355639098497        0.88243117467838
c           -2.28595829300226        0.38817596905176       -0.05279507757063
c           -2.54641595384123        0.99762682327051       -1.20007148969188
h           -1.14314980875550        0.10509982986119        1.69036887840903
o           -0.83000136440790       -2.59578401787398        1.28240311854110
c           -3.39211263829837       -0.31559886437842        0.68652534524654
h           -1.11991160041517        2.54217894831761        0.84045961773080
h            0.28772912788210        1.85513846216905        1.64380701376792
h           -0.00514342032141        2.49899165876926       -1.30582268378354
h            1.19203822907654        3.05684635469614       -0.14293557441952
h            2.19347899985505        1.32759862995820       -1.61099962627526
h           -0.18628846094993        0.15983410366883       -1.92799954170213
h            1.88841165712736       -1.55366618741630        0.87378088306446
h            1.14455312118144       -0.45959847458882        2.03405991590282
h            0.89006316882107       -1.78578883412998       -2.28885090813746
h            0.23360840763123       -2.72668051960806       -0.39292218418673
h           -1.39024957684081       -2.03508969633572       -0.63131952003602
h            3.78268164011132        0.52552695492600        1.77389730704320
h            3.89713839566428        1.73411829256936        0.40241715329853
h           -3.53436736385256        0.97018499843940       -1.63093308112451
h           -1.81670564549987        1.55350428416566       -1.75850522517729
h           -1.41020856885018       -1.97853691908817        1.74796288967635
h           -3.48464054699317        0.08615627680205        1.69563659151615
h           -4.34227368577296       -0.18087480889470        0.17543600377864
h           -3.20418216698552       -1.38547185433893        0.76679008454951
35
 energy: -46.158447604184 gnorm: 0.000051613106 xtb: 6.7.1 (edcfbbe)
c            0.08688147403781       -0.62860650474063        0.10591166958945
c           -0.94146349583201        0.39945999643126        0.65259140156984
c           -0.31706210271865        1.80965646871745        0.73642362994999
c            0.58240692443647        2.20057351942632       -0.43709360038109
c            1.49631554023302        1.03523757618012       -0.82399683729630
c            0.62335157841354       -0.14413935787798       -1.25739070667085
c            1.35867146585255       -0.60365906593402        0.97510526010497
c            2.19734523866360        0.50524873674887        0.39987432009847
o            1.44572976181909       -1.09001419457567       -1.91977072206393
c           -0.50754280366415       -2.04052917988031        0.02592714459674
c            3.34569651448241        0.94335369675343        0.88208345130449
c           -2.28598313829840        0.38826813170658       -0.05291471646820
c           -2.54630952574987        0.99774069995909       -1.20020713637954
h           -1.14339745223638        0.10504740039144        1.69034900152430
o           -0.82955507534867       -2.59592683076066        1.28258005012773
c           -3.39221341196978       -0.31554135564100        0.68625532374532
h           -1.11991416536364        2.54214801702763        0.84078627247022
h            0.28774347127302        1.85498455256364        1.64402312315416
h           -0.00526687110852        2.49921131690559       -1.30554085962672
h            1.19198158697509        3.05688246057064       -0.14262950681979
h            2.19322267581140        1.32773341408266       -1.61097481274467
h           -0.18642869472219        0.15982141679667       -1.92788238322608
h            1.88838842018001       -1.55368111167514        0.87379955553800
h            1.14458921574514       -0.45952661729967        2.03403157407082
h            0.89012111793641       -1.78585079245357       -2.28859960429846
h            0.23348383123968       -2.72667667721928       -0.39311588790259
h           -1.39046006994266       -2.03508335149084       -0.63089697984990
h            3.78297330686271        0.52537314634631        1.77351171059504
h            3.89729023994079        1.73383934593864        0.40191087027128
h           -3.53417650841085        0.97019731577766       -1.63125447725175
h           -1.81652801282662        1.55355239252773       -1.75861563553305
h           -1.40960507195526       -1.97875657498468        1.74839239308664
h           -3.48521647853047        0.08668542257618        1.69513446770868
h           -4.34221637790794       -0.18132760998543        0.17473358956975
h           -3.20399544849171       -1.38531663881796        0.76714348562755
