35
 energy: -46.154581969618 gnorm: 0.051633478990 xtb: 6.7.1 (edcfbbe)
c            0.08560954599013       -0.63384008549171        0.12080206096015
c           -0.97897895550079        0.40875459719555        0.65282502684279
c           -0.35368816336211        1.83608294868314        0.75884036952515
c            0.57225421332931        2.23417163289347       -0.41225942844740
c            1.50807695458075        1.06506999251912       -0.81744135575134
c            0.64867675592551       -0.14255600900572       -1.25108193442661
c            1.35902467656568       -0.56972659256588        1.03037174047082
c            2.24135682430486        0.51320499568897        0.40249333332875
o            1.41234395738333       -1.13508058993151       -1.95587905564371
c           -0.48574966829037       -2.05339133703706        0.02844198217689
c            3.45176525102146        0.89299104358711        0.82741646260107
c           -2.32770707460898        0.37243815487506       -0.07910076600550
c           -2.59049075744501        0.99476736363204       -1.24101995245408
h           -1.19516883929152        0.09458411288284        1.68665260565233
o           -0.87649090760492       -2.48513982032326        1.34350901629524
c           -3.43094577041086       -0.37887494125382        0.64598086182413
h           -1.15842763303328        2.57827434215125        0.87378380907912
h            0.23478480272948        1.88010380701550        1.68956334285727
h           -0.01109152592439        2.54314457221977       -1.29519298570685
h            1.17956107816569        3.10556414192322       -0.11782513531927
h            2.19372207776552        1.39147992672707       -1.61519800175985
h           -0.15110839815948        0.13352531749122       -1.95068483737634
h            1.88308454320168       -1.54071215077258        1.03185519373698
h            1.11497502207976       -0.35199039274572        2.08122162433204
h            2.24408003790771       -1.30177900499162       -1.46491355631302
h            0.28774211853498       -2.72291940072771       -0.38587586666997
h           -1.34432315764788       -2.07135980191736       -0.66964475638544
h            3.91384334815419        0.45880940011996        1.71782089108805
h            4.02663554754580        1.66143735188152        0.30451138961728
h           -3.58504684375643        0.94462010045170       -1.69115387838834
h           -1.85584686136166        1.58772523665617       -1.78488244161249
h           -1.18418930894761       -3.41077956149859        1.27309925135763
h           -3.11751217358838       -1.40006656643456        0.91048138500689
h           -3.67117980934448        0.12742205108251        1.59790274136088
h           -4.35247250909795       -0.43243887064491        0.04782012791291
35
 energy: -46.160748374919 gnorm: 0.015004541714 xtb: 6.7.1 (edcfbbe)
c            0.08979161360603       -0.61571408051290        0.12151263252747
c           -0.97308688570460        0.40192766874559        0.64928392868801
c           -0.34974806277096        1.81593874730051        0.74680500293971
c            0.56975667554448        2.21655148273504       -0.41113780381635
c            1.50026125700328        1.05918604818594       -0.80756042434629
c            0.63909985926729       -0.13364033697280       -1.24339378959104
c            1.35196037844922       -0.55882816965023        1.02092199268681
c            2.22307321229103        0.51726102293281        0.40666997204179
o            1.39466121786801       -1.12146204003387       -1.93659210730694
c           -0.47945859578672       -2.03260716271001        0.03241360512734
c            3.42177315483655        0.88887066370137        0.82534104837282
c           -2.31035578766606        0.36882186303671       -0.07894058991896
c           -2.57393202814151        0.98538306696138       -1.22439272676769
h           -1.19111976127600        0.08149331500089        1.67561634669831
o           -0.87291799403718       -2.47768724644606        1.32954975148324
c           -3.40622202022081       -0.37055441640704        0.64482215008605
h           -1.15446909239847        2.55099004052621        0.84475880050755
h            0.23672081893956        1.86285158876894        1.67003917075630
h           -0.01008196270607        2.51895370574367       -1.28771259721867
h            1.17294874676924        3.07912932737965       -0.10891840334266
h            2.18492930866358        1.38174438588056       -1.59843107379154
h           -0.15806006473939        0.13175628455533       -1.94030874600189
h            1.87028685482970       -1.52410613292080        1.01421202137928
h            1.10475571486015       -0.34402851495773        2.06240156754822
h            2.21628174378960       -1.28178068658552       -1.44476590424107
h            0.28767033798031       -2.70566268831891       -0.37579877244260
h           -1.33830713300362       -2.04795720960640       -0.65435050255443
h            3.88512255364996        0.45324540556552        1.69957369863715
h            3.99418765359596        1.64760041458806        0.31029995444235
h           -3.55886719419973        0.93744999031774       -1.66963556889194
h           -1.85011940645805        1.57005236962637       -1.76755938344734
h           -1.17384011704693       -3.39549399653612        1.25624328637258
h           -3.09313780747465       -1.38178959350175        0.90681226736246
h           -3.64784490531141        0.14118684473517        1.58152256002676
h           -4.31459388519202       -0.42556599679211        0.04393789976140
35
 energy: -46.161508902163 gnorm: 0.004748575373 xtb: 6.7.1 (edcfbbe)
c            0.08702242776275       -0.61256369623120        0.12029836797533
c           -0.96266218585367        0.39940400481155        0.65156479848638
c           -0.35077332880965        1.81187616942472        0.74836950174361
c            0.56358634075262        2.20853766964897       -0.41019395270454
c            1.49051502093578        1.05631695643236       -0.80761790486115
c            0.63252300593701       -0.13458580981282       -1.24010192370562
c            1.34240849280395       -0.55639248175728        1.01490093608921
c            2.20884312247906        0.51288813026128        0.40119659356525
o            1.38379010135499       -1.11855343206487       -1.92765886529820
c           -0.48248591684006       -2.02740856916026        0.02931915853445
c            3.40423371573768        0.88380124434868        0.82039966487478
c           -2.29177777122486        0.36766387537227       -0.07790712671085
c           -2.55329965969146        0.98064863561888       -1.22165204486314
h           -1.18209289715364        0.07462207448513        1.67442458328215
o           -0.87336652631373       -2.47153740025298        1.32049559313601
c           -3.38302796211838       -0.36700486889991        0.64778612666264
h           -1.15801930071130        2.54128855746238        0.83838065390959
h            0.23545063577904        1.86075047902879        1.66778416238661
h           -0.01511979795216        2.50708911481009       -1.28434224488142
h            1.16438617640612        3.06794755546160       -0.10510100201480
h            2.17615012491759        1.37705656600959       -1.59534961460570
h           -0.16435159315237        0.12908076864865       -1.93422524828225
h            1.85809031236304       -1.51933290810327        1.00478192250674
h            1.09407878822701       -0.34318758330845        2.05344386865149
h            2.19669959610771       -1.27695275196004       -1.42931120673607
h            0.28556922801957       -2.69615071870366       -0.37986702909684
h           -1.33923378261419       -2.03272846028032       -0.65629779089604
h            3.85919508103231        0.45753632352197        1.69843359945932
h            3.97012823458405        1.64880295306108        0.31619856093792
h           -3.53559543500463        0.93597724586193       -1.66350000942828
h           -1.83173985900178        1.55910603036690       -1.76680775021480
h           -1.16750521387413       -3.38682301594697        1.25046320758810
h           -3.06440839122983       -1.37000400978034        0.91989991689387
h           -3.62618233577925        0.15643107337497        1.57285409655666
h           -4.28391005006540       -0.43008375741421        0.04217766482577
35
 energy: -46.160865425541 gnorm: 0.016304470450 xtb: 6.7.1 (edcfbbe)
c            0.08424945433661       -0.60940537111916        0.11908144679469
c           -0.95221740881765        0.39687347556328        0.65385706946011
c           -0.35178591397721        1.80780349716635        0.74994613102745
c            0.55740576144394        2.20052482873264       -0.40925528680575
c            1.48074196296618        1.05344224686385       -0.80767916659797
c            0.62592634351890       -0.13554006076742       -1.23681755659622
c            1.33285534022143       -0.55398097762903        1.00885891141590
c            2.19456596535941        0.50853556034140        0.39573765492399
o            1.37289929849338       -1.11564809716071       -1.91870901895979
c           -0.48554847262509       -2.02219221540670        0.02620522189273
c            3.38662239690391        0.87879918869426        0.81551199707623
c           -2.27316502126221        0.36651338948831       -0.07686629742916
c           -2.53260919909952        0.97589277413524       -1.21892790246017
h           -1.17304147787788        0.06773457778874        1.67324207698645
o           -0.87384078887864       -2.46538088797124        1.31140269810990
c           -3.35978571093437       -0.36343582545639        0.65077908747100
h           -1.16157249381606        2.53155459835178        0.83200310633573
h            0.23419621856688        1.85866802146541        1.66553410194673
h           -0.02018779776368        2.49521647809838       -1.28096278695818
h            1.15581487830561        3.05676644543642       -0.10130012203156
h            2.16734846652351        1.37236019976968       -1.59226767599927
h           -0.17067151105725        0.12639064547227       -1.92814353489729
h            1.84590744966278       -1.51457501386052        0.99531218752930
h            1.08339437910919       -0.34240006758124        2.04446882015032
h            2.17705891362605       -1.27214244278464       -1.41378882569272
h            0.28342461273801       -2.68661058941970       -0.38398369528206
h           -1.34018912672273       -2.01744586081414       -0.65827191988094
h            3.83322075713400        0.46182248659907        1.69729724122535
h            3.94602673981636        1.65001603005395        0.32210616024561
h           -3.51224970871352        0.93445061413164       -1.65740525268496
h           -1.81329377911893        1.54812014981471       -1.76607928539931
h           -1.16115761008342       -3.37815284224705        1.24465158924446
h           -3.03556809139159       -1.35814982840119        0.93311836909585
h           -3.60450266549474        0.17177406206070        1.56415831489244
h           -4.25315376328185       -0.43468322507367        0.04042540561727
35
 energy: -46.161596151671 gnorm: 0.002344358462 xtb: 6.7.1 (edcfbbe)
c            0.08647278543080       -0.61183521762843        0.11983461188774
c           -0.96023139881039        0.39843456378597        0.65357690284662
c           -0.34903039081100        1.81063266160231        0.75008525480320
c            0.56216331276008        2.20896011117979       -0.41109908503876
c            1.48693185071033        1.05555478153766       -0.80860361306172
c            0.62926203348022       -0.13561794901753       -1.24173648022771
c            1.34217669514973       -0.55980801754562        1.01265035779780
c            2.20269193430165        0.51561949420010        0.40309564707548
o            1.38089177524089       -1.11933292844403       -1.92620688482445
c           -0.48695088187141       -2.02530698718956        0.02685333533063
c            3.39487401746287        0.89288581403158        0.82772571286979
c           -2.28716954031375        0.36865689461459       -0.07702333063964
c           -2.54529924438384        0.97838864091377       -1.22401995908456
h           -1.17901436540617        0.07228093971001        1.67627771150705
o           -0.87641494321126       -2.47074902011596        1.31613363883494
c           -3.37661321312827       -0.36478717354585        0.65134328901014
h           -1.15865827125755        2.53701963887033        0.83864976563085
h            0.23772352993487        1.86334401018315        1.66877087026551
h           -0.01947223443127        2.50629232854114       -1.28355149575477
h            1.16339504489586        3.06846929939467       -0.10755831428884
h            2.17320525139582        1.37590397024564       -1.59593826172498
h           -0.16906159602705        0.12731532664460       -1.93506809926967
h            1.85979918304081       -1.52186307220635        1.00055272254197
h            1.09264922163323       -0.34970446227647        2.05169268726636
h            2.18904976870500       -1.27942530474358       -1.42089861187609
h            0.28026428986976       -2.69260168007901       -0.38614853105983
h           -1.34309228776064       -2.02617352037572       -0.65972571592993
h            3.85307803603581        0.45659795496840        1.69937849077307
h            3.96464990943781        1.65068039254440        0.31730364079851
h           -3.52596833600157        0.93005101274926       -1.66885146545349
h           -1.82193178477806        1.55452562843442       -1.76976256451327
h           -1.16580939891507       -3.38730134962291        1.24670117214559
h           -3.04962783758468       -1.36189284261770        0.93593136933000
h           -3.62314882681156        0.16862399385022        1.56986421052676
h           -4.27466569017221       -0.44032196825807        0.04301028527189
35
 energy: -46.161642421372 gnorm: 0.001698865648 xtb: 6.7.1 (edcfbbe)
c            0.08619307151254       -0.61286954818763        0.11927794950682
c           -0.95961315915005        0.39950833003103        0.65359032466500
c           -0.34774274274986        1.81221572481896        0.75087976413867
c            0.56323866938829        2.21030213464665       -0.41151878729513
c            1.48794413170089        1.05584427646105       -0.80955745821920
c            0.62966602811530       -0.13590107155521       -1.24269735586186
c            1.34388822153949       -0.56248974250229        1.01080788744742
c            2.20563301631444        0.51285634191750        0.40062009396179
o            1.38165649313248       -1.11961924991797       -1.92768818882092
c           -0.48999496261661       -2.02593851925193        0.02524521250913
c            3.39751033963351        0.89125937969925        0.82667080235081
c           -2.28729447433574        0.36846151549861       -0.07688090106629
c           -2.54429169244129        0.97454002204864       -1.22664478731866
h           -1.17773762980077        0.07385516899191        1.67688313291886
o           -0.87974699058323       -2.47279157702665        1.31390851001991
c           -3.37707292722957       -0.36299777030689        0.65414615001164
h           -1.15751549487076        2.53867350733163        0.84103579154443
h            0.24001632214896        1.86522880807301        1.66934893573947
h           -0.02030455786311        2.50875474044034       -1.28287012727177
h            1.16558028449822        3.06993406932813       -0.10944304899018
h            2.17391319948259        1.37582878623950       -1.59773493812380
h           -0.16916988987772        0.12737671276531       -1.93582810913332
h            1.86158031195607       -1.52497943364099        0.99678741551627
h            1.09600398797938       -0.35443728986727        2.05125512796876
h            2.18733441020309       -1.28374050300979       -1.41861250409742
h            0.27539703390299       -2.69420497346381       -0.39035082286004
h           -1.34666416819690       -2.02477803212962       -0.66143925166564
h            3.84873351267228        0.46399107541761        1.70697339373936
h            3.96069673042169        1.66070903485968        0.32501697880617
h           -3.52527299200145        0.92521928342440       -1.67194372025154
h           -1.82083304676192        1.55195143333249       -1.77185365400658
h           -1.16635016206190       -3.39085360271888        1.24420322299224
h           -3.04563085630249       -1.35615101444042        0.94944671901538
h           -3.62891554827449        0.17764573757294        1.56774492860386
h           -4.27371607167460       -0.44888779054405        0.04446057729257
35
 energy: -46.161722197933 gnorm: 0.002818241586 xtb: 6.7.1 (edcfbbe)
c            0.08548347510160       -0.61431062680316        0.11709163478922
c           -0.95605212046200        0.40094146119121        0.65456151486760
c           -0.34442527243221        1.81413130610889        0.75239381806212
c            0.56440516363851        2.21163410921994       -0.41284377582911
c            1.48775805023717        1.05585200929398       -0.81150307234351
c            0.62950209157831       -0.13688100090434       -1.24494699189563
c            1.34576348005153       -0.56824854828850        1.00546902984819
c            2.20361361615050        0.51436736973011        0.40115996187121
o            1.38219267730887       -1.11988136434687       -1.92922209211582
c           -0.49744730588942       -2.02564217832989        0.01997631911822
c            3.38964216517995        0.90262556516262        0.83638325405810
c           -2.28433135690253        0.36894892755764       -0.07509757045523
c           -2.53901643283667        0.96646749808237       -1.23027256732485
h           -1.17273373183057        0.07576703738828        1.67857955561322
o           -0.88711210799458       -2.47564671719790        1.30623988807874
c           -3.37344496975846       -0.35788309676939        0.66190853552184
h           -1.15457222576405        2.54002105465031        0.84499584259514
h            0.24544498339312        1.86723876855000        1.66969449965728
h           -0.02197174675906        2.51080763238362       -1.28222919523980
h            1.16853773262848        3.07102883136541       -0.11321245852762
h            2.17475902003190        1.37458072879469       -1.59963681263386
h           -0.16975333460502        0.12623808476263       -1.93791476603531
h            1.86551987233023       -1.53000678330081        0.98409513382368
h            1.10033364411704       -0.36814664260874        2.04860939386694
h            2.17966987292841       -1.29356103150896       -1.40952165036273
h            0.26361682582549       -2.69544109735177       -0.40190908571220
h           -1.35545578174103       -2.01689764876056       -0.66600910700487
h            3.83938560906394        0.47190127250057        1.71607229707128
h            3.95150646750025        1.67451566709319        0.33680732031289
h           -3.51904190447175        0.91220349786200       -1.67785580450852
h           -1.81437074976275        1.54042394141938       -1.77808209975290
h           -1.16529666460380       -3.39675009069472        1.23668847049628
h           -3.03014279543579       -1.33881097261723        0.98728715784299
h           -3.64130218584350        0.20396930699398        1.55926226646092
h           -4.26354566216241       -0.47204030629273        0.04622041955238
35
 energy: -46.161777624287 gnorm: 0.002830300192 xtb: 6.7.1 (edcfbbe)
c            0.08609983323361       -0.61438450640013        0.11466002892370
c           -0.95283403311532        0.40103730600699        0.65524300031356
c           -0.34034895172237        1.81344876772456        0.75162494092002
c            0.56582484118988        2.21161763956692       -0.41496747366925
c            1.48769535071274        1.05492918132592       -0.81246582378367
c            0.62959294412072       -0.13729949900815       -1.24724529717463
c            1.34702555798714       -0.57344191371247        1.00128229879894
c            2.20098177203503        0.51483885206276        0.40225128105638
o            1.38244318576959       -1.12000963967183       -1.93067401099168
c           -0.50262142661586       -2.02330323372115        0.01479013931331
c            3.38109038092980        0.91144384113446        0.84541630593722
c           -2.28147890658074        0.36813276832108       -0.07323791454588
c           -2.53597658279449        0.95904970543426       -1.23153958351298
h           -1.16800258975160        0.07620473356592        1.67960937922110
o           -0.89139626640239       -2.47641024165146        1.29946635181121
c           -3.36995755714178       -0.35301164970141        0.66946341275101
h           -1.15016087093624        2.53926635661987        0.84573568092074
h            0.25108769052696        1.86577189390918        1.66781086707775
h           -0.02168170769898        2.51023270281414       -1.28352418813402
h            1.17058742965517        3.07070969401744       -0.11612254812247
h            2.17589711910130        1.37234755540771       -1.59980534554396
h           -0.16873502786455        0.12596590010474       -1.94083732065654
h            1.86809163768027       -1.53427600402601        0.97110237204242
h            1.10412303832741       -0.38116511298348        2.04636758562097
h            2.17302634623291       -1.30213843520638       -1.40380903654991
h            0.25461141716202       -2.69431608450827       -0.41178813513389
h           -1.36237280650500       -2.00754565311564       -0.66914868634451
h            3.82848112476168        0.48207315674611        1.72662474833799
h            3.94083444450120        1.68685301893994        0.34971387542934
h           -3.51589819779111        0.90295895943774       -1.67854511180951
h           -1.81102092122953        1.52858034571857       -1.78310704559703
h           -1.16299661963217       -3.39922186174565        1.22960521526726
h           -3.01893932137335       -1.32184094016507        1.02207258756143
h           -3.65387556320796        0.22804665379884        1.54982546290074
h           -4.25207836575439       -0.49162829270477        0.04739125113119
35
 energy: -46.161816586966 gnorm: 0.002208065609 xtb: 6.7.1 (edcfbbe)
c            0.08665511929721       -0.61580440187133        0.11125162287249
c           -0.94905626366181        0.40147401491356        0.65431038075437
c           -0.33655968123517        1.81353154350375        0.74975152814519
c            0.56772417019008        2.21032570220315       -0.41808552537918
c            1.48996811839356        1.05365779744714       -0.81368893864671
c            0.63142446602634       -0.13769028022469       -1.24926276009346
c            1.34834421316887       -0.57910650943433        0.99602921273395
c            2.19907293754922        0.51568618560549        0.40432571271775
o            1.38384639947800       -1.12055285918081       -1.93290935841009
c           -0.50727912469312       -2.02212486767716        0.00881305949199
c            3.37174088397905        0.92210456459620        0.85761415856596
c           -2.27943539919419        0.36750970309125       -0.07075546692413
c           -2.53582800421119        0.95246671938371       -1.23131508852800
h           -1.16198396362486        0.07715274784268        1.67909417010463
o           -0.89412448913409       -2.47801841080268        1.29320182243817
c           -3.36768015795740       -0.34738101933572        0.67804437829760
h           -1.14541786591876        2.54013232305828        0.84623499959591
h            0.25724457948981        1.86409375552318        1.66446109535858
h           -0.02028794409836        2.50744530194893       -1.28663238602799
h            1.17218306096951        3.06984021423944       -0.12024286807481
h            2.18038072820058        1.36961757274925       -1.59954881120103
h           -0.16535984610092        0.12609332808680       -1.94393409147694
h            1.87104276536075       -1.53866215293016        0.95598143566996
h            1.10735788296511       -0.39619459018265        2.04295511148196
h            2.16883925884966       -1.31121288121653       -1.40154931688515
h            0.24544327669559       -2.69491255649188       -0.42237557631760
h           -1.36973282934932       -1.99979336429189       -0.67145051739169
h            3.81727689080352        0.49409738483778        1.74020763532567
h            3.92987692799845        1.70105171605659        0.36615406812394
h           -3.51641926425708        0.89462844232681       -1.67622890555798
h           -1.81117853379060        1.51712847885562       -1.78798852381012
h           -1.16095104068688       -3.40184584948655        1.22251113321929
h           -3.01019139708352       -1.30260706500019        1.05880727972480
h           -3.66888213894765        0.25281865980372        1.53937753260875
h           -4.24093533766088       -0.51143338361143        0.05008106126041
35
 energy: -46.161835683484 gnorm: 0.001058936237 xtb: 6.7.1 (edcfbbe)
c            0.08743902003125       -0.61659802745600        0.10849537906676
c           -0.94720783801387        0.40115754515292        0.65331800656357
c           -0.33383731287246        1.81283656825905        0.74711390290821
c            0.56942268405270        2.20941987232600       -0.42129694154901
c            1.49229405484301        1.05224046185080       -0.81409413047112
c            0.63356658046297       -0.13817442056144       -1.25126021763790
c            1.34902706705137       -0.58283917444919        0.99342754954545
c            2.19827682096343        0.51555226822787        0.40639090303419
o            1.38550928314624       -1.12152235883035       -1.93555239400721
c           -0.50905098276442       -2.02135814851787        0.00512614244022
c            3.36608348712915        0.92778345838528        0.86640669822764
c           -2.27910242834718        0.36696431451643       -0.06897440620487
c           -2.53781043145955        0.94948708524289       -1.23023005966266
h           -1.15825699716498        0.07731089740003        1.67859062175599
o           -0.89326175923389       -2.47886938632096        1.29046313661472
c           -3.36741695258067       -0.34421465072136        0.68359878285061
h           -1.14210902269545        2.53997238508011        0.84457846437010
h            0.26113001742502        1.86302363183174        1.66114677816376
h           -0.01879877822671        2.50405879670437       -1.29058286623631
h            1.17286934424336        3.07014559853205       -0.12481379950307
h            2.18457796229512        1.36744325744059       -1.59851819622570
h           -0.16195806410245        0.12672276736160       -1.94688127868088
h            1.87284801981465       -1.54146319501388        0.94746566498170
h            1.10858726505955       -0.40588781214280        2.04130090394610
h            2.16916116304397       -1.31548096717930       -1.40404124538851
h            0.24093134607428       -2.69514885391220       -0.42875784889852
h           -1.37377752864517       -1.99660078027178       -0.67180240266245
h            3.80970792214156        0.50239343998517        1.75128136354093
h            3.92292306367720        1.70997560500905        0.37845272431127
h           -3.51989156464849        0.89247920803766       -1.67194399158098
h           -1.81401345781099        1.51215119619746       -1.78997389387904
h           -1.16038230322100       -3.40233070410978        1.21855232380186
h           -3.00718462692859       -1.29121575806557        1.07933989216305
h           -3.67756096511691        0.26597067480562        1.53354819121310
h           -4.23561568981259       -0.52186883045888        0.05336550685557
35
 energy: -46.161847255937 gnorm: 0.001038604252 xtb: 6.7.1 (edcfbbe)
c            0.08834713012198       -0.61814415349406        0.10491463541165
c           -0.94499505645573        0.40081605743577        0.65082156768208
c           -0.33129710480232        1.81246807683356        0.74295820780311
c            0.57140152156405        2.20737045511961       -0.42624586483383
c            1.49630813491947        1.05004736206251       -0.81447596145913
c            0.63658633084437       -0.13864957504020       -1.25363318898661
c            1.34946003016012       -0.58732079713538        0.99069916560082
c            2.19763974938038        0.51469662477617        0.40938650565933
o            1.38725450749737       -1.12271067580880       -1.93924363665108
c           -0.50998454177353       -2.02151341095579        0.00102531965934
c            3.35975541522326        0.93286610179322        0.87765583601409
c           -2.27929876025176        0.36697735370559       -0.06680625270684
c           -2.54212693693479        0.94872271749050       -1.22752210853389
h           -1.15320395315514        0.07744498581689        1.67677118552353
o           -0.88894793613392       -2.48063638832331        1.28852884746399
c           -3.36712274719588       -0.34109930364015        0.69038093453021
h           -1.13906950561879        2.54015912142994        0.84065746075914
h            0.26481709810390        1.86290111021076        1.65628588484734
h           -0.01687792197794        2.49755519929343       -1.29707117488859
h            1.17277528544178        3.07033897985425       -0.13220587600314
h            2.19156274044168        1.36433913005264       -1.59663927417670
h           -0.15756181930249        0.12851661422243       -1.95011727521414
h            1.87439425840032       -1.54492258491728        0.93874622568724
h            1.10843224723441       -0.41703613787006        2.03929957077400
h            2.17270056815986       -1.31686174038022       -1.41093124906288
h            0.23718602743374       -2.69593877011560       -0.43626273463499
h           -1.37814884962719       -1.99545458368526       -0.67088281678413
h            3.79966938931772        0.51184835987946        1.76657610235350
h            3.91502680534187        1.71953172827981        0.39473972367869
h           -3.52632120102214        0.89252141764283       -1.66472303006184
h           -1.81971018507177        1.50906209747838       -1.79142354172869
h           -1.16195992980526       -3.40207991432151        1.21439097457629
h           -3.00303370676274       -1.27896749598191        1.10229046249858
h           -3.68660780365331        0.28052449201325        1.52765041137491
h           -4.22993088223225       -0.53385648938612        0.05764422759530
35
 energy: -46.161850591815 gnorm: 0.000757454067 xtb: 6.7.1 (edcfbbe)
c            0.08829671831737       -0.61833861720065        0.10446374414833
c           -0.94487387155131        0.40065625739859        0.65045526562498
c           -0.33129263810213        1.81256559777213        0.74154895296211
c            0.57180054051922        2.20717778758556       -0.42754743949764
c            1.49687908557169        1.04952665297539       -0.81442916972905
c            0.63730996324072       -0.13918331679812       -1.25401987899701
c            1.34890966326666       -0.58739817106031        0.99092221934571
c            2.19725756876244        0.51457394014311        0.41014772526078
o            1.38744593568700       -1.12334902347102       -1.93984498458451
c           -0.50950181732654       -2.02200760365157        0.00096719544687
c            3.35893421918035        0.93286653992322        0.87952919454854
c           -2.27909913258059        0.36627038389161       -0.06705653097423
c           -2.54278368343839        0.94918447236812       -1.22704961030557
h           -1.15282503441664        0.07775421770397        1.67665830056548
o           -0.88642434642451       -2.48138477716502        1.28894857882726
c           -3.36659333730252       -0.34163539560817        0.69101700832587
h           -1.13938532454480        2.53999222636481        0.83805002957521
h            0.26428752019717        1.86413965679000        1.65511436095759
h           -0.01643580760682        2.49588170978519       -1.29886065873306
h            1.17247377607477        3.07089561183857       -0.13434729935083
h            2.19283692006008        1.36360820675119       -1.59604081852018
h           -0.15702639505404        0.12865909739671       -1.95013400737819
h            1.87381091162433       -1.54502661406844        0.93940915333872
h            1.10702514042664       -0.41715280625122        2.03936741139205
h            2.17575123025045       -1.31380304333329       -1.41397303218195
h            0.23783337534828       -2.69584558165965       -0.43715988124252
h           -1.37837665293554       -1.99671099313900       -0.66999763540850
h            3.79797903592622        0.51120333670718        1.76848228988490
h            3.91482470955260        1.71904450965057        0.39675988364917
h           -3.52789916880286        0.89502094658920       -1.66241765408790
h           -1.82143745774600        1.51165617761558       -1.79001536822450
h           -1.16496864824798       -3.40125479266182        1.21394363840583
h           -3.00220851963014       -1.27940220705604        1.10270181561351
h           -3.68551108038341        0.27980813819568        1.52849399160327
h           -4.22989500010244       -0.53447655998667        0.05915247350617
35
 energy: -46.161852444888 gnorm: 0.000643429184 xtb: 6.7.1 (edcfbbe)
c            0.08827682250835       -0.61856812523322        0.10428009889057
c           -0.94452764641884        0.40089764840135        0.64977359826879
c           -0.33127050002417        1.81316629420593        0.73953195633241
c            0.57239774939348        2.20666485969498       -0.42965390064865
c            1.49767327158961        1.04858200583536       -0.81454195861006
c            0.63771774237943       -0.13987222893279       -1.25442228660484
c            1.34842266806319       -0.58783015358609        0.99133092446356
c            2.19684462420216        0.51405270257169        0.41096672797090
o            1.38712984143757       -1.12421720817249       -1.94010103269228
c           -0.50914759101170       -2.02261382779740        0.00097280855289
c            3.35802727087222        0.93240322119981        0.88188935827876
c           -2.27950065111821        0.36740800422300       -0.06612733886076
c           -2.54459200841217        0.95257006153955       -1.22469430445966
h           -1.15176814360968        0.07890745039117        1.67644370437361
o           -0.88287266419397       -2.48294733151077        1.28920743683673
c           -3.36529088038043       -0.34286886577555        0.69204322998266
h           -1.13990043923984        2.54017402183840        0.83419820826265
h            0.26348084864844        1.86635932122910        1.65348384204305
h           -0.01562220063236        2.49375488093303       -1.30161181899540
h            1.17250839862350        3.07107233891753       -0.13753697801437
h            2.19456593837666        1.36201687764273       -1.59560645692866
h           -0.15709604754946        0.12886487673331       -1.94985563445374
h            1.87322581905673       -1.54560978293531        0.94037508778531
h            1.10571034017718       -0.41745966717535        2.03969072916881
h            2.18018486533454       -1.30805685643129       -1.41814512464379
h            0.23827392840102       -2.69539520695781       -0.43916009444430
h           -1.37910303401232       -1.99770919507232       -0.66867699866331
h            3.79479007222318        0.51045129370220        1.77177379677704
h            3.91443087940577        1.71882712282146        0.40022527836112
h           -3.52915520225216        0.89581484220189       -1.66095382305686
h           -1.82309484348982        1.51370260311412       -1.78910030844935
h           -1.17138515066906       -3.39990822280014        1.21248838318839
h           -2.99880693823567       -1.28039735085910        1.10348055954083
h           -3.68407834139148        0.27825040877758        1.53024715405170
h           -4.22933040024237       -0.53697084839923        0.06102444016297
35
 energy: -46.161853450540 gnorm: 0.000286789464 xtb: 6.7.1 (edcfbbe)
c            0.08825829656783       -0.61853290354344        0.10471060028592
c           -0.94442113728450        0.40128976756715        0.64979830658274
c           -0.33129759135806        1.81360997724101        0.73964500641533
c            0.57246993364902        2.20659758308575       -0.42956897292596
c            1.49769547827466        1.04862004344858       -0.81472332671026
c            0.63741093857719       -0.13974869414458       -1.25406687215350
c            1.34862518609641       -0.58775535959219        0.99136595483812
c            2.19697763161126        0.51423433894112        0.41082087399110
o            1.38705635411774       -1.12418740811116       -1.93937216212715
c           -0.50952526298620       -2.02240158531553        0.00100526167968
c            3.35815215656125        0.93271306563485        0.88161680869194
c           -2.27931371146312        0.36656151190322       -0.06639477293877
c           -2.54412404926194        0.95077742195397       -1.22547639545198
h           -1.15162894289365        0.07953710110416        1.67651611746254
o           -0.88389540615771       -2.48306208935531        1.28881799866663
c           -3.36509565188798       -0.34336415097201        0.69197935987950
h           -1.13980000656298        2.54079769762289        0.83445668386797
h            0.26361933140096        1.86668301891071        1.65353932892299
h           -0.01529664044865        2.49443014008005       -1.30148337844348
h            1.17307173226414        3.07053745857361       -0.13705202889855
h            2.19442674555978        1.36177318803461       -1.59609316248928
h           -0.15732256325386        0.12862273196000       -1.94970427044551
h            1.87337713468367       -1.54556557648528        0.94017521178821
h            1.10640256307447       -0.41732609250146        2.03981306530036
h            2.17970795786672       -1.30822239306387       -1.41726467592119
h            0.23773280890932       -2.69525746536967       -0.43926264715750
h           -1.37921692451365       -1.99675786761330       -0.66897821919635
h            3.79498715695034        0.51079290953551        1.77155025600795
h            3.91472532992935        1.71900894208815        0.39987283410935
h           -3.52923237288590        0.89582808062497       -1.66076750111873
h           -1.82316416563629        1.51374958939178       -1.78857525135177
h           -1.17247222858718       -3.39983525090035        1.21190779788265
h           -2.99879818199238       -1.28105286507627        1.10312560817248
h           -3.68392990804869        0.27757391537070        1.53050053401132
h           -4.22904359306205       -0.53715281669299        0.06080529253990
35
 energy: -46.161853742886 gnorm: 0.000248183179 xtb: 6.7.1 (edcfbbe)
c            0.08814166522826       -0.61836909987667        0.10485142421645
c           -0.94445616724338        0.40144068692785        0.65024369440953
c           -0.33113726328895        1.81370268708224        0.73952339725987
c            0.57275884465373        2.20691873328907       -0.42948375719755
c            1.49757665566773        1.04867446673798       -0.81480806587070
c            0.63753686688507       -0.13989782268873       -1.25391567928160
c            1.34857648937758       -0.58754313344591        0.99133553099947
c            2.19704634677295        0.51434944480874        0.41063954476977
o            1.38731813896291       -1.12447998074272       -1.93908094912815
c           -0.50984282803376       -2.02208271176347        0.00094675741449
c            3.35813428418282        0.93300067931361        0.88139280084849
c           -2.27933334839294        0.36647988552772       -0.06607129826828
c           -2.54409944417244        0.95056250255500       -1.22520976018317
h           -1.15172483966592        0.07988671953069        1.67702377594836
o           -0.88482174307745       -2.48293331167054        1.28848550272857
c           -3.36502920154843       -0.34379188283812        0.69201185521854
h           -1.13953590193343        2.54101152782277        0.83435666349756
h            0.26378077165751        1.86680257592546        1.65342357748232
h           -0.01486026089921        2.49510562573308       -1.30140128524949
h            1.17359403240476        3.07066774600544       -0.13672528766367
h            2.19415810196516        1.36168213181763       -1.59635038125545
h           -0.15710545618010        0.12817329006346       -1.94969436416045
h            1.87326887169901       -1.54534034248053        0.93997374596114
h            1.10667002681861       -0.41710701083770        2.03982187214052
h            2.17953156223669       -1.30891310291000       -1.41666568077438
h            0.23734096832303       -2.69504243008403       -0.43920010552223
h           -1.37924996550905       -1.99600014925990       -0.66933803277213
h            3.79512155489450        0.51120692850251        1.77132676930452
h            3.91479611874816        1.71920054783684        0.39960495447223
h           -3.52891745296299        0.89488874923031       -1.66109024837403
h           -1.82298841356677        1.51337510870362       -1.78829551400513
h           -1.17352765478685       -3.39956679917483        1.21131867528557
h           -2.99902630290458       -1.28179081155835        1.10198047703417
h           -3.68348345741896        0.27595482238229        1.53121066789164
h           -4.22909320108395       -0.53671030612944        0.06109798658994
35
 energy: -46.161853916794 gnorm: 0.000107591765 xtb: 6.7.1 (edcfbbe)
c            0.08817811008860       -0.61827806752203        0.10482659107762
c           -0.94430091965913        0.40163613630155        0.65027988964568
c           -0.33092280082202        1.81388470931393        0.73921692994326
c            0.57301688670399        2.20692792447648       -0.42983453631865
c            1.49771367369643        1.04850067353080       -0.81487377996446
c            0.63755959483169       -0.13994234688952       -1.25401145137635
c            1.34862165370833       -0.58775493187212        0.99130508417860
c            2.19698907406928        0.51431580598567        0.41076824951278
o            1.38730950735563       -1.12466208479566       -1.93905487068039
c           -0.51009122242914       -2.02186015276801        0.00069949129167
c            3.35773362376306        0.93340374797959        0.88197807859042
c           -2.27929836246505        0.36648469247874       -0.06578749130061
c           -2.54419979421631        0.95037960197169       -1.22499553427060
h           -1.15136757176754        0.08030539675655        1.67717694129897
o           -0.88508636977913       -2.48301711041776        1.28810691928508
c           -3.36470166122364       -0.34413460833521        0.69243833895027
h           -1.13935318519853        2.54118320091032        0.83381043730022
h            0.26392217838492        1.86721242865146        1.65315877905156
h           -0.01451314750504        2.49506743181121       -1.30183886930190
h            1.17392231963180        3.07065544871205       -0.13714723017002
h            2.19439332998749        1.36132712144411       -1.59639553551504
h           -0.15702496887886        0.12815855585753       -1.94986099181849
h            1.87333537091947       -1.54552793857261        0.93956804131517
h            1.10682795075793       -0.41760908753021        2.03986951394210
h            2.17959931054580       -1.30898702974373       -1.41660120206275
h            0.23693194167365       -2.69487598262001       -0.43965950597467
h           -1.37951466295726       -1.99543248751467       -0.66955320852812
h            3.79451926590036        0.51174614758144        1.77206562269692
h            3.91437536956938        1.71972192116415        0.40037785404705
h           -3.52897294349749        0.89441619784546       -1.66092247860316
h           -1.82312802256643        1.51322664148808       -1.78811511825142
h           -1.17505094633402       -3.39926251131099        1.21043821141947
h           -2.99807892388696       -1.28184832912517        1.10307217028150
h           -3.68358790108309        0.27602377592039        1.53138951829235
h           -4.22863735950888       -0.53786892682815        0.06134440578265
35
 energy: -46.161853993495 gnorm: 0.000115063164 xtb: 6.7.1 (edcfbbe)
c            0.08825739391241       -0.61830097753250        0.10478387750827
c           -0.94407473610994        0.40179778465594        0.65010978175093
c           -0.33085310065852        1.81411813180555        0.73889440590822
c            0.57319135437739        2.20678571692227       -0.43022343523214
c            1.49798206327975        1.04833809306298       -0.81493638538065
c            0.63760612787003       -0.13991982322779       -1.25404222454338
c            1.34870040377294       -0.58795336950339        0.99125673489415
c            2.19694307651787        0.51432137940321        0.41096192700581
o            1.38723119847576       -1.12475071399471       -1.93903352222292
c           -0.51021386121170       -2.02178826892494        0.00048443854206
c            3.35736211330338        0.93378601952703        0.88259705911688
c           -2.27922533218956        0.36649588967382       -0.06557690571700
c           -2.54439265609063        0.95043253456644       -1.22469201288829
h           -1.15087751937445        0.08061514728864        1.67709543294520
o           -0.88533334435090       -2.48307654106703        1.28782197740343
c           -3.36433369561689       -0.34442449682253        0.69283510481128
h           -1.13934347724816        2.54138540598348        0.83317829407044
h            0.26390137102577        1.86771122636490        1.65287254863325
h           -0.01423710283719        2.49477356066222       -1.30233987079671
h            1.17408721853301        3.07052796527547       -0.13764610403979
h            2.19483417591318        1.36102007604956       -1.59636914004216
h           -0.15693220880794        0.12826533948270       -1.94993550762738
h            1.87344722979473       -1.54568965945608        0.93929537034836
h            1.10686200165680       -0.41804932567559        2.03983798182993
h            2.17956762715322       -1.30908502179854       -1.41655499477167
h            0.23675214619978       -2.69487377951770       -0.43987891434968
h           -1.37959190188486       -1.99515307665032       -0.66981070389015
h            3.79397105475526        0.51229749864591        1.77283554328373
h            3.91395232062666        1.72019321386262        0.40109842687488
h           -3.52913042193418        0.89414810672119       -1.66061421229981
h           -1.82339376930428        1.51330142985744       -1.78788946694500
h           -1.17661241607996       -3.39891277757123        1.20968427491827
h           -2.99746133098813       -1.28207041025787        1.10328507232755
h           -3.68316529254218        0.27556557939142        1.53187000174530
h           -4.22835831212918       -0.53831589286719        0.06198441059550
