35
 energy: -657.269481759880 gnorm: 0.000931661213 xtb: 6.7.1 (edcfbbe)
c            0.02850442152249       -0.79382785561167       -0.02357117418719
c            0.67358526071273        0.42539541095501       -0.80269499709581
c           -0.37556107966007        1.56471263078771       -0.99513743176489
c           -1.25868679553135        1.83398133968613        0.24414878807487
c           -1.80612348694692        0.51044254468819        0.84041562266491
c           -0.63297689533963       -0.38352883465837        1.31909372726050
c           -1.25755840383706       -1.24709969865953       -0.79882241866264
c           -2.39030121906049       -0.36855566717380       -0.25691306969960
o            0.28757522666101        0.20236537622454        2.23492081135043
c            1.01158400451672       -1.96378275013254        0.16923668203005
c           -3.66383565676752       -0.38370117176841       -0.66462948750124
c            2.04234373122020        0.93167126360942       -0.30959712238833
c            3.16607565599618        0.36428901895655       -0.78391777041698
h            0.87544226064064        0.01584461322497       -1.80524565244881
o            1.51491575972077       -2.51338220468015       -1.05706824274334
c            2.14362495908192        2.11990023960341        0.62988897946636
h            0.12800336410156        2.49101738243276       -1.31286093959430
h           -1.03408441149863        1.28835632874200       -1.83408978243685
h           -0.69599810616860        2.37140319921077        1.02278336634450
h           -2.10449311680651        2.48002309757843       -0.04307376741231
h           -2.53315311197434        0.72369991585509        1.64106475061949
h           -1.06368890366843       -1.30015836536572        1.77396984313638
h           -1.14915489904455       -1.16168723742678       -1.89147797855055
h           -1.47628771706353       -2.30828578593171       -0.58167708963643
h           -0.19742539262203        0.40415404613533        3.06133443569164
h            0.51138998948457       -2.74828265512601        0.77195585350115
h            1.89537874606906       -1.62945898513968        0.72878690227331
h           -4.00371430532527       -1.03973962552358       -1.47034012757353
h           -4.41740998285843        0.26374964670443       -0.20945432915750
h            4.15520206489081        0.71646821224335       -0.47957801718680
h            3.13953875468179       -0.47548795631141       -1.48068446684785
h            0.76206502227108       -2.90200931601421       -1.54647250395520
h            1.67205355232094        3.01884764211077        0.19914198101034
h            1.64205857635379        1.91490430455319        1.58380102953566
h            3.19731118331231        2.36519835297087        0.83060148770946
35
 energy: -657.269482400282 gnorm: 0.000888741849 xtb: 6.7.1 (edcfbbe)
c            0.02805423531860       -0.79381415291137       -0.02383974461055
c            0.67426613724108        0.42509352105404       -0.80318069299576
c           -0.37543038682171        1.56398638048867       -0.99417173734839
c           -1.25846154208079        1.83455711970604        0.24453281701300
c           -1.80558404495967        0.51071178021028        0.83977767256056
c           -0.63342030642835       -0.38414677384815        1.31875137680098
c           -1.25777560202461       -1.24717461633752       -0.79956141658949
c           -2.39020305902061       -0.36803380853214       -0.25759723499403
o            0.28717360877825        0.20185746400575        2.23421571917067
c            1.01111778121507       -1.96347374977024        0.16912161259449
c           -3.66388119784502       -0.38421846989928       -0.66414808511328
c            2.04274237239809        0.93262374412055       -0.31025194933584
c            3.16668666293576        0.36636907700767       -0.78498881284380
h            0.87626570948960        0.01616303215185       -1.80588505049398
o            1.51408391124777       -2.51447121918245       -1.05704550047705
c            2.14362784682307        2.12062859286795        0.62954426938804
h            0.12831363594051        2.49016766327674       -1.31162334947290
h           -1.03391014997923        1.28787750056778       -1.83314761783309
h           -0.69533382653923        2.37089185995833        1.02352608675134
h           -2.10378373041354        2.48132204312948       -0.04251990188613
h           -2.53256835713526        0.72396796640665        1.64027625866916
h           -1.06423565369911       -1.30067894030656        1.77355662210538
h           -1.14933600156475       -1.16198988528000       -1.89211636634302
h           -1.47714430269140       -2.30801587981183       -0.58160304314419
h           -0.19818196843141        0.40347595318523        3.06033988876611
h            0.51106150129576       -2.74755018199592        0.77240076974866
h            1.89530301572003       -1.62887832529695        0.72784011653197
h           -4.00412345253001       -1.04110690699167       -1.46886966509274
h           -4.41803703698620        0.26214078169264       -0.20855098283535
h            4.15553485039626        0.71581352020105       -0.47769449615417
h            3.14066890986274       -0.47612645290805       -1.47834761263411
h            0.76062734900854       -2.90173554086532       -1.54680619201991
h            1.67309889972929        3.01950027696446        0.19807515289032
h            1.64173896143456        1.91631898612127        1.58324451778223
h            3.19724415497088        2.36538391374070        0.83058298659347
35
 energy: -657.269482400282 gnorm: 0.000888741849 xtb: 6.7.1 (edcfbbe)
c            0.02805423531860       -0.79381415291137       -0.02383974461055
c            0.67426613724108        0.42509352105404       -0.80318069299576
c           -0.37543038682171        1.56398638048867       -0.99417173734839
c           -1.25846154208079        1.83455711970604        0.24453281701300
c           -1.80558404495967        0.51071178021028        0.83977767256056
c           -0.63342030642835       -0.38414677384815        1.31875137680098
c           -1.25777560202461       -1.24717461633752       -0.79956141658949
c           -2.39020305902061       -0.36803380853214       -0.25759723499403
o            0.28717360877825        0.20185746400575        2.23421571917067
c            1.01111778121507       -1.96347374977024        0.16912161259449
c           -3.66388119784502       -0.38421846989928       -0.66414808511328
c            2.04274237239809        0.93262374412055       -0.31025194933584
c            3.16668666293576        0.36636907700767       -0.78498881284380
h            0.87626570948960        0.01616303215185       -1.80588505049398
o            1.51408391124777       -2.51447121918245       -1.05704550047705
c            2.14362784682307        2.12062859286795        0.62954426938804
h            0.12831363594051        2.49016766327674       -1.31162334947290
h           -1.03391014997923        1.28787750056778       -1.83314761783309
h           -0.69533382653923        2.37089185995833        1.02352608675134
h           -2.10378373041354        2.48132204312948       -0.04251990188613
h           -2.53256835713526        0.72396796640665        1.64027625866916
h           -1.06423565369911       -1.30067894030656        1.77355662210538
h           -1.14933600156475       -1.16198988528000       -1.89211636634302
h           -1.47714430269140       -2.30801587981183       -0.58160304314419
h           -0.19818196843141        0.40347595318523        3.06033988876611
h            0.51106150129576       -2.74755018199592        0.77240076974866
h            1.89530301572003       -1.62887832529695        0.72784011653197
h           -4.00412345253001       -1.04110690699167       -1.46886966509274
h           -4.41803703698620        0.26214078169264       -0.20855098283535
h            4.15553485039626        0.71581352020105       -0.47769449615417
h            3.14066890986274       -0.47612645290805       -1.47834761263411
h            0.76062734900854       -2.90173554086532       -1.54680619201991
h            1.67309889972929        3.01950027696446        0.19807515289032
h            1.64173896143456        1.91631898612127        1.58324451778223
h            3.19724415497088        2.36538391374070        0.83058298659347
