35
 energy: -657.269665186601 gnorm: 0.001212036408 xtb: 6.7.1 (edcfbbe)
c            0.03236332933950       -0.79550564501756       -0.03532174469297
c            0.68354137696355        0.41734008070152       -0.81433676209659
c           -0.37064810257461        1.54798304247118       -1.02475793790004
c           -1.26030345426096        1.83338802586020        0.20732243477711
c           -1.79129173630685        0.51687986172310        0.83783472928779
c           -0.61447372431267       -0.36033371366598        1.31618816035823
c           -1.26053011952484       -1.24832425987988       -0.79823949422468
c           -2.38852076680897       -0.37602717286132       -0.23976372788613
o            0.20304497466708        0.33316185096211        2.25452516917922
c            0.99971864698777       -1.97809919342703        0.15731401944936
c           -3.66959958615177       -0.40122765262953       -0.62246896236032
c            2.04180292514512        0.92802276857050       -0.29344595954557
c            3.17474033951938        0.31764636732075       -0.68617354626920
h            0.90314163548746        0.00623940393348       -1.81281332528738
o            1.51028887592637       -2.52809969524207       -1.06458733118823
c            2.12741784405597        2.16892048671223        0.57808170682933
h            0.12812706707048        2.47227834308517       -1.35482796861509
h           -1.02430107699008        1.25574650204172       -1.86205680092183
h           -0.71289801617686        2.40527265410691        0.97093201350031
h           -2.11879341050437        2.45250022433925       -0.10071785308417
h           -2.50670959341831        0.74225048906700        1.64407395845653
h           -1.02966969123578       -1.27142423883309        1.79652952016376
h           -1.16244263273947       -1.15513898218969       -1.89151719834294
h           -1.47567169898487       -2.31168186940910       -0.58850792672733
h            0.94081611876615       -0.25231010527675        2.52005323283437
h            0.48313572914507       -2.75897894414579        0.75093562102472
h            1.88687873517742       -1.66388898771683        0.72626608066199
h           -4.02148428820639       -1.06413071694828       -1.41731462217177
h           -4.41778604108547        0.24403133158472       -0.15535101445844
h            4.15546844619372        0.67074017718930       -0.35687898909023
h            3.16445042561951       -0.55466319379978       -1.34224331640185
h            0.75664851048660       -2.89303968827303       -1.57114420699781
h            1.55553144144914        2.04958129448308        1.50661007243343
h            3.17430285004364        2.38898213438001        0.83492013884982
h            1.72337235001541        3.05419479128244        0.05909065543039
35
 energy: -657.269668681253 gnorm: 0.000564973203 xtb: 6.7.1 (edcfbbe)
c            0.03227238597836       -0.79587398719253       -0.03515850373777
c            0.68410512839624        0.41743454075310       -0.81464669083144
c           -0.37053959380335        1.54799594626828       -1.02436492163475
c           -1.25977605822166        1.83394183859316        0.20762907744033
c           -1.79146345276540        0.51736626104172        0.83727607947129
c           -0.61565683562958       -0.36076766449580        1.31605753948200
c           -1.26087765788743       -1.24895474141613       -0.79839653653616
c           -2.38875455885426       -0.37538048019030       -0.24073650558998
o            0.20154923866526        0.33214179268371        2.25496615588132
c            0.99979878950530       -1.97827684227040        0.15796800633162
c           -3.66959514536923       -0.40104626069161       -0.62337845574657
c            2.04256241394504        0.92921600839327       -0.29438533564122
c            3.17570360216145        0.32044313382749       -0.68842434951455
h            0.90383214124413        0.00685263621116       -1.81321859860909
o            1.50926156634923       -2.53045673205546       -1.06404701854882
c            2.12789932512804        2.16933756698458        0.57825057962472
h            0.12798178987916        2.47224708012556       -1.35486418408740
h           -1.02440549464284        1.25485973182774       -1.86114212402649
h           -0.71150050223058        2.40415978794951        0.97187053056602
h           -2.11766505446581        2.45426279776845       -0.09987920860194
h           -2.50673219775791        0.74295718907097        1.64336466328177
h           -1.03181246339950       -1.27167442240723        1.79549228937707
h           -1.16299764461311       -1.15695367025943       -1.89162753508109
h           -1.47645767857544       -2.31175844395930       -0.58684840731097
h            0.93897168109598       -0.25387378655538        2.52050903370101
h            0.48397743592434       -2.75861055892414        0.75311590363638
h            1.88806767989117       -1.66303362087721        0.72475046516553
h           -4.02148911139893       -1.06549473922175       -1.41665210865972
h           -4.41868311591788        0.24291037946258       -0.15623744620674
h            4.15634751762722        0.67165512418831       -0.35772433023971
h            3.16526511854439       -0.55346478063823       -1.34192546667512
h            0.75476234551563       -2.89298691235689       -1.57110892154585
h            1.55683090880743        2.04883345568644        1.50711915532420
h            3.17497791387231        2.38940786964490        0.83448727211285
h            1.72390710276924        3.05487014568349        0.06011838899016
35
 energy: -657.269668681253 gnorm: 0.000564973203 xtb: 6.7.1 (edcfbbe)
c            0.03227238597836       -0.79587398719253       -0.03515850373777
c            0.68410512839624        0.41743454075310       -0.81464669083144
c           -0.37053959380335        1.54799594626828       -1.02436492163475
c           -1.25977605822166        1.83394183859316        0.20762907744033
c           -1.79146345276540        0.51736626104172        0.83727607947129
c           -0.61565683562958       -0.36076766449580        1.31605753948200
c           -1.26087765788743       -1.24895474141613       -0.79839653653616
c           -2.38875455885426       -0.37538048019030       -0.24073650558998
o            0.20154923866526        0.33214179268371        2.25496615588132
c            0.99979878950530       -1.97827684227040        0.15796800633162
c           -3.66959514536923       -0.40104626069161       -0.62337845574657
c            2.04256241394504        0.92921600839327       -0.29438533564122
c            3.17570360216145        0.32044313382749       -0.68842434951455
h            0.90383214124413        0.00685263621116       -1.81321859860909
o            1.50926156634923       -2.53045673205546       -1.06404701854882
c            2.12789932512804        2.16933756698458        0.57825057962472
h            0.12798178987916        2.47224708012556       -1.35486418408740
h           -1.02440549464284        1.25485973182774       -1.86114212402649
h           -0.71150050223058        2.40415978794951        0.97187053056602
h           -2.11766505446581        2.45426279776845       -0.09987920860194
h           -2.50673219775791        0.74295718907097        1.64336466328177
h           -1.03181246339950       -1.27167442240723        1.79549228937707
h           -1.16299764461311       -1.15695367025943       -1.89162753508109
h           -1.47645767857544       -2.31175844395930       -0.58684840731097
h            0.93897168109598       -0.25387378655538        2.52050903370101
h            0.48397743592434       -2.75861055892414        0.75311590363638
h            1.88806767989117       -1.66303362087721        0.72475046516553
h           -4.02148911139893       -1.06549473922175       -1.41665210865972
h           -4.41868311591788        0.24291037946258       -0.15623744620674
h            4.15634751762722        0.67165512418831       -0.35772433023971
h            3.16526511854439       -0.55346478063823       -1.34192546667512
h            0.75476234551563       -2.89298691235689       -1.57110892154585
h            1.55683090880743        2.04883345568644        1.50711915532420
h            3.17497791387231        2.38940786964490        0.83448727211285
h            1.72390710276924        3.05487014568349        0.06011838899016
