35
 energy: -46.147566112012 gnorm: 0.051828289549 xtb: 6.7.1 (edcfbbe)
c            0.03719408475124       -0.80092427662933       -0.03580976693715
c            0.68156609887299        0.42003703777359       -0.81117184431012
c           -0.37501927652384        1.55126476760227       -1.00804230941886
c           -1.26498581740973        1.82333304683113        0.22644937077268
c           -1.79194657431267        0.49897796718926        0.84322468693008
c           -0.61204902254198       -0.37542097529748        1.31768993603123
c           -1.25122951355433       -1.25884369215526       -0.80043017599546
c           -2.38150503087558       -0.38852031156139       -0.24431146242765
o            0.20055207417034        0.31589802953420        2.26281891665323
c            1.01194963806483       -1.96827380912103        0.15472886817653
c           -3.66010751638225       -0.40656001836277       -0.63667640194878
c            2.04283532511637        0.92909660678130       -0.29847577960139
c            3.17345257529703        0.33161762190134       -0.71735060537828
h            0.89369556881672        0.01711881407121       -1.81390034013180
o            1.40020519386605       -2.47614389223858       -1.13019677867593
c            2.13290055939649        2.15437442529311        0.59403701108372
h            0.12217114147177        2.47948232205371       -1.32979405473985
h           -1.02865162955526        1.26554226835506       -1.84754017786789
h           -0.71871240127766        2.38900714059574        0.99571930708952
h           -2.12492271217524        2.44350056445180       -0.07559559243945
h           -2.51023977341227        0.71362979710920        1.64986079723195
h           -1.02324626432090       -1.29129417563539        1.79177803397396
h           -1.14755291069357       -1.17074189656540       -1.89268979806798
h           -1.45703216828524       -2.32254300642636       -0.59040194102945
h            0.94271380016798       -0.26739023503535        2.52169866513997
h            0.50341090774645       -2.75628550868004        0.74606362468946
h            1.89671024273057       -1.63936396552393        0.73011069384478
h           -4.00745080430907       -1.06271164790675       -1.43921477933196
h           -4.41043933686284        0.23734315786457       -0.17083789660847
h            4.15747679440001        0.68247432967045       -0.39574803442740
h            3.15553282930579       -0.53006465504717       -1.38755205705449
h            2.06275887808000       -3.18132127953861       -0.98646778826416
h            1.56882404128374        2.01694766588620        1.52474634445452
h            3.18123340458197        2.37405513428392        0.84538752991625
h            1.72067508659755        3.04683228361253        0.09409782160506
35
 energy: -46.153857885084 gnorm: 0.014472215641 xtb: 6.7.1 (edcfbbe)
c            0.03006282649237       -0.77985510500124       -0.03632020780611
c            0.67545954057667        0.41990372050668       -0.80798438194374
c           -0.37769236844970        1.53483825638147       -0.99830684277121
c           -1.25634572664574        1.81005936930428        0.22579606404866
c           -1.78421420928558        0.49872780588063        0.82954593011294
c           -0.60617146806039       -0.35745148766379        1.31082563656712
c           -1.24388266443934       -1.24105247795907       -0.79524512665083
c           -2.36567657626423       -0.37933082686311       -0.25334490347216
o            0.21188960712754        0.32425408192017        2.24175760620124
c            1.00675394615547       -1.94436928121058        0.14861407723663
c           -3.63059988070025       -0.40359148545934       -0.63841428571690
c            2.02424890214339        0.91995330716060       -0.29280672128425
c            3.14206263683796        0.32821152792130       -0.70428171790656
h            0.89268873196897        0.01149656239818       -1.80339544675783
o            1.39478799956844       -2.46112356662898       -1.11958433091685
c            2.11257340780479        2.13357905536457        0.59234583808952
h            0.12423795806870        2.45614484960753       -1.30693054522687
h           -1.03239528501826        1.24714537966161       -1.82713083074284
h           -0.70539538801983        2.35424678832403        0.99607976788590
h           -2.10869124773979        2.42725956147677       -0.07754342312312
h           -2.49260712069895        0.71454520198027        1.63427129075951
h           -1.00993786032057       -1.26639585438602        1.79311376550558
h           -1.13677390846088       -1.15491096402911       -1.87802640431083
h           -1.44639056938799       -2.29597984433530       -0.57931980678671
h            0.93984968722505       -0.26051989684371        2.49999692500540
h            0.50976610757457       -2.73977257667008        0.72981614809003
h            1.89644876144145       -1.61532945698013        0.70558336782043
h           -3.97830837448259       -1.05941288124126       -1.42415385868056
h           -4.37630573751241        0.22961333270349       -0.17881930263176
h            4.11817346608409        0.67481966443730       -0.39199010331643
h            3.13079484545605       -0.51744456888271       -1.37654749406904
h            2.04663463998079       -3.16359796257968       -0.97602387944516
h            1.54975089534213        1.99184807510614        1.51388225553901
h            3.15415034718290        2.34161906997799        0.84282720693519
h            1.71182157068059        3.01600226175678        0.08791775669912
35
 energy: -46.154747828459 gnorm: 0.004755256693 xtb: 6.7.1 (edcfbbe)
c            0.03096756860578       -0.77341958426776       -0.03575571518121
c            0.66370729208107        0.41815590404626       -0.80982368112002
c           -0.38036517499882        1.53210736799695       -1.00183979549950
c           -1.24615159271660        1.80574893381356        0.22609366051538
c           -1.77633884605159        0.50092164148823        0.82768986971644
c           -0.59771430217525       -0.34892281927968        1.30774397543449
c           -1.23504697188620       -1.23463389204722       -0.79032034691927
c           -2.35148915902345       -0.37841137770823       -0.24979912673435
o            0.22294195122576        0.33582757493425        2.22427216158394
c            1.01336439338091       -1.93169638573133        0.14656854436346
c           -3.61273322062759       -0.40462344729345       -0.63571310545576
c            2.00539416576243        0.91470963088599       -0.29555015579461
c            3.11896807135190        0.32162347671886       -0.70438736277619
h            0.88334022862588        0.00519756002798       -1.80153597403158
o            1.39129554014606       -2.44619886920692       -1.11907402037490
c            2.08801927231632        2.11636181108533        0.59720932578422
h            0.12082684120687        2.44937865375945       -1.31240184817829
h           -1.04047287424399        1.23947631514898       -1.82037780906910
h           -0.68664081501488        2.33485983142511        0.99621439572132
h           -2.09160923926159        2.42900732885872       -0.07222954146741
h           -2.48283234464025        0.71791453060662        1.63030640665007
h           -0.99509395393665       -1.25452606655894        1.79794712334342
h           -1.12464523086721       -1.14927533321502       -1.86972772703206
h           -1.43497881131777       -2.28571066197354       -0.57090752331298
h            0.94637684699782       -0.24667123655110        2.48151785834110
h            0.52235017832480       -2.72408422641043        0.73248275223441
h            1.90281649268963       -1.58890794557220        0.69190627712605
h           -3.95453878219617       -1.05058760145077       -1.42621650168220
h           -4.35503727825685        0.23337952193898       -0.18766939379667
h            4.09177172137690        0.65009544119859       -0.37619176218570
h            3.10843679235344       -0.52388732320445       -1.37074577916044
h            2.03687506520053       -3.14920430697751       -0.98220226502540
h            1.51789187788285        1.96848483199836        1.50978122274717
h            3.12572341521908        2.31485713423500        0.85659211651895
h            1.69538837469219        2.99678322241693        0.09234776765389
35
 energy: -46.154868674826 gnorm: 0.002836604961 xtb: 6.7.1 (edcfbbe)
c            0.03095407641565       -0.77059253056711       -0.03591554562756
c            0.66088007893842        0.41737385420278       -0.81463578870812
c           -0.38484237416548        1.52950813414761       -1.00534201269118
c           -1.24260982751302        1.80806202181297        0.22786523300507
c           -1.77351155500739        0.50247502852368        0.82788769388308
c           -0.59418190551998       -0.34629694818079        1.30900703228154
c           -1.23345733132356       -1.23699952338011       -0.78685785257710
c           -2.34660031574049       -0.37397937414018       -0.25252316526677
o            0.22716629126113        0.33890712971757        2.22274473241982
c            1.01945737124673       -1.92412375597968        0.14485454589501
c           -3.60672534972156       -0.39581493746312       -0.64493075785763
c            1.99990382580380        0.90955204938546       -0.29332260300112
c            3.11283141630098        0.30930989017005       -0.69522491200144
h            0.88053726554319        0.00187090021447       -1.80561171684555
o            1.38982037076902       -2.43912147736475       -1.12127189719371
c            2.07873131950734        2.11005993219065        0.60081112564186
h            0.11564661631129        2.44496884772826       -1.32103429410271
h           -1.05065438049640        1.23598896657108       -1.81890640759001
h           -0.67459587013068        2.33002098780415        0.99644595848543
h           -2.08562149865756        2.43788361556536       -0.06315108182545
h           -2.48108426470481        0.71953405714776        1.62942027472529
h           -0.98973326362565       -1.25190272151136        1.80088687406118
h           -1.12098078719817       -1.15568391390353       -1.86651554199486
h           -1.43487467891427       -2.28705907269942       -0.56355790671023
h            0.95340741108203       -0.24126601630945        2.47596597470705
h            0.53543257988862       -2.71490336600881        0.73822374278931
h            1.91010652762960       -1.57385872874332        0.68371989663564
h           -3.94792971282978       -1.05223458139902       -1.42743832536709
h           -4.35141123342285        0.23506779917665       -0.19090855693375
h            4.08620155164649        0.63896921829010       -0.37047340743663
h            3.10045113888034       -0.52383962291239       -1.37800324940658
h            2.03311871975635       -3.14444030216264       -0.98821027119393
h            1.49847776339802        1.96128650948254        1.50662435478589
h            3.11424258845851        2.30362481953888        0.87202343562415
h            1.69221492835949        2.99178274619124        0.09355844232782
35
 energy: -46.154940338864 gnorm: 0.002034846656 xtb: 6.7.1 (edcfbbe)
c            0.03185777785736       -0.76965982640484       -0.03587459697507
c            0.65817265514966        0.41817314373941       -0.81862300873302
c           -0.38965786838207        1.52870100207483       -1.00877549113365
c           -1.23984148981732        1.81021419489512        0.23003899942325
c           -1.77216139412664        0.50334076929178        0.82912014822374
c           -0.59169142944940       -0.34516359233357        1.31044100202112
c           -1.23305278751586       -1.24120281642718       -0.78208728974574
c           -2.34520877776029       -0.37475381794272       -0.25046728964685
o            0.22900884192516        0.33915142683382        2.22478283485437
c            1.02630383410147       -1.91900930181188        0.14298337250261
c           -3.60472071760267       -0.39403959440918       -0.64776573336232
c            1.99652705834851        0.91116562451226       -0.29749389871291
c            3.10904518340610        0.30694295852977       -0.69677545113934
h            0.87589621718522        0.00136849693152       -1.80976928700166
o            1.38850392724234       -2.43525812612946       -1.12413301043262
c            2.07268721083774        2.10726398747421        0.60309559382235
h            0.10865879865617        2.44308085372335       -1.33199615473454
h           -1.06138369886112        1.23191760796796       -1.81679740121708
h           -0.66362422186900        2.32689847997155        0.99617062304468
h           -2.08110521745796        2.44616543185801       -0.05326595832166
h           -2.48053340663381        0.72019777228028        1.63032572814778
h           -0.98642858647806       -1.25136981057130        1.80229318483992
h           -1.12113792033956       -1.16580140664900       -1.86284389859462
h           -1.43482412567895       -2.29041243616645       -0.55322447171668
h            0.96054839298853       -0.23782511375127        2.47176625805966
h            0.55105873614911       -2.70896136327391        0.74477606956799
h            1.91925349170307       -1.56179068102271        0.67425074769227
h           -3.94100059819552       -1.04675010879706       -1.43613584232921
h           -4.34795174135483        0.24560352066345       -0.20251162280921
h            4.08264327373026        0.62432032035913       -0.35819756081873
h            3.09330491177219       -0.52923124381439       -1.37621214174404
h            2.03007606457545       -3.14329920682883       -0.99496735983862
h            1.48265250434525        1.95664372681246        1.50253976144436
h            3.10616188150065        2.29567845628566        0.88640542560102
h            1.69273071227417        2.99183030726475        0.09513174269920
35
 energy: -46.154967452675 gnorm: 0.001402484148 xtb: 6.7.1 (edcfbbe)
c            0.03313370023597       -0.77087791060985       -0.03470878236917
c            0.65623889997032        0.41936259837552       -0.81862535366940
c           -0.39206207700234        1.52963421803710       -1.00952851292638
c           -1.23874972971778        1.81062604261877        0.23170272801272
c           -1.77215541620895        0.50338452482474        0.83040130250540
c           -0.59192085114271       -0.34644941276133        1.31146649342123
c           -1.23288793614889       -1.24392503165821       -0.77856596429700
c           -2.34488260191915       -0.37425768981313       -0.25023822662541
o            0.22710779845853        0.33575486839464        2.22914359462653
c            1.03012382250181       -1.91858575761440        0.14259218333836
c           -3.60283432679928       -0.38948086976868       -0.65278748884384
c            1.99513866607376        0.91178142813011       -0.29739194509060
c            3.10726374853218        0.30592720788508       -0.69543051497053
h            0.87331015392987        0.00291228553254       -1.81008664292577
o            1.38726696662854       -2.43612736480705       -1.12538513011112
c            2.07152419065940        2.10808681848502        0.60277630695564
h            0.10373701335168        2.44407983963685       -1.33784481134564
h           -1.06634046545845        1.22899952346186       -1.81420808992158
h           -0.65965993624801        2.32499867628870        0.99685674193093
h           -2.07923785416731        2.44915431983924       -0.04785841387753
h           -2.48142574142432        0.71949952156274        1.63127208145268
h           -0.98769147620854       -1.25347715569258        1.80111516577491
h           -1.12222176345511       -1.17496086075616       -1.86016363794376
h           -1.43504884322486       -2.29193323689349       -0.54353092461469
h            0.96374155106994       -0.23829993470186        2.46969022180838
h            0.56045496961405       -2.70839591450015        0.74903524085693
h            1.92512949122366       -1.55806689511559        0.66846374803470
h           -3.93698840928972       -1.04211504497227       -1.44229813561338
h           -4.34586051243557        0.25363885707963       -0.21191638991627
h            4.08105304747831        0.62242444996441       -0.35720846515453
h            3.09003898110188       -0.52970503471937       -1.37564312233132
h            2.02731294287841       -3.14645297308167       -0.99863376663228
h            1.47627779976107        1.95997160484641        1.49905438870814
h            3.10392988211663        2.29258418330284        0.89213754210524
h            1.69795180749035        2.99441975433517        0.09255060258512
35
 energy: -46.154988367778 gnorm: 0.001394726698 xtb: 6.7.1 (edcfbbe)
c            0.03391156564111       -0.77259731787463       -0.03255516424085
c            0.65466175896130        0.41969945164717       -0.81790223462463
c           -0.39598687332353        1.52798067949345       -1.00656841199505
c           -1.23856343484533        1.81040863960457        0.23617609094296
c           -1.77183016184658        0.50209160672911        0.83231612632952
c           -0.59264131794438       -0.34953477219996        1.31359449826729
c           -1.23298524445259       -1.24928228395874       -0.77317206743390
c           -2.34365280161535       -0.37292515577612       -0.25162646688649
o            0.22486027819687        0.33024247774432        2.23525459707448
c            1.03392919729229       -1.91793048100710        0.14245290204289
c           -3.59810183060440       -0.37903774036822       -0.66443302225478
c            1.99405506309448        0.91398145947730       -0.29831216534549
c            3.10620609195088        0.30905265784555       -0.69666218900636
h            0.87082597279933        0.00466370906115       -1.81005754716392
o            1.38304788329094       -2.43944625472007       -1.12651180621677
c            2.07054821518553        2.11063516667927        0.60118732217830
h            0.09654002989764        2.44251129302704       -1.34024528676878
h           -1.07232986164469        1.22278548482245       -1.80769351767059
h           -0.65713367678543        2.32188531873283        1.00091758659239
h           -2.07853723590358        2.45099494123757       -0.03952297553079
h           -2.48187883838101        0.71656067151810        1.63292918763230
h           -0.99086791326780       -1.25745959903018        1.80013064893355
h           -1.12397344973734       -1.19257531671755       -1.85566126448050
h           -1.43650519103525       -2.29440916619214       -0.52556472271543
h            0.96993846665360       -0.23857393653096        2.46385795243891
h            0.57103975407430       -2.70666844617151        0.75506195777549
h            1.93253609535124       -1.55419504875283        0.65985175249685
h           -3.93008392797590       -1.03086477198318       -1.45536654200723
h           -4.34123391295869        0.26707698637926       -0.22869644501976
h            4.07977158727947        0.62510398569922       -0.35868691365825
h            3.08831125919891       -0.52860056339054       -1.37405894458416
h            2.01958991653373       -3.15372141285475       -1.00239925073043
h            1.46774768414039        1.96789543784542        1.49313542289214
h            3.10152810108853        2.28910756764479        0.89840353845682
h            1.70802424391665        2.99927436747555        0.08663137721688
35
 energy: -46.155000831155 gnorm: 0.001104659374 xtb: 6.7.1 (edcfbbe)
c            0.03384417496372       -0.77382227436906       -0.03105154778492
c            0.65367009243326        0.41874543633075       -0.81581536489993
c           -0.39682059042650        1.52703775653308       -1.00378836792378
c           -1.23943837138492        1.80816921208239        0.23882859091530
c           -1.77221785633474        0.49971113376768        0.83396761655474
c           -0.59214935527994       -0.35060624074575        1.31463990192567
c           -1.23284916445391       -1.25158193907852       -0.77086755205013
c           -2.34302308592748       -0.37385255070797       -0.25161556444280
o            0.22651107426757        0.33021972880246        2.23463441922922
c            1.03368798742054       -1.91898501165140        0.14357008469443
c           -3.59553510588496       -0.37498143345057       -0.66968916662288
c            1.99314452682374        0.91338774319013       -0.29692452558492
c            3.10591249301877        0.31081259253871       -0.69706151607862
h            0.86973629214398        0.00391293674315       -1.80794648666376
o            1.38012229983564       -2.44235814132657       -1.12571621396204
c            2.06987161000005        2.11160970026439        0.60049916908290
h            0.09577453164775        2.44165520213728       -1.33635610087305
h           -1.07305926586970        1.22218403577164       -1.80488845616599
h           -0.65928921294697        2.32021268897912        1.00419145874123
h           -2.07990022610398        2.44761661850090       -0.03761412424507
h           -2.48220839455204        0.71263636918840        1.63491305519567
h           -0.98971557584149       -1.25829259300612        1.80231133040898
h           -1.12349134088866       -1.19952543873509       -1.85309775873053
h           -1.43711333447049       -2.29514813398812       -0.51826144350447
h            0.97433576102631       -0.23629674937627        2.45817601055438
h            0.57126202073107       -2.70678830970787        0.75725118532367
h            1.93361756680855       -1.55561111811475        0.65832540241108
h           -3.92622308324592       -1.02118692014754       -1.46564496101373
h           -4.33775276596658        0.27531319249231       -0.23871910109581
h            4.07950981204493        0.63190962650749       -0.36431915235012
h            3.08952604204763       -0.52413104639718       -1.37802005268803
h            2.01441816340945       -3.15827629014049       -1.00152473664616
h            1.46451309232765        1.97233592298048        1.49118421110784
h            3.10067853362802        2.28804682379634        0.89953807955153
h            1.71141814722501        3.00005710547228        0.08309570056664
35
 energy: -46.155008694276 gnorm: 0.001161790814 xtb: 6.7.1 (edcfbbe)
c            0.03376004571317       -0.77546600537654       -0.02885591737852
c            0.65242093353852        0.41679501812435       -0.81333951405631
c           -0.39734712788597        1.52598252832326       -0.99998330850587
c           -1.24183347544481        1.80530047790489        0.24207329309115
c           -1.77290570387002        0.49616689172829        0.83642654057054
c           -0.59120523225847       -0.35197817099733        1.31638340550999
c           -1.23244473287988       -1.25385102286916       -0.76856212343534
c           -2.34155483635335       -0.37320388171808       -0.25343125288609
o            0.22925217988324        0.33171052588851        2.23250147952784
c            1.03285588545606       -1.92101856100308        0.14559839753636
c           -3.59137817890713       -0.36613799194879       -0.67965810005861
c            1.99210366589177        0.91378764857792       -0.29786938230065
c            3.10574214943564        0.31583204714079       -0.70286435782772
h            0.86756357184507        0.00189938412518       -1.80560527704404
o            1.37736102067761       -2.44563466302116       -1.12405854137226
c            2.06915351490660        2.11218054155961        0.59979483749149
h            0.09651164264445        2.44081240620198       -1.32910261363919
h           -1.07282073071907        1.22358319117262       -1.80251986956721
h           -0.66408682073943        2.31910584651997        1.00840238846237
h           -2.08331328377697        2.44267471540012       -0.03645403718512
h           -2.48356079329664        0.70680204121132        1.63730384896552
h           -0.98585464363895       -1.25921547798661        1.80726848185184
h           -1.12113523441560       -1.20535526403983       -1.85027797144095
h           -1.43831828151971       -2.29599661255736       -0.51242472507511
h            0.98008305362856       -0.23198098148638        2.45071224035358
h            0.56950169697672       -2.70787291089491        0.75959112072897
h            1.93382104547147       -1.55879707186643        0.65877319736865
h           -3.92251632737614       -1.01153056302236       -1.47612469965628
h           -4.33404114657339        0.28223057981604       -0.24705105927000
h            4.07929442547263        0.63844574086418       -0.36984713378882
h            3.09120796759202       -0.52089773074024       -1.38158795555671
h            2.00925323156717       -3.16309160111269       -0.99904103187707
h            1.46189390108688        1.97550378897138        1.48949360274485
h            3.09994156408478        2.28717503453454        0.90021817572902
h            1.71336254600853        3.00016973771174        0.08032188492616
35
 energy: -46.155012620762 gnorm: 0.000550914420 xtb: 6.7.1 (edcfbbe)
c            0.03378823895457       -0.77572096139566       -0.02799582700148
c            0.65201925698540        0.41626267517392       -0.81356193625313
c           -0.39847052873017        1.52537711882989       -0.99902835559478
c           -1.24329336814166        1.80540851741526        0.24325653768673
c           -1.77304630307435        0.49517110571124        0.83733888835194
c           -0.59101240852742       -0.35264264246913        1.31776000189548
c           -1.23230373642783       -1.25518810649777       -0.76753540074970
c           -2.34136478369892       -0.37432373593893       -0.25266255003179
o            0.22881545167673        0.33223861705800        2.23348518445889
c            1.03399773069035       -1.92075502818570        0.14598196032806
c           -3.59042640528941       -0.36488503526699       -0.68132712579378
c            1.99182680791582        0.91331207496656       -0.29835962761004
c            3.10518391600541        0.31520374647692       -0.70396572804571
h            0.86635641998173        0.00130125891842       -1.80613300772553
o            1.37765640122697       -2.44554671232752       -1.12372887064019
c            2.06888531265293        2.11149608826502        0.59980813770314
h            0.09557943140459        2.44039891682588       -1.32760506771724
h           -1.07395336758834        1.22394649729128       -1.80213348097978
h           -0.66519389268698        2.31965636665900        1.00910382220074
h           -2.08521948652767        2.44261773668543       -0.03481605105847
h           -2.48422871298192        0.70534817531723        1.63789847415792
h           -0.98432834727965       -1.25996615239717        1.80949772187121
h           -1.12099959806430       -1.20721600663619       -1.84961477084290
h           -1.43811807552307       -2.29745250893749       -0.51102502216415
h            0.98227590539705       -0.22954071964810        2.44917457307869
h            0.57161662049555       -2.70763181461703        0.76111858760788
h            1.93527432276814       -1.55790246961288        0.65862675639977
h           -3.92002008984612       -1.00658027497451       -1.48161737464709
h           -4.33213363389911        0.28697170181807       -0.25151524470933
h            4.07888289238296        0.63860192867470       -0.37219674876941
h            3.09014938757732       -0.52069822288151       -1.38379505440424
h            2.00879177648750       -3.16394181369237       -0.99886674134467
h            1.45997389672440        1.97521647508364        1.48844621836001
h            3.09931086904076        2.28549045246145        0.90224662940038
h            1.71449559214412        3.00010238698275        0.07994451551897
35
 energy: -46.155013662708 gnorm: 0.000278356912 xtb: 6.7.1 (edcfbbe)
c            0.03394842298229       -0.77593411678585       -0.02768806158609
c            0.65148853940093        0.41669628140496       -0.81313628862922
c           -0.39888271077149        1.52592259973733       -0.99884272091277
c           -1.24359908165452        1.80493410884417        0.24377137396123
c           -1.77350581439577        0.49464619886198        0.83776446675521
c           -0.59099285930058       -0.35254061231776        1.31808767821566
c           -1.23221595725554       -1.25565622213522       -0.76703634725295
c           -2.34139030017421       -0.37457395157974       -0.25269312231832
o            0.22816817709789        0.33258341816483        2.23429333661804
c            1.03476743022495       -1.92064878297295        0.14629289665588
c           -3.58994892413068       -0.36394473140092       -0.68258731932488
c            1.99179450298224        0.91323348383840       -0.29874686759479
c            3.10461513457114        0.31454970725185       -0.70482508097551
h            0.86511652408339        0.00177856385414       -1.80585362948781
o            1.37865332251311       -2.44520524170045       -1.12321263974493
c            2.06915266107614        2.11094589845251        0.59981051023806
h            0.09493053698635        2.44120560458436       -1.32734880697852
h           -1.07431780522660        1.22442016521881       -1.80203021137597
h           -0.66575042108478        2.31953205945610        1.00944228237106
h           -2.08587198101640        2.44156447149028       -0.03415737148528
h           -2.48495628401214        0.70453499344207        1.63821419072507
h           -0.98425812613146       -1.25993393623407        1.80952787976338
h           -1.12097873364553       -1.20757251249838       -1.84927139011361
h           -1.43784507708868       -2.29810944435102       -0.51078588397095
h            0.98286305067739       -0.22807333090477        2.44907947922910
h            0.57304646323817       -2.70774325546183        0.76172990374005
h            1.93585471145978       -1.55718206370425        0.65907088977980
h           -3.91903421174442       -1.00531087478815       -1.48320164062912
h           -4.33130891877937        0.28857565540625       -0.25328936059488
h            4.07853673628879        0.63736868894535       -0.37351488751592
h            3.08861209359204       -0.52080465527202       -1.38525570882271
h            2.00951906610556       -3.16397250814884       -0.99851784110736
h            1.45962018481388        1.97448336362990        1.48795367508462
h            3.09940267031045        2.28420661591929        0.90285341787152
h            1.71553447023308        3.00015399688936        0.08030722234932
35
 energy: -46.155014097892 gnorm: 0.000139290723 xtb: 6.7.1 (edcfbbe)
c            0.03405244097803       -0.77588238972364       -0.02743437044983
c            0.65124419778554        0.41677245078936       -0.81315849088707
c           -0.39907094399837        1.52614589789872       -0.99822554973975
c           -1.24427120955549        1.80476034602145        0.24402894470512
c           -1.77369689728893        0.49430007248754        0.83791608048735
c           -0.59120589873364       -0.35279080619085        1.31828000663871
c           -1.23194697629392       -1.25562525776912       -0.76693265032027
c           -2.34128175131384       -0.37469480992550       -0.25283112793620
o            0.22771787639386        0.33260182765578        2.23448313344307
c            1.03493757617054       -1.92047171266942        0.14678126206768
c           -3.58955121038518       -0.36343442418647       -0.68343751308420
c            1.99176829155968        0.91308331127064       -0.29914436498042
c            3.10431785311212        0.31443155126872       -0.70596127847742
h            0.86455268545955        0.00199025172725       -1.80598799666074
o            1.37941866034221       -2.44484755865754       -1.12252052103548
c            2.06958251554077        2.11048084787054        0.59969056188983
h            0.09478724254801        2.44159877390552       -1.32612421712077
h           -1.07424465594922        1.22500654682010       -1.80171856524924
h           -0.66681773404588        2.31947105580149        1.00991111872311
h           -2.08672408485444        2.44103054652744       -0.03415971156330
h           -2.48520056045239        0.70392435582494        1.63836045302713
h           -0.98426728364158       -1.26032015416119        1.80965207729087
h           -1.12063504256451       -1.20737005799054       -1.84912833820792
h           -1.43740319235663       -2.29812240615574       -0.51087199638183
h            0.98284159462088       -0.22739012583601        2.44900718136532
h            0.57307657384798       -2.70761418906773        0.76196484751497
h            1.93570406353990       -1.55682666449742        0.66000620242962
h           -3.91852704934169       -1.00468889142393       -1.48410218621808
h           -4.33081928228402        0.28904736733916       -0.25414247266003
h            4.07844144989886        0.63687867094736       -0.37497367178403
h            3.08773846949771       -0.52098663047566       -1.38623351234805
h            2.01015368073148       -3.16367470615903       -0.99772158077283
h            1.45990738660013        1.97405751692272        1.48770439433685
h            3.09985375351025        2.28333418913103        0.90275943854501
h            1.71633495314764        2.99995483981572        0.08046843634921
35
 energy: -46.155014327678 gnorm: 0.000113940794 xtb: 6.7.1 (edcfbbe)
c            0.03391677359762       -0.77576824422070       -0.02737468453144
c            0.65109951026208        0.41684838988795       -0.81309425699524
c           -0.39925271677106        1.52627119270438       -0.99771988359002
c           -1.24464498881892        1.80469480427304        0.24444200657167
c           -1.77395579767725        0.49405410769822        0.83795800421055
c           -0.59137064089427       -0.35280619433420        1.31832721474619
c           -1.23188758143269       -1.25581718553853       -0.76698706291683
c           -2.34125764887228       -0.37481917422496       -0.25307029799957
o            0.22741602524798        0.33268099734485        2.23458729580444
c            1.03500029187240       -1.92007678822702        0.14718236079847
c           -3.58937400950428       -0.36323771562038       -0.68417843054802
c            1.99185778673272        0.91300763007735       -0.29955927147034
c            3.10417480273919        0.31428400641376       -0.70697058127059
h            0.86403660184759        0.00213881487849       -1.80601489427746
o            1.38017947502191       -2.44441635334681       -1.12193001449565
c            2.07003494889115        2.11008761806903        0.59965914709667
h            0.09478899949451        2.44180165342548       -1.32505799660164
h           -1.07427331552852        1.22558069253229       -1.80151544551225
h           -0.66748843492341        2.31945810326696        1.01058858511735
h           -2.08719573415987        2.44081371118842       -0.03390033441827
h           -2.48550674001290        0.70343746576682        1.63841890218906
h           -0.98425142579835       -1.26047579753224        1.80964397000742
h           -1.12045831486203       -1.20757851160423       -1.84915018034986
h           -1.43729838541672       -2.29829853784632       -0.51084416198658
h            0.98279921490465       -0.22695943519548        2.44890668566554
h            0.57297166052976       -2.70726468095906        0.76215855577748
h            1.93544958164959       -1.55624650821261        0.66086458663276
h           -3.91825877414262       -1.00438235567069       -1.48500070887916
h           -4.33073418194669        0.28903200151303       -0.25474956255468
h            4.07854261153245        0.63629298018686       -0.37620232009484
h            3.08703921605464       -0.52103811213119       -1.38737553489064
h            2.01096219715122       -3.16312593844464       -0.99687140978530
h            1.46002223596258        1.97375291032427        1.48749772453908
h            3.10037819274225        2.28235936717938        0.90298632327620
h            1.71730605675300        2.99984472151420        0.08054969367187
35
 energy: -46.155014474193 gnorm: 0.000080180984 xtb: 6.7.1 (edcfbbe)
c            0.03389043492955       -0.77570252944630       -0.02730651372244
c            0.65093969021317        0.41691680652865       -0.81309793780582
c           -0.39928896506457        1.52654233112603       -0.99744747841668
c           -1.24486278751232        1.80470103746499        0.24468048089667
c           -1.77418938911225        0.49394603064909        0.83796030960802
c           -0.59154665161205       -0.35282430281863        1.31833953877627
c           -1.23183516911224       -1.25585665981891       -0.76698431079451
c           -2.34130629399296       -0.37485748767225       -0.25323457674134
o            0.22716093729471        0.33271515725089        2.23462440733744
c            1.03508994455702       -1.91985233335247        0.14748814576517
c           -3.58936565584566       -0.36332640839143       -0.68454699081933
c            1.99185605899288        0.91283955901014       -0.29977201738358
c            3.10400571027467        0.31416751971395       -0.70772031314482
h            0.86363555291235        0.00229254103891       -1.80610759627212
o            1.38081480049407       -2.44412922060781       -1.12153164337603
c            2.07035025730401        2.10972679677507        0.59970397768394
h            0.09486880578768        2.44212021965706       -1.32448954911462
h           -1.07430592559713        1.22614848716025       -1.80137065657277
h           -0.66779373840331        2.31936327934419        1.01099321043646
h           -2.08736650818879        2.44093094772601       -0.03363302108601
h           -2.48587062431614        0.70314984540541        1.63835970235957
h           -0.98433824746120       -1.26055606037219        1.80965979513141
h           -1.12032551285752       -1.20777932094864       -1.84914285001356
h           -1.43726959718975       -2.29829383245489       -0.51067127195480
h            0.98265411527656       -0.22685123744262        2.44884231626497
h            0.57300698874480       -2.70715207002753        0.76231329557590
h            1.93532310238173       -1.55586819352223        0.66145851221241
h           -3.91812960737396       -1.00444709946372       -1.48547447586795
h           -4.33085363686424        0.28897485342188       -0.25529072762830
h            4.07854379498785        0.63596724592251       -0.37721913043261
h            3.08652196728428       -0.52105007049102       -1.38826311347902
h            2.01181210091935       -3.16260842910071       -0.99622870779624
h            1.46003685173297        1.97356313278259        1.48736926467927
h            3.10070945705696        2.28147942721010        0.90332668128404
h            1.71819523158489        2.99973967287936        0.08061726734736
35
 energy: -46.155014607399 gnorm: 0.000043746019 xtb: 6.7.1 (edcfbbe)
c            0.03380886072199       -0.77566297834700       -0.02722516338614
c            0.65077177609948        0.41699216801436       -0.81301961668920
c           -0.39932551706644        1.52677931458160       -0.99725135867640
c           -1.24495117820747        1.80478415119440        0.24488596477555
c           -1.77440810240614        0.49394910159863        0.83787209805800
c           -0.59178634356446       -0.35280966985741        1.31836887570275
c           -1.23183502122017       -1.25591098822310       -0.76696318185087
c           -2.34136554841918       -0.37487034290552       -0.25339293456391
o            0.22681340297827        0.33277491371902        2.23471252537114
c            1.03515288625853       -1.91966888000020        0.14774758374870
c           -3.58938053712245       -0.36353747850799       -0.68479520333222
c            1.99187456114534        0.91271261958693       -0.29999324325131
c            3.10385988816793        0.31414105066405       -0.70849377828040
h            0.86323171688239        0.00240423040057       -1.80609937783268
o            1.38135852602993       -2.44388129760931       -1.12119208437918
c            2.07070215753948        2.10933950705176        0.59980828205989
h            0.09493992464535        2.44237578832823       -1.32407543501295
h           -1.07433298106973        1.22659626019771       -1.80126714131421
h           -0.66785261126592        2.31921323245671        1.01132158182604
h           -2.08733953991769        2.44118749605721       -0.03332855711426
h           -2.48626357201375        0.70304751657289        1.63814216983087
h           -0.98457337218182       -1.26054611078768        1.80966776581271
h           -1.12023755626987       -1.20803263239915       -1.84911914091234
h           -1.43731907084872       -2.29829190060836       -0.51046685375127
h            0.98226042828722       -0.22685921197639        2.44898589797958
h            0.57308429373327       -2.70711282557517        0.76241018963139
h            1.93518758572785       -1.55552841185621        0.66194827544036
h           -3.91796286589266       -1.00466775913704       -1.48578109302099
h           -4.33102313273005        0.28872933745319       -0.25574572756515
h            4.07851830880514        0.63580293448473       -0.37824825394754
h            3.08612065489632       -0.52078859331177       -1.38938566048664
h            2.01276173189492       -3.16197319489372       -0.99564059165725
h            1.46001623869492        1.97333009951878        1.48721187974701
h            3.10102767340574        2.28046733361116        0.90383032901147
h            1.71923382650790        2.99964485563984        0.08077500096582
35
 energy: -46.155014701534 gnorm: 0.000040851815 xtb: 6.7.1 (edcfbbe)
c            0.03373056569056       -0.77558688813682       -0.02713443316163
c            0.65067626289519        0.41702349631453       -0.81302537018636
c           -0.39933420576953        1.52692062017324       -0.99712272382573
c           -1.24496333705198        1.80480660665683        0.24503401439605
c           -1.77462860421768        0.49397272458870        0.83781970703307
c           -0.59199435351045       -0.35272182223610        1.31842184122185
c           -1.23183552580685       -1.25594787478585       -0.76691212618747
c           -2.34142263547294       -0.37486649441477       -0.25352019806602
o            0.22651599446944        0.33287765766036        2.23484866613602
c            1.03520395750428       -1.91946889930644        0.14796994043476
c           -3.58941822338290       -0.36372410563452       -0.68500710312500
c            1.99190625523944        0.91258470019654       -0.30019705700893
c            3.10378669864074        0.31422113311246       -0.70929112797440
h            0.86295453420890        0.00240342733215       -1.80613400720191
o            1.38164557856754       -2.44368787096550       -1.12091683232591
c            2.07095659309608        2.10890624210717        0.59999395275789
h            0.09502972300167        2.44251016679084       -1.32382794279558
h           -1.07436336666228        1.22687361270046       -1.80117298287034
h           -0.66779994578156        2.31899992275332        1.01156444543678
h           -2.08724245036405        2.44138211390201       -0.03306989197454
h           -2.48661316770965        0.70302137648915        1.63799507065987
h           -0.98483254519050       -1.26044547369461        1.80967141211037
h           -1.12015035042485       -1.20820667322093       -1.84906472516485
h           -1.43734772310633       -2.29829588450692       -0.51029250980669
h            0.98182635746369       -0.22686668909163        2.44932813836683
h            0.57316342803977       -2.70697587200281        0.76257494906718
h            1.93512393261289       -1.55518164245781        0.66227124167640
h           -3.91782354642494       -1.00499705231220       -1.48595117367109
h           -4.33117502420120        0.28858625094484       -0.25621027358838
h            4.07853049002101        0.63589755023439       -0.37933606690638
h            3.08587720167523       -0.52047299158374       -1.39046088940713
h            2.01354555302774       -3.16132905927862       -0.99523526194622
h            1.45981127364614        1.97296702395911        1.48709092565145
h            3.10124569926203        2.27941781703390        0.90448144716078
h            1.72018239824080        2.99953248581499        0.08102096802162
