42
 energy: -653.885183953474 gnorm: 0.001525365812 xtb: 6.7.1 (edcfbbe)
c            1.01662107087691        1.52679861698688       -0.17676933779133
c            2.51503032542949        1.13983713081236       -0.09194621730892
c            2.86259103226327       -0.27245794592692        0.44048857334066
c            2.43005960220324       -1.38834011159541       -0.55111958750755
c            1.02350580928624       -1.97295205281744       -0.25845023215631
c            0.06259897992577       -0.86781851634365        0.23147925463236
c            0.04506846635151        0.42068029778600       -0.63170505153594
c            0.41193241387437        1.95418805325241        1.18325490941193
c           -1.12904423294759        1.82582855641893        0.99706749323363
c           -1.35544791691115        0.96329395315153       -0.28292975467660
o           -1.27286232728491       -1.35910128826819        0.24190648999703
c           -2.20020962176336       -0.33870046419546       -0.13026135775464
h            0.15511191171361        0.17732269696140       -1.67724592209549
h           -1.76950501750892        1.57047106217830       -1.07222767651433
h            0.34404568370153       -0.60142901928832        1.24751104539680
c            1.09104656343344       -3.09401354778589        0.80463467008399
c           -2.81499517385355       -0.71245388644284       -1.51175526239912
c           -3.33131866511903       -0.26104145848295        0.92899927119384
c            0.90659013301941        2.72150929770367       -1.15903263557789
h            2.93966346987900        1.22139712871077       -1.08392964099679
h            3.00861181871051        1.88535437283169        0.51985989964220
h            3.93832069816295       -0.31385983963134        0.56589164505339
h            2.43000046336633       -0.43961137848981        1.41700064809781
h            3.14724413294173       -2.19878874909135       -0.52253964979799
h            2.45123370287911       -0.98202192671608       -1.55368475465841
h            0.61685025564994       -2.38497864546663       -1.17386125305975
h            0.70700778870000        2.96129847533889        1.44246354576043
h            0.75729771972864        1.30213801563976        1.97249236230348
h           -1.58128648040990        1.37578626736090        1.86753976858999
h           -1.58070475597755        2.80049242102382        0.87124204356577
h            1.53129136373577       -2.71518523919415        1.71883580748211
h            0.09305419660551       -3.45528841198279        1.02673291228430
h            1.69410014354346       -3.92123859919686        0.45069936439946
h           -3.57179749999581        0.00992290124736       -1.79324676888777
h           -3.27113648925663       -1.69354211365317       -1.45330512368718
h           -2.04590404313595       -0.73068245933095       -2.27370737453105
h           -2.91914574621373       -0.19708416535774        1.92756065144699
h           -3.95651957215858        0.60536628024607        0.74706159184960
h           -3.94369498006862       -1.15324858357572        0.87001138584674
h            1.17646173413057        2.41220099759793       -2.16070497062181
h           -0.09919793270909        3.11709769846926       -1.17924927030323
h            1.57849324700219        3.51290346762102       -0.85185371771585
42
 energy: -653.885197060927 gnorm: 0.001902970705 xtb: 6.7.1 (edcfbbe)
c            1.01808077864413        1.52683362442236       -0.17675737308853
c            2.51715257642859        1.14085563891999       -0.09083787761886
c            2.86152464164995       -0.27316984226949        0.43957066341989
c            2.42927124458861       -1.38891165065740       -0.55203579138873
c            1.02293253643283       -1.97360807618133       -0.25852589506095
c            0.06277063141968       -0.86760270255231        0.23191803091713
c            0.04527540549511        0.42122960140084       -0.63153086801600
c            0.41048980643268        1.95579100365708        1.18155774009900
c           -1.13094185352079        1.82557320685165        0.99882059887817
c           -1.35560058264267        0.96403968542687       -0.28195979867304
o           -1.27306674004012       -1.35749130312485        0.24686758750245
c           -2.19997605615549       -0.33869518628313       -0.12953754573100
h            0.15598882400654        0.17834099964719       -1.67735383403728
h           -1.77014432431126        1.57132988571528       -1.07123282430397
h            0.34688844669839       -0.60078709362111        1.24706730396052
c            1.09136230756019       -3.09529097535463        0.80406571234575
c           -2.81397949938324       -0.71402944295673       -1.51119734682758
c           -3.33303125986345       -0.25962334872366        0.92794090785702
c            0.90781366175009        2.72146233676004       -1.15983020056875
h            2.94463227778991        1.22473716020489       -1.08173182897809
h            3.00935312915566        1.88477303688660        0.52459593361002
h            3.93724370277482       -0.31508357927873        0.56467738042415
h            2.42954673622388       -0.44124372903627        1.41615333827844
h            3.14682908250505       -2.19924659964104       -0.52510215347048
h            2.44935073868116       -0.98132166681539       -1.55418232554938
h            0.61628862167232       -2.38617022669755       -1.17392822348577
h            0.70441873675717        2.96421858589248        1.43872831811830
h            0.75812213684964        1.30590649710053        1.97204890312566
h           -1.58075789697250        1.37200997040061        1.86905175256851
h           -1.58535596913191        2.79965297349001        0.87552912053806
h            1.53450197302381       -2.71781462421195        1.71768455425120
h            0.09320713390704       -3.45518205967005        1.02808647046514
h            1.69226980322711       -3.92357297117188        0.44808195249862
h           -3.57087675952221        0.00815639663369       -1.79365004604669
h           -3.26957128201583       -1.69559784088991       -1.45328137685053
h           -2.04389925244021       -0.73195199614237       -2.27240137690768
h           -2.92162535754843       -0.19349724161351        1.92678532469929
h           -3.95899216478411        0.60589587209083        0.74394143764813
h           -3.94439036166948       -1.15266563660808        0.87040311384849
h            1.17490282681677        2.41088220839920       -2.16215034976174
h           -0.09795266486226        3.11775993328367       -1.17795263345347
h            1.58100583191419        3.51315796577704       -0.85518781346153
42
 energy: -653.885217920247 gnorm: 0.001547922462 xtb: 6.7.1 (edcfbbe)
c            1.01780045747614        1.52826974418829       -0.17662173644316
c            2.51689848637150        1.14077157319600       -0.08688239902716
c            2.86161556281909       -0.27505997845606        0.43925680919524
c            2.42694027933249       -1.38805760352562       -0.55429036583416
c            1.02132877497360       -1.97408884155817       -0.25932598765347
c            0.06290106726948       -0.86711117513924        0.23347682704667
c            0.04504551855444        0.42163943617930       -0.63110595062525
c            0.41109079886988        1.96035668276741        1.18143436639423
c           -1.13016626618753        1.82402890265625        1.00025290629709
c           -1.35624498884923        0.96457130182253       -0.28150181159007
o           -1.27372570693680       -1.35456121124410        0.25573964398719
c           -2.20024625671707       -0.33869138767534       -0.12795350890203
h            0.15591667397486        0.17915440932170       -1.67717100968615
h           -1.77124240715754        1.57213020812052       -1.07057745893419
h            0.35175320261319       -0.59964466211895        1.24712060243275
c            1.09144048793912       -3.09675875772262        0.80246923012441
c           -2.81029499673743       -0.71730602722392       -1.51076094562794
c           -3.33662583013600       -0.25731993277356        0.92624854851899
c            0.90853087596426        2.72128561586457       -1.16255464477894
h            2.94856322695785        1.22948745999920       -1.07589159352501
h            3.00719104605690        1.88187094526982        0.53400282322016
h            3.93739858013338       -0.31810864812866        0.56320721514393
h            2.43063862117123       -0.44467740314631        1.41591387218957
h            3.14497026817259       -2.19821118937684       -0.53066574550396
h            2.44476273930062       -0.97845278951164       -1.55573320848899
h            0.61391233999657       -2.38679909247735       -1.17447005090976
h            0.70226323503506        2.97090509592022        1.43444118881387
h            0.76147288865528        1.31440866730444        1.97427070158315
h           -1.57498967630891        1.36489337299950        1.87039459337656
h           -1.59026457767123        2.79640807037695        0.88211920561690
h            1.54027206374952       -2.72192579876203        1.71458898579392
h            0.09330509787695       -3.45421475331494        1.03080565737576
h            1.68819568989639       -3.92663885647790        0.44256288303639
h           -3.56760838690551        0.00383545063438       -1.79517330335102
h           -3.26493163078570       -1.69942529088341       -1.45263740373394
h           -2.03895431312354       -0.73514835473364       -2.27084115492805
h           -2.92797336805169       -0.18680867055969        1.92596442880644
h           -3.96349555371959        0.60651317426251        0.73725287788090
h           -3.94621827870319       -1.15170488435528        0.87062660610604
h            1.17108469229508        2.40799845977230       -2.16543017563354
h           -0.09633720903304        3.12029883997073       -1.17745218360254
h            1.58508660642194        3.51193577124213       -0.86189902553837
42
 energy: -653.885242011981 gnorm: 0.001206267333 xtb: 6.7.1 (edcfbbe)
c            1.01770653999072        1.52889590089382       -0.17616159307502
c            2.51668271495660        1.14078083222202       -0.08200366563904
c            2.86150660728600       -0.27758306796153        0.43781272948773
c            2.42285214729092       -1.38632057460411       -0.55909715136380
c            1.01809277091409       -1.97274929491443       -0.26026279482250
c            0.06362075105296       -0.86504064276523        0.23845523045092
c            0.04435121607902        0.42192228811481       -0.62858052859972
c            0.41103566945093        1.96563190632264        1.18070433320108
c           -1.13013247097540        1.82147901908674        1.00471324168017
c           -1.35638254203683        0.96551641221586       -0.27913566130314
o           -1.27408442255164       -1.34954700861995        0.26964576061450
c           -2.20007762727863       -0.33737754899814       -0.12459315738582
h            0.15461302722403        0.17842833936153       -1.67419779354988
h           -1.77114864975216        1.57389589344634       -1.06745211077822
h            0.35929879539101       -0.59689711028742        1.25004264744300
c            1.09131984334695       -3.09749393433653        0.79914842785273
c           -2.80156882790614       -0.72276799315064       -1.50946230887147
c           -3.34292179542374       -0.25360352587462        0.92233310860676
c            0.90994953192280        2.71879550180497       -1.16585206602948
h            2.95248216289050        1.23557529819077       -1.06827721395834
h            3.00358497025913        1.87840842302625        0.54511860632922
h            3.93762893324560       -0.32223157341782        0.55870529691728
h            2.43311143432293       -0.45023075618611        1.41518122582460
h            3.14073370674677       -2.19665267547112       -0.54158875025760
h            2.43647212661655       -0.97286560628488       -1.55896387276690
h            0.60727557005007       -2.38312710127052       -1.17473522059025
h            0.69809091165729        2.97875506143654        1.42648872491576
h            0.76566507632785        1.32652746717621        1.97686846262287
h           -1.56733249115785        1.35515255204809        1.87450772528583
h           -1.59736626747590        2.79093052031638        0.89393846364072
h            1.54905319009902       -2.72639093465076        1.70813205403637
h            0.09344421224618       -3.45074582659294        1.03492322316660
h            1.68126623405869       -3.92933960544890        0.43323753013830
h           -3.55962858012847       -0.00487746189609       -1.79937619106185
h           -3.25433905836051       -1.70546707088360       -1.44958268345537
h           -2.02767887895764       -0.74133334893370       -2.26661820245383
h           -2.94100321348339       -0.17583073488300        1.92414932165874
h           -3.97088152480527        0.60728259682673        0.72397671774270
h           -3.94972503614170       -1.14995526444452        0.86804292195878
h            1.16660290523694        2.40091695706696       -2.16854798654565
h           -0.09285223651781        3.12292096401480       -1.17773604231519
h            1.59173828186163        3.50665917543416       -0.87068781157349
42
 energy: -653.885264552492 gnorm: 0.001784768875 xtb: 6.7.1 (edcfbbe)
c            1.01705725562445        1.53002183806485       -0.17353268359678
c            2.51608074309180        1.14140065488479       -0.07644302135722
c            2.86152180247643       -0.28070784759305        0.43286655747031
c            2.41441837798422       -1.38337738555037       -0.56718788565154
c            1.01137092841826       -1.97000249784009       -0.26035960373820
c            0.06350184565623       -0.86166106917163        0.24815446867376
c            0.04234479294022        0.42294011792083       -0.62085828246877
c            0.41215071608367        1.97498465400284        1.18163474338914
c           -1.12880503680493        1.81782906688381        1.01376440684832
c           -1.35745693708190        0.96665414918254       -0.27222566337216
o           -1.27524094108586       -1.34270368179285        0.29432389822442
c           -2.19951067240600       -0.33634099874862       -0.11966634853861
h            0.15122289627967        0.17592578271686       -1.66559951043297
h           -1.77101719066575        1.57766227133891       -1.05910697610632
h            0.36971842114429       -0.59310689267787        1.25641711974304
c            1.09145029216120       -3.09868435636844        0.79374834660625
c           -2.78567168588753       -0.73373965934598       -1.50765567538385
c           -3.35477148179080       -0.24632436970277        0.91259677219681
c            0.91288617220458        2.71452766717440       -1.16941957055376
h            2.95634436458322        1.24415198384657       -1.05973658870842
h            2.99930786525488        1.87432612124666        0.55875872768696
h            3.93837133631731       -0.32737152198328        0.54686668632391
h            2.43921626565250       -0.45907190670955        1.41187905834572
h            3.13188870891708       -2.19426347901094       -0.56086047368164
h            2.42025374009423       -0.96293674780846       -1.56424371402896
h            0.59250058108565       -2.37506653519763       -1.17349086842068
h            0.69333242292424        2.99240535348398        1.41579583858980
h            0.77495622151088        1.34598706852537        1.98213408900643
h           -1.55419382714108        1.33902728812127        1.88273243231676
h           -1.60775690083023        2.78278779620319        0.91433511999960
h            1.56389221299429       -2.73310822088927        1.69748361871273
h            0.09409056874758       -3.44513584337694        1.04167142212787
h            1.67050996246769       -3.93347503498147        0.41730056056039
h           -3.54406411529635       -0.02151966641173       -1.81082110751193
h           -3.23434207233643       -1.71807205205609       -1.44473138621659
h           -2.00369331774900       -0.75426444542634       -2.25633526884730
h           -2.96601818476192       -0.15566969839825        1.91867763494131
h           -3.98468353843978        0.60927506124114        0.69722556028042
h           -3.95655879498379       -1.14618810211695        0.86019848355115
h            1.16082131080395        2.38798121246508       -2.17157486325587
h           -0.08696712998308        3.12605077144290       -1.17779796092243
h            1.60258884259747        3.49889785890212       -0.88370090917646
42
 energy: -653.885280260110 gnorm: 0.001272225731 xtb: 6.7.1 (edcfbbe)
c            1.01701985397735        1.53062358493467       -0.17222862521930
c            2.51586218166405        1.14065141725989       -0.07589751656927
c            2.86215125138476       -0.28273867007961        0.42862341866458
c            2.40887578641949       -1.38169257876623       -0.57271452722163
c            1.00716824418574       -1.96778287032003       -0.25927343307792
c            0.06371969521554       -0.85875013806543        0.25558900029234
c            0.04208166828222        0.42347272815291       -0.61660068245595
c            0.41237214222130        1.97779531742474        1.18258006831403
c           -1.12893362545114        1.81504246030263        1.02119912322985
c           -1.35672370098580        0.96822165681618       -0.26789386913545
o           -1.27621241553507       -1.33647213243634        0.30990198611011
c           -2.19945573415912       -0.33371065184627       -0.11562375130106
h            0.14995732804305        0.17387980031879       -1.66083948720262
h           -1.76995594534404        1.58101600105564       -1.05373178321314
h            0.37502841115045       -0.59043191196065        1.26222024284541
c            1.09102324149870       -3.09861331558305        0.79185327991163
c           -2.77218821590065       -0.73949340945367       -1.50693096649548
c           -3.36343688769659       -0.24187679326743        0.90633538557069
c            0.91220411881363        2.71275064780934       -1.17070729213608
h            2.95546322384046        1.24614188042492       -1.05927965539719
h            2.99977463816377        1.87189526157198        0.56084073563459
h            3.93950675797551       -0.33059942586761        0.53684037142107
h            2.44475682854205       -0.46310402840228        1.40926468393657
h            3.12552761965921       -2.19326541796074       -0.57237589131463
h            2.40969849896750       -0.95867141281816       -1.56863876257555
h            0.58270503301271       -2.37027212484749       -1.17105225997939
h            0.69046234853967        2.99719450603531        1.41244804321824
h            0.77972687408097        1.35328116244136        1.98469785566416
h           -1.54802940625627        1.33023940095296        1.89008843665090
h           -1.61281770788421        2.77820864928342        0.92793109508299
h            1.57098281695747       -2.73646018198473        1.69296380107671
h            0.09470838904935       -3.44309519884492        1.04616929044544
h            1.66508413158828       -3.93416273164180        0.40949341691778
h           -3.52993650389993       -0.03103858699641       -1.82057075508562
h           -3.21891087828350       -1.72472419457284       -1.44193494574449
h           -1.98433377977902       -0.76304813426328       -2.24945670745864
h           -2.98372450153537       -0.14272882995978        1.91498082594629
h           -3.99367045277151        0.61037617435945        0.67917831925233
h           -3.96235029776550       -1.14369868062143        0.85503029511029
h            1.15789985219051        2.38278532795229       -2.17228592848296
h           -0.08657628597095        3.12687878876982       -1.17862321821210
h            1.60453536017564        3.49602136143436       -0.88835086669757
42
 energy: -653.885297800505 gnorm: 0.001657538416 xtb: 6.7.1 (edcfbbe)
c            1.01679856758130        1.53111362105583       -0.17059150581502
c            2.51593905831245        1.14098326873719       -0.07898967849619
c            2.86188501351875       -0.28356676146895        0.42258892082475
c            2.40385900843132       -1.38224339193762       -0.57692257272953
c            1.00309842342016       -1.96695720971083       -0.25724205113780
c            0.06390165130364       -0.85638402489395        0.26214379893376
c            0.04052155738302        0.42446639564536       -0.61243502678031
c            0.41419496887399        1.97827219380546        1.18534327966286
c           -1.12750000584630        1.81322131760435        1.02775713906991
c           -1.35748066551518        0.97013569474106       -0.26351126509991
o           -1.27708479251288       -1.33104683049520        0.32372954614642
c           -2.19924630283340       -0.33211372604500       -0.11306048826744
h            0.14776877477994        0.17324757013772       -1.65611546627335
h           -1.77032566735301        1.58474805591650       -1.04795282506094
h            0.38021393989645       -0.58778778401952        1.26716477389727
c            1.09103394030714       -3.09868884319916        0.79243910355308
c           -2.75937781258921       -0.74469001891846       -1.50742859027194
c           -3.37103973472180       -0.23757395706182        0.89922064755975
c            0.91004079381452        2.71288244026894       -1.16939072522470
h            2.95104876383782        1.24603617916525       -1.06419437554618
h            3.00355942069206        1.87157423352998        0.55532922395706
h            3.93975315314009       -0.33250829431265        0.52514082700677
h            2.44956486626889       -0.46435612335350        1.40536401805763
h            3.11969389406072       -2.19431491157011       -0.58053734294546
h            2.40021606769040       -0.95882225339668       -1.57250099586860
h            0.57406888560984       -2.36848462859910       -1.16711402991273
h            0.69086913210248        2.99790158131989        1.41447030272757
h            0.78391852175885        1.35506778908108        1.98701135134597
h           -1.54285548599213        1.32472713347683        1.89598300017331
h           -1.61344040929769        2.77542217224887        0.93951226605513
h            1.57457620400121       -2.73824822835011        1.69188257550697
h            0.09592083079578       -3.44338031521332        1.05045053310932
h            1.66307403751362       -3.93379124494136        0.40700474913216
h           -3.51465183461881       -0.03880139454949       -1.83163707044760
h           -3.20586887832425       -1.72980797610567       -1.44154997043568
h           -1.96524241712846       -0.77144728278694       -2.24284327032555
h           -2.99978774565839       -0.13051665634040        1.90997005568040
h           -4.00166211767676        0.61124353948458        0.66143765870748
h           -3.96714843207966       -1.14132239753427        0.84905186103916
h            1.15608527437417        2.38300628568142       -2.17063499680641
h           -0.08907521456525        3.12587364453278       -1.17763667610367
h            1.60121570459985        3.49697717441159       -0.88748785068752
42
 energy: -653.885321312298 gnorm: 0.002000316506 xtb: 6.7.1 (edcfbbe)
c            1.01636817564012        1.53339680867572       -0.16766858636830
c            2.51535712202495        1.13980536179770       -0.08909141286765
c            2.86393819371589       -0.28567927201187        0.40884675270462
c            2.39264347991414       -1.38355756174152       -0.58590853099434
c            0.99383340940172       -1.96629684287774       -0.25275958496617
c            0.06321444010964       -0.85218437006459        0.27441696425265
c            0.03898357115809        0.42634131510132       -0.60463651791063
c            0.41863430047216        1.97879422360815        1.19120996495401
c           -1.12408345281316        1.80872651808871        1.04196862239105
c           -1.35728735400384        0.97298658657258       -0.25351234468198
o           -1.27990991839756       -1.31997818753116        0.35635992263638
c           -2.19801778849890       -0.32942177781644       -0.10722222642595
h            0.14455231571852        0.17227474741074       -1.64743085847826
h           -1.77021544262874        1.59165763543551       -1.03449414796681
h            0.39312145973143       -0.58225112644893        1.27481992503428
c            1.09020942351594       -3.09858237231275        0.79555538756620
c           -2.73189485744096       -0.75609353205169       -1.50795136670631
c           -3.38842168744051       -0.22788366058778        0.88218121887296
c            0.90414176235056        2.71638801949732       -1.16435118705104
h            2.94139957203461        1.24432797431297       -1.07827051487404
h            3.01057906340639        1.86887308658212        0.54104318926368
h            3.94278510184215       -0.33688369505915        0.49998240071046
h            2.46163088492750       -0.46615120102481        1.39595952098957
h            3.10721047779286       -2.19658955437294       -0.59649532036474
h            2.37993519512931       -0.96033256089186       -1.58148764666348
h            0.55493954639791       -2.36699595855975       -1.15811989173812
h            0.69297854663261        2.99909969206971        1.41922658396079
h            0.79428461684682        1.35687811785418        1.99093380077718
h           -1.53169212339817        1.31036200211619        1.90835958707181
h           -1.61498032285512        2.76927881464225        0.96488136059749
h            1.58110759317265       -2.73913236308934        1.69132339563986
h            0.09724371470819       -3.44388951901620        1.06134247825724
h            1.65921303784610       -3.93296685911813        0.40431017457314
h           -3.48024288492010       -0.05389724448039       -1.85572667739771
h           -3.17958567403798       -1.74038553737363       -1.44081214597648
h           -1.92287891901372       -0.79075355754664       -2.22670981697963
h           -3.03586329628922       -0.10185491758128        1.89784857617380
h           -4.02061189836859        0.61294996658349        0.61960230285137
h           -3.97765772614573       -1.13643308226136        0.83544629082322
h            1.15074616279350        2.38812479041981       -2.16590582561190
h           -0.09678831613824        3.12489499742037       -1.17162144961596
h            1.59209786413782        3.50308385333513       -0.88222382137992
42
 energy: -653.885331511035 gnorm: 0.000863463873 xtb: 6.7.1 (edcfbbe)
c            1.01619048353904        1.53336884038034       -0.16716107223238
c            2.51529163344688        1.13995635770458       -0.09246325865689
c            2.86373513810213       -0.28572522367720        0.40529899200968
c            2.39134612720292       -1.38517959644830       -0.58725859704655
c            0.99261517525948       -1.96694879522997       -0.25190969873939
c            0.06342367837004       -0.85138754877511        0.27479440076323
c            0.03843068180346        0.42697474947615       -0.60480648713006
c            0.42053939936742        1.97690402239045        1.19312589604944
c           -1.12233410644653        1.80695299532993        1.04358087576974
c           -1.35757536056830        0.97349758387523       -0.25299106660012
o           -1.28011051248704       -1.31708887343781        0.36138894548855
c           -2.19793214487689       -0.32880625666848       -0.10666348667006
h            0.14398483812297        0.17319118157853       -1.64784193627577
h           -1.77118999879793        1.59299868012695       -1.03312668799580
h            0.39551453590070       -0.58127961176732        1.27403297491658
c            1.08940997737104       -3.09769409188020        0.79811624742230
c           -2.72727881100070       -0.75771010625542       -1.50823120704971
c           -3.39102123220754       -0.22650388414103        0.87892847668095
c            0.90184250587809        2.71821745205103       -1.16148749648519
h            2.93827412649804        1.24295747927049       -1.08338396726692
h            3.01319144107649        1.86944239633433        0.53543435944176
h            3.94265225274631       -0.33704750293924        0.49470306083331
h            2.46320005727850       -0.46495180078892        1.39321911913028
h            3.10556032869242       -2.19866448005562       -0.59719104193939
h            2.37795803451573       -0.96325003219142       -1.58343747675083
h            0.55300861652213       -2.36893656006848       -1.15647832533176
h            0.69533792145241        2.99719162134532        1.42241223247015
h            0.79673701753901        1.35339748373211        1.99170702235286
h           -1.52959445098861        1.30713697071049        1.90969995163548
h           -1.61320806296822        2.76794819759209        0.96788108736327
h            1.57946481570321       -2.73591924896116        1.69369976741419
h            0.09659754867178       -3.44364247224207        1.06386197975735
h            1.65969457661572       -3.93225781823726        0.40844649030540
h           -3.47297287938733       -0.05454279734602       -1.85937721683244
h           -3.17693958694311       -1.74127031361472       -1.44068546129306
h           -1.91605514083442       -0.79506977095856       -2.22411124527341
h           -3.04173581622137       -0.09632844146923        1.89493700010863
h           -4.02362703042523        0.61222112698251        0.61155724534744
h           -3.97856370717276       -1.13618054636820        0.83364656682340
h            1.14924168167311        2.39344764149205       -2.16426611100725
h           -0.10011166955978        3.12458621135499       -1.16738580903073
h            1.58802277231716        3.50604591638232       -0.87699741488944
42
 energy: -653.885331511035 gnorm: 0.000863463873 xtb: 6.7.1 (edcfbbe)
c            1.01619048353904        1.53336884038034       -0.16716107223238
c            2.51529163344688        1.13995635770458       -0.09246325865689
c            2.86373513810213       -0.28572522367720        0.40529899200968
c            2.39134612720292       -1.38517959644830       -0.58725859704655
c            0.99261517525948       -1.96694879522997       -0.25190969873939
c            0.06342367837004       -0.85138754877511        0.27479440076323
c            0.03843068180346        0.42697474947615       -0.60480648713006
c            0.42053939936742        1.97690402239045        1.19312589604944
c           -1.12233410644653        1.80695299532993        1.04358087576974
c           -1.35757536056830        0.97349758387523       -0.25299106660012
o           -1.28011051248704       -1.31708887343781        0.36138894548855
c           -2.19793214487689       -0.32880625666848       -0.10666348667006
h            0.14398483812297        0.17319118157853       -1.64784193627577
h           -1.77118999879793        1.59299868012695       -1.03312668799580
h            0.39551453590070       -0.58127961176732        1.27403297491658
c            1.08940997737104       -3.09769409188020        0.79811624742230
c           -2.72727881100070       -0.75771010625542       -1.50823120704971
c           -3.39102123220754       -0.22650388414103        0.87892847668095
c            0.90184250587809        2.71821745205103       -1.16148749648519
h            2.93827412649804        1.24295747927049       -1.08338396726692
h            3.01319144107649        1.86944239633433        0.53543435944176
h            3.94265225274631       -0.33704750293924        0.49470306083331
h            2.46320005727850       -0.46495180078892        1.39321911913028
h            3.10556032869242       -2.19866448005562       -0.59719104193939
h            2.37795803451573       -0.96325003219142       -1.58343747675083
h            0.55300861652213       -2.36893656006848       -1.15647832533176
h            0.69533792145241        2.99719162134532        1.42241223247015
h            0.79673701753901        1.35339748373211        1.99170702235286
h           -1.52959445098861        1.30713697071049        1.90969995163548
h           -1.61320806296822        2.76794819759209        0.96788108736327
h            1.57946481570321       -2.73591924896116        1.69369976741419
h            0.09659754867178       -3.44364247224207        1.06386197975735
h            1.65969457661572       -3.93225781823726        0.40844649030540
h           -3.47297287938733       -0.05454279734602       -1.85937721683244
h           -3.17693958694311       -1.74127031361472       -1.44068546129306
h           -1.91605514083442       -0.79506977095856       -2.22411124527341
h           -3.04173581622137       -0.09632844146923        1.89493700010863
h           -4.02362703042523        0.61222112698251        0.61155724534744
h           -3.97856370717276       -1.13618054636820        0.83364656682340
h            1.14924168167311        2.39344764149205       -2.16426611100725
h           -0.10011166955978        3.12458621135499       -1.16738580903073
h            1.58802277231716        3.50604591638232       -0.87699741488944
